d contains negative elements
d contains negative elements
d contains negative elements
d contains negative elements
d contains negative elements
d contains negative elements
d contains negative elements
d contains negative elements
d contains negative elements
d contains negative elements
d contains negative elements
d contains negative elements
d contains negative elements
d contains negative elements
d contains negative elements
d contains negative elements
d contains negative elements
d contains negative elements
d contains negative elements
d contains negative elements
d contains negative elements
d contains negative elements
d contains negative elements
d contains negative elements
d contains negative elements
d contains negative elements
d contains negative elements
d contains negative elements
d contains negative elements
d contains negative elements
d contains negative elements
d contains negative elements
d contains negative elements
d contains negative elements
d contains negative elements
d contains negative elements
d contains negative elements
d contains negative elements
d contains negative elements
d contains negative elements
d contains negative elements
d contains negative elements
d contains negative elements
d contains negative elements
d contains negative elements
d contains negative elements
d contains negative elements
d contains negative elements
d contains negative elements
d contains negative elements
d contains negative elements
d contains negative elements
d contains negative elements
d contains negative elements
d contains negative elements
d contains negative elements
d contains negative elements
d contains negative elements
d contains negative elements
d contains negative elements
d contains negative elements
d contains negative elements
d contains negative elements
d contains negative elements
d contains negative elements
d contains negative elements
d contains negative elements
d contains negative elements
d contains negative elements
d contains negative elements
d contains negative elements
d contains negative elements
d contains negative elements
d contains negative elements
d contains negative elements
d contains negative elements
d contains negative elements
d contains negative elements
d contains negative elements
d contains negative elements
d contains negative elements
d contains negative elements
d contains negative elements
d contains negative elements
d contains negative elements
d contains negative elements
d contains negative elements
d contains negative elements
d contains negative elements
d contains negative elements
d contains negative elements
d contains negative elements
d contains negative elements
d contains negative elements
d contains negative elements
d contains negative elements
d contains negative elements
d contains negative elements
d contains negative elements
d contains negative elements
d contains negative elements
d contains negative elements
d contains negative elements
d contains negative elements
d contains negative elements
d contains negative elements
d contains negative elements
d contains negative elements
d contains negative elements
d contains negative elements
d contains negative elements
d contains negative elements
d contains negative elements
d contains negative elements
d contains negative elements
d contains negative elements
d contains negative elements
d contains negative elements
d contains negative elements
d contains negative elements
d contains negative elements
d contains negative elements
d contains negative elements
d contains negative elements
d contains negative elements
d contains negative elements
d contains negative elements
d contains negative elements
d contains negative elements
d contains negative elements
d contains negative elements
d contains negative elements
d contains negative elements
d contains negative elements
d contains negative elements
d contains negative elements
d contains negative elements
d contains negative elements
d contains negative elements
d contains negative elements
d contains negative elements
d contains negative elements
d contains negative elements
d contains negative elements
d contains negative elements
d contains negative elements
d contains negative elements
d contains negative elements
d contains negative elements
d contains negative elements
d contains negative elements
d contains negative elements
d contains negative elements
d contains negative elements
d contains negative elements
d contains negative elements
d contains negative elements
d contains negative elements
d contains negative elements
d contains negative elements
d contains negative elements
d contains negative elements
d contains negative elements
d contains negative elements
d contains negative elements
d contains negative elements
d contains negative elements
d contains negative elements
d contains negative elements
d contains negative elements
d contains negative elements
d contains negative elements
d contains negative elements
d contains negative elements
d contains negative elements
d contains negative elements
d contains negative elements
d contains negative elements
d contains negative elements
d contains negative elements
d contains negative elements
d contains negative elements
d contains negative elements
d contains negative elements
d contains negative elements
d contains negative elements
d contains negative elements
d contains negative elements
d contains negative elements
d contains negative elements
d contains negative elements
d contains negative elements
d contains negative elements
d contains negative elements
d contains negative elements
d contains negative elements
d contains negative elements
d contains negative elements
d contains negative elements
d contains negative elements
d contains negative elements
d contains negative elements
d contains negative elements
d contains negative elements
d contains negative elements
d contains negative elements
d contains negative elements
d contains negative elements
d contains negative elements
d contains negative elements
d contains negative elements
d contains negative elements
d contains negative elements
d contains negative elements
d contains negative elements
d contains negative elements
d contains negative elements
d contains negative elements
d contains negative elements
d contains negative elements
d contains negative elements
d contains negative elements
d contains negative elements
d contains negative elements
d contains negative elements
d contains negative elements
d contains negative elements
d contains negative elements
d contains negative elements
d contains negative elements
d contains negative elements
d contains negative elements
d contains negative elements
d contains negative elements
d contains negative elements
d contains negative elements
d contains negative elements
d contains negative elements
d contains negative elements
d contains negative elements
d contains negative elements
d contains negative elements
d contains negative elements
d contains negative elements
d contains negative elements
d contains negative elements
d contains negative elements
d contains negative elements
d contains negative elements
d contains negative elements
d contains negative elements
d contains negative elements
d contains negative elements
d contains negative elements
d contains negative elements
d contains negative elements
d contains negative elements
d contains negative elements
d contains negative elements
d contains negative elements
d contains negative elements
d contains negative elements
d contains negative elements
d contains negative elements
d contains negative elements
d contains negative elements
d contains negative elements
d contains negative elements
d contains negative elements
d contains negative elements
d contains negative elements
d contains negative elements
d contains negative elements
d contains negative elements
d contains negative elements
d contains negative elements
d contains negative elements
d contains negative elements
d contains negative elements
d contains negative elements
d contains negative elements
d contains negative elements
d contains negative elements
d contains negative elements
d contains negative elements
d contains negative elements
d contains negative elements
d contains negative elements
d contains negative elements
d contains negative elements
d contains negative elements
d contains negative elements
d contains negative elements
d contains negative elements
d contains negative elements
d contains negative elements
d contains negative elements
d contains negative elements
d contains negative elements
d contains negative elements
d contains negative elements
d contains negative elements
d contains negative elements
d contains negative elements
d contains negative elements
d contains negative elements
d contains negative elements
d contains negative elements
d contains negative elements
d contains negative elements
d contains negative elements
d contains negative elements
d contains negative elements
d contains negative elements
d contains negative elements
d contains negative elements
d contains negative elements
d contains negative elements
d contains negative elements
d contains negative elements
d contains negative elements
d contains negative elements
d contains negative elements
d contains negative elements
d contains negative elements
d contains negative elements
d contains negative elements
d contains negative elements
d contains negative elements
d contains negative elements
d contains negative elements
d contains negative elements
d contains negative elements
d contains negative elements
d contains negative elements
d contains negative elements
d contains negative elements
d contains negative elements
d contains negative elements
d contains negative elements
d contains negative elements
d contains negative elements
d contains negative elements
d contains negative elements
d contains negative elements
d contains negative elements
d contains negative elements
d contains negative elements
d contains negative elements
d contains negative elements
d contains negative elements
d contains negative elements
d contains negative elements
d contains negative elements
d contains negative elements
d contains negative elements
d contains negative elements
d contains negative elements
d contains negative elements
d contains negative elements
d contains negative elements
d contains negative elements
d contains negative elements
d contains negative elements
d contains negative elements
d contains negative elements
d contains negative elements
d contains negative elements
d contains negative elements
d contains negative elements
d contains negative elements
d contains negative elements
d contains negative elements
d contains negative elements
d contains negative elements
d contains negative elements
d contains negative elements
d contains negative elements
d contains negative elements
d contains negative elements
d contains negative elements
d contains negative elements
d contains negative elements
d contains negative elements
d contains negative elements
d contains negative elements
d contains negative elements
d contains negative elements
d contains negative elements
d contains negative elements
d contains negative elements
d contains negative elements
d contains negative elements
d contains negative elements
d contains negative elements
d contains negative elements
d contains negative elements
d contains negative elements
d contains negative elements
d contains negative elements
d contains negative elements
d contains negative elements
d contains negative elements
d contains negative elements
d contains negative elements
d contains negative elements
d contains negative elements
d contains negative elements
d contains negative elements
d contains negative elements
d contains negative elements
d contains negative elements
d contains negative elements
d contains negative elements
d contains negative elements
d contains negative elements
d contains negative elements
d contains negative elements
d contains negative elements
d contains negative elements
d contains negative elements
d contains negative elements
d contains negative elements
d contains negative elements
d contains negative elements
d contains negative elements
d contains negative elements
d contains negative elements
d contains negative elements
d contains negative elements
d contains negative elements
d contains negative elements
d contains negative elements
d contains negative elements
d contains negative elements
d contains negative elements
d contains negative elements
d contains negative elements
d contains negative elements
d contains negative elements
d contains negative elements
d contains negative elements
d contains negative elements
d contains negative elements
d contains negative elements
d contains negative elements
d contains negative elements
d contains negative elements
d contains negative elements
d contains negative elements
d contains negative elements
d contains negative elements
d contains negative elements
d contains negative elements
d contains negative elements
d contains negative elements
d contains negative elements
d contains negative elements
d contains negative elements
d contains negative elements
d contains negative elements
d contains negative elements
d contains negative elements
d contains negative elements
d contains negative elements
d contains negative elements
d contains negative elements
d contains negative elements
d contains negative elements
d contains negative elements
d contains negative elements
d contains negative elements
d contains negative elements
d contains negative elements
d contains negative elements
d contains negative elements
d contains negative elements
d contains negative elements
d contains negative elements
d contains negative elements
d contains negative elements
d contains negative elements
d contains negative elements
d contains negative elements
d contains negative elements
d contains negative elements
d contains negative elements
d contains negative elements
d contains negative elements
d contains negative elements
d contains negative elements
d contains negative elements
d contains negative elements
d contains negative elements
d contains negative elements
d contains negative elements
d contains negative elements
d contains negative elements
d contains negative elements
d contains negative elements
d contains negative elements
d contains negative elements
d contains negative elements
d contains negative elements
d contains negative elements
d contains negative elements
d contains negative elements
d contains negative elements
d contains negative elements
d contains negative elements
d contains negative elements
d contains negative elements
d contains negative elements
d contains negative elements
d contains negative elements
d contains negative elements
d contains negative elements
d contains negative elements
d contains negative elements
d contains negative elements
d contains negative elements
d contains negative elements
d contains negative elements
d contains negative elements
d contains negative elements
d contains negative elements
d contains negative elements
d contains negative elements
d contains negative elements
d contains negative elements
d contains negative elements
d contains negative elements
d contains negative elements
d contains negative elements
d contains negative elements
d contains negative elements
d contains negative elements
d contains negative elements
d contains negative elements
d contains negative elements
d contains negative elements
d contains negative elements
d contains negative elements
d contains negative elements
d contains negative elements
d contains negative elements
d contains negative elements
d contains negative elements
d contains negative elements
d contains negative elements
d contains negative elements
d contains negative elements
d contains negative elements
d contains negative elements
d contains negative elements
d contains negative elements
d contains negative elements
d contains negative elements
d contains negative elements
d contains negative elements
d contains negative elements
d contains negative elements
d contains negative elements
d contains negative elements
d contains negative elements
d contains negative elements
d contains negative elements
d contains negative elements
d contains negative elements
d contains negative elements
d contains negative elements
d contains negative elements
d contains negative elements
d contains negative elements
d contains negative elements
d contains negative elements
d contains negative elements
d contains negative elements
d contains negative elements
d contains negative elements
d contains negative elements
d contains negative elements
d contains negative elements
d contains negative elements
d contains negative elements
d contains negative elements
d contains negative elements
d contains negative elements
d contains negative elements
d contains negative elements
d contains negative elements
d contains negative elements
d contains negative elements
d contains negative elements
d contains negative elements
d contains negative elements
d contains negative elements
d contains negative elements
d contains negative elements
d contains negative elements
d contains negative elements
d contains negative elements
d contains negative elements
d contains negative elements
d contains negative elements
d contains negative elements
d contains negative elements
d contains negative elements
d contains negative elements
d contains negative elements
d contains negative elements
d contains negative elements
d contains negative elements
d contains negative elements
d contains negative elements
d contains negative elements
d contains negative elements
d contains negative elements
d contains negative elements
d contains negative elements
d contains negative elements
d contains negative elements
d contains negative elements
d contains negative elements
d contains negative elements
d contains negative elements
d contains negative elements
d contains negative elements
d contains negative elements
d contains negative elements
d contains negative elements
d contains negative elements
d contains negative elements
d contains negative elements
d contains negative elements
d contains negative elements
d contains negative elements
d contains negative elements
d contains negative elements
d contains negative elements
d contains negative elements
d contains negative elements
d contains negative elements
d contains negative elements
d contains negative elements
d contains negative elements
d contains negative elements
d contains negative elements
d contains negative elements
d contains negative elements
d contains negative elements
d contains negative elements
d contains negative elements
d contains negative elements
d contains negative elements
d contains negative elements
d contains negative elements
d contains negative elements
d contains negative elements
d contains negative elements
d contains negative elements
d contains negative elements
d contains negative elements
d contains negative elements
d contains negative elements
d contains negative elements
d contains negative elements
d contains negative elements
d contains negative elements
d contains negative elements
d contains negative elements
d contains negative elements
d contains negative elements
d contains negative elements
d contains negative elements
d contains negative elements
d contains negative elements
d contains negative elements
d contains negative elements
d contains negative elements
d contains negative elements
d contains negative elements
d contains negative elements
d contains negative elements
d contains negative elements
d contains negative elements
d contains negative elements
d contains negative elements
d contains negative elements
d contains negative elements
d contains negative elements
d contains negative elements
d contains negative elements
d contains negative elements
d contains negative elements
d contains negative elements
d contains negative elements
d contains negative elements
d contains negative elements
d contains negative elements
d contains negative elements
d contains negative elements
d contains negative elements
d contains negative elements
d contains negative elements
d contains negative elements
d contains negative elements
d contains negative elements
d contains negative elements
d contains negative elements
d contains negative elements
d contains negative elements
d contains negative elements
d contains negative elements
d contains negative elements
d contains negative elements
d contains negative elements
d contains negative elements
d contains negative elements
d contains negative elements
d contains negative elements
d contains negative elements
d contains negative elements
d contains negative elements
d contains negative elements
d contains negative elements
d contains negative elements
d contains negative elements
d contains negative elements
d contains negative elements
d contains negative elements
d contains negative elements
d contains negative elements
d contains negative elements
d contains negative elements
d contains negative elements
d contains negative elements
d contains negative elements
d contains negative elements
d contains negative elements
d contains negative elements
d contains negative elements
d contains negative elements
d contains negative elements
d contains negative elements
d contains negative elements
d contains negative elements
d contains negative elements
d contains negative elements
d contains negative elements
d contains negative elements
d contains negative elements
d contains negative elements
d contains negative elements
d contains negative elements
d contains negative elements
d contains negative elements
d contains negative elements
d contains negative elements
d contains negative elements
d contains negative elements
d contains negative elements
d contains negative elements
d contains negative elements
d contains negative elements
d contains negative elements
d contains negative elements
d contains negative elements
d contains negative elements
d contains negative elements
d contains negative elements
d contains negative elements
d contains negative elements
d contains negative elements
d contains negative elements
d contains negative elements
d contains negative elements
d contains negative elements
d contains negative elements
d contains negative elements
d contains negative elements
d contains negative elements
d contains negative elements
d contains negative elements
d contains negative elements
d contains negative elements
d contains negative elements
d contains negative elements
d contains negative elements
d contains negative elements
d contains negative elements
d contains negative elements
d contains negative elements
d contains negative elements
d contains negative elements
d contains negative elements
d contains negative elements
d contains negative elements
d contains negative elements
d contains negative elements
d contains negative elements
d contains negative elements
d contains negative elements
d contains negative elements
d contains negative elements
d contains negative elements
d contains negative elements
d contains negative elements
d contains negative elements
d contains negative elements
d contains negative elements
d contains negative elements
d contains negative elements
d contains negative elements
d contains negative elements
d contains negative elements
d contains negative elements
d contains negative elements
d contains negative elements
d contains negative elements
d contains negative elements
d contains negative elements
d contains negative elements
d contains negative elements
d contains negative elements
d contains negative elements
d contains negative elements
d contains negative elements
d contains negative elements
d contains negative elements
d contains negative elements
d contains negative elements
d contains negative elements
d contains negative elements
d contains negative elements
d contains negative elements
d contains negative elements
d contains negative elements
d contains negative elements
d contains negative elements
d contains negative elements
d contains negative elements
d contains negative elements
d contains negative elements
d contains negative elements
d contains negative elements
d contains negative elements
d contains negative elements
d contains negative elements
d contains negative elements
d contains negative elements
d contains negative elements
d contains negative elements
d contains negative elements
d contains negative elements
d contains negative elements
d contains negative elements
d contains negative elements
d contains negative elements
d contains negative elements
d contains negative elements
d contains negative elements
d contains negative elements
d contains negative elements
d contains negative elements
d contains negative elements
d contains negative elements
d contains negative elements
d contains negative elements
d contains negative elements
d contains negative elements
d contains negative elements
d contains negative elements
d contains negative elements
d contains negative elements
d contains negative elements
d contains negative elements
d contains negative elements
d contains negative elements
d contains negative elements
d contains negative elements
d contains negative elements
d contains negative elements
d contains negative elements
d contains negative elements
d contains negative elements
d contains negative elements
d contains negative elements
d contains negative elements
d contains negative elements
d contains negative elements
d contains negative elements
d contains negative elements
d contains negative elements
d contains negative elements
d contains negative elements
d contains negative elements
d contains negative elements
d contains negative elements
d contains negative elements
d contains negative elements
d contains negative elements
d contains negative elements
d contains negative elements
d contains negative elements
d contains negative elements
d contains negative elements
d contains negative elements
d contains negative elements
d contains negative elements
d contains negative elements
d contains negative elements
d contains negative elements
d contains negative elements
d contains negative elements
d contains negative elements
d contains negative elements
d contains negative elements
d contains negative elements
d contains negative elements
d contains negative elements
d contains negative elements
d contains negative elements
d contains negative elements
d contains negative elements
d contains negative elements
d contains negative elements
d contains negative elements
d contains negative elements
d contains negative elements
d contains negative elements
d contains negative elements
d contains negative elements
d contains negative elements
d contains negative elements
d contains negative elements
d contains negative elements
d contains negative elements
d contains negative elements
d contains negative elements
d contains negative elements
d contains negative elements
d contains negative elements
d contains negative elements
d contains negative elements
d contains negative elements
d contains negative elements
d contains negative elements
d contains negative elements
d contains negative elements
d contains negative elements
d contains negative elements
d contains negative elements
d contains negative elements
d contains negative elements
d contains negative elements
d contains negative elements
d contains negative elements
d contains negative elements
d contains negative elements
d contains negative elements
d contains negative elements
d contains negative elements
d contains negative elements
d contains negative elements
d contains negative elements
d contains negative elements
d contains negative elements
d contains negative elements
d contains negative elements
d contains negative elements
d contains negative elements
d contains negative elements
d contains negative elements
d contains negative elements
d contains negative elements
d contains negative elements
d contains negative elements
d contains negative elements
d contains negative elements
d contains negative elements
d contains negative elements
d contains negative elements
d contains negative elements
d contains negative elements
d contains negative elements
d contains negative elements
d contains negative elements
d contains negative elements
d contains negative elements
d contains negative elements
d contains negative elements
d contains negative elements
d contains negative elements
d contains negative elements
d contains negative elements
d contains negative elements
d contains negative elements
d contains negative elements
d contains negative elements
d contains negative elements
d contains negative elements
d contains negative elements
d contains negative elements
d contains negative elements
d contains negative elements
d contains negative elements
d contains negative elements
d contains negative elements
d contains negative elements
d contains negative elements
d contains negative elements
d contains negative elements
d contains negative elements
d contains negative elements
d contains negative elements
d contains negative elements
d contains negative elements
d contains negative elements
d contains negative elements
d contains negative elements
d contains negative elements
d contains negative elements
d contains negative elements
d contains negative elements
d contains negative elements
d contains negative elements
d contains negative elements
d contains negative elements
d contains negative elements
d contains negative elements
d contains negative elements
d contains negative elements
d contains negative elements
d contains negative elements
d contains negative elements
d contains negative elements
d contains negative elements
d contains negative elements
d contains negative elements
d contains negative elements
d contains negative elements
d contains negative elements
d contains negative elements
d contains negative elements
d contains negative elements
d contains negative elements
d contains negative elements
d contains negative elements
d contains negative elements
d contains negative elements
d contains negative elements
d contains negative elements
d contains negative elements
d contains negative elements
d contains negative elements
d contains negative elements
d contains negative elements
d contains negative elements
d contains negative elements
d contains negative elements
d contains negative elements
d contains negative elements
d contains negative elements
d contains negative elements
d contains negative elements
d contains negative elements
d contains negative elements
d contains negative elements
d contains negative elements
d contains negative elements
d contains negative elements
d contains negative elements
d contains negative elements
d contains negative elements
d contains negative elements
d contains negative elements
d contains negative elements
d contains negative elements
d contains negative elements
d contains negative elements
d contains negative elements
d contains negative elements
d contains negative elements
d contains negative elements
d contains negative elements
d contains negative elements
d contains negative elements
d contains negative elements
d contains negative elements
d contains negative elements
d contains negative elements
d contains negative elements
d contains negative elements
d contains negative elements
d contains negative elements
d contains negative elements
d contains negative elements
d contains negative elements
d contains negative elements
d contains negative elements
d contains negative elements
d contains negative elements
d contains negative elements
d contains negative elements
d contains negative elements
d contains negative elements
d contains negative elements
d contains negative elements
d contains negative elements
d contains negative elements
d contains negative elements
d contains negative elements
d contains negative elements
d contains negative elements
d contains negative elements
d contains negative elements
d contains negative elements
d contains negative elements
d contains negative elements
d contains negative elements
d contains negative elements
d contains negative elements
d contains negative elements
d contains negative elements
d contains negative elements
d contains negative elements
d contains negative elements
d contains negative elements
d contains negative elements
d contains negative elements
d contains negative elements
d contains negative elements
d contains negative elements
d contains negative elements
d contains negative elements
d contains negative elements
d contains negative elements
d contains negative elements
d contains negative elements
d contains negative elements
d contains negative elements
d contains negative elements
d contains negative elements
d contains negative elements
d contains negative elements
d contains negative elements
d contains negative elements
d contains negative elements
d contains negative elements
d contains negative elements
d contains negative elements
d contains negative elements
d contains negative elements
d contains negative elements
d contains negative elements
d contains negative elements
d contains negative elements
d contains negative elements
d contains negative elements
d contains negative elements
d contains negative elements
d contains negative elements
d contains negative elements
d contains negative elements
d contains negative elements
d contains negative elements
d contains negative elements
d contains negative elements
d contains negative elements
d contains negative elements
d contains negative elements
d contains negative elements
d contains negative elements
d contains negative elements
d contains negative elements
d contains negative elements
d contains negative elements
d contains negative elements
d contains negative elements
d contains negative elements
d contains negative elements
d contains negative elements
d contains negative elements
d contains negative elements
d contains negative elements
d contains negative elements
d contains negative elements
d contains negative elements
d contains negative elements
d contains negative elements
d contains negative elements
d contains negative elements
d contains negative elements
d contains negative elements
d contains negative elements
d contains negative elements
d contains negative elements
d contains negative elements
d contains negative elements
d contains negative elements
d contains negative elements
d contains negative elements
d contains negative elements
d contains negative elements
d contains negative elements
d contains negative elements
d contains negative elements
d contains negative elements
d contains negative elements
d contains negative elements
d contains negative elements
d contains negative elements
d contains negative elements
d contains negative elements
d contains negative elements
d contains negative elements
d contains negative elements
d contains negative elements
d contains negative elements
d contains negative elements
d contains negative elements
d contains negative elements
d contains negative elements
d contains negative elements
d contains negative elements
d contains negative elements
d contains negative elements
d contains negative elements
d contains negative elements
d contains negative elements
d contains negative elements
d contains negative elements
d contains negative elements
d contains negative elements
d contains negative elements
d contains negative elements
d contains negative elements
d contains negative elements
d contains negative elements
d contains negative elements
d contains negative elements
d contains negative elements
d contains negative elements
d contains negative elements
d contains negative elements
d contains negative elements
d contains negative elements
d contains negative elements
d contains negative elements
d contains negative elements
d contains negative elements
d contains negative elements
d contains negative elements
d contains negative elements
d contains negative elements
d contains negative elements
d contains negative elements
d contains negative elements
d contains negative elements
d contains negative elements
d contains negative elements
d contains negative elements
d contains negative elements
d contains negative elements
d contains negative elements
d contains negative elements
d contains negative elements
d contains negative elements
d contains negative elements
d contains negative elements
d contains negative elements
d contains negative elements
d contains negative elements
d contains negative elements
d contains negative elements
d contains negative elements
d contains negative elements
d contains negative elements
d contains negative elements
d contains negative elements
d contains negative elements
d contains negative elements
d contains negative elements
d contains negative elements
d contains negative elements
d contains negative elements
d contains negative elements
d contains negative elements
d contains negative elements
d contains negative elements
d contains negative elements
d contains negative elements
d contains negative elements
d contains negative elements
d contains negative elements
d contains negative elements
d contains negative elements
d contains negative elements
d contains negative elements
d contains negative elements
d contains negative elements
d contains negative elements
d contains negative elements
d contains negative elements
d contains negative elements
d contains negative elements
d contains negative elements
d contains negative elements
d contains negative elements
d contains negative elements
d contains negative elements
d contains negative elements
d contains negative elements
d contains negative elements
d contains negative elements
d contains negative elements
d contains negative elements
d contains negative elements
d contains negative elements
d contains negative elements
d contains negative elements
d contains negative elements
d contains negative elements
d contains negative elements
d contains negative elements
d contains negative elements
d contains negative elements
d contains negative elements
d contains negative elements
d contains negative elements
d contains negative elements
d contains negative elements
d contains negative elements
d contains negative elements
d contains negative elements
d contains negative elements
d contains negative elements
d contains negative elements
d contains negative elements
d contains negative elements
d contains negative elements
d contains negative elements
d contains negative elements
d contains negative elements
d contains negative elements
d contains negative elements
d contains negative elements
d contains negative elements
d contains negative elements
d contains negative elements
d contains negative elements
d contains negative elements
d contains negative elements
d contains negative elements
d contains negative elements
d contains negative elements
d contains negative elements
d contains negative elements
d contains negative elements
d contains negative elements
d contains negative elements
d contains negative elements
d contains negative elements
d contains negative elements
d contains negative elements
d contains negative elements
d contains negative elements
d contains negative elements
d contains negative elements
d contains negative elements
d contains negative elements
d contains negative elements
d contains negative elements
d contains negative elements
d contains negative elements
d contains negative elements
d contains negative elements
d contains negative elements
d contains negative elements
d contains negative elements
d contains negative elements
d contains negative elements
d contains negative elements
d contains negative elements
d contains negative elements
d contains negative elements
d contains negative elements
d contains negative elements
d contains negative elements
d contains negative elements
d contains negative elements
d contains negative elements
d contains negative elements
d contains negative elements
d contains negative elements
d contains negative elements
d contains negative elements
d contains negative elements
d contains negative elements
d contains negative elements
d contains negative elements
d contains negative elements
d contains negative elements
d contains negative elements
d contains negative elements
d contains negative elements
d contains negative elements
d contains negative elements
d contains negative elements
d contains negative elements
d contains negative elements
d contains negative elements
d contains negative elements
d contains negative elements
d contains negative elements
d contains negative elements
d contains negative elements
d contains negative elements
d contains negative elements
d contains negative elements
d contains negative elements
d contains negative elements
d contains negative elements
d contains negative elements
d contains negative elements
d contains negative elements
d contains negative elements
d contains negative elements
d contains negative elements
d contains negative elements
d contains negative elements
d contains negative elements
d contains negative elements
d contains negative elements
d contains negative elements
d contains negative elements
d contains negative elements
d contains negative elements
d contains negative elements
d contains negative elements
d contains negative elements
d contains negative elements
d contains negative elements
d contains negative elements
d contains negative elements
d contains negative elements
d contains negative elements
d contains negative elements
d contains negative elements
d contains negative elements
d contains negative elements
d contains negative elements
d contains negative elements
d contains negative elements
d contains negative elements
d contains negative elements
d contains negative elements
d contains negative elements
d contains negative elements
d contains negative elements
d contains negative elements
d contains negative elements
d contains negative elements
d contains negative elements
d contains negative elements
d contains negative elements
d contains negative elements
d contains negative elements
d contains negative elements
d contains negative elements
d contains negative elements
d contains negative elements
d contains negative elements
d contains negative elements
d contains negative elements
d contains negative elements
d contains negative elements
d contains negative elements
d contains negative elements
d contains negative elements
d contains negative elements
d contains negative elements
d contains negative elements
d contains negative elements
d contains negative elements
d contains negative elements
d contains negative elements
d contains negative elements
d contains negative elements
d contains negative elements
d contains negative elements
d contains negative elements
d contains negative elements
d contains negative elements
d contains negative elements
d contains negative elements
d contains negative elements
d contains negative elements
d contains negative elements
d contains negative elements
d contains negative elements
d contains negative elements
d contains negative elements
d contains negative elements
d contains negative elements
d contains negative elements
d contains negative elements
d contains negative elements
d contains negative elements
d contains negative elements
d contains negative elements
d contains negative elements
d contains negative elements
d contains negative elements
d contains negative elements
d contains negative elements
d contains negative elements
d contains negative elements
d contains negative elements
d contains negative elements
d contains negative elements
d contains negative elements
d contains negative elements
d contains negative elements
d contains negative elements
d contains negative elements
d contains negative elements
d contains negative elements
d contains negative elements
d contains negative elements
d contains negative elements
d contains negative elements
d contains negative elements
d contains negative elements
d contains negative elements
d contains negative elements
d contains negative elements
d contains negative elements
d contains negative elements
d contains negative elements
d contains negative elements
d contains negative elements
d contains negative elements
d contains negative elements
d contains negative elements
d contains negative elements
d contains negative elements
d contains negative elements
d contains negative elements
d contains negative elements
d contains negative elements
d contains negative elements
d contains negative elements
d contains negative elements
d contains negative elements
d contains negative elements
d contains negative elements
d contains negative elements
d contains negative elements
d contains negative elements
d contains negative elements
d contains negative elements
d contains negative elements
d contains negative elements
d contains negative elements
d contains negative elements
d contains negative elements
d contains negative elements
d contains negative elements
d contains negative elements
d contains negative elements
d contains negative elements
d contains negative elements
d contains negative elements
d contains negative elements
d contains negative elements
d contains negative elements
d contains negative elements
d contains negative elements
d contains negative elements
d contains negative elements
d contains negative elements
d contains negative elements
d contains negative elements
d contains negative elements
d contains negative elements
d contains negative elements
d contains negative elements
d contains negative elements
d contains negative elements
d contains negative elements
d contains negative elements
d contains negative elements
d contains negative elements
d contains negative elements
d contains negative elements
d contains negative elements
d contains negative elements
d contains negative elements
d contains negative elements
d contains negative elements
d contains negative elements
d contains negative elements
d contains negative elements
d contains negative elements
d contains negative elements
d contains negative elements
d contains negative elements
d contains negative elements
d contains negative elements
d contains negative elements
d contains negative elements
d contains negative elements
d contains negative elements
d contains negative elements
d contains negative elements
d contains negative elements
d contains negative elements
d contains negative elements
d contains negative elements
d contains negative elements
d contains negative elements
d contains negative elements
d contains negative elements
d contains negative elements
d contains negative elements
d contains negative elements
d contains negative elements
d contains negative elements
d contains negative elements
d contains negative elements
d contains negative elements
d contains negative elements
d contains negative elements
d contains negative elements
d contains negative elements
d contains negative elements
d contains negative elements
d contains negative elements
d contains negative elements
d contains negative elements
d contains negative elements
d contains negative elements
d contains negative elements
d contains negative elements
d contains negative elements
d contains negative elements
d contains negative elements
d contains negative elements
d contains negative elements
d contains negative elements
d contains negative elements
d contains negative elements
d contains negative elements
d contains negative elements
d contains negative elements
d contains negative elements
d contains negative elements
d contains negative elements
d contains negative elements
d contains negative elements
d contains negative elements
d contains negative elements
d contains negative elements
d contains negative elements
d contains negative elements
d contains negative elements
d contains negative elements
d contains negative elements
d contains negative elements
d contains negative elements
d contains negative elements
d contains negative elements
d contains negative elements
d contains negative elements
d contains negative elements
d contains negative elements
d contains negative elements
d contains negative elements
d contains negative elements
d contains negative elements
d contains negative elements
d contains negative elements
d contains negative elements
d contains negative elements
d contains negative elements
d contains negative elements
d contains negative elements
d contains negative elements
d contains negative elements
d contains negative elements
d contains negative elements
d contains negative elements
d contains negative elements
d contains negative elements
d contains negative elements
d contains negative elements
d contains negative elements
d contains negative elements
d contains negative elements
d contains negative elements
d contains negative elements
d contains negative elements
d contains negative elements
d contains negative elements
d contains negative elements
d contains negative elements
d contains negative elements
d contains negative elements
d contains negative elements
d contains negative elements
d contains negative elements
d contains negative elements
d contains negative elements
d contains negative elements
d contains negative elements
d contains negative elements
d contains negative elements
d contains negative elements
d contains negative elements
d contains negative elements
d contains negative elements
d contains negative elements
d contains negative elements
d contains negative elements
d contains negative elements
d contains negative elements
d contains negative elements
d contains negative elements
d contains negative elements
d contains negative elements
d contains negative elements
d contains negative elements
d contains negative elements
d contains negative elements
d contains negative elements
d contains negative elements
d contains negative elements
d contains negative elements
d contains negative elements
d contains negative elements
d contains negative elements
d contains negative elements
d contains negative elements
d contains negative elements
d contains negative elements
d contains negative elements
d contains negative elements
d contains negative elements
d contains negative elements
d contains negative elements
d contains negative elements
d contains negative elements
d contains negative elements
d contains negative elements
d contains negative elements
d contains negative elements
d contains negative elements
d contains negative elements
d contains negative elements
d contains negative elements
d contains negative elements
d contains negative elements
d contains negative elements
d contains negative elements
d contains negative elements
d contains negative elements
d contains negative elements
d contains negative elements
d contains negative elements
d contains negative elements
d contains negative elements
d contains negative elements
d contains negative elements
d contains negative elements
d contains negative elements
d contains negative elements
d contains negative elements
d contains negative elements
d contains negative elements
d contains negative elements
d contains negative elements
d contains negative elements
d contains negative elements
d contains negative elements
d contains negative elements
d contains negative elements
d contains negative elements
d contains negative elements
d contains negative elements
d contains negative elements
d contains negative elements
d contains negative elements
d contains negative elements
d contains negative elements
d contains negative elements
d contains negative elements
d contains negative elements
d contains negative elements
d contains negative elements
d contains negative elements
d contains negative elements
d contains negative elements
d contains negative elements
d contains negative elements
d contains negative elements
d contains negative elements
d contains negative elements
d contains negative elements
d contains negative elements
d contains negative elements
d contains negative elements
d contains negative elements
d contains negative elements
d contains negative elements
d contains negative elements
d contains negative elements
d contains negative elements
d contains negative elements
d contains negative elements
d contains negative elements
d contains negative elements
d contains negative elements
d contains negative elements
d contains negative elements
d contains negative elements
d contains negative elements
d contains negative elements
d contains negative elements
d contains negative elements
d contains negative elements
d contains negative elements
d contains negative elements
d contains negative elements
d contains negative elements
d contains negative elements
d contains negative elements
d contains negative elements
d contains negative elements
d contains negative elements
d contains negative elements
d contains negative elements
d contains negative elements
d contains negative elements
d contains negative elements
d contains negative elements
d contains negative elements
d contains negative elements
d contains negative elements
d contains negative elements
d contains negative elements
d contains negative elements
d contains negative elements
d contains negative elements
d contains negative elements
d contains negative elements
d contains negative elements
d contains negative elements
d contains negative elements
d contains negative elements
d contains negative elements
d contains negative elements
d contains negative elements
d contains negative elements
d contains negative elements
d contains negative elements
d contains negative elements
d contains negative elements
d contains negative elements
d contains negative elements
d contains negative elements
d contains negative elements
d contains negative elements
d contains negative elements
d contains negative elements
d contains negative elements
d contains negative elements
d contains negative elements
d contains negative elements
d contains negative elements
d contains negative elements
d contains negative elements
d contains negative elements
d contains negative elements
d contains negative elements
d contains negative elements
d contains negative elements
d contains negative elements
d contains negative elements
d contains negative elements
d contains negative elements
d contains negative elements
d contains negative elements
d contains negative elements
d contains negative elements
d contains negative elements
d contains negative elements
d contains negative elements
d contains negative elements
d contains negative elements
d contains negative elements
d contains negative elements
d contains negative elements
d contains negative elements
d contains negative elements
d contains negative elements
d contains negative elements
d contains negative elements
d contains negative elements
d contains negative elements
d contains negative elements
d contains negative elements
d contains negative elements
d contains negative elements
d contains negative elements
d contains negative elements
d contains negative elements
d contains negative elements
d contains negative elements
d contains negative elements
d contains negative elements
d contains negative elements
d contains negative elements
d contains negative elements
d contains negative elements
d contains negative elements
d contains negative elements
d contains negative elements
d contains negative elements
d contains negative elements
d contains negative elements
d contains negative elements
d contains negative elements
d contains negative elements
d contains negative elements
d contains negative elements
d contains negative elements
d contains negative elements
d contains negative elements
d contains negative elements
d contains negative elements
d contains negative elements
d contains negative elements
d contains negative elements
d contains negative elements
d contains negative elements
d contains negative elements
d contains negative elements
d contains negative elements
d contains negative elements
d contains negative elements
d contains negative elements
d contains negative elements
d contains negative elements
d contains negative elements
d contains negative elements
d contains negative elements
d contains negative elements
d contains negative elements
d contains negative elements
d contains negative elements
d contains negative elements
d contains negative elements
d contains negative elements
d contains negative elements
d contains negative elements
d contains negative elements
d contains negative elements
d contains negative elements
d contains negative elements
d contains negative elements
d contains negative elements
d contains negative elements
d contains negative elements
d contains negative elements
d contains negative elements
d contains negative elements
d contains negative elements
d contains negative elements
d contains negative elements
d contains negative elements
d contains negative elements
d contains negative elements
d contains negative elements
d contains negative elements
d contains negative elements
d contains negative elements
d contains negative elements
d contains negative elements
d contains negative elements
d contains negative elements
d contains negative elements
d contains negative elements
d contains negative elements
d contains negative elements
d contains negative elements
d contains negative elements
d contains negative elements
d contains negative elements
d contains negative elements
d contains negative elements
d contains negative elements
d contains negative elements
d contains negative elements
d contains negative elements
d contains negative elements
d contains negative elements
d contains negative elements
d contains negative elements
d contains negative elements
d contains negative elements
d contains negative elements
d contains negative elements
d contains negative elements
d contains negative elements
d contains negative elements
d contains negative elements
d contains negative elements
d contains negative elements
d contains negative elements
d contains negative elements
d contains negative elements
d contains negative elements
d contains negative elements
d contains negative elements
d contains negative elements
d contains negative elements
d contains negative elements
d contains negative elements
d contains negative elements
d contains negative elements
d contains negative elements
d contains negative elements
d contains negative elements
d contains negative elements
d contains negative elements
d contains negative elements
d contains negative elements
d contains negative elements
d contains negative elements
d contains negative elements
d contains negative elements
d contains negative elements
d contains negative elements
d contains negative elements
d contains negative elements
d contains negative elements
d contains negative elements
d contains negative elements
d contains negative elements
d contains negative elements
d contains negative elements
d contains negative elements
d contains negative elements
d contains negative elements
d contains negative elements
d contains negative elements
d contains negative elements
d contains negative elements
d contains negative elements
d contains negative elements
d contains negative elements
d contains negative elements
d contains negative elements
d contains negative elements
d contains negative elements
d contains negative elements
d contains negative elements
d contains negative elements
d contains negative elements
d contains negative elements
d contains negative elements
d contains negative elements
d contains negative elements
d contains negative elements
d contains negative elements
d contains negative elements
d contains negative elements
d contains negative elements
d contains negative elements
d contains negative elements
d contains negative elements
d contains negative elements
d contains negative elements
d contains negative elements
d contains negative elements
d contains negative elements
d contains negative elements
d contains negative elements
d contains negative elements
d contains negative elements
d contains negative elements
d contains negative elements
d contains negative elements
d contains negative elements
d contains negative elements
d contains negative elements
d contains negative elements
d contains negative elements
d contains negative elements
d contains negative elements
d contains negative elements
d contains negative elements
d contains negative elements
d contains negative elements
d contains negative elements
d contains negative elements
d contains negative elements
d contains negative elements
d contains negative elements
d contains negative elements
d contains negative elements
d contains negative elements
d contains negative elements
d contains negative elements
d contains negative elements
d contains negative elements
d contains negative elements
d contains negative elements
d contains negative elements
d contains negative elements
d contains negative elements
d contains negative elements
d contains negative elements
d contains negative elements
d contains negative elements
d contains negative elements
d contains negative elements
d contains negative elements
d contains negative elements
d contains negative elements
d contains negative elements
d contains negative elements
d contains negative elements
d contains negative elements
d contains negative elements
d contains negative elements
d contains negative elements
d contains negative elements
d contains negative elements
d contains negative elements
d contains negative elements
d contains negative elements
d contains negative elements
d contains negative elements
d contains negative elements
d contains negative elements
d contains negative elements
d contains negative elements
d contains negative elements
d contains negative elements
d contains negative elements
d contains negative elements
d contains negative elements
d contains negative elements
d contains negative elements
d contains negative elements
d contains negative elements
d contains negative elements
d contains negative elements
d contains negative elements
d contains negative elements
d contains negative elements
d contains negative elements
d contains negative elements
d contains negative elements
d contains negative elements
d contains negative elements
d contains negative elements
d contains negative elements
d contains negative elements
d contains negative elements
d contains negative elements
d contains negative elements
d contains negative elements
d contains negative elements
d contains negative elements
d contains negative elements
d contains negative elements
d contains negative elements
d contains negative elements
d contains negative elements
d contains negative elements
d contains negative elements
d contains negative elements
d contains negative elements
d contains negative elements
d contains negative elements
d contains negative elements
d contains negative elements
d contains negative elements
d contains negative elements
d contains negative elements
d contains negative elements
d contains negative elements
d contains negative elements
d contains negative elements
d contains negative elements
d contains negative elements
d contains negative elements
d contains negative elements
d contains negative elements
d contains negative elements
d contains negative elements
d contains negative elements
d contains negative elements
d contains negative elements
d contains negative elements
d contains negative elements
d contains negative elements
d contains negative elements
d contains negative elements
d contains negative elements
d contains negative elements
d contains negative elements
d contains negative elements
d contains negative elements
d contains negative elements
d contains negative elements
d contains negative elements
d contains negative elements
d contains negative elements
d contains negative elements
d contains negative elements
d contains negative elements
d contains negative elements
d contains negative elements
d contains negative elements
d contains negative elements
d contains negative elements
d contains negative elements
d contains negative elements
d contains negative elements
d contains negative elements
d contains negative elements
d contains negative elements
d contains negative elements
d contains negative elements
d contains negative elements
d contains negative elements
d contains negative elements
d contains negative elements
d contains negative elements
d contains negative elements
d contains negative elements
d contains negative elements
d contains negative elements
d contains negative elements
d contains negative elements
d contains negative elements
d contains negative elements
d contains negative elements
d contains negative elements
d contains negative elements
d contains negative elements
d contains negative elements
d contains negative elements
d contains negative elements
d contains negative elements
d contains negative elements
d contains negative elements
d contains negative elements
d contains negative elements
d contains negative elements
d contains negative elements
d contains negative elements
d contains negative elements
d contains negative elements
d contains negative elements
d contains negative elements
d contains negative elements
d contains negative elements
d contains negative elements
d contains negative elements
d contains negative elements
d contains negative elements
d contains negative elements
d contains negative elements
d contains negative elements
d contains negative elements
d contains negative elements
d contains negative elements
d contains negative elements
d contains negative elements
d contains negative elements
d contains negative elements
d contains negative elements
d contains negative elements
d contains negative elements
d contains negative elements
d contains negative elements
d contains negative elements
d contains negative elements
d contains negative elements
d contains negative elements
d contains negative elements
d contains negative elements
d contains negative elements
d contains negative elements
d contains negative elements
d contains negative elements
d contains negative elements
d contains negative elements
d contains negative elements
d contains negative elements
d contains negative elements
d contains negative elements
d contains negative elements
d contains negative elements
d contains negative elements
d contains negative elements
d contains negative elements
d contains negative elements
d contains negative elements
d contains negative elements
d contains negative elements
d contains negative elements
d contains negative elements
d contains negative elements
d contains negative elements
d contains negative elements
d contains negative elements
d contains negative elements
d contains negative elements
d contains negative elements
d contains negative elements
d contains negative elements
d contains negative elements
d contains negative elements
d contains negative elements
d contains negative elements
d contains negative elements
d contains negative elements
d contains negative elements
d contains negative elements
d contains negative elements
d contains negative elements
d contains negative elements
d contains negative elements
d contains negative elements
d contains negative elements
d contains negative elements
d contains negative elements
d contains negative elements
d contains negative elements
d contains negative elements
d contains negative elements
d contains negative elements
d contains negative elements
d contains negative elements
d contains negative elements
d contains negative elements
d contains negative elements
d contains negative elements
d contains negative elements
d contains negative elements
d contains negative elements
d contains negative elements
d contains negative elements
d contains negative elements
d contains negative elements
d contains negative elements
d contains negative elements
d contains negative elements
d contains negative elements
d contains negative elements
d contains negative elements
d contains negative elements
d contains negative elements
d contains negative elements
d contains negative elements
d contains negative elements
d contains negative elements
d contains negative elements
d contains negative elements
d contains negative elements
d contains negative elements
d contains negative elements
d contains negative elements
d contains negative elements
d contains negative elements
d contains negative elements
d contains negative elements
d contains negative elements
d contains negative elements
d contains negative elements
d contains negative elements
d contains negative elements
d contains negative elements
d contains negative elements
d contains negative elements
d contains negative elements
d contains negative elements
d contains negative elements
d contains negative elements
d contains negative elements
d contains negative elements
d contains negative elements
d contains negative elements
d contains negative elements
d contains negative elements
d contains negative elements
d contains negative elements
d contains negative elements
d contains negative elements
d contains negative elements
d contains negative elements
d contains negative elements
d contains negative elements
d contains negative elements
d contains negative elements
d contains negative elements
d contains negative elements
d contains negative elements
d contains negative elements
d contains negative elements
d contains negative elements
d contains negative elements
d contains negative elements
d contains negative elements
d contains negative elements
d contains negative elements
d contains negative elements
d contains negative elements
d contains negative elements
d contains negative elements
d contains negative elements
d contains negative elements
d contains negative elements
d contains negative elements
d contains negative elements
d contains negative elements
d contains negative elements
d contains negative elements
d contains negative elements
d contains negative elements
d contains negative elements
d contains negative elements
d contains negative elements
d contains negative elements
d contains negative elements
d contains negative elements
d contains negative elements
d contains negative elements
d contains negative elements
d contains negative elements
d contains negative elements
d contains negative elements
d contains negative elements
d contains negative elements
d contains negative elements
d contains negative elements
d contains negative elements
d contains negative elements
d contains negative elements
d contains negative elements
d contains negative elements
d contains negative elements
d contains negative elements
d contains negative elements
d contains negative elements
d contains negative elements
d contains negative elements
d contains negative elements
d contains negative elements
d contains negative elements
d contains negative elements
d contains negative elements
d contains negative elements
d contains negative elements
d contains negative elements
d contains negative elements
d contains negative elements
d contains negative elements
d contains negative elements
d contains negative elements
d contains negative elements
d contains negative elements
d contains negative elements
d contains negative elements
d contains negative elements
d contains negative elements
d contains negative elements
d contains negative elements
d contains negative elements
d contains negative elements
d contains negative elements
d contains negative elements
d contains negative elements
d contains negative elements
d contains negative elements
d contains negative elements
d contains negative elements
d contains negative elements
d contains negative elements
d contains negative elements
d contains negative elements
d contains negative elements
d contains negative elements
d contains negative elements
d contains negative elements
d contains negative elements
d contains negative elements
d contains negative elements
d contains negative elements
d contains negative elements
d contains negative elements
d contains negative elements
d contains negative elements
d contains negative elements
d contains negative elements
d contains negative elements
d contains negative elements
d contains negative elements
d contains negative elements
d contains negative elements
d contains negative elements
d contains negative elements
d contains negative elements
d contains negative elements
d contains negative elements
d contains negative elements
d contains negative elements
d contains negative elements
d contains negative elements
d contains negative elements
d contains negative elements
d contains negative elements
d contains negative elements
d contains negative elements
d contains negative elements
d contains negative elements
d contains negative elements
d contains negative elements
d contains negative elements
d contains negative elements
d contains negative elements
d contains negative elements
d contains negative elements
d contains negative elements
d contains negative elements
d contains negative elements
d contains negative elements
d contains negative elements
d contains negative elements
d contains negative elements
d contains negative elements
d contains negative elements
d contains negative elements
d contains negative elements
d contains negative elements
d contains negative elements
d contains negative elements
d contains negative elements
d contains negative elements
d contains negative elements
d contains negative elements
d contains negative elements
d contains negative elements
d contains negative elements
d contains negative elements
d contains negative elements
d contains negative elements
d contains negative elements
d contains negative elements
d contains negative elements
d contains negative elements
d contains negative elements
d contains negative elements
d contains negative elements
d contains negative elements
d contains negative elements
d contains negative elements
d contains negative elements
d contains negative elements
d contains negative elements
d contains negative elements
d contains negative elements
d contains negative elements
d contains negative elements
d contains negative elements
d contains negative elements
d contains negative elements
d contains negative elements
d contains negative elements
d contains negative elements
d contains negative elements
d contains negative elements
d contains negative elements
d contains negative elements
d contains negative elements
d contains negative elements
d contains negative elements
d contains negative elements
d contains negative elements
d contains negative elements
d contains negative elements
d contains negative elements
d contains negative elements
d contains negative elements
d contains negative elements
d contains negative elements
d contains negative elements
d contains negative elements
d contains negative elements
d contains negative elements
d contains negative elements
d contains negative elements
d contains negative elements
d contains negative elements
d contains negative elements
d contains negative elements
d contains negative elements
d contains negative elements
d contains negative elements
d contains negative elements
d contains negative elements
d contains negative elements
d contains negative elements
d contains negative elements
d contains negative elements
d contains negative elements
d contains negative elements
d contains negative elements
d contains negative elements
d contains negative elements
d contains negative elements
d contains negative elements
d contains negative elements
d contains negative elements
d contains negative elements
d contains negative elements
d contains negative elements
d contains negative elements
d contains negative elements
d contains negative elements
d contains negative elements
d contains negative elements
d contains negative elements
d contains negative elements
d contains negative elements
d contains negative elements
d contains negative elements
d contains negative elements
d contains negative elements
d contains negative elements
d contains negative elements
d contains negative elements
d contains negative elements
d contains negative elements
d contains negative elements
d contains negative elements
d contains negative elements
d contains negative elements
d contains negative elements
d contains negative elements
d contains negative elements
d contains negative elements
d contains negative elements
d contains negative elements
d contains negative elements
d contains negative elements
d contains negative elements
d contains negative elements
d contains negative elements
d contains negative elements
d contains negative elements
d contains negative elements
d contains negative elements
d contains negative elements
d contains negative elements
d contains negative elements
d contains negative elements
d contains negative elements
d contains negative elements
d contains negative elements
d contains negative elements
d contains negative elements
d contains negative elements
d contains negative elements
d contains negative elements
d contains negative elements
d contains negative elements
d contains negative elements
d contains negative elements
d contains negative elements
d contains negative elements
d contains negative elements
d contains negative elements
d contains negative elements
d contains negative elements
d contains negative elements
d contains negative elements
d contains negative elements
d contains negative elements
d contains negative elements
d contains negative elements
d contains negative elements
d contains negative elements
d contains negative elements
d contains negative elements
d contains negative elements
d contains negative elements
d contains negative elements
d contains negative elements
d contains negative elements
d contains negative elements
d contains negative elements
d contains negative elements
d contains negative elements
d contains negative elements
d contains negative elements
d contains negative elements
d contains negative elements
d contains negative elements
d contains negative elements
d contains negative elements
d contains negative elements
d contains negative elements
d contains negative elements
d contains negative elements
d contains negative elements
d contains negative elements
d contains negative elements
d contains negative elements
d contains negative elements
d contains negative elements
d contains negative elements
d contains negative elements
d contains negative elements
d contains negative elements
d contains negative elements
d contains negative elements
d contains negative elements
d contains negative elements
d contains negative elements
d contains negative elements
d contains negative elements
d contains negative elements
d contains negative elements
d contains negative elements
d contains negative elements
d contains negative elements
d contains negative elements
d contains negative elements
d contains negative elements
d contains negative elements
d contains negative elements
d contains negative elements
d contains negative elements
d contains negative elements
d contains negative elements
d contains negative elements
d contains negative elements
d contains negative elements
d contains negative elements
d contains negative elements
d contains negative elements
d contains negative elements
d contains negative elements
d contains negative elements
d contains negative elements
d contains negative elements
d contains negative elements
d contains negative elements
d contains negative elements
d contains negative elements
d contains negative elements
d contains negative elements
d contains negative elements
d contains negative elements
d contains negative elements
d contains negative elements
d contains negative elements
d contains negative elements
d contains negative elements
d contains negative elements
d contains negative elements
d contains negative elements
d contains negative elements
d contains negative elements
d contains negative elements
d contains negative elements
d contains negative elements
d contains negative elements
d contains negative elements
d contains negative elements
d contains negative elements
d contains negative elements
d contains negative elements
d contains negative elements
d contains negative elements
d contains negative elements
d contains negative elements
d contains negative elements
d contains negative elements
d contains negative elements
d contains negative elements
d contains negative elements
d contains negative elements
d contains negative elements
d contains negative elements
d contains negative elements
d contains negative elements
d contains negative elements
d contains negative elements
d contains negative elements
d contains negative elements
d contains negative elements
d contains negative elements
d contains negative elements
d contains negative elements
d contains negative elements
d contains negative elements
d contains negative elements
d contains negative elements
d contains negative elements
d contains negative elements
d contains negative elements
d contains negative elements
d contains negative elements
d contains negative elements
d contains negative elements
d contains negative elements
d contains negative elements
d contains negative elements
d contains negative elements
d contains negative elements
d contains negative elements
d contains negative elements
d contains negative elements
d contains negative elements
d contains negative elements
d contains negative elements
d contains negative elements
d contains negative elements
d contains negative elements
d contains negative elements
d contains negative elements
d contains negative elements
d contains negative elements
d contains negative elements
d contains negative elements
d contains negative elements
d contains negative elements
d contains negative elements
d contains negative elements
d contains negative elements
d contains negative elements
d contains negative elements
d contains negative elements
d contains negative elements
d contains negative elements
d contains negative elements
d contains negative elements
d contains negative elements
d contains negative elements
d contains negative elements
d contains negative elements
d contains negative elements
d contains negative elements
d contains negative elements
d contains negative elements
d contains negative elements
d contains negative elements
d contains negative elements
d contains negative elements
d contains negative elements
d contains negative elements
d contains negative elements
d contains negative elements
d contains negative elements
d contains negative elements
d contains negative elements
d contains negative elements
d contains negative elements
d contains negative elements
d contains negative elements
d contains negative elements
d contains negative elements
d contains negative elements
d contains negative elements
d contains negative elements
d contains negative elements
d contains negative elements
d contains negative elements
d contains negative elements
d contains negative elements
d contains negative elements
d contains negative elements
d contains negative elements
d contains negative elements
d contains negative elements
d contains negative elements
d contains negative elements
d contains negative elements
d contains negative elements
d contains negative elements
d contains negative elements
d contains negative elements
d contains negative elements
d contains negative elements
d contains negative elements
d contains negative elements
d contains negative elements
d contains negative elements
d contains negative elements
d contains negative elements
d contains negative elements
d contains negative elements
d contains negative elements
d contains negative elements
d contains negative elements
d contains negative elements
d contains negative elements
d contains negative elements
d contains negative elements
d contains negative elements
d contains negative elements
d contains negative elements
d contains negative elements
d contains negative elements
d contains negative elements
d contains negative elements
d contains negative elements
d contains negative elements
d contains negative elements
d contains negative elements
d contains negative elements
d contains negative elements
d contains negative elements
d contains negative elements
d contains negative elements
d contains negative elements
d contains negative elements
d contains negative elements
d contains negative elements
d contains negative elements
d contains negative elements
d contains negative elements
d contains negative elements
d contains negative elements
d contains negative elements
d contains negative elements
d contains negative elements
d contains negative elements
d contains negative elements
d contains negative elements
d contains negative elements
d contains negative elements
d contains negative elements
d contains negative elements
d contains negative elements
d contains negative elements
d contains negative elements
d contains negative elements
d contains negative elements
d contains negative elements
d contains negative elements
d contains negative elements
d contains negative elements
d contains negative elements
d contains negative elements
d contains negative elements
d contains negative elements
d contains negative elements
d contains negative elements
d contains negative elements
d contains negative elements
d contains negative elements
d contains negative elements
d contains negative elements
d contains negative elements
d contains negative elements
d contains negative elements
d contains negative elements
d contains negative elements
d contains negative elements
d contains negative elements
d contains negative elements
d contains negative elements
d contains negative elements
d contains negative elements
d contains negative elements
d contains negative elements
d contains negative elements
d contains negative elements
d contains negative elements
d contains negative elements
d contains negative elements
d contains negative elements
d contains negative elements
d contains negative elements
d contains negative elements
d contains negative elements
d contains negative elements
d contains negative elements
d contains negative elements
d contains negative elements
d contains negative elements
d contains negative elements
d contains negative elements
d contains negative elements
d contains negative elements
d contains negative elements
d contains negative elements
d contains negative elements
d contains negative elements
d contains negative elements
d contains negative elements
d contains negative elements
d contains negative elements
d contains negative elements
d contains negative elements
d contains negative elements
d contains negative elements
d contains negative elements
d contains negative elements
d contains negative elements
d contains negative elements
d contains negative elements
d contains negative elements
d contains negative elements
d contains negative elements
d contains negative elements
d contains negative elements
d contains negative elements
d contains negative elements
d contains negative elements
d contains negative elements
d contains negative elements
d contains negative elements
d contains negative elements
d contains negative elements
d contains negative elements
d contains negative elements
d contains negative elements
d contains negative elements
d contains negative elements
d contains negative elements
d contains negative elements
d contains negative elements
d contains negative elements
d contains negative elements
d contains negative elements
d contains negative elements
d contains negative elements
d contains negative elements
d contains negative elements
d contains negative elements
d contains negative elements
d contains negative elements
d contains negative elements
d contains negative elements
d contains negative elements
d contains negative elements
d contains negative elements
d contains negative elements
d contains negative elements
d contains negative elements
d contains negative elements
d contains negative elements
d contains negative elements
d contains negative elements
d contains negative elements
d contains negative elements
d contains negative elements
d contains negative elements
d contains negative elements
d contains negative elements
d contains negative elements
d contains negative elements
d contains negative elements
d contains negative elements
d contains negative elements
d contains negative elements
d contains negative elements
d contains negative elements
d contains negative elements
d contains negative elements
d contains negative elements
d contains negative elements
d contains negative elements
d contains negative elements
d contains negative elements
d contains negative elements
d contains negative elements
d contains negative elements
d contains negative elements
d contains negative elements
d contains negative elements
d contains negative elements
d contains negative elements
d contains negative elements
d contains negative elements
d contains negative elements
d contains negative elements
d contains negative elements
d contains negative elements
d contains negative elements
d contains negative elements
d contains negative elements
d contains negative elements
d contains negative elements
d contains negative elements
d contains negative elements
d contains negative elements
d contains negative elements
d contains negative elements
d contains negative elements
d contains negative elements
d contains negative elements
d contains negative elements
d contains negative elements
d contains negative elements
d contains negative elements
d contains negative elements
d contains negative elements
d contains negative elements
d contains negative elements
d contains negative elements
d contains negative elements
d contains negative elements
d contains negative elements
d contains negative elements
d contains negative elements
d contains negative elements
d contains negative elements
d contains negative elements
d contains negative elements
d contains negative elements
d contains negative elements
d contains negative elements
d contains negative elements
d contains negative elements
d contains negative elements
d contains negative elements
d contains negative elements
d contains negative elements
d contains negative elements
d contains negative elements
d contains negative elements
d contains negative elements
d contains negative elements
d contains negative elements
d contains negative elements
d contains negative elements
d contains negative elements
d contains negative elements
d contains negative elements
d contains negative elements
d contains negative elements
d contains negative elements
d contains negative elements
d contains negative elements
d contains negative elements
d contains negative elements
d contains negative elements
d contains negative elements
d contains negative elements
d contains negative elements
d contains negative elements
d contains negative elements
d contains negative elements
d contains negative elements
d contains negative elements
d contains negative elements
d contains negative elements
d contains negative elements
d contains negative elements
d contains negative elements
d contains negative elements
d contains negative elements
d contains negative elements
d contains negative elements
d contains negative elements
d contains negative elements
d contains negative elements
d contains negative elements
d contains negative elements
d contains negative elements
d contains negative elements
d contains negative elements
d contains negative elements
d contains negative elements
d contains negative elements
d contains negative elements
d contains negative elements
d contains negative elements
d contains negative elements
d contains negative elements
d contains negative elements
d contains negative elements
d contains negative elements
d contains negative elements
d contains negative elements
d contains negative elements
d contains negative elements
d contains negative elements
d contains negative elements
d contains negative elements
d contains negative elements
d contains negative elements
d contains negative elements
d contains negative elements
d contains negative elements
d contains negative elements
d contains negative elements
d contains negative elements
d contains negative elements
d contains negative elements
d contains negative elements
d contains negative elements
d contains negative elements
d contains negative elements
d contains negative elements
d contains negative elements
d contains negative elements
d contains negative elements
d contains negative elements
d contains negative elements
d contains negative elements
d contains negative elements
d contains negative elements
d contains negative elements
d contains negative elements
d contains negative elements
d contains negative elements
d contains negative elements
d contains negative elements
d contains negative elements
d contains negative elements
d contains negative elements
d contains negative elements
d contains negative elements
d contains negative elements
d contains negative elements
d contains negative elements
d contains negative elements
d contains negative elements
d contains negative elements
d contains negative elements
d contains negative elements
d contains negative elements
d contains negative elements
d contains negative elements
d contains negative elements
d contains negative elements
d contains negative elements
d contains negative elements
d contains negative elements
d contains negative elements
d contains negative elements
d contains negative elements
d contains negative elements
d contains negative elements
d contains negative elements
d contains negative elements
d contains negative elements
d contains negative elements
d contains negative elements
d contains negative elements
d contains negative elements
d contains negative elements
d contains negative elements
d contains negative elements
d contains negative elements
d contains negative elements
d contains negative elements
d contains negative elements
d contains negative elements
d contains negative elements
d contains negative elements
d contains negative elements
d contains negative elements
d contains negative elements
d contains negative elements
d contains negative elements
d contains negative elements
d contains negative elements
d contains negative elements
d contains negative elements
d contains negative elements
d contains negative elements
d contains negative elements
d contains negative elements
d contains negative elements
d contains negative elements
d contains negative elements
d contains negative elements
d contains negative elements
d contains negative elements
d contains negative elements
d contains negative elements
d contains negative elements
d contains negative elements
d contains negative elements
d contains negative elements
d contains negative elements
d contains negative elements
d contains negative elements
d contains negative elements
d contains negative elements
d contains negative elements
d contains negative elements
d contains negative elements
d contains negative elements
d contains negative elements
d contains negative elements
d contains negative elements
d contains negative elements
d contains negative elements
d contains negative elements
d contains negative elements
d contains negative elements
d contains negative elements
d contains negative elements
d contains negative elements
d contains negative elements
d contains negative elements
d contains negative elements
d contains negative elements
d contains negative elements
d contains negative elements
d contains negative elements
d contains negative elements
d contains negative elements
d contains negative elements
d contains negative elements
d contains negative elements
d contains negative elements
d contains negative elements
d contains negative elements
d contains negative elements
d contains negative elements
d contains negative elements
d contains negative elements
d contains negative elements
d contains negative elements
d contains negative elements
d contains negative elements
d contains negative elements
d contains negative elements
d contains negative elements
d contains negative elements
d contains negative elements
d contains negative elements
d contains negative elements
d contains negative elements
d contains negative elements
d contains negative elements
d contains negative elements
d contains negative elements
d contains negative elements
d contains negative elements
d contains negative elements
d contains negative elements
d contains negative elements
d contains negative elements
d contains negative elements
d contains negative elements
d contains negative elements
d contains negative elements
d contains negative elements
d contains negative elements
d contains negative elements
d contains negative elements
d contains negative elements
d contains negative elements
d contains negative elements
d contains negative elements
d contains negative elements
d contains negative elements
d contains negative elements
d contains negative elements
d contains negative elements
d contains negative elements
d contains negative elements
d contains negative elements
d contains negative elements
d contains negative elements
d contains negative elements
d contains negative elements
d contains negative elements
d contains negative elements
d contains negative elements
d contains negative elements
d contains negative elements
d contains negative elements
d contains negative elements
d contains negative elements
d contains negative elements
d contains negative elements
d contains negative elements
d contains negative elements
d contains negative elements
d contains negative elements
d contains negative elements
d contains negative elements
d contains negative elements
d contains negative elements
d contains negative elements
d contains negative elements
d contains negative elements
d contains negative elements
d contains negative elements
d contains negative elements
d contains negative elements
d contains negative elements
d contains negative elements
d contains negative elements
d contains negative elements
d contains negative elements
d contains negative elements
d contains negative elements
d contains negative elements
d contains negative elements
d contains negative elements
d contains negative elements
d contains negative elements
d contains negative elements
d contains negative elements
d contains negative elements
d contains negative elements
d contains negative elements
d contains negative elements
d contains negative elements
d contains negative elements
d contains negative elements
d contains negative elements
d contains negative elements
d contains negative elements
d contains negative elements
d contains negative elements
d contains negative elements
d contains negative elements
d contains negative elements
d contains negative elements
d contains negative elements
d contains negative elements
d contains negative elements
d contains negative elements
d contains negative elements
d contains negative elements
d contains negative elements
d contains negative elements
d contains negative elements
d contains negative elements
d contains negative elements
d contains negative elements
d contains negative elements
d contains negative elements
d contains negative elements
d contains negative elements
d contains negative elements
d contains negative elements
d contains negative elements
d contains negative elements
d contains negative elements
d contains negative elements
d contains negative elements
d contains negative elements
d contains negative elements
d contains negative elements
d contains negative elements
d contains negative elements
d contains negative elements
d contains negative elements
d contains negative elements
d contains negative elements
d contains negative elements
d contains negative elements
d contains negative elements
d contains negative elements
d contains negative elements
d contains negative elements
d contains negative elements
d contains negative elements
d contains negative elements
d contains negative elements
d contains negative elements
d contains negative elements
d contains negative elements
d contains negative elements
d contains negative elements
d contains negative elements
d contains negative elements
d contains negative elements
d contains negative elements
d contains negative elements
d contains negative elements
d contains negative elements
d contains negative elements
d contains negative elements
d contains negative elements
d contains negative elements
d contains negative elements
d contains negative elements
d contains negative elements
d contains negative elements
d contains negative elements
d contains negative elements
d contains negative elements
d contains negative elements
d contains negative elements
d contains negative elements
d contains negative elements
d contains negative elements
d contains negative elements
d contains negative elements
d contains negative elements
d contains negative elements
d contains negative elements
d contains negative elements
d contains negative elements
d contains negative elements
d contains negative elements
d contains negative elements
d contains negative elements
d contains negative elements
d contains negative elements
d contains negative elements
d contains negative elements
d contains negative elements
d contains negative elements
d contains negative elements
d contains negative elements
d contains negative elements
d contains negative elements
d contains negative elements
d contains negative elements
d contains negative elements
d contains negative elements
d contains negative elements
d contains negative elements
d contains negative elements
d contains negative elements
d contains negative elements
d contains negative elements
d contains negative elements
d contains negative elements
d contains negative elements
d contains negative elements
d contains negative elements
d contains negative elements
d contains negative elements
d contains negative elements
d contains negative elements
d contains negative elements
d contains negative elements
d contains negative elements
d contains negative elements
d contains negative elements
d contains negative elements
d contains negative elements
d contains negative elements
d contains negative elements
d contains negative elements
d contains negative elements
d contains negative elements
d contains negative elements
d contains negative elements
d contains negative elements
d contains negative elements
d contains negative elements
d contains negative elements
d contains negative elements
d contains negative elements
d contains negative elements
d contains negative elements
d contains negative elements
d contains negative elements
d contains negative elements
d contains negative elements
d contains negative elements
d contains negative elements
d contains negative elements
d contains negative elements
d contains negative elements
d contains negative elements
d contains negative elements
d contains negative elements
d contains negative elements
d contains negative elements
d contains negative elements
d contains negative elements
d contains negative elements
d contains negative elements
d contains negative elements
d contains negative elements
d contains negative elements
d contains negative elements
d contains negative elements
d contains negative elements
d contains negative elements
d contains negative elements
d contains negative elements
d contains negative elements
d contains negative elements
d contains negative elements
d contains negative elements
d contains negative elements
d contains negative elements
d contains negative elements
d contains negative elements
d contains negative elements
d contains negative elements
d contains negative elements
d contains negative elements
d contains negative elements
d contains negative elements
d contains negative elements
d contains negative elements
d contains negative elements
d contains negative elements
d contains negative elements
d contains negative elements
d contains negative elements
d contains negative elements
d contains negative elements
d contains negative elements
d contains negative elements
d contains negative elements
d contains negative elements
d contains negative elements
d contains negative elements
d contains negative elements
d contains negative elements
d contains negative elements
d contains negative elements
d contains negative elements
d contains negative elements
d contains negative elements
d contains negative elements
d contains negative elements
d contains negative elements
d contains negative elements
d contains negative elements
d contains negative elements
d contains negative elements
d contains negative elements
d contains negative elements
d contains negative elements
d contains negative elements
d contains negative elements
d contains negative elements
d contains negative elements
d contains negative elements
d contains negative elements
d contains negative elements
d contains negative elements
d contains negative elements
d contains negative elements
d contains negative elements
d contains negative elements
d contains negative elements
d contains negative elements
d contains negative elements
d contains negative elements
d contains negative elements
d contains negative elements
d contains negative elements
d contains negative elements
d contains negative elements
d contains negative elements
d contains negative elements
d contains negative elements
d contains negative elements
d contains negative elements
d contains negative elements
d contains negative elements
d contains negative elements
d contains negative elements
d contains negative elements
d contains negative elements
d contains negative elements
d contains negative elements
d contains negative elements
d contains negative elements
d contains negative elements
d contains negative elements
d contains negative elements
d contains negative elements
d contains negative elements
d contains negative elements
d contains negative elements
d contains negative elements
d contains negative elements
d contains negative elements
d contains negative elements
d contains negative elements
d contains negative elements
d contains negative elements
d contains negative elements
d contains negative elements
d contains negative elements
d contains negative elements
d contains negative elements
d contains negative elements
d contains negative elements
d contains negative elements
d contains negative elements
d contains negative elements
d contains negative elements
d contains negative elements
d contains negative elements
d contains negative elements
d contains negative elements
d contains negative elements
d contains negative elements
d contains negative elements
d contains negative elements
d contains negative elements
d contains negative elements
d contains negative elements
d contains negative elements
d contains negative elements
d contains negative elements
d contains negative elements
d contains negative elements
d contains negative elements
d contains negative elements
d contains negative elements
d contains negative elements
d contains negative elements
d contains negative elements
d contains negative elements
d contains negative elements
d contains negative elements
d contains negative elements
d contains negative elements
d contains negative elements
d contains negative elements
d contains negative elements
d contains negative elements
d contains negative elements
d contains negative elements
d contains negative elements
d contains negative elements
d contains negative elements
d contains negative elements
d contains negative elements
d contains negative elements
d contains negative elements
d contains negative elements
d contains negative elements
d contains negative elements
d contains negative elements
d contains negative elements
d contains negative elements
d contains negative elements
d contains negative elements
d contains negative elements
d contains negative elements
d contains negative elements
d contains negative elements
d contains negative elements
d contains negative elements
d contains negative elements
d contains negative elements
d contains negative elements
d contains negative elements
d contains negative elements
d contains negative elements
d contains negative elements
d contains negative elements
d contains negative elements
d contains negative elements
d contains negative elements
d contains negative elements
d contains negative elements
d contains negative elements
d contains negative elements
d contains negative elements
d contains negative elements
d contains negative elements
d contains negative elements
d contains negative elements
d contains negative elements
d contains negative elements
d contains negative elements
d contains negative elements
d contains negative elements
d contains negative elements
d contains negative elements
d contains negative elements
d contains negative elements
d contains negative elements
d contains negative elements
d contains negative elements
d contains negative elements
d contains negative elements
d contains negative elements
d contains negative elements
d contains negative elements
d contains negative elements
d contains negative elements
d contains negative elements
d contains negative elements
d contains negative elements
d contains negative elements
d contains negative elements
d contains negative elements
d contains negative elements
d contains negative elements
d contains negative elements
d contains negative elements
d contains negative elements
d contains negative elements
d contains negative elements
d contains negative elements
d contains negative elements
d contains negative elements
d contains negative elements
d contains negative elements
d contains negative elements
d contains negative elements
d contains negative elements
d contains negative elements
d contains negative elements
d contains negative elements
d contains negative elements
d contains negative elements
d contains negative elements
d contains negative elements
d contains negative elements
d contains negative elements
d contains negative elements
d contains negative elements
d contains negative elements
d contains negative elements
d contains negative elements
d contains negative elements
d contains negative elements
d contains negative elements
d contains negative elements
d contains negative elements
d contains negative elements
d contains negative elements
d contains negative elements
d contains negative elements
d contains negative elements
d contains negative elements
d contains negative elements
d contains negative elements
d contains negative elements
d contains negative elements
d contains negative elements
d contains negative elements
d contains negative elements
d contains negative elements
d contains negative elements
d contains negative elements
d contains negative elements
d contains negative elements
d contains negative elements
d contains negative elements
d contains negative elements
d contains negative elements
d contains negative elements
d contains negative elements
d contains negative elements
d contains negative elements
d contains negative elements
d contains negative elements
d contains negative elements
d contains negative elements
d contains negative elements
d contains negative elements
d contains negative elements
d contains negative elements
d contains negative elements
d contains negative elements
d contains negative elements
d contains negative elements
d contains negative elements
d contains negative elements
d contains negative elements
d contains negative elements
d contains negative elements
d contains negative elements
d contains negative elements
d contains negative elements
d contains negative elements
d contains negative elements
d contains negative elements
d contains negative elements
d contains negative elements
d contains negative elements
d contains negative elements
d contains negative elements
d contains negative elements
d contains negative elements
d contains negative elements
d contains negative elements
d contains negative elements
d contains negative elements
d contains negative elements
d contains negative elements
d contains negative elements
d contains negative elements
d contains negative elements
d contains negative elements
d contains negative elements
d contains negative elements
d contains negative elements
d contains negative elements
d contains negative elements
d contains negative elements
d contains negative elements
d contains negative elements
d contains negative elements
d contains negative elements
d contains negative elements
d contains negative elements
d contains negative elements
d contains negative elements
d contains negative elements
d contains negative elements
d contains negative elements
d contains negative elements
d contains negative elements
d contains negative elements
d contains negative elements
d contains negative elements
d contains negative elements
d contains negative elements
d contains negative elements
d contains negative elements
d contains negative elements
d contains negative elements
d contains negative elements
d contains negative elements
d contains negative elements
d contains negative elements
d contains negative elements
d contains negative elements
d contains negative elements
d contains negative elements
d contains negative elements
d contains negative elements
d contains negative elements
d contains negative elements
d contains negative elements
d contains negative elements
d contains negative elements
d contains negative elements
d contains negative elements
d contains negative elements
d contains negative elements
d contains negative elements
d contains negative elements
d contains negative elements
d contains negative elements
d contains negative elements
d contains negative elements
d contains negative elements
d contains negative elements
d contains negative elements
d contains negative elements
d contains negative elements
d contains negative elements
d contains negative elements
d contains negative elements
d contains negative elements
d contains negative elements
d contains negative elements
d contains negative elements
d contains negative elements
d contains negative elements
d contains negative elements
d contains negative elements
d contains negative elements
d contains negative elements
d contains negative elements
d contains negative elements
d contains negative elements
d contains negative elements
d contains negative elements
d contains negative elements
d contains negative elements
d contains negative elements
d contains negative elements
d contains negative elements
d contains negative elements
d contains negative elements
d contains negative elements
d contains negative elements
d contains negative elements
d contains negative elements
d contains negative elements
d contains negative elements
d contains negative elements
d contains negative elements
d contains negative elements
d contains negative elements
d contains negative elements
d contains negative elements
d contains negative elements
d contains negative elements
d contains negative elements
d contains negative elements
d contains negative elements
d contains negative elements
d contains negative elements
d contains negative elements
d contains negative elements
d contains negative elements
d contains negative elements
d contains negative elements
d contains negative elements
d contains negative elements
d contains negative elements
d contains negative elements
d contains negative elements
d contains negative elements
d contains negative elements
d contains negative elements
d contains negative elements
d contains negative elements
d contains negative elements
d contains negative elements
d contains negative elements
d contains negative elements
d contains negative elements
d contains negative elements
d contains negative elements
d contains negative elements
d contains negative elements
d contains negative elements
d contains negative elements
d contains negative elements
d contains negative elements
d contains negative elements
d contains negative elements
d contains negative elements
d contains negative elements
d contains negative elements
d contains negative elements
d contains negative elements
d contains negative elements
d contains negative elements
d contains negative elements
d contains negative elements
d contains negative elements
d contains negative elements
d contains negative elements
d contains negative elements
d contains negative elements
d contains negative elements
d contains negative elements
d contains negative elements
d contains negative elements
d contains negative elements
d contains negative elements
d contains negative elements
d contains negative elements
d contains negative elements
d contains negative elements
d contains negative elements
d contains negative elements
d contains negative elements
d contains negative elements
d contains negative elements
d contains negative elements
d contains negative elements
d contains negative elements
d contains negative elements
d contains negative elements
d contains negative elements
d contains negative elements
d contains negative elements
d contains negative elements
d contains negative elements
d contains negative elements
d contains negative elements
d contains negative elements
d contains negative elements
d contains negative elements
d contains negative elements
d contains negative elements
d contains negative elements
d contains negative elements
d contains negative elements
d contains negative elements
d contains negative elements
d contains negative elements
d contains negative elements
d contains negative elements
d contains negative elements
d contains negative elements
d contains negative elements
d contains negative elements
d contains negative elements
d contains negative elements
d contains negative elements
d contains negative elements
d contains negative elements
d contains negative elements
d contains negative elements
d contains negative elements
d contains negative elements
d contains negative elements
d contains negative elements
d contains negative elements
d contains negative elements
d contains negative elements
d contains negative elements
d contains negative elements
d contains negative elements
d contains negative elements
d contains negative elements
d contains negative elements
d contains negative elements
d contains negative elements
d contains negative elements
d contains negative elements
d contains negative elements
d contains negative elements
d contains negative elements
d contains negative elements
d contains negative elements
d contains negative elements
d contains negative elements
d contains negative elements
d contains negative elements
d contains negative elements
d contains negative elements
d contains negative elements
d contains negative elements
d contains negative elements
d contains negative elements
d contains negative elements
d contains negative elements
d contains negative elements
d contains negative elements
d contains negative elements
d contains negative elements
d contains negative elements
d contains negative elements
d contains negative elements
d contains negative elements
d contains negative elements
d contains negative elements
d contains negative elements
d contains negative elements
d contains negative elements
d contains negative elements
d contains negative elements
d contains negative elements
d contains negative elements
d contains negative elements
d contains negative elements
d contains negative elements
d contains negative elements
d contains negative elements
d contains negative elements
d contains negative elements
d contains negative elements
d contains negative elements
d contains negative elements
d contains negative elements
d contains negative elements
d contains negative elements
d contains negative elements
d contains negative elements
d contains negative elements
d contains negative elements
d contains negative elements
d contains negative elements
d contains negative elements
d contains negative elements
d contains negative elements
d contains negative elements
d contains negative elements
d contains negative elements
d contains negative elements
d contains negative elements
d contains negative elements
d contains negative elements
d contains negative elements
d contains negative elements
d contains negative elements
d contains negative elements
d contains negative elements
d contains negative elements
d contains negative elements
d contains negative elements
d contains negative elements
d contains negative elements
d contains negative elements
d contains negative elements
d contains negative elements
d contains negative elements
d contains negative elements
d contains negative elements
d contains negative elements
d contains negative elements
d contains negative elements
d contains negative elements
d contains negative elements
d contains negative elements
d contains negative elements
d contains negative elements
d contains negative elements
d contains negative elements
d contains negative elements
d contains negative elements
d contains negative elements
d contains negative elements
d contains negative elements
d contains negative elements
d contains negative elements
d contains negative elements
d contains negative elements
d contains negative elements
d contains negative elements
d contains negative elements
d contains negative elements
d contains negative elements
d contains negative elements
d contains negative elements
d contains negative elements
d contains negative elements
d contains negative elements
d contains negative elements
d contains negative elements
d contains negative elements
d contains negative elements
d contains negative elements
d contains negative elements
d contains negative elements
d contains negative elements
d contains negative elements
d contains negative elements
d contains negative elements
d contains negative elements
d contains negative elements
d contains negative elements
d contains negative elements
d contains negative elements
d contains negative elements
d contains negative elements
d contains negative elements
d contains negative elements
d contains negative elements
d contains negative elements
d contains negative elements
d contains negative elements
d contains negative elements
d contains negative elements
d contains negative elements
d contains negative elements
d contains negative elements
d contains negative elements
d contains negative elements
d contains negative elements
d contains negative elements
d contains negative elements
d contains negative elements
d contains negative elements
d contains negative elements
d contains negative elements
d contains negative elements
d contains negative elements
d contains negative elements
d contains negative elements
d contains negative elements
d contains negative elements
d contains negative elements
d contains negative elements
d contains negative elements
d contains negative elements
d contains negative elements
d contains negative elements
d contains negative elements
d contains negative elements
d contains negative elements
d contains negative elements
d contains negative elements
d contains negative elements
d contains negative elements
d contains negative elements
d contains negative elements
d contains negative elements
d contains negative elements
d contains negative elements
d contains negative elements
d contains negative elements
d contains negative elements
d contains negative elements
d contains negative elements
d contains negative elements
d contains negative elements
d contains negative elements
d contains negative elements
d contains negative elements
d contains negative elements
d contains negative elements
d contains negative elements
d contains negative elements
d contains negative elements
d contains negative elements
d contains negative elements
d contains negative elements
d contains negative elements
d contains negative elements
d contains negative elements
d contains negative elements
d contains negative elements
d contains negative elements
d contains negative elements
d contains negative elements
d contains negative elements
d contains negative elements
d contains negative elements
d contains negative elements
d contains negative elements
d contains negative elements
d contains negative elements
d contains negative elements
d contains negative elements
d contains negative elements
d contains negative elements
d contains negative elements
d contains negative elements
d contains negative elements
d contains negative elements
d contains negative elements
d contains negative elements
d contains negative elements
d contains negative elements
d contains negative elements
d contains negative elements
d contains negative elements
d contains negative elements
d contains negative elements
d contains negative elements
d contains negative elements
d contains negative elements
d contains negative elements
d contains negative elements
d contains negative elements
d contains negative elements
d contains negative elements
d contains negative elements
d contains negative elements
d contains negative elements
d contains negative elements
d contains negative elements
d contains negative elements
d contains negative elements
d contains negative elements
d contains negative elements
d contains negative elements
d contains negative elements
d contains negative elements
d contains negative elements
d contains negative elements
d contains negative elements
d contains negative elements
d contains negative elements
d contains negative elements
d contains negative elements
d contains negative elements
d contains negative elements
d contains negative elements
d contains negative elements
d contains negative elements
d contains negative elements
d contains negative elements
d contains negative elements
d contains negative elements
d contains negative elements
d contains negative elements
d contains negative elements
d contains negative elements
d contains negative elements
d contains negative elements
d contains negative elements
d contains negative elements
d contains negative elements
d contains negative elements
d contains negative elements
d contains negative elements
d contains negative elements
d contains negative elements
d contains negative elements
d contains negative elements
d contains negative elements
d contains negative elements
d contains negative elements
d contains negative elements
d contains negative elements
d contains negative elements
d contains negative elements
d contains negative elements
d contains negative elements
d contains negative elements
d contains negative elements
d contains negative elements
d contains negative elements
d contains negative elements
d contains negative elements
d contains negative elements
d contains negative elements
d contains negative elements
d contains negative elements
d contains negative elements
d contains negative elements
d contains negative elements
d contains negative elements
d contains negative elements
d contains negative elements
d contains negative elements
d contains negative elements
d contains negative elements
d contains negative elements
d contains negative elements
d contains negative elements
d contains negative elements
d contains negative elements
d contains negative elements
d contains negative elements
d contains negative elements
d contains negative elements
d contains negative elements
d contains negative elements
d contains negative elements
d contains negative elements
d contains negative elements
d contains negative elements
d contains negative elements
d contains negative elements
d contains negative elements
d contains negative elements
d contains negative elements
d contains negative elements
d contains negative elements
d contains negative elements
d contains negative elements
d contains negative elements
d contains negative elements
d contains negative elements
d contains negative elements
d contains negative elements
d contains negative elements
d contains negative elements
d contains negative elements
d contains negative elements
d contains negative elements
d contains negative elements
d contains negative elements
d contains negative elements
d contains negative elements
d contains negative elements
d contains negative elements
d contains negative elements
d contains negative elements
d contains negative elements
d contains negative elements
d contains negative elements
d contains negative elements
d contains negative elements
d contains negative elements
d contains negative elements
d contains negative elements
d contains negative elements
d contains negative elements
d contains negative elements
d contains negative elements
d contains negative elements
d contains negative elements
d contains negative elements
d contains negative elements
d contains negative elements
d contains negative elements
d contains negative elements
d contains negative elements
d contains negative elements
d contains negative elements
d contains negative elements
d contains negative elements
d contains negative elements
d contains negative elements
d contains negative elements
d contains negative elements
d contains negative elements
d contains negative elements
d contains negative elements
d contains negative elements
d contains negative elements
d contains negative elements
d contains negative elements
d contains negative elements
d contains negative elements
d contains negative elements
d contains negative elements
d contains negative elements
d contains negative elements
d contains negative elements
d contains negative elements
d contains negative elements
d contains negative elements
d contains negative elements
d contains negative elements
d contains negative elements
d contains negative elements
d contains negative elements
d contains negative elements
d contains negative elements
d contains negative elements
d contains negative elements
d contains negative elements
d contains negative elements
d contains negative elements
d contains negative elements
d contains negative elements
d contains negative elements
d contains negative elements
d contains negative elements
d contains negative elements
d contains negative elements
d contains negative elements
d contains negative elements
d contains negative elements
d contains negative elements
d contains negative elements
d contains negative elements
d contains negative elements
d contains negative elements
d contains negative elements
d contains negative elements
d contains negative elements
d contains negative elements
d contains negative elements
d contains negative elements
d contains negative elements
d contains negative elements
d contains negative elements
d contains negative elements
d contains negative elements
d contains negative elements
d contains negative elements
d contains negative elements
d contains negative elements
d contains negative elements
d contains negative elements
d contains negative elements
d contains negative elements
d contains negative elements
d contains negative elements
d contains negative elements
d contains negative elements
d contains negative elements
d contains negative elements
d contains negative elements
d contains negative elements
d contains negative elements
d contains negative elements
d contains negative elements
d contains negative elements
d contains negative elements
d contains negative elements
d contains negative elements
d contains negative elements
d contains negative elements
d contains negative elements
d contains negative elements
d contains negative elements
d contains negative elements
d contains negative elements
d contains negative elements
d contains negative elements
d contains negative elements
d contains negative elements
d contains negative elements
d contains negative elements
d contains negative elements
d contains negative elements
d contains negative elements
d contains negative elements
d contains negative elements
d contains negative elements
d contains negative elements
d contains negative elements
d contains negative elements
d contains negative elements
d contains negative elements
d contains negative elements
d contains negative elements
d contains negative elements
d contains negative elements
d contains negative elements
d contains negative elements
d contains negative elements
d contains negative elements
d contains negative elements
d contains negative elements
d contains negative elements
d contains negative elements
d contains negative elements
d contains negative elements
d contains negative elements
d contains negative elements
d contains negative elements
d contains negative elements
d contains negative elements
d contains negative elements
d contains negative elements
d contains negative elements
d contains negative elements
d contains negative elements
d contains negative elements
d contains negative elements
d contains negative elements
d contains negative elements
d contains negative elements
d contains negative elements
d contains negative elements
d contains negative elements
d contains negative elements
d contains negative elements
d contains negative elements
d contains negative elements
d contains negative elements
d contains negative elements
d contains negative elements
d contains negative elements
d contains negative elements
d contains negative elements
d contains negative elements
d contains negative elements
d contains negative elements
d contains negative elements
d contains negative elements
d contains negative elements
d contains negative elements
d contains negative elements
d contains negative elements
d contains negative elements
d contains negative elements
d contains negative elements
d contains negative elements
d contains negative elements
d contains negative elements
d contains negative elements
d contains negative elements
d contains negative elements
d contains negative elements
d contains negative elements
d contains negative elements
d contains negative elements
d contains negative elements
d contains negative elements
d contains negative elements
d contains negative elements
d contains negative elements
d contains negative elements
d contains negative elements
d contains negative elements
d contains negative elements
d contains negative elements
d contains negative elements
d contains negative elements
d contains negative elements
d contains negative elements
d contains negative elements
d contains negative elements
d contains negative elements
d contains negative elements
d contains negative elements
d contains negative elements
d contains negative elements
d contains negative elements
d contains negative elements
d contains negative elements
d contains negative elements
d contains negative elements
d contains negative elements
d contains negative elements
d contains negative elements
d contains negative elements
d contains negative elements
d contains negative elements
d contains negative elements
d contains negative elements
d contains negative elements
d contains negative elements
d contains negative elements
d contains negative elements
d contains negative elements
d contains negative elements
d contains negative elements
d contains negative elements
d contains negative elements
d contains negative elements
d contains negative elements
d contains negative elements
d contains negative elements
d contains negative elements
d contains negative elements
d contains negative elements
d contains negative elements
d contains negative elements
d contains negative elements
d contains negative elements
d contains negative elements
d contains negative elements
d contains negative elements
d contains negative elements
d contains negative elements
d contains negative elements
d contains negative elements
d contains negative elements
d contains negative elements
d contains negative elements
d contains negative elements
d contains negative elements
d contains negative elements
d contains negative elements
d contains negative elements
d contains negative elements
d contains negative elements
d contains negative elements
d contains negative elements
d contains negative elements
d contains negative elements
d contains negative elements
d contains negative elements
d contains negative elements
d contains negative elements
d contains negative elements
d contains negative elements
d contains negative elements
d contains negative elements
d contains negative elements
d contains negative elements
d contains negative elements
d contains negative elements
d contains negative elements
d contains negative elements
d contains negative elements
d contains negative elements
d contains negative elements
d contains negative elements
d contains negative elements
d contains negative elements
d contains negative elements
d contains negative elements
d contains negative elements
d contains negative elements
d contains negative elements
d contains negative elements
d contains negative elements
d contains negative elements
d contains negative elements
d contains negative elements
d contains negative elements
d contains negative elements
d contains negative elements
d contains negative elements
d contains negative elements
d contains negative elements
d contains negative elements
d contains negative elements
d contains negative elements
d contains negative elements
d contains negative elements
d contains negative elements
d contains negative elements
d contains negative elements
d contains negative elements
d contains negative elements
d contains negative elements
d contains negative elements
d contains negative elements
d contains negative elements
d contains negative elements
d contains negative elements
d contains negative elements
d contains negative elements
d contains negative elements
d contains negative elements
d contains negative elements
d contains negative elements
d contains negative elements
d contains negative elements
d contains negative elements
d contains negative elements
d contains negative elements
d contains negative elements
d contains negative elements
d contains negative elements
d contains negative elements
d contains negative elements
d contains negative elements
d contains negative elements
d contains negative elements
d contains negative elements
d contains negative elements
d contains negative elements
d contains negative elements
d contains negative elements
d contains negative elements
d contains negative elements
d contains negative elements
d contains negative elements
d contains negative elements
d contains negative elements
d contains negative elements
d contains negative elements
d contains negative elements
d contains negative elements
d contains negative elements
d contains negative elements
d contains negative elements
d contains negative elements
d contains negative elements
d contains negative elements
d contains negative elements
d contains negative elements
d contains negative elements
d contains negative elements
d contains negative elements
d contains negative elements
d contains negative elements
d contains negative elements
d contains negative elements
d contains negative elements
d contains negative elements
d contains negative elements
d contains negative elements
d contains negative elements
d contains negative elements
d contains negative elements
d contains negative elements
d contains negative elements
d contains negative elements
d contains negative elements
d contains negative elements
d contains negative elements
d contains negative elements
d contains negative elements
d contains negative elements
d contains negative elements
d contains negative elements
d contains negative elements
d contains negative elements
d contains negative elements
d contains negative elements
d contains negative elements
d contains negative elements
d contains negative elements
d contains negative elements
d contains negative elements
d contains negative elements
d contains negative elements
d contains negative elements
d contains negative elements
d contains negative elements
d contains negative elements
d contains negative elements
d contains negative elements
d contains negative elements
d contains negative elements
d contains negative elements
d contains negative elements
d contains negative elements
d contains negative elements
d contains negative elements
d contains negative elements
d contains negative elements
d contains negative elements
d contains negative elements
d contains negative elements
d contains negative elements
d contains negative elements
d contains negative elements
d contains negative elements
d contains negative elements
d contains negative elements
d contains negative elements
d contains negative elements
d contains negative elements
d contains negative elements
d contains negative elements
d contains negative elements
d contains negative elements
d contains negative elements
d contains negative elements
d contains negative elements
d contains negative elements
d contains negative elements
d contains negative elements
d contains negative elements
d contains negative elements
d contains negative elements
d contains negative elements
d contains negative elements
d contains negative elements
d contains negative elements
d contains negative elements
d contains negative elements
d contains negative elements
d contains negative elements
d contains negative elements
d contains negative elements
d contains negative elements
d contains negative elements
d contains negative elements
d contains negative elements
d contains negative elements
d contains negative elements
d contains negative elements
d contains negative elements
d contains negative elements
d contains negative elements
d contains negative elements
d contains negative elements
d contains negative elements
d contains negative elements
d contains negative elements
d contains negative elements
d contains negative elements
d contains negative elements
d contains negative elements
d contains negative elements
d contains negative elements
d contains negative elements
d contains negative elements
d contains negative elements
d contains negative elements
d contains negative elements
d contains negative elements
d contains negative elements
d contains negative elements
d contains negative elements
d contains negative elements
d contains negative elements
d contains negative elements
d contains negative elements
d contains negative elements
d contains negative elements
d contains negative elements
d contains negative elements
d contains negative elements
d contains negative elements
d contains negative elements
d contains negative elements
d contains negative elements
d contains negative elements
d contains negative elements
d contains negative elements
d contains negative elements
d contains negative elements
d contains negative elements
d contains negative elements
d contains negative elements
d contains negative elements
d contains negative elements
d contains negative elements
d contains negative elements
d contains negative elements
d contains negative elements
d contains negative elements
d contains negative elements
d contains negative elements
d contains negative elements
d contains negative elements
d contains negative elements
d contains negative elements
d contains negative elements
d contains negative elements
d contains negative elements
d contains negative elements
d contains negative elements
d contains negative elements
d contains negative elements
d contains negative elements
d contains negative elements
d contains negative elements
d contains negative elements
d contains negative elements
d contains negative elements
d contains negative elements
d contains negative elements
d contains negative elements
d contains negative elements
d contains negative elements
d contains negative elements
d contains negative elements
d contains negative elements
d contains negative elements
d contains negative elements
d contains negative elements
d contains negative elements
d contains negative elements
d contains negative elements
d contains negative elements
d contains negative elements
d contains negative elements
d contains negative elements
d contains negative elements
d contains negative elements
d contains negative elements
d contains negative elements
d contains negative elements
d contains negative elements
d contains negative elements
d contains negative elements
d contains negative elements
d contains negative elements
d contains negative elements
d contains negative elements
d contains negative elements
d contains negative elements
d contains negative elements
d contains negative elements
d contains negative elements
d contains negative elements
d contains negative elements
d contains negative elements
d contains negative elements
d contains negative elements
d contains negative elements
d contains negative elements
d contains negative elements
d contains negative elements
d contains negative elements
d contains negative elements
d contains negative elements
d contains negative elements
d contains negative elements
d contains negative elements
d contains negative elements
d contains negative elements
d contains negative elements
d contains negative elements
d contains negative elements
d contains negative elements
d contains negative elements
d contains negative elements
d contains negative elements
d contains negative elements
d contains negative elements
d contains negative elements
d contains negative elements
d contains negative elements
d contains negative elements
d contains negative elements
d contains negative elements
d contains negative elements
d contains negative elements
d contains negative elements
d contains negative elements
d contains negative elements
d contains negative elements
d contains negative elements
d contains negative elements
d contains negative elements
d contains negative elements
d contains negative elements
d contains negative elements
d contains negative elements
d contains negative elements
d contains negative elements
d contains negative elements
d contains negative elements
d contains negative elements
d contains negative elements
d contains negative elements
d contains negative elements
d contains negative elements
d contains negative elements
d contains negative elements
d contains negative elements
d contains negative elements
d contains negative elements
d contains negative elements
d contains negative elements
d contains negative elements
d contains negative elements
d contains negative elements
d contains negative elements
d contains negative elements
d contains negative elements
d contains negative elements
d contains negative elements
d contains negative elements
d contains negative elements
d contains negative elements
d contains negative elements
d contains negative elements
d contains negative elements
d contains negative elements
d contains negative elements
d contains negative elements
d contains negative elements
d contains negative elements
d contains negative elements
d contains negative elements
d contains negative elements
d contains negative elements
d contains negative elements
d contains negative elements
d contains negative elements
d contains negative elements
d contains negative elements
d contains negative elements
d contains negative elements
d contains negative elements
d contains negative elements
d contains negative elements
d contains negative elements
d contains negative elements
d contains negative elements
d contains negative elements
d contains negative elements
d contains negative elements
d contains negative elements
d contains negative elements
d contains negative elements
d contains negative elements
d contains negative elements
d contains negative elements
d contains negative elements
d contains negative elements
d contains negative elements
d contains negative elements
d contains negative elements
d contains negative elements
d contains negative elements
d contains negative elements
d contains negative elements
d contains negative elements
d contains negative elements
d contains negative elements
d contains negative elements
d contains negative elements
d contains negative elements
d contains negative elements
d contains negative elements
d contains negative elements
d contains negative elements
d contains negative elements
d contains negative elements
d contains negative elements
d contains negative elements
d contains negative elements
d contains negative elements
d contains negative elements
d contains negative elements
d contains negative elements
d contains negative elements
d contains negative elements
d contains negative elements
d contains negative elements
d contains negative elements
d contains negative elements
d contains negative elements
d contains negative elements
d contains negative elements
d contains negative elements
d contains negative elements
d contains negative elements
d contains negative elements
d contains negative elements
d contains negative elements
d contains negative elements
d contains negative elements
d contains negative elements
d contains negative elements
d contains negative elements
d contains negative elements
d contains negative elements
d contains negative elements
d contains negative elements
d contains negative elements
d contains negative elements
d contains negative elements
d contains negative elements
d contains negative elements
d contains negative elements
d contains negative elements
d contains negative elements
d contains negative elements
d contains negative elements
d contains negative elements
d contains negative elements
d contains negative elements
d contains negative elements
d contains negative elements
d contains negative elements
d contains negative elements
d contains negative elements
d contains negative elements
d contains negative elements
d contains negative elements
d contains negative elements
d contains negative elements
d contains negative elements
d contains negative elements
d contains negative elements
d contains negative elements
d contains negative elements
d contains negative elements
d contains negative elements
d contains negative elements
d contains negative elements
d contains negative elements
d contains negative elements
d contains negative elements
d contains negative elements
d contains negative elements
d contains negative elements
d contains negative elements
d contains negative elements
d contains negative elements
d contains negative elements
d contains negative elements
d contains negative elements
d contains negative elements
d contains negative elements
d contains negative elements
d contains negative elements
d contains negative elements
d contains negative elements
d contains negative elements
d contains negative elements
d contains negative elements
d contains negative elements
d contains negative elements
d contains negative elements
d contains negative elements
d contains negative elements
d contains negative elements
d contains negative elements
d contains negative elements
d contains negative elements
d contains negative elements
d contains negative elements
d contains negative elements
d contains negative elements
d contains negative elements
d contains negative elements
d contains negative elements
d contains negative elements
d contains negative elements
d contains negative elements
d contains negative elements
d contains negative elements
d contains negative elements
d contains negative elements
d contains negative elements
d contains negative elements
d contains negative elements
d contains negative elements
d contains negative elements
d contains negative elements
d contains negative elements
d contains negative elements
d contains negative elements
d contains negative elements
d contains negative elements
d contains negative elements
d contains negative elements
d contains negative elements
d contains negative elements
d contains negative elements
d contains negative elements
d contains negative elements
d contains negative elements
d contains negative elements
d contains negative elements
d contains negative elements
d contains negative elements
d contains negative elements
d contains negative elements
d contains negative elements
d contains negative elements
d contains negative elements
d contains negative elements
d contains negative elements
d contains negative elements
d contains negative elements
d contains negative elements
d contains negative elements
d contains negative elements
d contains negative elements
d contains negative elements
d contains negative elements
d contains negative elements
d contains negative elements
d contains negative elements
d contains negative elements
d contains negative elements
d contains negative elements
d contains negative elements
d contains negative elements
d contains negative elements
d contains negative elements
d contains negative elements
d contains negative elements
d contains negative elements
d contains negative elements
d contains negative elements
d contains negative elements
d contains negative elements
d contains negative elements
d contains negative elements
d contains negative elements
d contains negative elements
d contains negative elements
d contains negative elements
d contains negative elements
d contains negative elements
d contains negative elements
d contains negative elements
d contains negative elements
d contains negative elements
d contains negative elements
d contains negative elements
d contains negative elements
d contains negative elements
d contains negative elements
d contains negative elements
d contains negative elements
d contains negative elements
d contains negative elements
d contains negative elements
d contains negative elements
d contains negative elements
d contains negative elements
d contains negative elements
d contains negative elements
d contains negative elements
d contains negative elements
d contains negative elements
d contains negative elements
d contains negative elements
d contains negative elements
d contains negative elements
d contains negative elements
d contains negative elements
d contains negative elements
d contains negative elements
d contains negative elements
d contains negative elements
d contains negative elements
d contains negative elements
d contains negative elements
d contains negative elements
d contains negative elements
d contains negative elements
d contains negative elements
d contains negative elements
d contains negative elements
d contains negative elements
d contains negative elements
d contains negative elements
d contains negative elements
d contains negative elements
d contains negative elements
d contains negative elements
d contains negative elements
d contains negative elements
d contains negative elements
d contains negative elements
d contains negative elements
d contains negative elements
d contains negative elements
d contains negative elements
d contains negative elements
d contains negative elements
d contains negative elements
d contains negative elements
d contains negative elements
d contains negative elements
d contains negative elements
d contains negative elements
d contains negative elements
d contains negative elements
d contains negative elements
d contains negative elements
d contains negative elements
d contains negative elements
d contains negative elements
d contains negative elements
d contains negative elements
d contains negative elements
d contains negative elements
d contains negative elements
d contains negative elements
d contains negative elements
d contains negative elements
d contains negative elements
d contains negative elements
d contains negative elements
d contains negative elements
d contains negative elements
d contains negative elements
d contains negative elements
d contains negative elements
d contains negative elements
d contains negative elements
d contains negative elements
d contains negative elements
d contains negative elements
d contains negative elements
d contains negative elements
d contains negative elements
d contains negative elements
d contains negative elements
d contains negative elements
d contains negative elements
d contains negative elements
d contains negative elements
d contains negative elements
d contains negative elements
d contains negative elements
d contains negative elements
d contains negative elements
d contains negative elements
d contains negative elements
d contains negative elements
d contains negative elements
d contains negative elements
d contains negative elements
d contains negative elements
d contains negative elements
d contains negative elements
d contains negative elements
d contains negative elements
d contains negative elements
d contains negative elements
d contains negative elements
d contains negative elements
d contains negative elements
d contains negative elements
d contains negative elements
d contains negative elements
d contains negative elements
d contains negative elements
d contains negative elements
d contains negative elements
d contains negative elements
d contains negative elements
d contains negative elements
d contains negative elements
d contains negative elements
d contains negative elements
d contains negative elements
d contains negative elements
d contains negative elements
d contains negative elements
d contains negative elements
d contains negative elements
d contains negative elements
d contains negative elements
d contains negative elements
d contains negative elements
d contains negative elements
d contains negative elements
d contains negative elements
d contains negative elements
d contains negative elements
d contains negative elements
d contains negative elements
d contains negative elements
d contains negative elements
d contains negative elements
d contains negative elements
d contains negative elements
d contains negative elements
d contains negative elements
d contains negative elements
d contains negative elements
d contains negative elements
d contains negative elements
d contains negative elements
d contains negative elements
d contains negative elements
d contains negative elements
d contains negative elements
d contains negative elements
d contains negative elements
d contains negative elements
d contains negative elements
d contains negative elements
d contains negative elements
d contains negative elements
d contains negative elements
d contains negative elements
d contains negative elements
d contains negative elements
d contains negative elements
d contains negative elements
d contains negative elements
d contains negative elements
d contains negative elements
d contains negative elements
d contains negative elements
d contains negative elements
d contains negative elements
d contains negative elements
d contains negative elements
d contains negative elements
d contains negative elements
d contains negative elements
d contains negative elements
d contains negative elements
d contains negative elements
d contains negative elements
d contains negative elements
d contains negative elements
d contains negative elements
d contains negative elements
d contains negative elements
d contains negative elements
d contains negative elements
d contains negative elements
d contains negative elements
d contains negative elements
d contains negative elements
d contains negative elements
d contains negative elements
d contains negative elements
d contains negative elements
d contains negative elements
d contains negative elements
d contains negative elements
d contains negative elements
d contains negative elements
d contains negative elements
d contains negative elements
d contains negative elements
d contains negative elements
d contains negative elements
d contains negative elements
d contains negative elements
d contains negative elements
d contains negative elements
d contains negative elements
d contains negative elements
d contains negative elements
d contains negative elements
d contains negative elements
d contains negative elements
d contains negative elements
d contains negative elements
d contains negative elements
d contains negative elements
d contains negative elements
d contains negative elements
d contains negative elements
d contains negative elements
d contains negative elements
d contains negative elements
d contains negative elements
d contains negative elements
d contains negative elements
d contains negative elements
d contains negative elements
d contains negative elements
d contains negative elements
d contains negative elements
d contains negative elements
d contains negative elements
d contains negative elements
d contains negative elements
d contains negative elements
d contains negative elements
d contains negative elements
d contains negative elements
d contains negative elements
d contains negative elements
d contains negative elements
d contains negative elements
d contains negative elements
d contains negative elements
d contains negative elements
d contains negative elements
d contains negative elements
d contains negative elements
d contains negative elements
d contains negative elements
d contains negative elements
d contains negative elements
d contains negative elements
d contains negative elements
d contains negative elements
d contains negative elements
d contains negative elements
d contains negative elements
d contains negative elements
d contains negative elements
d contains negative elements
d contains negative elements
d contains negative elements
d contains negative elements
d contains negative elements
d contains negative elements
d contains negative elements
d contains negative elements
d contains negative elements
d contains negative elements
d contains negative elements
d contains negative elements
d contains negative elements
d contains negative elements
d contains negative elements
d contains negative elements
d contains negative elements
d contains negative elements
d contains negative elements
d contains negative elements
d contains negative elements
d contains negative elements
d contains negative elements
d contains negative elements
d contains negative elements
d contains negative elements
d contains negative elements
d contains negative elements
d contains negative elements
d contains negative elements
d contains negative elements
d contains negative elements
d contains negative elements
d contains negative elements
d contains negative elements
d contains negative elements
d contains negative elements
d contains negative elements
d contains negative elements
d contains negative elements
d contains negative elements
d contains negative elements
d contains negative elements
d contains negative elements
d contains negative elements
d contains negative elements
d contains negative elements
d contains negative elements
d contains negative elements
d contains negative elements
d contains negative elements
d contains negative elements
d contains negative elements
d contains negative elements
d contains negative elements
d contains negative elements
d contains negative elements
d contains negative elements
d contains negative elements
d contains negative elements
d contains negative elements
d contains negative elements
d contains negative elements
d contains negative elements
d contains negative elements
d contains negative elements
d contains negative elements
d contains negative elements
d contains negative elements
d contains negative elements
d contains negative elements
d contains negative elements
d contains negative elements
d contains negative elements
d contains negative elements
d contains negative elements
d contains negative elements
d contains negative elements
d contains negative elements
d contains negative elements
d contains negative elements
d contains negative elements
d contains negative elements
d contains negative elements
d contains negative elements
d contains negative elements
d contains negative elements
d contains negative elements
d contains negative elements
d contains negative elements
d contains negative elements
d contains negative elements
d contains negative elements
d contains negative elements
d contains negative elements
d contains negative elements
d contains negative elements
d contains negative elements
d contains negative elements
d contains negative elements
d contains negative elements
d contains negative elements
d contains negative elements
d contains negative elements
d contains negative elements
d contains negative elements
d contains negative elements
d contains negative elements
d contains negative elements
d contains negative elements
d contains negative elements
d contains negative elements
d contains negative elements
d contains negative elements
d contains negative elements
d contains negative elements
d contains negative elements
d contains negative elements
d contains negative elements
d contains negative elements
d contains negative elements
d contains negative elements
d contains negative elements
d contains negative elements
d contains negative elements
d contains negative elements
d contains negative elements
d contains negative elements
d contains negative elements
d contains negative elements
d contains negative elements
d contains negative elements
d contains negative elements
d contains negative elements
d contains negative elements
d contains negative elements
d contains negative elements
d contains negative elements
d contains negative elements
d contains negative elements
d contains negative elements
d contains negative elements
d contains negative elements
d contains negative elements
d contains negative elements
d contains negative elements
d contains negative elements
d contains negative elements
d contains negative elements
d contains negative elements
d contains negative elements
d contains negative elements
d contains negative elements
d contains negative elements
d contains negative elements
d contains negative elements
d contains negative elements
d contains negative elements
d contains negative elements
d contains negative elements
d contains negative elements
d contains negative elements
d contains negative elements
d contains negative elements
d contains negative elements
d contains negative elements
d contains negative elements
d contains negative elements
d contains negative elements
d contains negative elements
d contains negative elements
d contains negative elements
d contains negative elements
d contains negative elements
d contains negative elements
d contains negative elements
d contains negative elements
d contains negative elements
d contains negative elements
d contains negative elements
d contains negative elements
d contains negative elements
d contains negative elements
d contains negative elements
d contains negative elements
d contains negative elements
d contains negative elements
d contains negative elements
d contains negative elements
d contains negative elements
d contains negative elements
d contains negative elements
d contains negative elements
d contains negative elements
d contains negative elements
d contains negative elements
d contains negative elements
d contains negative elements
d contains negative elements
d contains negative elements
d contains negative elements
d contains negative elements
d contains negative elements
d contains negative elements
d contains negative elements
d contains negative elements
d contains negative elements
d contains negative elements
d contains negative elements
d contains negative elements
d contains negative elements
d contains negative elements
d contains negative elements
d contains negative elements
d contains negative elements
d contains negative elements
d contains negative elements
d contains negative elements
d contains negative elements
d contains negative elements
d contains negative elements
d contains negative elements
d contains negative elements
d contains negative elements
d contains negative elements
d contains negative elements
d contains negative elements
d contains negative elements
d contains negative elements
d contains negative elements
d contains negative elements
d contains negative elements
d contains negative elements
d contains negative elements
d contains negative elements
d contains negative elements
d contains negative elements
d contains negative elements
d contains negative elements
d contains negative elements
d contains negative elements
d contains negative elements
d contains negative elements
d contains negative elements
d contains negative elements
d contains negative elements
d contains negative elements
d contains negative elements
d contains negative elements
d contains negative elements
d contains negative elements
d contains negative elements
d contains negative elements
d contains negative elements
d contains negative elements
d contains negative elements
d contains negative elements
d contains negative elements
d contains negative elements
d contains negative elements
d contains negative elements
d contains negative elements
d contains negative elements
d contains negative elements
d contains negative elements
d contains negative elements
d contains negative elements
d contains negative elements
d contains negative elements
d contains negative elements
d contains negative elements
d contains negative elements
d contains negative elements
d contains negative elements
d contains negative elements
d contains negative elements
d contains negative elements
d contains negative elements
d contains negative elements
d contains negative elements
d contains negative elements
d contains negative elements
d contains negative elements
d contains negative elements
d contains negative elements
d contains negative elements
d contains negative elements
d contains negative elements
d contains negative elements
d contains negative elements
d contains negative elements
d contains negative elements
d contains negative elements
d contains negative elements
d contains negative elements
d contains negative elements
d contains negative elements
d contains negative elements
d contains negative elements
d contains negative elements
d contains negative elements
d contains negative elements
d contains negative elements
d contains negative elements
d contains negative elements
d contains negative elements
d contains negative elements
d contains negative elements
d contains negative elements
d contains negative elements
d contains negative elements
d contains negative elements
d contains negative elements
d contains negative elements
d contains negative elements
d contains negative elements
d contains negative elements
d contains negative elements
d contains negative elements
d contains negative elements
d contains negative elements
d contains negative elements
d contains negative elements
d contains negative elements
d contains negative elements
d contains negative elements
d contains negative elements
d contains negative elements
d contains negative elements
d contains negative elements
d contains negative elements
d contains negative elements
d contains negative elements
d contains negative elements
d contains negative elements
d contains negative elements
d contains negative elements
d contains negative elements
d contains negative elements
d contains negative elements
d contains negative elements
d contains negative elements
d contains negative elements
d contains negative elements
d contains negative elements
d contains negative elements
d contains negative elements
d contains negative elements
d contains negative elements
d contains negative elements
d contains negative elements
d contains negative elements
d contains negative elements
d contains negative elements
d contains negative elements
d contains negative elements
d contains negative elements
d contains negative elements
d contains negative elements
d contains negative elements
d contains negative elements
d contains negative elements
d contains negative elements
d contains negative elements
d contains negative elements
d contains negative elements
d contains negative elements
d contains negative elements
d contains negative elements
d contains negative elements
d contains negative elements
d contains negative elements
d contains negative elements
d contains negative elements
d contains negative elements
d contains negative elements
d contains negative elements
d contains negative elements
d contains negative elements
d contains negative elements
d contains negative elements
d contains negative elements
d contains negative elements
d contains negative elements
d contains negative elements
d contains negative elements
d contains negative elements
d contains negative elements
d contains negative elements
d contains negative elements
d contains negative elements
d contains negative elements
d contains negative elements
d contains negative elements
d contains negative elements
d contains negative elements
d contains negative elements
d contains negative elements
d contains negative elements
d contains negative elements
d contains negative elements
d contains negative elements
d contains negative elements
d contains negative elements
d contains negative elements
d contains negative elements
d contains negative elements
d contains negative elements
d contains negative elements
d contains negative elements
d contains negative elements
d contains negative elements
d contains negative elements
d contains negative elements
d contains negative elements
d contains negative elements
d contains negative elements
d contains negative elements
d contains negative elements
d contains negative elements
d contains negative elements
d contains negative elements
d contains negative elements
d contains negative elements
d contains negative elements
d contains negative elements
d contains negative elements
d contains negative elements
d contains negative elements
d contains negative elements
d contains negative elements
d contains negative elements
d contains negative elements
d contains negative elements
d contains negative elements
d contains negative elements
d contains negative elements
d contains negative elements
d contains negative elements
d contains negative elements
d contains negative elements
d contains negative elements
d contains negative elements
d contains negative elements
d contains negative elements
d contains negative elements
d contains negative elements
d contains negative elements
d contains negative elements
d contains negative elements
d contains negative elements
d contains negative elements
d contains negative elements
d contains negative elements
d contains negative elements
d contains negative elements
d contains negative elements
d contains negative elements
d contains negative elements
d contains negative elements
d contains negative elements
d contains negative elements
d contains negative elements
d contains negative elements
d contains negative elements
d contains negative elements
d contains negative elements
d contains negative elements
d contains negative elements
d contains negative elements
d contains negative elements
d contains negative elements
d contains negative elements
d contains negative elements
d contains negative elements
d contains negative elements
d contains negative elements
d contains negative elements
d contains negative elements
d contains negative elements
d contains negative elements
d contains negative elements
d contains negative elements
d contains negative elements
d contains negative elements
d contains negative elements
d contains negative elements
d contains negative elements
d contains negative elements
d contains negative elements
d contains negative elements
d contains negative elements
d contains negative elements
d contains negative elements
d contains negative elements
d contains negative elements
d contains negative elements
d contains negative elements
d contains negative elements
d contains negative elements
d contains negative elements
d contains negative elements
d contains negative elements
d contains negative elements
d contains negative elements
d contains negative elements
d contains negative elements
d contains negative elements
d contains negative elements
d contains negative elements
d contains negative elements
d contains negative elements
d contains negative elements
d contains negative elements
d contains negative elements
d contains negative elements
d contains negative elements
d contains negative elements
d contains negative elements
d contains negative elements
d contains negative elements
d contains negative elements
d contains negative elements
d contains negative elements
d contains negative elements
d contains negative elements
d contains negative elements
d contains negative elements
d contains negative elements
d contains negative elements
d contains negative elements
d contains negative elements
d contains negative elements
d contains negative elements
d contains negative elements
d contains negative elements
d contains negative elements
d contains negative elements
d contains negative elements
d contains negative elements
d contains negative elements
d contains negative elements
d contains negative elements
d contains negative elements
d contains negative elements
d contains negative elements
d contains negative elements
d contains negative elements
d contains negative elements
d contains negative elements
d contains negative elements
d contains negative elements
d contains negative elements
d contains negative elements
d contains negative elements
d contains negative elements
d contains negative elements
d contains negative elements
d contains negative elements
d contains negative elements
d contains negative elements
d contains negative elements
d contains negative elements
d contains negative elements
d contains negative elements
d contains negative elements
d contains negative elements
d contains negative elements
d contains negative elements
d contains negative elements
d contains negative elements
d contains negative elements
d contains negative elements
d contains negative elements
d contains negative elements
d contains negative elements
d contains negative elements
d contains negative elements
d contains negative elements
d contains negative elements
d contains negative elements
d contains negative elements
d contains negative elements
d contains negative elements
d contains negative elements
d contains negative elements
d contains negative elements
d contains negative elements
d contains negative elements
d contains negative elements
d contains negative elements
d contains negative elements
d contains negative elements
d contains negative elements
d contains negative elements
d contains negative elements
d contains negative elements
d contains negative elements
d contains negative elements
d contains negative elements
d contains negative elements
d contains negative elements
d contains negative elements
d contains negative elements
d contains negative elements
d contains negative elements
d contains negative elements
d contains negative elements
d contains negative elements
d contains negative elements
d contains negative elements
d contains negative elements
d contains negative elements
d contains negative elements
d contains negative elements
d contains negative elements
d contains negative elements
d contains negative elements
d contains negative elements
d contains negative elements
d contains negative elements
d contains negative elements
d contains negative elements
d contains negative elements
d contains negative elements
d contains negative elements
d contains negative elements
d contains negative elements
d contains negative elements
d contains negative elements
d contains negative elements
d contains negative elements
d contains negative elements
d contains negative elements
d contains negative elements
d contains negative elements
d contains negative elements
d contains negative elements
d contains negative elements
d contains negative elements
d contains negative elements
d contains negative elements
d contains negative elements
d contains negative elements
d contains negative elements
d contains negative elements
d contains negative elements
d contains negative elements
d contains negative elements
d contains negative elements
d contains negative elements
d contains negative elements
d contains negative elements
d contains negative elements
d contains negative elements
d contains negative elements
d contains negative elements
d contains negative elements
d contains negative elements
d contains negative elements
d contains negative elements
d contains negative elements
d contains negative elements
d contains negative elements
d contains negative elements
d contains negative elements
d contains negative elements
d contains negative elements
d contains negative elements
d contains negative elements
d contains negative elements
d contains negative elements
d contains negative elements
d contains negative elements
d contains negative elements
d contains negative elements
d contains negative elements
d contains negative elements
d contains negative elements
d contains negative elements
d contains negative elements
d contains negative elements
d contains negative elements
d contains negative elements
d contains negative elements
d contains negative elements
d contains negative elements
d contains negative elements
d contains negative elements
d contains negative elements
d contains negative elements
d contains negative elements
d contains negative elements
d contains negative elements
d contains negative elements
d contains negative elements
d contains negative elements
d contains negative elements
d contains negative elements
d contains negative elements
d contains negative elements
d contains negative elements
d contains negative elements
d contains negative elements
d contains negative elements
d contains negative elements
d contains negative elements
d contains negative elements
d contains negative elements
d contains negative elements
d contains negative elements
d contains negative elements
d contains negative elements
d contains negative elements
d contains negative elements
d contains negative elements
d contains negative elements
d contains negative elements
d contains negative elements
d contains negative elements
d contains negative elements
d contains negative elements
d contains negative elements
d contains negative elements
d contains negative elements
d contains negative elements
d contains negative elements
d contains negative elements
d contains negative elements
d contains negative elements
d contains negative elements
d contains negative elements
d contains negative elements
d contains negative elements
d contains negative elements
d contains negative elements
d contains negative elements
d contains negative elements
d contains negative elements
d contains negative elements
d contains negative elements
d contains negative elements
d contains negative elements
d contains negative elements
d contains negative elements
d contains negative elements
d contains negative elements
d contains negative elements
d contains negative elements
d contains negative elements
d contains negative elements
d contains negative elements
d contains negative elements
d contains negative elements
d contains negative elements
d contains negative elements
d contains negative elements
d contains negative elements
d contains negative elements
d contains negative elements
d contains negative elements
d contains negative elements
d contains negative elements
d contains negative elements
d contains negative elements
d contains negative elements
d contains negative elements
d contains negative elements
d contains negative elements
d contains negative elements
d contains negative elements
d contains negative elements
d contains negative elements
d contains negative elements
d contains negative elements
d contains negative elements
d contains negative elements
d contains negative elements
d contains negative elements
d contains negative elements
d contains negative elements
d contains negative elements
d contains negative elements
d contains negative elements
d contains negative elements
d contains negative elements
d contains negative elements
d contains negative elements
d contains negative elements
d contains negative elements
d contains negative elements
d contains negative elements
d contains negative elements
d contains negative elements
d contains negative elements
d contains negative elements
d contains negative elements
d contains negative elements
d contains negative elements
d contains negative elements
d contains negative elements
d contains negative elements
d contains negative elements
d contains negative elements
d contains negative elements
d contains negative elements
d contains negative elements
d contains negative elements
d contains negative elements
d contains negative elements
d contains negative elements
d contains negative elements
d contains negative elements
d contains negative elements
d contains negative elements
d contains negative elements
d contains negative elements
d contains negative elements
d contains negative elements
d contains negative elements
d contains negative elements
d contains negative elements
d contains negative elements
d contains negative elements
d contains negative elements
d contains negative elements
d contains negative elements
d contains negative elements
d contains negative elements
d contains negative elements
d contains negative elements
d contains negative elements
d contains negative elements
d contains negative elements
d contains negative elements
d contains negative elements
d contains negative elements
d contains negative elements
d contains negative elements
d contains negative elements
d contains negative elements
d contains negative elements
d contains negative elements
d contains negative elements
d contains negative elements
d contains negative elements
d contains negative elements
d contains negative elements
d contains negative elements
d contains negative elements
d contains negative elements
d contains negative elements
d contains negative elements
d contains negative elements
d contains negative elements
d contains negative elements
d contains negative elements
d contains negative elements
d contains negative elements
d contains negative elements
d contains negative elements
d contains negative elements
d contains negative elements
d contains negative elements
d contains negative elements
d contains negative elements
d contains negative elements
d contains negative elements
d contains negative elements
d contains negative elements
d contains negative elements
d contains negative elements
d contains negative elements
d contains negative elements
d contains negative elements
d contains negative elements
d contains negative elements
d contains negative elements
d contains negative elements
d contains negative elements
d contains negative elements
d contains negative elements
d contains negative elements
d contains negative elements
d contains negative elements
d contains negative elements
d contains negative elements
d contains negative elements
d contains negative elements
d contains negative elements
d contains negative elements
d contains negative elements
d contains negative elements
d contains negative elements
d contains negative elements
d contains negative elements
d contains negative elements
d contains negative elements
d contains negative elements
d contains negative elements
d contains negative elements
d contains negative elements
d contains negative elements
d contains negative elements
d contains negative elements
d contains negative elements
d contains negative elements
d contains negative elements
d contains negative elements
d contains negative elements
d contains negative elements
d contains negative elements
d contains negative elements
d contains negative elements
d contains negative elements
d contains negative elements
d contains negative elements
d contains negative elements
d contains negative elements
d contains negative elements
d contains negative elements
d contains negative elements
d contains negative elements
d contains negative elements
d contains negative elements
d contains negative elements
d contains negative elements
d contains negative elements
d contains negative elements
d contains negative elements
d contains negative elements
d contains negative elements
d contains negative elements
d contains negative elements
d contains negative elements
d contains negative elements
d contains negative elements
d contains negative elements
d contains negative elements
d contains negative elements
d contains negative elements
d contains negative elements
d contains negative elements
d contains negative elements
d contains negative elements
d contains negative elements
d contains negative elements
d contains negative elements
d contains negative elements
d contains negative elements
d contains negative elements
d contains negative elements
d contains negative elements
d contains negative elements
d contains negative elements
d contains negative elements
d contains negative elements
d contains negative elements
d contains negative elements
d contains negative elements
d contains negative elements
d contains negative elements
d contains negative elements
d contains negative elements
d contains negative elements
d contains negative elements
d contains negative elements
d contains negative elements
d contains negative elements
d contains negative elements
d contains negative elements
d contains negative elements
d contains negative elements
d contains negative elements
d contains negative elements
d contains negative elements
d contains negative elements
d contains negative elements
d contains negative elements
d contains negative elements
d contains negative elements
d contains negative elements
d contains negative elements
d contains negative elements
d contains negative elements
d contains negative elements
d contains negative elements
d contains negative elements
d contains negative elements
d contains negative elements
d contains negative elements
d contains negative elements
d contains negative elements
d contains negative elements
d contains negative elements
d contains negative elements
d contains negative elements
d contains negative elements
d contains negative elements
d contains negative elements
d contains negative elements
d contains negative elements
d contains negative elements
d contains negative elements
d contains negative elements
d contains negative elements
d contains negative elements
d contains negative elements
d contains negative elements
d contains negative elements
d contains negative elements
d contains negative elements
d contains negative elements
d contains negative elements
d contains negative elements
d contains negative elements
d contains negative elements
d contains negative elements
d contains negative elements
d contains negative elements
d contains negative elements
d contains negative elements
d contains negative elements
d contains negative elements
d contains negative elements
d contains negative elements
d contains negative elements
d contains negative elements
d contains negative elements
d contains negative elements
d contains negative elements
d contains negative elements
d contains negative elements
d contains negative elements
d contains negative elements
d contains negative elements
d contains negative elements
d contains negative elements
d contains negative elements
d contains negative elements
d contains negative elements
d contains negative elements
d contains negative elements
d contains negative elements
d contains negative elements
d contains negative elements
d contains negative elements
d contains negative elements
d contains negative elements
d contains negative elements
d contains negative elements
d contains negative elements
d contains negative elements
d contains negative elements
d contains negative elements
d contains negative elements
d contains negative elements
d contains negative elements
d contains negative elements
d contains negative elements
d contains negative elements
d contains negative elements
d contains negative elements
d contains negative elements
d contains negative elements
d contains negative elements
d contains negative elements
d contains negative elements
d contains negative elements
d contains negative elements
d contains negative elements
d contains negative elements
d contains negative elements
d contains negative elements
d contains negative elements
d contains negative elements
d contains negative elements
d contains negative elements
d contains negative elements
d contains negative elements
d contains negative elements
d contains negative elements
d contains negative elements
d contains negative elements
d contains negative elements
d contains negative elements
d contains negative elements
d contains negative elements
d contains negative elements
d contains negative elements
d contains negative elements
d contains negative elements
d contains negative elements
d contains negative elements
d contains negative elements
d contains negative elements
d contains negative elements
d contains negative elements
d contains negative elements
d contains negative elements
d contains negative elements
d contains negative elements
d contains negative elements
d contains negative elements
d contains negative elements
d contains negative elements
d contains negative elements
d contains negative elements
d contains negative elements
d contains negative elements
d contains negative elements
d contains negative elements
d contains negative elements
d contains negative elements
d contains negative elements
d contains negative elements
d contains negative elements
d contains negative elements
d contains negative elements
d contains negative elements
d contains negative elements
d contains negative elements
d contains negative elements
d contains negative elements
d contains negative elements
d contains negative elements
d contains negative elements
d contains negative elements
d contains negative elements
d contains negative elements
d contains negative elements
d contains negative elements
d contains negative elements
d contains negative elements
d contains negative elements
d contains negative elements
d contains negative elements
d contains negative elements
d contains negative elements
d contains negative elements
d contains negative elements
d contains negative elements
d contains negative elements
d contains negative elements
d contains negative elements
d contains negative elements
d contains negative elements
d contains negative elements
d contains negative elements
d contains negative elements
d contains negative elements
d contains negative elements
d contains negative elements
d contains negative elements
d contains negative elements
d contains negative elements
d contains negative elements
d contains negative elements
d contains negative elements
d contains negative elements
d contains negative elements
d contains negative elements
d contains negative elements
d contains negative elements
d contains negative elements
d contains negative elements
d contains negative elements
d contains negative elements
d contains negative elements
d contains negative elements
d contains negative elements
d contains negative elements
d contains negative elements
d contains negative elements
d contains negative elements
d contains negative elements
d contains negative elements
d contains negative elements
d contains negative elements
d contains negative elements
d contains negative elements
d contains negative elements
d contains negative elements
d contains negative elements
d contains negative elements
d contains negative elements
d contains negative elements
d contains negative elements
d contains negative elements
d contains negative elements
d contains negative elements
d contains negative elements
d contains negative elements
d contains negative elements
d contains negative elements
d contains negative elements
d contains negative elements
d contains negative elements
d contains negative elements
d contains negative elements
d contains negative elements
d contains negative elements
d contains negative elements
d contains negative elements
d contains negative elements
d contains negative elements
d contains negative elements
d contains negative elements
d contains negative elements
d contains negative elements
d contains negative elements
d contains negative elements
d contains negative elements
d contains negative elements
d contains negative elements
d contains negative elements
d contains negative elements
d contains negative elements
d contains negative elements
d contains negative elements
d contains negative elements
d contains negative elements
d contains negative elements
d contains negative elements
d contains negative elements
d contains negative elements
d contains negative elements
d contains negative elements
d contains negative elements
d contains negative elements
d contains negative elements
d contains negative elements
d contains negative elements
d contains negative elements
d contains negative elements
d contains negative elements
d contains negative elements
d contains negative elements
d contains negative elements
d contains negative elements
d contains negative elements
d contains negative elements
d contains negative elements
d contains negative elements
d contains negative elements
d contains negative elements
d contains negative elements
d contains negative elements
d contains negative elements
d contains negative elements
d contains negative elements
d contains negative elements
d contains negative elements
d contains negative elements
d contains negative elements
d contains negative elements
d contains negative elements
d contains negative elements
d contains negative elements
d contains negative elements
d contains negative elements
d contains negative elements
d contains negative elements
d contains negative elements
d contains negative elements
d contains negative elements
d contains negative elements
d contains negative elements
d contains negative elements
d contains negative elements
d contains negative elements
d contains negative elements
d contains negative elements
d contains negative elements
d contains negative elements
d contains negative elements
d contains negative elements
d contains negative elements
d contains negative elements
d contains negative elements
d contains negative elements
d contains negative elements
d contains negative elements
d contains negative elements
d contains negative elements
d contains negative elements
d contains negative elements
d contains negative elements
d contains negative elements
d contains negative elements
d contains negative elements
d contains negative elements
d contains negative elements
d contains negative elements
d contains negative elements
d contains negative elements
d contains negative elements
d contains negative elements
d contains negative elements
d contains negative elements
d contains negative elements
d contains negative elements
d contains negative elements
d contains negative elements
d contains negative elements
d contains negative elements
d contains negative elements
d contains negative elements
d contains negative elements
d contains negative elements
d contains negative elements
d contains negative elements
d contains negative elements
d contains negative elements
d contains negative elements
d contains negative elements
d contains negative elements
d contains negative elements
d contains negative elements
d contains negative elements
d contains negative elements
d contains negative elements
d contains negative elements
d contains negative elements
d contains negative elements
d contains negative elements
d contains negative elements
d contains negative elements
d contains negative elements
d contains negative elements
d contains negative elements
d contains negative elements
d contains negative elements
d contains negative elements
d contains negative elements
d contains negative elements
d contains negative elements
d contains negative elements
d contains negative elements
d contains negative elements
d contains negative elements
d contains negative elements
d contains negative elements
d contains negative elements
d contains negative elements
d contains negative elements
d contains negative elements
d contains negative elements
d contains negative elements
d contains negative elements
d contains negative elements
d contains negative elements
d contains negative elements
d contains negative elements
d contains negative elements
d contains negative elements
d contains negative elements
d contains negative elements
d contains negative elements
d contains negative elements
d contains negative elements
d contains negative elements
d contains negative elements
d contains negative elements
d contains negative elements
d contains negative elements
d contains negative elements
d contains negative elements
d contains negative elements
d contains negative elements
d contains negative elements
d contains negative elements
d contains negative elements
d contains negative elements
d contains negative elements
d contains negative elements
d contains negative elements
d contains negative elements
d contains negative elements
d contains negative elements
d contains negative elements
d contains negative elements
d contains negative elements
d contains negative elements
d contains negative elements
d contains negative elements
d contains negative elements
d contains negative elements
d contains negative elements
d contains negative elements
d contains negative elements
d contains negative elements
d contains negative elements
d contains negative elements
d contains negative elements
d contains negative elements
d contains negative elements
d contains negative elements
d contains negative elements
d contains negative elements
d contains negative elements
d contains negative elements
d contains negative elements
d contains negative elements
d contains negative elements
d contains negative elements
d contains negative elements
d contains negative elements
d contains negative elements
d contains negative elements
d contains negative elements
d contains negative elements
d contains negative elements
d contains negative elements
d contains negative elements
d contains negative elements
d contains negative elements
d contains negative elements
d contains negative elements
d contains negative elements
d contains negative elements
d contains negative elements
d contains negative elements
d contains negative elements
d contains negative elements
d contains negative elements
d contains negative elements
d contains negative elements
d contains negative elements
d contains negative elements
d contains negative elements
d contains negative elements
d contains negative elements
d contains negative elements
d contains negative elements
d contains negative elements
d contains negative elements
d contains negative elements
d contains negative elements
d contains negative elements
d contains negative elements
d contains negative elements
d contains negative elements
d contains negative elements
d contains negative elements
d contains negative elements
d contains negative elements
d contains negative elements
d contains negative elements
d contains negative elements
d contains negative elements
d contains negative elements
d contains negative elements
d contains negative elements
d contains negative elements
d contains negative elements
d contains negative elements
d contains negative elements
d contains negative elements
d contains negative elements
d contains negative elements
d contains negative elements
d contains negative elements
d contains negative elements
d contains negative elements
d contains negative elements
d contains negative elements
d contains negative elements
d contains negative elements
d contains negative elements
d contains negative elements
d contains negative elements
d contains negative elements
d contains negative elements
d contains negative elements
d contains negative elements
d contains negative elements
d contains negative elements
d contains negative elements
d contains negative elements
d contains negative elements
d contains negative elements
d contains negative elements
d contains negative elements
d contains negative elements
d contains negative elements
d contains negative elements
d contains negative elements
d contains negative elements
d contains negative elements
d contains negative elements
d contains negative elements
d contains negative elements
d contains negative elements
d contains negative elements
d contains negative elements
d contains negative elements
d contains negative elements
d contains negative elements
d contains negative elements
d contains negative elements
d contains negative elements
d contains negative elements
d contains negative elements
d contains negative elements
d contains negative elements
d contains negative elements
d contains negative elements
d contains negative elements
d contains negative elements
d contains negative elements
d contains negative elements
d contains negative elements
d contains negative elements
d contains negative elements
d contains negative elements
d contains negative elements
d contains negative elements
d contains negative elements
d contains negative elements
d contains negative elements
d contains negative elements
d contains negative elements
d contains negative elements
d contains negative elements
d contains negative elements
d contains negative elements
d contains negative elements
d contains negative elements
d contains negative elements
d contains negative elements
d contains negative elements
d contains negative elements
d contains negative elements
d contains negative elements
d contains negative elements
d contains negative elements
d contains negative elements
d contains negative elements
d contains negative elements
d contains negative elements
d contains negative elements
d contains negative elements
d contains negative elements
d contains negative elements
d contains negative elements
d contains negative elements
d contains negative elements
d contains negative elements
d contains negative elements
d contains negative elements
d contains negative elements
d contains negative elements
d contains negative elements
d contains negative elements
d contains negative elements
d contains negative elements
d contains negative elements
d contains negative elements
d contains negative elements
d contains negative elements
d contains negative elements
d contains negative elements
d contains negative elements
d contains negative elements
d contains negative elements
d contains negative elements
d contains negative elements
d contains negative elements
d contains negative elements
d contains negative elements
d contains negative elements
d contains negative elements
d contains negative elements
d contains negative elements
d contains negative elements
d contains negative elements
d contains negative elements
d contains negative elements
d contains negative elements
d contains negative elements
d contains negative elements
d contains negative elements
d contains negative elements
d contains negative elements
d contains negative elements
d contains negative elements
d contains negative elements
d contains negative elements
d contains negative elements
d contains negative elements
d contains negative elements
d contains negative elements
d contains negative elements
d contains negative elements
d contains negative elements
d contains negative elements
d contains negative elements
d contains negative elements
d contains negative elements
d contains negative elements
d contains negative elements
d contains negative elements
d contains negative elements
d contains negative elements
d contains negative elements
d contains negative elements
d contains negative elements
d contains negative elements
d contains negative elements
d contains negative elements
d contains negative elements
d contains negative elements
d contains negative elements
d contains negative elements
d contains negative elements
d contains negative elements
d contains negative elements
d contains negative elements
d contains negative elements
d contains negative elements
d contains negative elements
d contains negative elements
d contains negative elements
d contains negative elements
d contains negative elements
d contains negative elements
d contains negative elements
d contains negative elements
d contains negative elements
d contains negative elements
d contains negative elements
d contains negative elements
d contains negative elements
d contains negative elements
d contains negative elements
d contains negative elements
d contains negative elements
d contains negative elements
d contains negative elements
d contains negative elements
d contains negative elements
d contains negative elements
d contains negative elements
d contains negative elements
d contains negative elements
d contains negative elements
d contains negative elements
d contains negative elements
d contains negative elements
d contains negative elements
d contains negative elements
d contains negative elements
d contains negative elements
d contains negative elements
d contains negative elements
d contains negative elements
d contains negative elements
d contains negative elements
d contains negative elements
d contains negative elements
d contains negative elements
d contains negative elements
d contains negative elements
d contains negative elements
d contains negative elements
d contains negative elements
d contains negative elements
d contains negative elements
d contains negative elements
d contains negative elements
d contains negative elements
d contains negative elements
d contains negative elements
d contains negative elements
d contains negative elements
d contains negative elements
d contains negative elements
d contains negative elements
d contains negative elements
d contains negative elements
d contains negative elements
d contains negative elements
d contains negative elements
d contains negative elements
d contains negative elements
d contains negative elements
d contains negative elements
d contains negative elements
d contains negative elements
d contains negative elements
d contains negative elements
d contains negative elements
d contains negative elements
d contains negative elements
d contains negative elements
d contains negative elements
d contains negative elements
d contains negative elements
d contains negative elements
d contains negative elements
d contains negative elements
d contains negative elements
d contains negative elements
d contains negative elements
d contains negative elements
d contains negative elements
d contains negative elements
d contains negative elements
d contains negative elements
d contains negative elements
d contains negative elements
d contains negative elements
d contains negative elements
d contains negative elements
d contains negative elements
d contains negative elements
d contains negative elements
d contains negative elements
d contains negative elements
d contains negative elements
d contains negative elements
d contains negative elements
d contains negative elements
d contains negative elements
d contains negative elements
d contains negative elements
d contains negative elements
d contains negative elements
d contains negative elements
d contains negative elements
d contains negative elements
d contains negative elements
d contains negative elements
d contains negative elements
d contains negative elements
d contains negative elements
d contains negative elements
d contains negative elements
d contains negative elements
d contains negative elements
d contains negative elements
d contains negative elements
d contains negative elements
d contains negative elements
d contains negative elements
d contains negative elements
d contains negative elements
d contains negative elements
d contains negative elements
d contains negative elements
d contains negative elements
d contains negative elements
d contains negative elements
d contains negative elements
d contains negative elements
d contains negative elements
d contains negative elements
d contains negative elements
d contains negative elements
d contains negative elements
d contains negative elements
d contains negative elements
d contains negative elements
d contains negative elements
d contains negative elements
d contains negative elements
d contains negative elements
d contains negative elements
d contains negative elements
d contains negative elements
d contains negative elements
d contains negative elements
d contains negative elements
d contains negative elements
d contains negative elements
d contains negative elements
d contains negative elements
d contains negative elements
d contains negative elements
d contains negative elements
d contains negative elements
d contains negative elements
d contains negative elements
d contains negative elements
d contains negative elements
d contains negative elements
d contains negative elements
d contains negative elements
d contains negative elements
d contains negative elements
d contains negative elements
d contains negative elements
d contains negative elements
d contains negative elements
d contains negative elements
d contains negative elements
d contains negative elements
d contains negative elements
d contains negative elements
d contains negative elements
d contains negative elements
d contains negative elements
d contains negative elements
d contains negative elements
d contains negative elements
d contains negative elements
d contains negative elements
d contains negative elements
d contains negative elements
d contains negative elements
d contains negative elements
d contains negative elements
d contains negative elements
d contains negative elements
d contains negative elements
d contains negative elements
d contains negative elements
d contains negative elements
d contains negative elements
d contains negative elements
d contains negative elements
d contains negative elements
d contains negative elements
d contains negative elements
d contains negative elements
d contains negative elements
d contains negative elements
d contains negative elements
d contains negative elements
d contains negative elements
d contains negative elements
d contains negative elements
d contains negative elements
d contains negative elements
d contains negative elements
d contains negative elements
d contains negative elements
d contains negative elements
d contains negative elements
d contains negative elements
d contains negative elements
d contains negative elements
d contains negative elements
d contains negative elements
d contains negative elements
d contains negative elements
d contains negative elements
d contains negative elements
d contains negative elements
d contains negative elements
d contains negative elements
d contains negative elements
d contains negative elements
d contains negative elements
d contains negative elements
d contains negative elements
d contains negative elements
d contains negative elements
d contains negative elements
d contains negative elements
d contains negative elements
d contains negative elements
d contains negative elements
d contains negative elements
d contains negative elements
d contains negative elements
d contains negative elements
d contains negative elements
d contains negative elements
d contains negative elements
d contains negative elements
d contains negative elements
d contains negative elements
d contains negative elements
d contains negative elements
d contains negative elements
d contains negative elements
d contains negative elements
d contains negative elements
d contains negative elements
d contains negative elements
d contains negative elements
d contains negative elements
d contains negative elements
d contains negative elements
d contains negative elements
d contains negative elements
d contains negative elements
d contains negative elements
d contains negative elements
d contains negative elements
d contains negative elements
d contains negative elements
d contains negative elements
d contains negative elements
d contains negative elements
d contains negative elements
d contains negative elements
d contains negative elements
d contains negative elements
d contains negative elements
d contains negative elements
d contains negative elements
d contains negative elements
d contains negative elements
d contains negative elements
d contains negative elements
d contains negative elements
d contains negative elements
d contains negative elements
d contains negative elements
d contains negative elements
d contains negative elements
d contains negative elements
d contains negative elements
d contains negative elements
d contains negative elements
d contains negative elements
d contains negative elements
d contains negative elements
d contains negative elements
d contains negative elements
d contains negative elements
d contains negative elements
d contains negative elements
d contains negative elements
d contains negative elements
d contains negative elements
d contains negative elements
d contains negative elements
d contains negative elements
d contains negative elements
d contains negative elements
d contains negative elements
d contains negative elements
d contains negative elements
d contains negative elements
d contains negative elements
d contains negative elements
d contains negative elements
d contains negative elements
d contains negative elements
d contains negative elements
d contains negative elements
d contains negative elements
d contains negative elements
d contains negative elements
d contains negative elements
d contains negative elements
d contains negative elements
d contains negative elements
d contains negative elements
d contains negative elements
d contains negative elements
d contains negative elements
d contains negative elements
d contains negative elements
d contains negative elements
d contains negative elements
d contains negative elements
d contains negative elements
d contains negative elements
d contains negative elements
d contains negative elements
d contains negative elements
d contains negative elements
d contains negative elements
d contains negative elements
d contains negative elements
d contains negative elements
d contains negative elements
d contains negative elements
d contains negative elements
d contains negative elements
d contains negative elements
d contains negative elements
d contains negative elements
d contains negative elements
d contains negative elements
d contains negative elements
d contains negative elements
d contains negative elements
d contains negative elements
d contains negative elements
d contains negative elements
d contains negative elements
d contains negative elements
d contains negative elements
d contains negative elements
d contains negative elements
d contains negative elements
d contains negative elements
d contains negative elements
d contains negative elements
d contains negative elements
d contains negative elements
d contains negative elements
d contains negative elements
d contains negative elements
d contains negative elements
d contains negative elements
d contains negative elements
d contains negative elements
d contains negative elements
d contains negative elements
d contains negative elements
d contains negative elements
d contains negative elements
d contains negative elements
d contains negative elements
d contains negative elements
d contains negative elements
d contains negative elements
d contains negative elements
d contains negative elements
d contains negative elements
d contains negative elements
d contains negative elements
d contains negative elements
d contains negative elements
d contains negative elements
d contains negative elements
d contains negative elements
d contains negative elements
d contains negative elements
d contains negative elements
d contains negative elements
d contains negative elements
d contains negative elements
d contains negative elements
d contains negative elements
d contains negative elements
d contains negative elements
d contains negative elements
d contains negative elements
d contains negative elements
d contains negative elements
d contains negative elements
d contains negative elements
d contains negative elements
d contains negative elements
d contains negative elements
d contains negative elements
d contains negative elements
d contains negative elements
d contains negative elements
d contains negative elements
d contains negative elements
d contains negative elements
d contains negative elements
d contains negative elements
d contains negative elements
d contains negative elements
d contains negative elements
d contains negative elements
d contains negative elements
d contains negative elements
d contains negative elements
d contains negative elements
d contains negative elements
d contains negative elements
d contains negative elements
d contains negative elements
d contains negative elements
d contains negative elements
d contains negative elements
d contains negative elements
d contains negative elements
d contains negative elements
d contains negative elements
d contains negative elements
d contains negative elements
d contains negative elements
d contains negative elements
d contains negative elements
d contains negative elements
d contains negative elements
d contains negative elements
d contains negative elements
d contains negative elements
d contains negative elements
d contains negative elements
d contains negative elements
d contains negative elements
d contains negative elements
d contains negative elements
d contains negative elements
d contains negative elements
d contains negative elements
d contains negative elements
d contains negative elements
d contains negative elements
d contains negative elements
d contains negative elements
d contains negative elements
d contains negative elements
d contains negative elements
d contains negative elements
d contains negative elements
d contains negative elements
d contains negative elements
d contains negative elements
d contains negative elements
d contains negative elements
d contains negative elements
d contains negative elements
d contains negative elements
d contains negative elements
d contains negative elements
d contains negative elements
d contains negative elements
d contains negative elements
d contains negative elements
d contains negative elements
d contains negative elements
d contains negative elements
d contains negative elements
d contains negative elements
d contains negative elements
d contains negative elements
d contains negative elements
d contains negative elements
d contains negative elements
d contains negative elements
d contains negative elements
d contains negative elements
d contains negative elements
d contains negative elements
d contains negative elements
d contains negative elements
d contains negative elements
d contains negative elements
d contains negative elements
d contains negative elements
d contains negative elements
d contains negative elements
d contains negative elements
d contains negative elements
d contains negative elements
d contains negative elements
d contains negative elements
d contains negative elements
d contains negative elements
d contains negative elements
d contains negative elements
d contains negative elements
d contains negative elements
d contains negative elements
d contains negative elements
d contains negative elements
d contains negative elements
d contains negative elements
d contains negative elements
d contains negative elements
d contains negative elements
d contains negative elements
d contains negative elements
d contains negative elements
d contains negative elements
d contains negative elements
d contains negative elements
d contains negative elements
d contains negative elements
d contains negative elements
d contains negative elements
d contains negative elements
d contains negative elements
d contains negative elements
d contains negative elements
d contains negative elements
d contains negative elements
d contains negative elements
d contains negative elements
d contains negative elements
d contains negative elements
d contains negative elements
d contains negative elements
d contains negative elements
d contains negative elements
d contains negative elements
d contains negative elements
d contains negative elements
d contains negative elements
d contains negative elements
d contains negative elements
d contains negative elements
d contains negative elements
d contains negative elements
d contains negative elements
d contains negative elements
d contains negative elements
d contains negative elements
d contains negative elements
d contains negative elements
d contains negative elements
d contains negative elements
d contains negative elements
d contains negative elements
d contains negative elements
d contains negative elements
d contains negative elements
d contains negative elements
d contains negative elements
d contains negative elements
d contains negative elements
d contains negative elements
d contains negative elements
d contains negative elements
d contains negative elements
d contains negative elements
d contains negative elements
d contains negative elements
d contains negative elements
d contains negative elements
d contains negative elements
d contains negative elements
d contains negative elements
d contains negative elements
d contains negative elements
d contains negative elements
d contains negative elements
d contains negative elements
d contains negative elements
d contains negative elements
d contains negative elements
d contains negative elements
d contains negative elements
d contains negative elements
d contains negative elements
d contains negative elements
d contains negative elements
d contains negative elements
d contains negative elements
d contains negative elements
d contains negative elements
d contains negative elements
d contains negative elements
d contains negative elements
d contains negative elements
d contains negative elements
d contains negative elements
d contains negative elements
d contains negative elements
d contains negative elements
d contains negative elements
d contains negative elements
d contains negative elements
d contains negative elements
d contains negative elements
d contains negative elements
d contains negative elements
d contains negative elements
d contains negative elements
d contains negative elements
d contains negative elements
d contains negative elements
d contains negative elements
d contains negative elements
d contains negative elements
d contains negative elements
d contains negative elements
d contains negative elements
d contains negative elements
d contains negative elements
d contains negative elements
d contains negative elements
d contains negative elements
d contains negative elements
d contains negative elements
d contains negative elements
d contains negative elements
d contains negative elements
d contains negative elements
d contains negative elements
d contains negative elements
d contains negative elements
d contains negative elements
d contains negative elements
d contains negative elements
d contains negative elements
d contains negative elements
d contains negative elements
d contains negative elements
d contains negative elements
d contains negative elements
d contains negative elements
d contains negative elements
d contains negative elements
d contains negative elements
d contains negative elements
d contains negative elements
d contains negative elements
d contains negative elements
d contains negative elements
d contains negative elements
d contains negative elements
d contains negative elements
d contains negative elements
d contains negative elements
d contains negative elements
d contains negative elements
d contains negative elements
d contains negative elements
d contains negative elements
d contains negative elements
d contains negative elements
d contains negative elements
d contains negative elements
d contains negative elements
d contains negative elements
d contains negative elements
d contains negative elements
d contains negative elements
d contains negative elements
d contains negative elements
d contains negative elements
d contains negative elements
d contains negative elements
d contains negative elements
d contains negative elements
d contains negative elements
d contains negative elements
d contains negative elements
d contains negative elements
d contains negative elements
d contains negative elements
d contains negative elements
d contains negative elements
d contains negative elements
d contains negative elements
d contains negative elements
d contains negative elements
d contains negative elements
d contains negative elements
d contains negative elements
d contains negative elements
d contains negative elements
d contains negative elements
d contains negative elements
d contains negative elements
d contains negative elements
d contains negative elements
d contains negative elements
d contains negative elements
d contains negative elements
d contains negative elements
d contains negative elements
d contains negative elements
d contains negative elements
d contains negative elements
d contains negative elements
d contains negative elements
d contains negative elements
d contains negative elements
d contains negative elements
d contains negative elements
d contains negative elements
d contains negative elements
d contains negative elements
d contains negative elements
d contains negative elements
d contains negative elements
d contains negative elements
d contains negative elements
d contains negative elements
d contains negative elements
d contains negative elements
d contains negative elements
d contains negative elements
d contains negative elements
d contains negative elements
d contains negative elements
d contains negative elements
d contains negative elements
d contains negative elements
d contains negative elements
d contains negative elements
d contains negative elements
d contains negative elements
d contains negative elements
d contains negative elements
d contains negative elements
d contains negative elements
d contains negative elements
d contains negative elements
d contains negative elements
d contains negative elements
d contains negative elements
d contains negative elements
d contains negative elements
d contains negative elements
d contains negative elements
d contains negative elements
d contains negative elements
d contains negative elements
d contains negative elements
d contains negative elements
d contains negative elements
d contains negative elements
d contains negative elements
d contains negative elements
d contains negative elements
d contains negative elements
d contains negative elements
d contains negative elements
d contains negative elements
d contains negative elements
d contains negative elements
d contains negative elements
d contains negative elements
d contains negative elements
d contains negative elements
d contains negative elements
d contains negative elements
d contains negative elements
d contains negative elements
d contains negative elements
d contains negative elements
d contains negative elements
d contains negative elements
d contains negative elements
d contains negative elements
d contains negative elements
d contains negative elements
d contains negative elements
d contains negative elements
d contains negative elements
d contains negative elements
d contains negative elements
d contains negative elements
d contains negative elements
d contains negative elements
d contains negative elements
d contains negative elements
d contains negative elements
d contains negative elements
d contains negative elements
d contains negative elements
d contains negative elements
d contains negative elements
d contains negative elements
d contains negative elements
d contains negative elements
d contains negative elements
d contains negative elements
d contains negative elements
d contains negative elements
d contains negative elements
d contains negative elements
d contains negative elements
d contains negative elements
d contains negative elements
d contains negative elements
d contains negative elements
d contains negative elements
d contains negative elements
d contains negative elements
d contains negative elements
d contains negative elements
d contains negative elements
d contains negative elements
d contains negative elements
d contains negative elements
d contains negative elements
d contains negative elements
d contains negative elements
d contains negative elements
d contains negative elements
d contains negative elements
d contains negative elements
d contains negative elements
d contains negative elements
d contains negative elements
d contains negative elements
d contains negative elements
d contains negative elements
d contains negative elements
d contains negative elements
d contains negative elements
d contains negative elements
d contains negative elements
d contains negative elements
d contains negative elements
d contains negative elements
d contains negative elements
d contains negative elements
d contains negative elements
d contains negative elements
d contains negative elements
d contains negative elements
d contains negative elements
d contains negative elements
d contains negative elements
d contains negative elements
d contains negative elements
d contains negative elements
d contains negative elements
d contains negative elements
d contains negative elements
d contains negative elements
d contains negative elements
d contains negative elements
d contains negative elements
d contains negative elements
d contains negative elements
d contains negative elements
d contains negative elements
d contains negative elements
d contains negative elements
d contains negative elements
d contains negative elements
d contains negative elements
d contains negative elements
d contains negative elements
d contains negative elements
d contains negative elements
d contains negative elements
d contains negative elements
d contains negative elements
d contains negative elements
d contains negative elements
d contains negative elements
d contains negative elements
d contains negative elements
d contains negative elements
d contains negative elements
d contains negative elements
d contains negative elements
d contains negative elements
d contains negative elements
d contains negative elements
d contains negative elements
d contains negative elements
d contains negative elements
d contains negative elements
d contains negative elements
d contains negative elements
d contains negative elements
d contains negative elements
d contains negative elements
d contains negative elements
d contains negative elements
d contains negative elements
d contains negative elements
d contains negative elements
d contains negative elements
d contains negative elements
d contains negative elements
d contains negative elements
d contains negative elements
d contains negative elements
d contains negative elements
d contains negative elements
d contains negative elements
d contains negative elements
d contains negative elements
d contains negative elements
d contains negative elements
d contains negative elements
d contains negative elements
d contains negative elements
d contains negative elements
d contains negative elements
d contains negative elements
d contains negative elements
d contains negative elements
d contains negative elements
d contains negative elements
d contains negative elements
d contains negative elements
d contains negative elements
d contains negative elements
d contains negative elements
d contains negative elements
d contains negative elements
d contains negative elements
d contains negative elements
d contains negative elements
d contains negative elements
d contains negative elements
d contains negative elements
d contains negative elements
d contains negative elements
d contains negative elements
d contains negative elements
d contains negative elements
d contains negative elements
d contains negative elements
d contains negative elements
d contains negative elements
d contains negative elements
d contains negative elements
d contains negative elements
d contains negative elements
d contains negative elements
d contains negative elements
d contains negative elements
d contains negative elements
d contains negative elements
d contains negative elements
d contains negative elements
d contains negative elements
d contains negative elements
d contains negative elements
d contains negative elements
d contains negative elements
d contains negative elements
d contains negative elements
d contains negative elements
d contains negative elements
d contains negative elements
d contains negative elements
d contains negative elements
d contains negative elements
d contains negative elements
d contains negative elements
d contains negative elements
d contains negative elements
d contains negative elements
d contains negative elements
d contains negative elements
d contains negative elements
d contains negative elements
d contains negative elements
d contains negative elements
d contains negative elements
d contains negative elements
d contains negative elements
d contains negative elements
d contains negative elements
d contains negative elements
d contains negative elements
d contains negative elements
d contains negative elements
d contains negative elements
d contains negative elements
d contains negative elements
d contains negative elements
d contains negative elements
d contains negative elements
d contains negative elements
d contains negative elements
d contains negative elements
d contains negative elements
d contains negative elements
d contains negative elements
d contains negative elements
d contains negative elements
d contains negative elements
d contains negative elements
d contains negative elements
d contains negative elements
d contains negative elements
d contains negative elements
d contains negative elements
d contains negative elements
d contains negative elements
d contains negative elements
d contains negative elements
d contains negative elements
d contains negative elements
d contains negative elements
d contains negative elements
d contains negative elements
d contains negative elements
d contains negative elements
d contains negative elements
d contains negative elements
d contains negative elements
d contains negative elements
d contains negative elements
d contains negative elements
d contains negative elements
d contains negative elements
d contains negative elements
d contains negative elements
d contains negative elements
d contains negative elements
d contains negative elements
d contains negative elements
d contains negative elements
d contains negative elements
d contains negative elements
d contains negative elements
d contains negative elements
d contains negative elements
d contains negative elements
d contains negative elements
d contains negative elements
d contains negative elements
d contains negative elements
d contains negative elements
d contains negative elements
d contains negative elements
d contains negative elements
d contains negative elements
d contains negative elements
d contains negative elements
d contains negative elements
d contains negative elements
d contains negative elements
d contains negative elements
d contains negative elements
d contains negative elements
d contains negative elements
d contains negative elements
d contains negative elements
d contains negative elements
d contains negative elements
d contains negative elements
d contains negative elements
d contains negative elements
d contains negative elements
d contains negative elements
d contains negative elements
d contains negative elements
d contains negative elements
d contains negative elements
d contains negative elements
d contains negative elements
d contains negative elements
d contains negative elements
d contains negative elements
d contains negative elements
d contains negative elements
d contains negative elements
d contains negative elements
d contains negative elements
d contains negative elements
d contains negative elements
d contains negative elements
d contains negative elements
d contains negative elements
d contains negative elements
d contains negative elements
d contains negative elements
d contains negative elements
d contains negative elements
d contains negative elements
d contains negative elements
d contains negative elements
d contains negative elements
d contains negative elements
d contains negative elements
d contains negative elements
d contains negative elements
d contains negative elements
d contains negative elements
d contains negative elements
d contains negative elements
d contains negative elements
d contains negative elements
d contains negative elements
d contains negative elements
d contains negative elements
d contains negative elements
d contains negative elements
d contains negative elements
d contains negative elements
d contains negative elements
d contains negative elements
d contains negative elements
d contains negative elements
d contains negative elements
d contains negative elements
d contains negative elements
d contains negative elements
d contains negative elements
d contains negative elements
d contains negative elements
d contains negative elements
d contains negative elements
d contains negative elements
d contains negative elements
d contains negative elements
d contains negative elements
d contains negative elements
d contains negative elements
d contains negative elements
d contains negative elements
d contains negative elements
d contains negative elements
d contains negative elements
d contains negative elements
d contains negative elements
d contains negative elements
d contains negative elements
d contains negative elements
d contains negative elements
d contains negative elements
d contains negative elements
d contains negative elements
d contains negative elements
d contains negative elements
d contains negative elements
d contains negative elements
d contains negative elements
d contains negative elements
d contains negative elements
d contains negative elements
d contains negative elements
d contains negative elements
d contains negative elements
d contains negative elements
d contains negative elements
d contains negative elements
d contains negative elements
d contains negative elements
d contains negative elements
d contains negative elements
d contains negative elements
d contains negative elements
d contains negative elements
d contains negative elements
d contains negative elements
d contains negative elements
d contains negative elements
d contains negative elements
d contains negative elements
d contains negative elements
d contains negative elements
d contains negative elements
d contains negative elements
d contains negative elements
d contains negative elements
d contains negative elements
d contains negative elements
d contains negative elements
d contains negative elements
d contains negative elements
d contains negative elements
d contains negative elements
d contains negative elements
d contains negative elements
d contains negative elements
d contains negative elements
d contains negative elements
d contains negative elements
d contains negative elements
d contains negative elements
d contains negative elements
d contains negative elements
d contains negative elements
d contains negative elements
d contains negative elements
d contains negative elements
d contains negative elements
d contains negative elements
d contains negative elements
d contains negative elements
d contains negative elements
d contains negative elements
d contains negative elements
d contains negative elements
d contains negative elements
d contains negative elements
d contains negative elements
d contains negative elements
d contains negative elements
d contains negative elements
d contains negative elements
d contains negative elements
d contains negative elements
d contains negative elements
d contains negative elements
d contains negative elements
d contains negative elements
d contains negative elements
d contains negative elements
d contains negative elements
d contains negative elements
d contains negative elements
d contains negative elements
d contains negative elements
d contains negative elements
d contains negative elements
d contains negative elements
d contains negative elements
d contains negative elements
d contains negative elements
d contains negative elements
d contains negative elements
d contains negative elements
d contains negative elements
d contains negative elements
d contains negative elements
d contains negative elements
d contains negative elements
d contains negative elements
d contains negative elements
d contains negative elements
d contains negative elements
d contains negative elements
d contains negative elements
d contains negative elements
d contains negative elements
d contains negative elements
d contains negative elements
d contains negative elements
d contains negative elements
d contains negative elements
d contains negative elements
d contains negative elements
d contains negative elements
d contains negative elements
d contains negative elements
d contains negative elements
d contains negative elements
d contains negative elements
d contains negative elements
d contains negative elements
d contains negative elements
d contains negative elements
d contains negative elements
d contains negative elements
d contains negative elements
d contains negative elements
d contains negative elements
d contains negative elements
d contains negative elements
d contains negative elements
d contains negative elements
d contains negative elements
d contains negative elements
d contains negative elements
d contains negative elements
d contains negative elements
d contains negative elements
d contains negative elements
d contains negative elements
d contains negative elements
d contains negative elements
d contains negative elements
d contains negative elements
d contains negative elements
d contains negative elements
d contains negative elements
d contains negative elements
d contains negative elements
d contains negative elements
d contains negative elements
d contains negative elements
d contains negative elements
d contains negative elements
d contains negative elements
d contains negative elements
d contains negative elements
d contains negative elements
d contains negative elements
d contains negative elements
d contains negative elements
d contains negative elements
d contains negative elements
d contains negative elements
d contains negative elements
d contains negative elements
d contains negative elements
d contains negative elements
d contains negative elements
d contains negative elements
d contains negative elements
d contains negative elements
d contains negative elements
d contains negative elements
d contains negative elements
d contains negative elements
d contains negative elements
d contains negative elements
d contains negative elements
d contains negative elements
d contains negative elements
d contains negative elements
d contains negative elements
d contains negative elements
d contains negative elements
d contains negative elements
d contains negative elements
d contains negative elements
d contains negative elements
d contains negative elements
d contains negative elements
d contains negative elements
d contains negative elements
d contains negative elements
d contains negative elements
d contains negative elements
d contains negative elements
d contains negative elements
d contains negative elements
d contains negative elements
d contains negative elements
d contains negative elements
d contains negative elements
d contains negative elements
d contains negative elements
d contains negative elements
d contains negative elements
d contains negative elements
d contains negative elements
d contains negative elements
d contains negative elements
d contains negative elements
d contains negative elements
d contains negative elements
d contains negative elements
d contains negative elements
d contains negative elements
d contains negative elements
d contains negative elements
d contains negative elements
d contains negative elements
d contains negative elements
d contains negative elements
d contains negative elements
d contains negative elements
d contains negative elements
d contains negative elements
d contains negative elements
d contains negative elements
d contains negative elements
d contains negative elements
d contains negative elements
d contains negative elements
d contains negative elements
d contains negative elements
d contains negative elements
d contains negative elements
d contains negative elements
d contains negative elements
d contains negative elements
d contains negative elements
d contains negative elements
d contains negative elements
d contains negative elements
d contains negative elements
d contains negative elements
d contains negative elements
d contains negative elements
d contains negative elements
d contains negative elements
d contains negative elements
d contains negative elements
d contains negative elements
d contains negative elements
d contains negative elements
d contains negative elements
d contains negative elements
d contains negative elements
d contains negative elements
d contains negative elements
d contains negative elements
d contains negative elements
d contains negative elements
d contains negative elements
d contains negative elements
d contains negative elements
d contains negative elements
d contains negative elements
d contains negative elements
d contains negative elements
d contains negative elements
d contains negative elements
d contains negative elements
d contains negative elements
d contains negative elements
d contains negative elements
d contains negative elements
d contains negative elements
d contains negative elements
d contains negative elements
d contains negative elements
d contains negative elements
d contains negative elements
d contains negative elements
d contains negative elements
d contains negative elements
d contains negative elements
d contains negative elements
d contains negative elements
d contains negative elements
d contains negative elements
d contains negative elements
d contains negative elements
d contains negative elements
d contains negative elements
d contains negative elements
d contains negative elements
d contains negative elements
d contains negative elements
d contains negative elements
d contains negative elements
d contains negative elements
d contains negative elements
d contains negative elements
d contains negative elements
d contains negative elements
d contains negative elements
d contains negative elements
d contains negative elements
d contains negative elements
d contains negative elements
d contains negative elements
d contains negative elements
d contains negative elements
d contains negative elements
d contains negative elements
d contains negative elements
d contains negative elements
d contains negative elements
d contains negative elements
d contains negative elements
d contains negative elements
d contains negative elements
d contains negative elements
d contains negative elements
d contains negative elements
d contains negative elements
d contains negative elements
d contains negative elements
d contains negative elements
d contains negative elements
d contains negative elements
d contains negative elements
d contains negative elements
d contains negative elements
d contains negative elements
d contains negative elements
d contains negative elements
d contains negative elements
d contains negative elements
d contains negative elements
d contains negative elements
d contains negative elements
d contains negative elements
d contains negative elements
d contains negative elements
d contains negative elements
d contains negative elements
d contains negative elements
d contains negative elements
d contains negative elements
d contains negative elements
d contains negative elements
d contains negative elements
d contains negative elements
d contains negative elements
d contains negative elements
d contains negative elements
d contains negative elements
d contains negative elements
d contains negative elements
d contains negative elements
d contains negative elements
d contains negative elements
d contains negative elements
d contains negative elements
d contains negative elements
d contains negative elements
d contains negative elements
d contains negative elements
d contains negative elements
d contains negative elements
d contains negative elements
d contains negative elements
d contains negative elements
d contains negative elements
d contains negative elements
d contains negative elements
d contains negative elements
d contains negative elements
d contains negative elements
d contains negative elements
d contains negative elements
d contains negative elements
d contains negative elements
d contains negative elements
d contains negative elements
d contains negative elements
d contains negative elements
d contains negative elements
d contains negative elements
d contains negative elements
d contains negative elements
d contains negative elements
d contains negative elements
d contains negative elements
d contains negative elements
d contains negative elements
d contains negative elements
d contains negative elements
d contains negative elements
d contains negative elements
d contains negative elements
d contains negative elements
d contains negative elements
d contains negative elements
d contains negative elements
d contains negative elements
d contains negative elements
d contains negative elements
d contains negative elements
d contains negative elements
d contains negative elements
d contains negative elements
d contains negative elements
d contains negative elements
d contains negative elements
d contains negative elements
d contains negative elements
d contains negative elements
d contains negative elements
d contains negative elements
d contains negative elements
d contains negative elements
d contains negative elements
d contains negative elements
d contains negative elements
d contains negative elements
d contains negative elements
d contains negative elements
d contains negative elements
d contains negative elements
d contains negative elements
d contains negative elements
d contains negative elements
d contains negative elements
d contains negative elements
d contains negative elements
d contains negative elements
d contains negative elements
d contains negative elements
d contains negative elements
d contains negative elements
d contains negative elements
d contains negative elements
d contains negative elements
d contains negative elements
d contains negative elements
d contains negative elements
d contains negative elements
d contains negative elements
d contains negative elements
d contains negative elements
d contains negative elements
d contains negative elements
d contains negative elements
d contains negative elements
d contains negative elements
d contains negative elements
d contains negative elements
d contains negative elements
d contains negative elements
d contains negative elements
d contains negative elements
d contains negative elements
d contains negative elements
d contains negative elements
d contains negative elements
d contains negative elements
d contains negative elements
d contains negative elements
d contains negative elements
d contains negative elements
d contains negative elements
d contains negative elements
d contains negative elements
d contains negative elements
d contains negative elements
d contains negative elements
d contains negative elements
d contains negative elements
d contains negative elements
d contains negative elements
d contains negative elements
d contains negative elements
d contains negative elements
d contains negative elements
d contains negative elements
d contains negative elements
d contains negative elements
d contains negative elements
d contains negative elements
d contains negative elements
d contains negative elements
d contains negative elements
d contains negative elements
d contains negative elements
d contains negative elements
d contains negative elements
d contains negative elements
d contains negative elements
d contains negative elements
d contains negative elements
d contains negative elements
d contains negative elements
d contains negative elements
d contains negative elements
d contains negative elements
d contains negative elements
d contains negative elements
d contains negative elements
d contains negative elements
d contains negative elements
d contains negative elements
d contains negative elements
d contains negative elements
d contains negative elements
d contains negative elements
d contains negative elements
d contains negative elements
d contains negative elements
d contains negative elements
d contains negative elements
d contains negative elements
d contains negative elements
d contains negative elements
d contains negative elements
d contains negative elements
d contains negative elements
d contains negative elements
d contains negative elements
d contains negative elements
d contains negative elements
d contains negative elements
d contains negative elements
d contains negative elements
d contains negative elements
d contains negative elements
d contains negative elements
d contains negative elements
d contains negative elements
d contains negative elements
d contains negative elements
d contains negative elements
d contains negative elements
d contains negative elements
d contains negative elements
d contains negative elements
d contains negative elements
d contains negative elements
d contains negative elements
d contains negative elements
d contains negative elements
d contains negative elements
d contains negative elements
d contains negative elements
d contains negative elements
d contains negative elements
d contains negative elements
d contains negative elements
d contains negative elements
d contains negative elements
d contains negative elements
d contains negative elements
d contains negative elements
d contains negative elements
d contains negative elements
d contains negative elements
d contains negative elements
d contains negative elements
d contains negative elements
d contains negative elements
d contains negative elements
d contains negative elements
d contains negative elements
d contains negative elements
d contains negative elements
d contains negative elements
d contains negative elements
d contains negative elements
d contains negative elements
d contains negative elements
d contains negative elements
d contains negative elements
d contains negative elements
d contains negative elements
d contains negative elements
d contains negative elements
d contains negative elements
d contains negative elements
d contains negative elements
d contains negative elements
d contains negative elements
d contains negative elements
d contains negative elements
d contains negative elements
d contains negative elements
d contains negative elements
d contains negative elements
d contains negative elements
d contains negative elements
d contains negative elements
d contains negative elements
d contains negative elements
d contains negative elements
d contains negative elements
d contains negative elements
d contains negative elements
d contains negative elements
d contains negative elements
d contains negative elements
d contains negative elements
d contains negative elements
d contains negative elements
d contains negative elements
d contains negative elements
d contains negative elements
d contains negative elements
d contains negative elements
d contains negative elements
d contains negative elements
d contains negative elements
d contains negative elements
d contains negative elements
d contains negative elements
d contains negative elements
d contains negative elements
d contains negative elements
d contains negative elements
d contains negative elements
d contains negative elements
d contains negative elements
d contains negative elements
d contains negative elements
d contains negative elements
d contains negative elements
d contains negative elements
d contains negative elements
d contains negative elements
d contains negative elements
d contains negative elements
d contains negative elements
d contains negative elements
d contains negative elements
d contains negative elements
d contains negative elements
d contains negative elements
d contains negative elements
d contains negative elements
d contains negative elements
d contains negative elements
d contains negative elements
d contains negative elements
d contains negative elements
d contains negative elements
d contains negative elements
d contains negative elements
d contains negative elements
d contains negative elements
d contains negative elements
d contains negative elements
d contains negative elements
d contains negative elements
d contains negative elements
d contains negative elements
d contains negative elements
d contains negative elements
d contains negative elements
d contains negative elements
d contains negative elements
d contains negative elements
d contains negative elements
d contains negative elements
d contains negative elements
d contains negative elements
d contains negative elements
d contains negative elements
d contains negative elements
d contains negative elements
d contains negative elements
d contains negative elements
d contains negative elements
d contains negative elements
d contains negative elements
d contains negative elements
d contains negative elements
d contains negative elements
d contains negative elements
d contains negative elements
d contains negative elements
d contains negative elements
d contains negative elements
d contains negative elements
d contains negative elements
d contains negative elements
d contains negative elements
d contains negative elements
d contains negative elements
d contains negative elements
d contains negative elements
d contains negative elements
d contains negative elements
d contains negative elements
d contains negative elements
d contains negative elements
d contains negative elements
d contains negative elements
d contains negative elements
d contains negative elements
d contains negative elements
d contains negative elements
d contains negative elements
d contains negative elements
d contains negative elements
d contains negative elements
d contains negative elements
d contains negative elements
d contains negative elements
d contains negative elements
d contains negative elements
d contains negative elements
d contains negative elements
d contains negative elements
d contains negative elements
d contains negative elements
d contains negative elements
d contains negative elements
d contains negative elements
d contains negative elements
d contains negative elements
d contains negative elements
d contains negative elements
d contains negative elements
d contains negative elements
d contains negative elements
d contains negative elements
d contains negative elements
d contains negative elements
d contains negative elements
d contains negative elements
d contains negative elements
d contains negative elements
d contains negative elements
d contains negative elements
d contains negative elements
d contains negative elements
d contains negative elements
d contains negative elements
d contains negative elements
d contains negative elements
d contains negative elements
d contains negative elements
d contains negative elements
d contains negative elements
d contains negative elements
d contains negative elements
d contains negative elements
d contains negative elements
d contains negative elements
d contains negative elements
d contains negative elements
d contains negative elements
d contains negative elements
d contains negative elements
d contains negative elements
d contains negative elements
d contains negative elements
d contains negative elements
d contains negative elements
d contains negative elements
d contains negative elements
d contains negative elements
d contains negative elements
d contains negative elements
d contains negative elements
d contains negative elements
d contains negative elements
d contains negative elements
d contains negative elements
d contains negative elements
d contains negative elements
d contains negative elements
d contains negative elements
d contains negative elements
d contains negative elements
d contains negative elements
d contains negative elements
d contains negative elements
d contains negative elements
d contains negative elements
d contains negative elements
d contains negative elements
d contains negative elements
d contains negative elements
d contains negative elements
d contains negative elements
d contains negative elements
d contains negative elements
d contains negative elements
d contains negative elements
d contains negative elements
d contains negative elements
d contains negative elements
d contains negative elements
d contains negative elements
d contains negative elements
d contains negative elements
d contains negative elements
d contains negative elements
d contains negative elements
d contains negative elements
d contains negative elements
d contains negative elements
d contains negative elements
d contains negative elements
d contains negative elements
d contains negative elements
d contains negative elements
d contains negative elements
d contains negative elements
d contains negative elements
d contains negative elements
d contains negative elements
d contains negative elements
d contains negative elements
d contains negative elements
d contains negative elements
d contains negative elements
d contains negative elements
d contains negative elements
d contains negative elements
d contains negative elements
d contains negative elements
d contains negative elements
d contains negative elements
d contains negative elements
d contains negative elements
d contains negative elements
d contains negative elements
d contains negative elements
d contains negative elements
d contains negative elements
d contains negative elements
d contains negative elements
d contains negative elements
d contains negative elements
d contains negative elements
d contains negative elements
d contains negative elements
d contains negative elements
d contains negative elements
d contains negative elements
d contains negative elements
d contains negative elements
d contains negative elements
d contains negative elements
d contains negative elements
d contains negative elements
d contains negative elements
d contains negative elements
d contains negative elements
d contains negative elements
d contains negative elements
d contains negative elements
d contains negative elements
d contains negative elements
d contains negative elements
d contains negative elements
d contains negative elements
d contains negative elements
d contains negative elements
d contains negative elements
d contains negative elements
d contains negative elements
d contains negative elements
d contains negative elements
d contains negative elements
d contains negative elements
d contains negative elements
d contains negative elements
d contains negative elements
d contains negative elements
d contains negative elements
d contains negative elements
d contains negative elements
d contains negative elements
d contains negative elements
d contains negative elements
d contains negative elements
d contains negative elements
d contains negative elements
d contains negative elements
d contains negative elements
d contains negative elements
d contains negative elements
d contains negative elements
d contains negative elements
d contains negative elements
d contains negative elements
d contains negative elements
d contains negative elements
d contains negative elements
d contains negative elements
d contains negative elements
d contains negative elements
d contains negative elements
d contains negative elements
d contains negative elements
d contains negative elements
d contains negative elements
d contains negative elements
d contains negative elements
d contains negative elements
d contains negative elements
d contains negative elements
d contains negative elements
d contains negative elements
d contains negative elements
d contains negative elements
d contains negative elements
d contains negative elements
d contains negative elements
d contains negative elements
d contains negative elements
d contains negative elements
d contains negative elements
d contains negative elements
d contains negative elements
d contains negative elements
d contains negative elements
d contains negative elements
d contains negative elements
d contains negative elements
d contains negative elements
d contains negative elements
d contains negative elements
d contains negative elements
d contains negative elements
d contains negative elements
d contains negative elements
d contains negative elements
d contains negative elements
d contains negative elements
d contains negative elements
d contains negative elements
d contains negative elements
d contains negative elements
d contains negative elements
d contains negative elements
d contains negative elements
d contains negative elements
d contains negative elements
d contains negative elements
d contains negative elements
d contains negative elements
d contains negative elements
d contains negative elements
d contains negative elements
d contains negative elements
d contains negative elements
d contains negative elements
d contains negative elements
d contains negative elements
d contains negative elements
d contains negative elements
d contains negative elements
d contains negative elements
d contains negative elements
d contains negative elements
d contains negative elements
d contains negative elements
d contains negative elements
d contains negative elements
d contains negative elements
d contains negative elements
d contains negative elements
d contains negative elements
d contains negative elements
d contains negative elements
d contains negative elements
d contains negative elements
d contains negative elements
d contains negative elements
d contains negative elements
d contains negative elements
d contains negative elements
d contains negative elements
d contains negative elements
d contains negative elements
d contains negative elements
d contains negative elements
d contains negative elements
d contains negative elements
d contains negative elements
d contains negative elements
d contains negative elements
d contains negative elements
d contains negative elements
d contains negative elements
d contains negative elements
d contains negative elements
d contains negative elements
d contains negative elements
d contains negative elements
d contains negative elements
d contains negative elements
d contains negative elements
d contains negative elements
d contains negative elements
d contains negative elements
d contains negative elements
d contains negative elements
d contains negative elements
d contains negative elements
d contains negative elements
d contains negative elements
d contains negative elements
d contains negative elements
d contains negative elements
d contains negative elements
d contains negative elements
d contains negative elements
d contains negative elements
d contains negative elements
d contains negative elements
d contains negative elements
d contains negative elements
d contains negative elements
d contains negative elements
d contains negative elements
d contains negative elements
d contains negative elements
d contains negative elements
d contains negative elements
d contains negative elements
d contains negative elements
d contains negative elements
d contains negative elements
d contains negative elements
d contains negative elements
d contains negative elements
d contains negative elements
d contains negative elements
d contains negative elements
d contains negative elements
d contains negative elements
d contains negative elements
d contains negative elements
d contains negative elements
d contains negative elements
d contains negative elements
d contains negative elements
d contains negative elements
d contains negative elements
d contains negative elements
d contains negative elements
d contains negative elements
d contains negative elements
d contains negative elements
d contains negative elements
d contains negative elements
d contains negative elements
d contains negative elements
d contains negative elements
d contains negative elements
d contains negative elements
d contains negative elements
d contains negative elements
d contains negative elements
d contains negative elements
d contains negative elements
d contains negative elements
d contains negative elements
d contains negative elements
d contains negative elements
d contains negative elements
d contains negative elements
d contains negative elements
d contains negative elements
d contains negative elements
d contains negative elements
d contains negative elements
d contains negative elements
d contains negative elements
d contains negative elements
d contains negative elements
d contains negative elements
d contains negative elements
d contains negative elements
d contains negative elements
d contains negative elements
d contains negative elements
d contains negative elements
d contains negative elements
d contains negative elements
d contains negative elements
d contains negative elements
d contains negative elements
d contains negative elements
d contains negative elements
d contains negative elements
d contains negative elements
d contains negative elements
d contains negative elements
d contains negative elements
d contains negative elements
d contains negative elements
d contains negative elements
d contains negative elements
d contains negative elements
d contains negative elements
d contains negative elements
d contains negative elements
d contains negative elements
d contains negative elements
d contains negative elements
d contains negative elements
d contains negative elements
d contains negative elements
d contains negative elements
d contains negative elements
d contains negative elements
d contains negative elements
d contains negative elements
d contains negative elements
d contains negative elements
d contains negative elements
d contains negative elements
d contains negative elements
d contains negative elements
d contains negative elements
d contains negative elements
d contains negative elements
d contains negative elements
d contains negative elements
d contains negative elements
d contains negative elements
d contains negative elements
d contains negative elements
d contains negative elements
d contains negative elements
d contains negative elements
d contains negative elements
d contains negative elements
d contains negative elements
d contains negative elements
d contains negative elements
d contains negative elements
d contains negative elements
d contains negative elements
d contains negative elements
d contains negative elements
d contains negative elements
d contains negative elements
d contains negative elements
d contains negative elements
d contains negative elements
d contains negative elements
d contains negative elements
d contains negative elements
d contains negative elements
d contains negative elements
d contains negative elements
d contains negative elements
d contains negative elements
d contains negative elements
d contains negative elements
d contains negative elements
d contains negative elements
d contains negative elements
d contains negative elements
d contains negative elements
d contains negative elements
d contains negative elements
d contains negative elements
d contains negative elements
d contains negative elements
d contains negative elements
d contains negative elements
d contains negative elements
d contains negative elements
d contains negative elements
d contains negative elements
d contains negative elements
d contains negative elements
d contains negative elements
d contains negative elements
d contains negative elements
d contains negative elements
d contains negative elements
d contains negative elements
d contains negative elements
d contains negative elements
d contains negative elements
d contains negative elements
d contains negative elements
d contains negative elements
d contains negative elements
d contains negative elements
d contains negative elements
d contains negative elements
d contains negative elements
d contains negative elements
d contains negative elements
d contains negative elements
d contains negative elements
d contains negative elements
d contains negative elements
d contains negative elements
d contains negative elements
d contains negative elements
d contains negative elements
d contains negative elements
d contains negative elements
d contains negative elements
d contains negative elements
d contains negative elements
d contains negative elements
d contains negative elements
d contains negative elements
d contains negative elements
d contains negative elements
d contains negative elements
d contains negative elements
d contains negative elements
d contains negative elements
d contains negative elements
d contains negative elements
d contains negative elements
d contains negative elements
d contains negative elements
d contains negative elements
d contains negative elements
d contains negative elements
d contains negative elements
d contains negative elements
d contains negative elements
d contains negative elements
d contains negative elements
d contains negative elements
d contains negative elements
d contains negative elements
d contains negative elements
d contains negative elements
d contains negative elements
d contains negative elements
d contains negative elements
d contains negative elements
d contains negative elements
d contains negative elements
d contains negative elements
d contains negative elements
d contains negative elements
d contains negative elements
d contains negative elements
d contains negative elements
d contains negative elements
d contains negative elements
d contains negative elements
d contains negative elements
d contains negative elements
d contains negative elements
d contains negative elements
d contains negative elements
d contains negative elements
d contains negative elements
d contains negative elements
d contains negative elements
d contains negative elements
d contains negative elements
d contains negative elements
d contains negative elements
d contains negative elements
d contains negative elements
d contains negative elements
d contains negative elements
d contains negative elements
d contains negative elements
d contains negative elements
d contains negative elements
d contains negative elements
d contains negative elements
d contains negative elements
d contains negative elements
d contains negative elements
d contains negative elements
d contains negative elements
d contains negative elements
d contains negative elements
d contains negative elements
d contains negative elements
d contains negative elements
d contains negative elements
d contains negative elements
d contains negative elements
d contains negative elements
d contains negative elements
d contains negative elements
d contains negative elements
d contains negative elements
d contains negative elements
d contains negative elements
d contains negative elements
d contains negative elements
d contains negative elements
d contains negative elements
d contains negative elements
d contains negative elements
d contains negative elements
d contains negative elements
d contains negative elements
d contains negative elements
d contains negative elements
d contains negative elements
d contains negative elements
d contains negative elements
d contains negative elements
d contains negative elements
d contains negative elements
d contains negative elements
d contains negative elements
d contains negative elements
d contains negative elements
d contains negative elements
d contains negative elements
d contains negative elements
d contains negative elements
d contains negative elements
d contains negative elements
d contains negative elements
d contains negative elements
d contains negative elements
d contains negative elements
d contains negative elements
d contains negative elements
d contains negative elements
d contains negative elements
d contains negative elements
d contains negative elements
d contains negative elements
d contains negative elements
d contains negative elements
d contains negative elements
d contains negative elements
d contains negative elements
d contains negative elements
d contains negative elements
d contains negative elements
d contains negative elements
d contains negative elements
d contains negative elements
d contains negative elements
d contains negative elements
d contains negative elements
d contains negative elements
d contains negative elements
d contains negative elements
d contains negative elements
d contains negative elements
d contains negative elements
d contains negative elements
d contains negative elements
d contains negative elements
d contains negative elements
d contains negative elements
d contains negative elements
d contains negative elements
d contains negative elements
d contains negative elements
d contains negative elements
d contains negative elements
d contains negative elements
d contains negative elements
d contains negative elements
d contains negative elements
d contains negative elements
d contains negative elements
d contains negative elements
d contains negative elements
d contains negative elements
d contains negative elements
d contains negative elements
d contains negative elements
d contains negative elements
d contains negative elements
d contains negative elements
d contains negative elements
d contains negative elements
d contains negative elements
d contains negative elements
d contains negative elements
d contains negative elements
d contains negative elements
d contains negative elements
d contains negative elements
d contains negative elements
d contains negative elements
d contains negative elements
d contains negative elements
d contains negative elements
d contains negative elements
d contains negative elements
d contains negative elements
d contains negative elements
d contains negative elements
d contains negative elements
d contains negative elements
d contains negative elements
d contains negative elements
d contains negative elements
d contains negative elements
d contains negative elements
d contains negative elements
d contains negative elements
d contains negative elements
d contains negative elements
d contains negative elements
d contains negative elements
d contains negative elements
d contains negative elements
d contains negative elements
d contains negative elements
d contains negative elements
d contains negative elements
d contains negative elements
d contains negative elements
d contains negative elements
d contains negative elements
d contains negative elements
d contains negative elements
d contains negative elements
d contains negative elements
d contains negative elements
d contains negative elements
d contains negative elements
d contains negative elements
d contains negative elements
d contains negative elements
d contains negative elements
d contains negative elements
d contains negative elements
d contains negative elements
d contains negative elements
d contains negative elements
d contains negative elements
d contains negative elements
d contains negative elements
d contains negative elements
d contains negative elements
d contains negative elements
d contains negative elements
d contains negative elements
d contains negative elements
d contains negative elements
d contains negative elements
d contains negative elements
d contains negative elements
d contains negative elements
d contains negative elements
d contains negative elements
d contains negative elements
d contains negative elements
d contains negative elements
d contains negative elements
d contains negative elements
d contains negative elements
d contains negative elements
d contains negative elements
d contains negative elements
d contains negative elements
d contains negative elements
d contains negative elements
d contains negative elements
d contains negative elements
d contains negative elements
d contains negative elements
d contains negative elements
d contains negative elements
d contains negative elements
d contains negative elements
d contains negative elements
d contains negative elements
d contains negative elements
d contains negative elements
d contains negative elements
d contains negative elements
d contains negative elements
d contains negative elements
d contains negative elements
d contains negative elements
d contains negative elements
d contains negative elements
d contains negative elements
d contains negative elements
d contains negative elements
d contains negative elements
d contains negative elements
d contains negative elements
d contains negative elements
d contains negative elements
d contains negative elements
d contains negative elements
d contains negative elements
d contains negative elements
d contains negative elements
d contains negative elements
d contains negative elements
d contains negative elements
d contains negative elements
d contains negative elements
d contains negative elements
d contains negative elements
d contains negative elements
d contains negative elements
d contains negative elements
d contains negative elements
d contains negative elements
d contains negative elements
d contains negative elements
d contains negative elements
d contains negative elements
d contains negative elements
d contains negative elements
d contains negative elements
d contains negative elements
d contains negative elements
d contains negative elements
d contains negative elements
d contains negative elements
d contains negative elements
d contains negative elements
d contains negative elements
d contains negative elements
d contains negative elements
d contains negative elements
d contains negative elements
d contains negative elements
d contains negative elements
d contains negative elements
d contains negative elements
d contains negative elements
d contains negative elements
d contains negative elements
d contains negative elements
d contains negative elements
d contains negative elements
d contains negative elements
d contains negative elements
d contains negative elements
d contains negative elements
d contains negative elements
d contains negative elements
d contains negative elements
d contains negative elements
d contains negative elements
d contains negative elements
d contains negative elements
d contains negative elements
d contains negative elements
d contains negative elements
d contains negative elements
d contains negative elements
d contains negative elements
d contains negative elements
d contains negative elements
d contains negative elements
d contains negative elements
d contains negative elements
d contains negative elements
d contains negative elements
d contains negative elements
d contains negative elements
d contains negative elements
d contains negative elements
d contains negative elements
d contains negative elements
d contains negative elements
d contains negative elements
d contains negative elements
d contains negative elements
d contains negative elements
d contains negative elements
d contains negative elements
d contains negative elements
d contains negative elements
d contains negative elements
d contains negative elements
d contains negative elements
d contains negative elements
d contains negative elements
d contains negative elements
d contains negative elements
d contains negative elements
d contains negative elements
d contains negative elements
d contains negative elements
d contains negative elements
d contains negative elements
d contains negative elements
d contains negative elements
d contains negative elements
d contains negative elements
d contains negative elements
d contains negative elements
d contains negative elements
d contains negative elements
d contains negative elements
d contains negative elements
d contains negative elements
d contains negative elements
d contains negative elements
d contains negative elements
d contains negative elements
d contains negative elements
d contains negative elements
d contains negative elements
d contains negative elements
d contains negative elements
d contains negative elements
d contains negative elements
d contains negative elements
d contains negative elements
d contains negative elements
d contains negative elements
d contains negative elements
d contains negative elements
d contains negative elements
d contains negative elements
d contains negative elements
d contains negative elements
d contains negative elements
d contains negative elements
d contains negative elements
d contains negative elements
d contains negative elements
d contains negative elements
d contains negative elements
d contains negative elements
d contains negative elements
d contains negative elements
d contains negative elements
d contains negative elements
d contains negative elements
d contains negative elements
d contains negative elements
d contains negative elements
d contains negative elements
d contains negative elements
d contains negative elements
d contains negative elements
d contains negative elements
d contains negative elements
d contains negative elements
d contains negative elements
d contains negative elements
d contains negative elements
d contains negative elements
d contains negative elements
d contains negative elements
d contains negative elements
d contains negative elements
d contains negative elements
d contains negative elements
d contains negative elements
d contains negative elements
d contains negative elements
d contains negative elements
d contains negative elements
d contains negative elements
d contains negative elements
d contains negative elements
d contains negative elements
d contains negative elements
d contains negative elements
d contains negative elements
d contains negative elements
d contains negative elements
d contains negative elements
d contains negative elements
d contains negative elements
d contains negative elements
d contains negative elements
d contains negative elements
d contains negative elements
d contains negative elements
d contains negative elements
d contains negative elements
d contains negative elements
d contains negative elements
d contains negative elements
d contains negative elements
d contains negative elements
d contains negative elements
d contains negative elements
d contains negative elements
d contains negative elements
d contains negative elements
d contains negative elements
d contains negative elements
d contains negative elements
d contains negative elements
d contains negative elements
d contains negative elements
d contains negative elements
d contains negative elements
d contains negative elements
d contains negative elements
d contains negative elements
d contains negative elements
d contains negative elements
d contains negative elements
d contains negative elements
d contains negative elements
d contains negative elements
d contains negative elements
d contains negative elements
d contains negative elements
d contains negative elements
d contains negative elements
d contains negative elements
d contains negative elements
d contains negative elements
d contains negative elements
d contains negative elements
d contains negative elements
d contains negative elements
d contains negative elements
d contains negative elements
d contains negative elements
d contains negative elements
d contains negative elements
d contains negative elements
d contains negative elements
d contains negative elements
d contains negative elements
d contains negative elements
d contains negative elements
d contains negative elements
d contains negative elements
d contains negative elements
d contains negative elements
d contains negative elements
d contains negative elements
d contains negative elements
d contains negative elements
d contains negative elements
d contains negative elements
d contains negative elements
d contains negative elements
d contains negative elements
d contains negative elements
d contains negative elements
d contains negative elements
d contains negative elements
d contains negative elements
d contains negative elements
d contains negative elements
d contains negative elements
d contains negative elements
d contains negative elements
d contains negative elements
d contains negative elements
d contains negative elements
d contains negative elements
d contains negative elements
d contains negative elements
d contains negative elements
d contains negative elements
d contains negative elements
d contains negative elements
d contains negative elements
d contains negative elements
d contains negative elements
d contains negative elements
d contains negative elements
d contains negative elements
d contains negative elements
d contains negative elements
d contains negative elements
d contains negative elements
d contains negative elements
d contains negative elements
d contains negative elements
d contains negative elements
d contains negative elements
d contains negative elements
d contains negative elements
d contains negative elements
d contains negative elements
d contains negative elements
d contains negative elements
d contains negative elements
d contains negative elements
d contains negative elements
d contains negative elements
d contains negative elements
d contains negative elements
d contains negative elements
d contains negative elements
d contains negative elements
d contains negative elements
d contains negative elements
d contains negative elements
d contains negative elements
d contains negative elements
d contains negative elements
d contains negative elements
d contains negative elements
d contains negative elements
d contains negative elements
d contains negative elements
d contains negative elements
d contains negative elements
d contains negative elements
d contains negative elements
d contains negative elements
d contains negative elements
d contains negative elements
d contains negative elements
d contains negative elements
d contains negative elements
d contains negative elements
d contains negative elements
d contains negative elements
d contains negative elements
d contains negative elements
d contains negative elements
d contains negative elements
d contains negative elements
d contains negative elements
d contains negative elements
d contains negative elements
d contains negative elements
d contains negative elements
d contains negative elements
d contains negative elements
d contains negative elements
d contains negative elements
d contains negative elements
d contains negative elements
d contains negative elements
d contains negative elements
d contains negative elements
d contains negative elements
d contains negative elements
d contains negative elements
d contains negative elements
d contains negative elements
d contains negative elements
d contains negative elements
d contains negative elements
d contains negative elements
d contains negative elements
d contains negative elements
d contains negative elements
d contains negative elements
d contains negative elements
d contains negative elements
d contains negative elements
d contains negative elements
d contains negative elements
d contains negative elements
d contains negative elements
d contains negative elements
d contains negative elements
d contains negative elements
d contains negative elements
d contains negative elements
d contains negative elements
d contains negative elements
d contains negative elements
d contains negative elements
d contains negative elements
d contains negative elements
d contains negative elements
d contains negative elements
d contains negative elements
d contains negative elements
d contains negative elements
d contains negative elements
d contains negative elements
d contains negative elements
d contains negative elements
d contains negative elements
d contains negative elements
d contains negative elements
d contains negative elements
d contains negative elements
d contains negative elements
d contains negative elements
d contains negative elements
d contains negative elements
d contains negative elements
d contains negative elements
d contains negative elements
d contains negative elements
d contains negative elements
d contains negative elements
d contains negative elements
d contains negative elements
d contains negative elements
d contains negative elements
d contains negative elements
d contains negative elements
d contains negative elements
d contains negative elements
d contains negative elements
d contains negative elements
d contains negative elements
d contains negative elements
d contains negative elements
d contains negative elements
d contains negative elements
d contains negative elements
d contains negative elements
d contains negative elements
d contains negative elements
d contains negative elements
d contains negative elements
d contains negative elements
d contains negative elements
d contains negative elements
d contains negative elements
d contains negative elements
d contains negative elements
d contains negative elements
d contains negative elements
d contains negative elements
d contains negative elements
d contains negative elements
d contains negative elements
d contains negative elements
d contains negative elements
d contains negative elements
d contains negative elements
d contains negative elements
d contains negative elements
d contains negative elements
d contains negative elements
d contains negative elements
d contains negative elements
d contains negative elements
d contains negative elements
d contains negative elements
d contains negative elements
d contains negative elements
d contains negative elements
d contains negative elements
d contains negative elements
d contains negative elements
d contains negative elements
d contains negative elements
d contains negative elements
d contains negative elements
d contains negative elements
d contains negative elements
d contains negative elements
d contains negative elements
d contains negative elements
d contains negative elements
d contains negative elements
d contains negative elements
d contains negative elements
d contains negative elements
d contains negative elements
d contains negative elements
d contains negative elements
d contains negative elements
d contains negative elements
d contains negative elements
d contains negative elements
d contains negative elements
d contains negative elements
d contains negative elements
d contains negative elements
d contains negative elements
d contains negative elements
d contains negative elements
d contains negative elements
d contains negative elements
d contains negative elements
d contains negative elements
d contains negative elements
d contains negative elements
d contains negative elements
d contains negative elements
d contains negative elements
d contains negative elements
d contains negative elements
d contains negative elements
d contains negative elements
d contains negative elements
d contains negative elements
d contains negative elements
d contains negative elements
d contains negative elements
d contains negative elements
d contains negative elements
d contains negative elements
d contains negative elements
d contains negative elements
d contains negative elements
d contains negative elements
d contains negative elements
d contains negative elements
d contains negative elements
d contains negative elements
d contains negative elements
d contains negative elements
d contains negative elements
d contains negative elements
d contains negative elements
d contains negative elements
d contains negative elements
d contains negative elements
d contains negative elements
d contains negative elements
d contains negative elements
d contains negative elements
d contains negative elements
d contains negative elements
d contains negative elements
d contains negative elements
d contains negative elements
d contains negative elements
d contains negative elements
d contains negative elements
d contains negative elements
d contains negative elements
d contains negative elements
d contains negative elements
d contains negative elements
d contains negative elements
d contains negative elements
d contains negative elements
d contains negative elements
d contains negative elements
d contains negative elements
d contains negative elements
d contains negative elements
d contains negative elements
d contains negative elements
d contains negative elements
d contains negative elements
d contains negative elements
d contains negative elements
d contains negative elements
d contains negative elements
d contains negative elements
d contains negative elements
d contains negative elements
d contains negative elements
d contains negative elements
d contains negative elements
d contains negative elements
d contains negative elements
d contains negative elements
d contains negative elements
d contains negative elements
d contains negative elements
d contains negative elements
d contains negative elements
d contains negative elements
d contains negative elements
d contains negative elements
d contains negative elements
d contains negative elements
d contains negative elements
d contains negative elements
d contains negative elements
d contains negative elements
d contains negative elements
d contains negative elements
d contains negative elements
d contains negative elements
d contains negative elements
d contains negative elements
d contains negative elements
d contains negative elements
d contains negative elements
d contains negative elements
d contains negative elements
d contains negative elements
d contains negative elements
d contains negative elements
d contains negative elements
d contains negative elements
d contains negative elements
d contains negative elements
d contains negative elements
d contains negative elements
d contains negative elements
d contains negative elements
d contains negative elements
d contains negative elements
d contains negative elements
d contains negative elements
d contains negative elements
d contains negative elements
d contains negative elements
d contains negative elements
d contains negative elements
d contains negative elements
d contains negative elements
d contains negative elements
d contains negative elements
d contains negative elements
d contains negative elements
d contains negative elements
d contains negative elements
d contains negative elements
d contains negative elements
d contains negative elements
d contains negative elements
d contains negative elements
d contains negative elements
d contains negative elements
d contains negative elements
d contains negative elements
d contains negative elements
d contains negative elements
d contains negative elements
d contains negative elements
d contains negative elements
d contains negative elements
d contains negative elements
d contains negative elements
d contains negative elements
d contains negative elements
d contains negative elements
d contains negative elements
d contains negative elements
d contains negative elements
d contains negative elements
d contains negative elements
d contains negative elements
d contains negative elements
d contains negative elements
d contains negative elements
d contains negative elements
d contains negative elements
d contains negative elements
d contains negative elements
d contains negative elements
d contains negative elements
d contains negative elements
d contains negative elements
d contains negative elements
d contains negative elements
d contains negative elements
d contains negative elements
d contains negative elements
d contains negative elements
d contains negative elements
d contains negative elements
d contains negative elements
d contains negative elements
d contains negative elements
d contains negative elements
d contains negative elements
d contains negative elements
d contains negative elements
d contains negative elements
d contains negative elements
d contains negative elements
d contains negative elements
d contains negative elements
d contains negative elements
d contains negative elements
d contains negative elements
d contains negative elements
d contains negative elements
d contains negative elements
d contains negative elements
d contains negative elements
d contains negative elements
d contains negative elements
d contains negative elements
d contains negative elements
d contains negative elements
d contains negative elements
d contains negative elements
d contains negative elements
d contains negative elements
d contains negative elements
d contains negative elements
d contains negative elements
d contains negative elements
d contains negative elements
d contains negative elements
d contains negative elements
d contains negative elements
d contains negative elements
d contains negative elements
d contains negative elements
d contains negative elements
d contains negative elements
d contains negative elements
d contains negative elements
d contains negative elements
d contains negative elements
d contains negative elements
d contains negative elements
d contains negative elements
d contains negative elements
d contains negative elements
d contains negative elements
d contains negative elements
d contains negative elements
d contains negative elements
d contains negative elements
d contains negative elements
d contains negative elements
d contains negative elements
d contains negative elements
d contains negative elements
d contains negative elements
d contains negative elements
d contains negative elements
d contains negative elements
d contains negative elements
d contains negative elements
d contains negative elements
d contains negative elements
d contains negative elements
d contains negative elements
d contains negative elements
d contains negative elements
d contains negative elements
d contains negative elements
d contains negative elements
d contains negative elements
d contains negative elements
d contains negative elements
d contains negative elements
d contains negative elements
d contains negative elements
d contains negative elements
d contains negative elements
d contains negative elements
d contains negative elements
d contains negative elements
d contains negative elements
d contains negative elements
d contains negative elements
d contains negative elements
d contains negative elements
d contains negative elements
d contains negative elements
d contains negative elements
d contains negative elements
d contains negative elements
d contains negative elements
d contains negative elements
d contains negative elements
d contains negative elements
d contains negative elements
d contains negative elements
d contains negative elements
d contains negative elements
d contains negative elements
d contains negative elements
d contains negative elements
d contains negative elements
d contains negative elements
d contains negative elements
d contains negative elements
d contains negative elements
d contains negative elements
d contains negative elements
d contains negative elements
d contains negative elements
d contains negative elements
d contains negative elements
d contains negative elements
d contains negative elements
d contains negative elements
d contains negative elements
d contains negative elements
d contains negative elements
d contains negative elements
d contains negative elements
d contains negative elements
d contains negative elements
d contains negative elements
d contains negative elements
d contains negative elements
d contains negative elements
d contains negative elements
d contains negative elements
d contains negative elements
d contains negative elements
d contains negative elements
d contains negative elements
d contains negative elements
d contains negative elements
d contains negative elements
d contains negative elements
d contains negative elements
d contains negative elements
d contains negative elements
d contains negative elements
d contains negative elements
d contains negative elements
d contains negative elements
d contains negative elements
d contains negative elements
d contains negative elements
d contains negative elements
d contains negative elements
d contains negative elements
d contains negative elements
d contains negative elements
d contains negative elements
d contains negative elements
d contains negative elements
d contains negative elements
d contains negative elements
d contains negative elements
d contains negative elements
d contains negative elements
d contains negative elements
d contains negative elements
d contains negative elements
d contains negative elements
d contains negative elements
d contains negative elements
d contains negative elements
d contains negative elements
d contains negative elements
d contains negative elements
d contains negative elements
d contains negative elements
d contains negative elements
d contains negative elements
d contains negative elements
d contains negative elements
d contains negative elements
d contains negative elements
d contains negative elements
d contains negative elements
d contains negative elements
d contains negative elements
d contains negative elements
d contains negative elements
d contains negative elements
d contains negative elements
d contains negative elements
d contains negative elements
d contains negative elements
d contains negative elements
d contains negative elements
d contains negative elements
d contains negative elements
d contains negative elements
d contains negative elements
d contains negative elements
d contains negative elements
d contains negative elements
d contains negative elements
d contains negative elements
d contains negative elements
d contains negative elements
d contains negative elements
d contains negative elements
d contains negative elements
d contains negative elements
d contains negative elements
d contains negative elements
d contains negative elements
d contains negative elements
d contains negative elements
d contains negative elements
d contains negative elements
d contains negative elements
d contains negative elements
d contains negative elements
d contains negative elements
d contains negative elements
d contains negative elements
d contains negative elements
d contains negative elements
d contains negative elements
d contains negative elements
d contains negative elements
d contains negative elements
d contains negative elements
d contains negative elements
d contains negative elements
d contains negative elements
d contains negative elements
d contains negative elements
d contains negative elements
d contains negative elements
d contains negative elements
d contains negative elements
d contains negative elements
d contains negative elements
d contains negative elements
d contains negative elements
d contains negative elements
d contains negative elements
d contains negative elements
d contains negative elements
d contains negative elements
d contains negative elements
d contains negative elements
d contains negative elements
d contains negative elements
d contains negative elements
d contains negative elements
d contains negative elements
d contains negative elements
d contains negative elements
d contains negative elements
d contains negative elements
d contains negative elements
d contains negative elements
d contains negative elements
d contains negative elements
d contains negative elements
d contains negative elements
d contains negative elements
d contains negative elements
d contains negative elements
d contains negative elements
d contains negative elements
d contains negative elements
d contains negative elements
d contains negative elements
d contains negative elements
d contains negative elements
d contains negative elements
d contains negative elements
d contains negative elements
d contains negative elements
d contains negative elements
d contains negative elements
d contains negative elements
d contains negative elements
d contains negative elements
d contains negative elements
d contains negative elements
d contains negative elements
d contains negative elements
d contains negative elements
d contains negative elements
d contains negative elements
d contains negative elements
d contains negative elements
d contains negative elements
d contains negative elements
d contains negative elements
d contains negative elements
d contains negative elements
d contains negative elements
d contains negative elements
d contains negative elements
d contains negative elements
d contains negative elements
d contains negative elements
d contains negative elements
d contains negative elements
d contains negative elements
d contains negative elements
d contains negative elements
d contains negative elements
d contains negative elements
d contains negative elements
d contains negative elements
d contains negative elements
d contains negative elements
d contains negative elements
d contains negative elements
d contains negative elements
d contains negative elements
d contains negative elements
d contains negative elements
d contains negative elements
d contains negative elements
d contains negative elements
d contains negative elements
d contains negative elements
d contains negative elements
d contains negative elements
d contains negative elements
d contains negative elements
d contains negative elements
d contains negative elements
d contains negative elements
d contains negative elements
d contains negative elements
d contains negative elements
d contains negative elements
d contains negative elements
d contains negative elements
d contains negative elements
d contains negative elements
d contains negative elements
d contains negative elements
d contains negative elements
d contains negative elements
d contains negative elements
d contains negative elements
d contains negative elements
d contains negative elements
d contains negative elements
d contains negative elements
d contains negative elements
d contains negative elements
d contains negative elements
d contains negative elements
d contains negative elements
d contains negative elements
d contains negative elements
d contains negative elements
d contains negative elements
d contains negative elements
d contains negative elements
d contains negative elements
d contains negative elements
d contains negative elements
d contains negative elements
d contains negative elements
d contains negative elements
d contains negative elements
d contains negative elements
d contains negative elements
d contains negative elements
d contains negative elements
d contains negative elements
d contains negative elements
d contains negative elements
d contains negative elements
d contains negative elements
d contains negative elements
d contains negative elements
d contains negative elements
d contains negative elements
d contains negative elements
d contains negative elements
d contains negative elements
d contains negative elements
d contains negative elements
d contains negative elements
d contains negative elements
d contains negative elements
d contains negative elements
d contains negative elements
d contains negative elements
d contains negative elements
d contains negative elements
d contains negative elements
d contains negative elements
d contains negative elements
d contains negative elements
d contains negative elements
d contains negative elements
d contains negative elements
d contains negative elements
d contains negative elements
d contains negative elements
d contains negative elements
d contains negative elements
d contains negative elements
d contains negative elements
d contains negative elements
d contains negative elements
d contains negative elements
d contains negative elements
d contains negative elements
d contains negative elements
d contains negative elements
d contains negative elements
d contains negative elements
d contains negative elements
d contains negative elements
d contains negative elements
d contains negative elements
d contains negative elements
d contains negative elements
d contains negative elements
d contains negative elements
d contains negative elements
d contains negative elements
d contains negative elements
d contains negative elements
d contains negative elements
d contains negative elements
d contains negative elements
d contains negative elements
d contains negative elements
d contains negative elements
d contains negative elements
d contains negative elements
d contains negative elements
d contains negative elements
d contains negative elements
d contains negative elements
d contains negative elements
d contains negative elements
d contains negative elements
d contains negative elements
d contains negative elements
d contains negative elements
d contains negative elements
d contains negative elements
d contains negative elements
d contains negative elements
d contains negative elements
d contains negative elements
d contains negative elements
d contains negative elements
d contains negative elements
d contains negative elements
d contains negative elements
d contains negative elements
d contains negative elements
d contains negative elements
d contains negative elements
d contains negative elements
d contains negative elements
d contains negative elements
d contains negative elements
d contains negative elements
d contains negative elements
d contains negative elements
d contains negative elements
d contains negative elements
d contains negative elements
d contains negative elements
d contains negative elements
d contains negative elements
d contains negative elements
d contains negative elements
d contains negative elements
d contains negative elements
d contains negative elements
d contains negative elements
d contains negative elements
d contains negative elements
d contains negative elements
d contains negative elements
d contains negative elements
d contains negative elements
d contains negative elements
d contains negative elements
d contains negative elements
d contains negative elements
d contains negative elements
d contains negative elements
d contains negative elements
d contains negative elements
d contains negative elements
d contains negative elements
d contains negative elements
d contains negative elements
d contains negative elements
d contains negative elements
d contains negative elements
d contains negative elements
d contains negative elements
d contains negative elements
d contains negative elements
d contains negative elements
d contains negative elements
d contains negative elements
d contains negative elements
d contains negative elements
d contains negative elements
d contains negative elements
d contains negative elements
d contains negative elements
d contains negative elements
d contains negative elements
d contains negative elements
d contains negative elements
d contains negative elements
d contains negative elements
d contains negative elements
d contains negative elements
d contains negative elements
d contains negative elements
d contains negative elements
d contains negative elements
d contains negative elements
d contains negative elements
d contains negative elements
d contains negative elements
d contains negative elements
d contains negative elements
d contains negative elements
d contains negative elements
d contains negative elements
d contains negative elements
d contains negative elements
d contains negative elements
d contains negative elements
d contains negative elements
d contains negative elements
d contains negative elements
d contains negative elements
d contains negative elements
d contains negative elements
d contains negative elements
d contains negative elements
d contains negative elements
d contains negative elements
d contains negative elements
d contains negative elements
d contains negative elements
d contains negative elements
d contains negative elements
d contains negative elements
d contains negative elements
d contains negative elements
d contains negative elements
d contains negative elements
d contains negative elements
d contains negative elements
d contains negative elements
d contains negative elements
d contains negative elements
d contains negative elements
d contains negative elements
d contains negative elements
d contains negative elements
d contains negative elements
d contains negative elements
d contains negative elements
d contains negative elements
d contains negative elements
d contains negative elements
d contains negative elements
d contains negative elements
d contains negative elements
d contains negative elements
d contains negative elements
d contains negative elements
d contains negative elements
d contains negative elements
d contains negative elements
d contains negative elements
d contains negative elements
d contains negative elements
d contains negative elements
d contains negative elements
d contains negative elements
d contains negative elements
d contains negative elements
d contains negative elements
d contains negative elements
d contains negative elements
d contains negative elements
d contains negative elements
d contains negative elements
d contains negative elements
d contains negative elements
d contains negative elements
d contains negative elements
d contains negative elements
d contains negative elements
d contains negative elements
d contains negative elements
d contains negative elements
d contains negative elements
d contains negative elements
d contains negative elements
d contains negative elements
d contains negative elements
d contains negative elements
d contains negative elements
d contains negative elements
d contains negative elements
d contains negative elements
d contains negative elements
d contains negative elements
d contains negative elements
d contains negative elements
d contains negative elements
d contains negative elements
d contains negative elements
d contains negative elements
d contains negative elements
d contains negative elements
d contains negative elements
d contains negative elements
d contains negative elements
d contains negative elements
d contains negative elements
d contains negative elements
d contains negative elements
d contains negative elements
d contains negative elements
d contains negative elements
d contains negative elements
d contains negative elements
d contains negative elements
d contains negative elements
d contains negative elements
d contains negative elements
d contains negative elements
d contains negative elements
d contains negative elements
d contains negative elements
d contains negative elements
d contains negative elements
d contains negative elements
d contains negative elements
d contains negative elements
d contains negative elements
d contains negative elements
d contains negative elements
d contains negative elements
d contains negative elements
d contains negative elements
d contains negative elements
d contains negative elements
d contains negative elements
d contains negative elements
d contains negative elements
d contains negative elements
d contains negative elements
d contains negative elements
d contains negative elements
d contains negative elements
d contains negative elements
d contains negative elements
d contains negative elements
d contains negative elements
d contains negative elements
d contains negative elements
d contains negative elements
d contains negative elements
d contains negative elements
d contains negative elements
d contains negative elements
d contains negative elements
d contains negative elements
d contains negative elements
d contains negative elements
d contains negative elements
d contains negative elements
d contains negative elements
d contains negative elements
d contains negative elements
d contains negative elements
d contains negative elements
d contains negative elements
d contains negative elements
d contains negative elements
d contains negative elements
d contains negative elements
d contains negative elements
d contains negative elements
d contains negative elements
d contains negative elements
d contains negative elements
d contains negative elements
d contains negative elements
d contains negative elements
d contains negative elements
d contains negative elements
d contains negative elements
d contains negative elements
d contains negative elements
d contains negative elements
d contains negative elements
d contains negative elements
d contains negative elements
d contains negative elements
d contains negative elements
d contains negative elements
d contains negative elements
d contains negative elements
d contains negative elements
d contains negative elements
d contains negative elements
d contains negative elements
d contains negative elements
d contains negative elements
d contains negative elements
d contains negative elements
d contains negative elements
d contains negative elements
d contains negative elements
d contains negative elements
d contains negative elements
d contains negative elements
d contains negative elements
d contains negative elements
d contains negative elements
d contains negative elements
d contains negative elements
d contains negative elements
d contains negative elements
d contains negative elements
d contains negative elements
d contains negative elements
d contains negative elements
d contains negative elements
d contains negative elements
d contains negative elements
d contains negative elements
d contains negative elements
d contains negative elements
d contains negative elements
d contains negative elements
d contains negative elements
d contains negative elements
d contains negative elements
d contains negative elements
d contains negative elements
d contains negative elements
d contains negative elements
d contains negative elements
d contains negative elements
d contains negative elements
d contains negative elements
d contains negative elements
d contains negative elements
d contains negative elements
d contains negative elements
d contains negative elements
d contains negative elements
d contains negative elements
d contains negative elements
d contains negative elements
d contains negative elements
d contains negative elements
d contains negative elements
d contains negative elements
d contains negative elements
d contains negative elements
d contains negative elements
d contains negative elements
d contains negative elements
d contains negative elements
d contains negative elements
d contains negative elements
d contains negative elements
d contains negative elements
d contains negative elements
d contains negative elements
d contains negative elements
d contains negative elements
d contains negative elements
d contains negative elements
d contains negative elements
d contains negative elements
d contains negative elements
d contains negative elements
d contains negative elements
d contains negative elements
d contains negative elements
d contains negative elements
d contains negative elements
d contains negative elements
d contains negative elements
d contains negative elements
d contains negative elements
d contains negative elements
d contains negative elements
d contains negative elements
d contains negative elements
d contains negative elements
d contains negative elements
d contains negative elements
d contains negative elements
d contains negative elements
d contains negative elements
d contains negative elements
d contains negative elements
d contains negative elements
d contains negative elements
d contains negative elements
d contains negative elements
d contains negative elements
d contains negative elements
d contains negative elements
d contains negative elements
d contains negative elements
d contains negative elements
d contains negative elements
d contains negative elements
d contains negative elements
d contains negative elements
d contains negative elements
d contains negative elements
d contains negative elements
d contains negative elements
d contains negative elements
d contains negative elements
d contains negative elements
d contains negative elements
d contains negative elements
d contains negative elements
d contains negative elements
d contains negative elements
d contains negative elements
d contains negative elements
d contains negative elements
d contains negative elements
d contains negative elements
d contains negative elements
d contains negative elements
d contains negative elements
d contains negative elements
d contains negative elements
d contains negative elements
d contains negative elements
d contains negative elements
d contains negative elements
d contains negative elements
d contains negative elements
d contains negative elements
d contains negative elements
d contains negative elements
d contains negative elements
d contains negative elements
d contains negative elements
d contains negative elements
d contains negative elements
d contains negative elements
d contains negative elements
d contains negative elements
d contains negative elements
d contains negative elements
d contains negative elements
d contains negative elements
d contains negative elements
d contains negative elements
d contains negative elements
d contains negative elements
d contains negative elements
d contains negative elements
d contains negative elements
d contains negative elements
d contains negative elements
d contains negative elements
d contains negative elements
d contains negative elements
d contains negative elements
d contains negative elements
d contains negative elements
d contains negative elements
d contains negative elements
d contains negative elements
d contains negative elements
d contains negative elements
d contains negative elements
d contains negative elements
d contains negative elements
d contains negative elements
d contains negative elements
d contains negative elements
d contains negative elements
d contains negative elements
d contains negative elements
d contains negative elements
d contains negative elements
d contains negative elements
d contains negative elements
d contains negative elements
d contains negative elements
d contains negative elements
d contains negative elements
d contains negative elements
d contains negative elements
d contains negative elements
d contains negative elements
d contains negative elements
d contains negative elements
d contains negative elements
d contains negative elements
d contains negative elements
d contains negative elements
d contains negative elements
d contains negative elements
d contains negative elements
d contains negative elements
d contains negative elements
d contains negative elements
d contains negative elements
d contains negative elements
d contains negative elements
d contains negative elements
d contains negative elements
d contains negative elements
d contains negative elements
d contains negative elements
d contains negative elements
d contains negative elements
d contains negative elements
d contains negative elements
d contains negative elements
d contains negative elements
d contains negative elements
d contains negative elements
d contains negative elements
d contains negative elements
d contains negative elements
d contains negative elements
d contains negative elements
d contains negative elements
d contains negative elements
d contains negative elements
d contains negative elements
d contains negative elements
d contains negative elements
d contains negative elements
d contains negative elements
d contains negative elements
d contains negative elements
d contains negative elements
d contains negative elements
d contains negative elements
d contains negative elements
d contains negative elements
d contains negative elements
d contains negative elements
d contains negative elements
d contains negative elements
d contains negative elements
d contains negative elements
d contains negative elements
d contains negative elements
d contains negative elements
d contains negative elements
d contains negative elements
d contains negative elements
d contains negative elements
d contains negative elements
d contains negative elements
d contains negative elements
d contains negative elements
d contains negative elements
d contains negative elements
d contains negative elements
d contains negative elements
d contains negative elements
d contains negative elements
d contains negative elements
d contains negative elements
d contains negative elements
d contains negative elements
d contains negative elements
d contains negative elements
d contains negative elements
d contains negative elements
d contains negative elements
d contains negative elements
d contains negative elements
d contains negative elements
d contains negative elements
d contains negative elements
d contains negative elements
d contains negative elements
d contains negative elements
d contains negative elements
d contains negative elements
d contains negative elements
d contains negative elements
d contains negative elements
d contains negative elements
d contains negative elements
d contains negative elements
d contains negative elements
d contains negative elements
d contains negative elements
d contains negative elements
d contains negative elements
d contains negative elements
d contains negative elements
d contains negative elements
d contains negative elements
d contains negative elements
d contains negative elements
d contains negative elements
d contains negative elements
d contains negative elements
d contains negative elements
d contains negative elements
d contains negative elements
d contains negative elements
d contains negative elements
d contains negative elements
d contains negative elements
d contains negative elements
d contains negative elements
d contains negative elements
d contains negative elements
d contains negative elements
d contains negative elements
d contains negative elements
d contains negative elements
d contains negative elements
d contains negative elements
d contains negative elements
d contains negative elements
d contains negative elements
d contains negative elements
d contains negative elements
d contains negative elements
d contains negative elements
d contains negative elements
d contains negative elements
d contains negative elements
d contains negative elements
d contains negative elements
d contains negative elements
d contains negative elements
d contains negative elements
d contains negative elements
d contains negative elements
d contains negative elements
d contains negative elements
d contains negative elements
d contains negative elements
d contains negative elements
d contains negative elements
d contains negative elements
d contains negative elements
d contains negative elements
d contains negative elements
d contains negative elements
d contains negative elements
d contains negative elements
d contains negative elements
d contains negative elements
d contains negative elements
d contains negative elements
d contains negative elements
d contains negative elements
d contains negative elements
d contains negative elements
d contains negative elements
d contains negative elements
d contains negative elements
d contains negative elements
d contains negative elements
d contains negative elements
d contains negative elements
d contains negative elements
d contains negative elements
d contains negative elements
d contains negative elements
d contains negative elements
d contains negative elements
d contains negative elements
d contains negative elements
d contains negative elements
d contains negative elements
d contains negative elements
d contains negative elements
d contains negative elements
d contains negative elements
d contains negative elements
d contains negative elements
d contains negative elements
d contains negative elements
d contains negative elements
d contains negative elements
d contains negative elements
d contains negative elements
d contains negative elements
d contains negative elements
d contains negative elements
d contains negative elements
d contains negative elements
d contains negative elements
d contains negative elements
d contains negative elements
d contains negative elements
d contains negative elements
d contains negative elements
d contains negative elements
d contains negative elements
d contains negative elements
d contains negative elements
d contains negative elements
d contains negative elements
d contains negative elements
d contains negative elements
d contains negative elements
d contains negative elements
d contains negative elements
d contains negative elements
d contains negative elements
d contains negative elements
d contains negative elements
d contains negative elements
d contains negative elements
d contains negative elements
d contains negative elements
d contains negative elements
d contains negative elements
d contains negative elements
d contains negative elements
d contains negative elements
d contains negative elements
d contains negative elements
d contains negative elements
d contains negative elements
d contains negative elements
d contains negative elements
d contains negative elements
d contains negative elements
d contains negative elements
d contains negative elements
d contains negative elements
d contains negative elements
d contains negative elements
d contains negative elements
d contains negative elements
d contains negative elements
d contains negative elements
d contains negative elements
d contains negative elements
d contains negative elements
d contains negative elements
d contains negative elements
d contains negative elements
d contains negative elements
d contains negative elements
d contains negative elements
d contains negative elements
d contains negative elements
d contains negative elements
d contains negative elements
d contains negative elements
d contains negative elements
d contains negative elements
d contains negative elements
d contains negative elements
d contains negative elements
d contains negative elements
d contains negative elements
d contains negative elements
d contains negative elements
d contains negative elements
d contains negative elements
d contains negative elements
d contains negative elements
d contains negative elements
d contains negative elements
d contains negative elements
d contains negative elements
d contains negative elements
d contains negative elements
d contains negative elements
d contains negative elements
d contains negative elements
d contains negative elements
d contains negative elements
d contains negative elements
d contains negative elements
d contains negative elements
d contains negative elements
d contains negative elements
d contains negative elements
d contains negative elements
d contains negative elements
d contains negative elements
d contains negative elements
d contains negative elements
d contains negative elements
d contains negative elements
d contains negative elements
d contains negative elements
d contains negative elements
d contains negative elements
d contains negative elements
d contains negative elements
d contains negative elements
d contains negative elements
d contains negative elements
d contains negative elements
d contains negative elements
d contains negative elements
d contains negative elements
d contains negative elements
d contains negative elements
d contains negative elements
d contains negative elements
d contains negative elements
d contains negative elements
d contains negative elements
d contains negative elements
d contains negative elements
d contains negative elements
d contains negative elements
d contains negative elements
d contains negative elements
d contains negative elements
d contains negative elements
d contains negative elements
d contains negative elements
d contains negative elements
d contains negative elements
d contains negative elements
d contains negative elements
d contains negative elements
d contains negative elements
d contains negative elements
d contains negative elements
d contains negative elements
d contains negative elements
d contains negative elements
d contains negative elements
d contains negative elements
d contains negative elements
d contains negative elements
d contains negative elements
d contains negative elements
d contains negative elements
d contains negative elements
d contains negative elements
d contains negative elements
d contains negative elements
d contains negative elements
d contains negative elements
d contains negative elements
d contains negative elements
d contains negative elements
d contains negative elements
d contains negative elements
d contains negative elements
d contains negative elements
d contains negative elements
d contains negative elements
d contains negative elements
d contains negative elements
d contains negative elements
d contains negative elements
d contains negative elements
d contains negative elements
d contains negative elements
d contains negative elements
d contains negative elements
d contains negative elements
d contains negative elements
d contains negative elements
d contains negative elements
d contains negative elements
d contains negative elements
d contains negative elements
d contains negative elements
d contains negative elements
d contains negative elements
d contains negative elements
d contains negative elements
d contains negative elements
d contains negative elements
d contains negative elements
d contains negative elements
d contains negative elements
d contains negative elements
d contains negative elements
d contains negative elements
d contains negative elements
d contains negative elements
d contains negative elements
d contains negative elements
d contains negative elements
d contains negative elements
d contains negative elements
d contains negative elements
d contains negative elements
d contains negative elements
d contains negative elements
d contains negative elements
d contains negative elements
d contains negative elements
d contains negative elements
d contains negative elements
d contains negative elements
d contains negative elements
d contains negative elements
d contains negative elements
d contains negative elements
d contains negative elements
d contains negative elements
d contains negative elements
d contains negative elements
d contains negative elements
d contains negative elements
d contains negative elements
d contains negative elements
d contains negative elements
d contains negative elements
d contains negative elements
d contains negative elements
d contains negative elements
d contains negative elements
d contains negative elements
d contains negative elements
d contains negative elements
d contains negative elements
d contains negative elements
d contains negative elements
d contains negative elements
d contains negative elements
d contains negative elements
d contains negative elements
d contains negative elements
d contains negative elements
d contains negative elements
d contains negative elements
d contains negative elements
d contains negative elements
d contains negative elements
d contains negative elements
d contains negative elements
d contains negative elements
d contains negative elements
d contains negative elements
d contains negative elements
d contains negative elements
d contains negative elements
d contains negative elements
d contains negative elements
d contains negative elements
d contains negative elements
d contains negative elements
d contains negative elements
d contains negative elements
d contains negative elements
d contains negative elements
d contains negative elements
d contains negative elements
d contains negative elements
d contains negative elements
d contains negative elements
d contains negative elements
d contains negative elements
d contains negative elements
d contains negative elements
d contains negative elements
d contains negative elements
d contains negative elements
d contains negative elements
d contains negative elements
d contains negative elements
d contains negative elements
d contains negative elements
d contains negative elements
d contains negative elements
d contains negative elements
d contains negative elements
d contains negative elements
d contains negative elements
d contains negative elements
d contains negative elements
d contains negative elements
d contains negative elements
d contains negative elements
d contains negative elements
d contains negative elements
d contains negative elements
d contains negative elements
d contains negative elements
d contains negative elements
d contains negative elements
d contains negative elements
d contains negative elements
d contains negative elements
d contains negative elements
d contains negative elements
d contains negative elements
d contains negative elements
d contains negative elements
d contains negative elements
d contains negative elements
d contains negative elements
d contains negative elements
d contains negative elements
d contains negative elements
d contains negative elements
d contains negative elements
d contains negative elements
d contains negative elements
d contains negative elements
d contains negative elements
d contains negative elements
d contains negative elements
d contains negative elements
d contains negative elements
d contains negative elements
d contains negative elements
d contains negative elements
d contains negative elements
d contains negative elements
d contains negative elements
d contains negative elements
d contains negative elements
d contains negative elements
d contains negative elements
d contains negative elements
d contains negative elements
d contains negative elements
d contains negative elements
d contains negative elements
d contains negative elements
d contains negative elements
d contains negative elements
d contains negative elements
d contains negative elements
d contains negative elements
d contains negative elements
d contains negative elements
d contains negative elements
d contains negative elements
d contains negative elements
d contains negative elements
d contains negative elements
d contains negative elements
d contains negative elements
d contains negative elements
d contains negative elements
d contains negative elements
d contains negative elements
d contains negative elements
d contains negative elements
d contains negative elements
d contains negative elements
d contains negative elements
d contains negative elements
d contains negative elements
d contains negative elements
d contains negative elements
d contains negative elements
d contains negative elements
d contains negative elements
d contains negative elements
d contains negative elements
d contains negative elements
d contains negative elements
d contains negative elements
d contains negative elements
d contains negative elements
d contains negative elements
d contains negative elements
d contains negative elements
d contains negative elements
d contains negative elements
d contains negative elements
d contains negative elements
d contains negative elements
d contains negative elements
d contains negative elements
d contains negative elements
d contains negative elements
d contains negative elements
d contains negative elements
d contains negative elements
d contains negative elements
d contains negative elements
d contains negative elements
d contains negative elements
d contains negative elements
d contains negative elements
d contains negative elements
d contains negative elements
d contains negative elements
d contains negative elements
d contains negative elements
d contains negative elements
d contains negative elements
d contains negative elements
d contains negative elements
d contains negative elements
d contains negative elements
d contains negative elements
d contains negative elements
d contains negative elements
d contains negative elements
d contains negative elements
d contains negative elements
d contains negative elements
d contains negative elements
d contains negative elements
d contains negative elements
d contains negative elements
d contains negative elements
d contains negative elements
d contains negative elements
d contains negative elements
d contains negative elements
d contains negative elements
d contains negative elements
d contains negative elements
d contains negative elements
d contains negative elements
d contains negative elements
d contains negative elements
d contains negative elements
d contains negative elements
d contains negative elements
d contains negative elements
d contains negative elements
d contains negative elements
d contains negative elements
d contains negative elements
d contains negative elements
d contains negative elements
d contains negative elements
d contains negative elements
d contains negative elements
d contains negative elements
d contains negative elements
d contains negative elements
d contains negative elements
d contains negative elements
d contains negative elements
d contains negative elements
d contains negative elements
d contains negative elements
d contains negative elements
d contains negative elements
d contains negative elements
d contains negative elements
d contains negative elements
d contains negative elements
d contains negative elements
d contains negative elements
d contains negative elements
d contains negative elements
d contains negative elements
d contains negative elements
d contains negative elements
d contains negative elements
d contains negative elements
d contains negative elements
d contains negative elements
d contains negative elements
d contains negative elements
d contains negative elements
d contains negative elements
d contains negative elements
d contains negative elements
d contains negative elements
d contains negative elements
d contains negative elements
d contains negative elements
d contains negative elements
d contains negative elements
d contains negative elements
d contains negative elements
d contains negative elements
d contains negative elements
d contains negative elements
d contains negative elements
d contains negative elements
d contains negative elements
d contains negative elements
d contains negative elements
d contains negative elements
d contains negative elements
d contains negative elements
d contains negative elements
d contains negative elements
d contains negative elements
d contains negative elements
d contains negative elements
d contains negative elements
d contains negative elements
d contains negative elements
d contains negative elements
d contains negative elements
d contains negative elements
d contains negative elements
d contains negative elements
d contains negative elements
d contains negative elements
d contains negative elements
d contains negative elements
d contains negative elements
d contains negative elements
d contains negative elements
d contains negative elements
d contains negative elements
d contains negative elements
d contains negative elements
d contains negative elements
d contains negative elements
d contains negative elements
d contains negative elements
d contains negative elements
d contains negative elements
d contains negative elements
d contains negative elements
d contains negative elements
d contains negative elements
d contains negative elements
d contains negative elements
d contains negative elements
d contains negative elements
d contains negative elements
d contains negative elements
d contains negative elements
d contains negative elements
d contains negative elements
d contains negative elements
d contains negative elements
d contains negative elements
d contains negative elements
d contains negative elements
d contains negative elements
d contains negative elements
d contains negative elements
d contains negative elements
d contains negative elements
d contains negative elements
d contains negative elements
d contains negative elements
d contains negative elements
d contains negative elements
d contains negative elements
d contains negative elements
d contains negative elements
d contains negative elements
d contains negative elements
d contains negative elements
d contains negative elements
d contains negative elements
d contains negative elements
d contains negative elements
d contains negative elements
d contains negative elements
d contains negative elements
d contains negative elements
d contains negative elements
d contains negative elements
d contains negative elements
d contains negative elements
d contains negative elements
d contains negative elements
d contains negative elements
d contains negative elements
d contains negative elements
d contains negative elements
d contains negative elements
d contains negative elements
d contains negative elements
d contains negative elements
d contains negative elements
d contains negative elements
d contains negative elements
d contains negative elements
d contains negative elements
d contains negative elements
d contains negative elements
d contains negative elements
d contains negative elements
d contains negative elements
d contains negative elements
d contains negative elements
d contains negative elements
d contains negative elements
d contains negative elements
d contains negative elements
d contains negative elements
d contains negative elements
d contains negative elements
d contains negative elements
d contains negative elements
d contains negative elements
d contains negative elements
d contains negative elements
d contains negative elements
d contains negative elements
d contains negative elements
d contains negative elements
d contains negative elements
d contains negative elements
d contains negative elements
d contains negative elements
d contains negative elements
d contains negative elements
d contains negative elements
d contains negative elements
d contains negative elements
d contains negative elements
d contains negative elements
d contains negative elements
d contains negative elements
d contains negative elements
d contains negative elements
d contains negative elements
d contains negative elements
d contains negative elements
d contains negative elements
d contains negative elements
d contains negative elements
d contains negative elements
d contains negative elements
d contains negative elements
d contains negative elements
d contains negative elements
d contains negative elements
d contains negative elements
d contains negative elements
d contains negative elements
d contains negative elements
d contains negative elements
d contains negative elements
d contains negative elements
d contains negative elements
d contains negative elements
d contains negative elements
d contains negative elements
d contains negative elements
d contains negative elements
d contains negative elements
d contains negative elements
d contains negative elements
d contains negative elements
d contains negative elements
d contains negative elements
d contains negative elements
d contains negative elements
d contains negative elements
d contains negative elements
d contains negative elements
d contains negative elements
d contains negative elements
d contains negative elements
d contains negative elements
d contains negative elements
d contains negative elements
d contains negative elements
d contains negative elements
d contains negative elements
d contains negative elements
d contains negative elements
d contains negative elements
d contains negative elements
d contains negative elements
d contains negative elements
d contains negative elements
d contains negative elements
d contains negative elements
d contains negative elements
d contains negative elements
d contains negative elements
d contains negative elements
d contains negative elements
d contains negative elements
d contains negative elements
d contains negative elements
d contains negative elements
d contains negative elements
d contains negative elements
d contains negative elements
d contains negative elements
d contains negative elements
d contains negative elements
d contains negative elements
d contains negative elements
d contains negative elements
d contains negative elements
d contains negative elements
d contains negative elements
d contains negative elements
d contains negative elements
d contains negative elements
d contains negative elements
d contains negative elements
d contains negative elements
d contains negative elements
d contains negative elements
d contains negative elements
d contains negative elements
d contains negative elements
d contains negative elements
d contains negative elements
d contains negative elements
d contains negative elements
d contains negative elements
d contains negative elements
d contains negative elements
d contains negative elements
d contains negative elements
d contains negative elements
d contains negative elements
d contains negative elements
d contains negative elements
d contains negative elements
d contains negative elements
d contains negative elements
d contains negative elements
d contains negative elements
d contains negative elements
d contains negative elements
d contains negative elements
d contains negative elements
d contains negative elements
d contains negative elements
d contains negative elements
d contains negative elements
d contains negative elements
d contains negative elements
d contains negative elements
d contains negative elements
d contains negative elements
d contains negative elements
d contains negative elements
d contains negative elements
d contains negative elements
d contains negative elements
d contains negative elements
d contains negative elements
d contains negative elements
d contains negative elements
d contains negative elements
d contains negative elements
d contains negative elements
d contains negative elements
d contains negative elements
d contains negative elements
d contains negative elements
d contains negative elements
d contains negative elements
d contains negative elements
d contains negative elements
d contains negative elements
d contains negative elements
d contains negative elements
d contains negative elements
d contains negative elements
d contains negative elements
d contains negative elements
d contains negative elements
d contains negative elements
d contains negative elements
d contains negative elements
d contains negative elements
d contains negative elements
d contains negative elements
d contains negative elements
d contains negative elements
d contains negative elements
d contains negative elements
d contains negative elements
d contains negative elements
d contains negative elements
d contains negative elements
d contains negative elements
d contains negative elements
d contains negative elements
d contains negative elements
d contains negative elements
d contains negative elements
d contains negative elements
d contains negative elements
d contains negative elements
d contains negative elements
d contains negative elements
d contains negative elements
d contains negative elements
d contains negative elements
d contains negative elements
d contains negative elements
d contains negative elements
d contains negative elements
d contains negative elements
d contains negative elements
d contains negative elements
d contains negative elements
d contains negative elements
d contains negative elements
d contains negative elements
d contains negative elements
d contains negative elements
d contains negative elements
d contains negative elements
d contains negative elements
d contains negative elements
d contains negative elements
d contains negative elements
d contains negative elements
d contains negative elements
d contains negative elements
d contains negative elements
d contains negative elements
d contains negative elements
d contains negative elements
d contains negative elements
d contains negative elements
d contains negative elements
d contains negative elements
d contains negative elements
d contains negative elements
d contains negative elements
d contains negative elements
d contains negative elements
d contains negative elements
d contains negative elements
d contains negative elements
d contains negative elements
d contains negative elements
d contains negative elements
d contains negative elements
d contains negative elements
d contains negative elements
d contains negative elements
d contains negative elements
d contains negative elements
d contains negative elements
d contains negative elements
d contains negative elements
d contains negative elements
d contains negative elements
d contains negative elements
d contains negative elements
d contains negative elements
d contains negative elements
d contains negative elements
d contains negative elements
d contains negative elements
d contains negative elements
d contains negative elements
d contains negative elements
d contains negative elements
d contains negative elements
d contains negative elements
d contains negative elements
d contains negative elements
d contains negative elements
d contains negative elements
d contains negative elements
d contains negative elements
d contains negative elements
d contains negative elements
d contains negative elements
d contains negative elements
d contains negative elements
d contains negative elements
d contains negative elements
d contains negative elements
d contains negative elements
d contains negative elements
d contains negative elements
d contains negative elements
d contains negative elements
d contains negative elements
d contains negative elements
d contains negative elements
d contains negative elements
d contains negative elements
d contains negative elements
d contains negative elements
d contains negative elements
d contains negative elements
d contains negative elements
d contains negative elements
d contains negative elements
d contains negative elements
d contains negative elements
d contains negative elements
d contains negative elements
d contains negative elements
d contains negative elements
d contains negative elements
d contains negative elements
d contains negative elements
d contains negative elements
d contains negative elements
d contains negative elements
d contains negative elements
d contains negative elements
d contains negative elements
d contains negative elements
d contains negative elements
d contains negative elements
d contains negative elements
d contains negative elements
d contains negative elements
d contains negative elements
d contains negative elements
d contains negative elements
d contains negative elements
d contains negative elements
d contains negative elements
d contains negative elements
d contains negative elements
d contains negative elements
d contains negative elements
d contains negative elements
d contains negative elements
d contains negative elements
d contains negative elements
d contains negative elements
d contains negative elements
d contains negative elements
d contains negative elements
d contains negative elements
d contains negative elements
d contains negative elements
d contains negative elements
d contains negative elements
d contains negative elements
d contains negative elements
d contains negative elements
d contains negative elements
d contains negative elements
d contains negative elements
d contains negative elements
d contains negative elements
d contains negative elements
d contains negative elements
d contains negative elements
d contains negative elements
d contains negative elements
d contains negative elements
d contains negative elements
d contains negative elements
d contains negative elements
d contains negative elements
d contains negative elements
d contains negative elements
d contains negative elements
d contains negative elements
d contains negative elements
d contains negative elements
d contains negative elements
d contains negative elements
d contains negative elements
d contains negative elements
d contains negative elements
d contains negative elements
d contains negative elements
d contains negative elements
d contains negative elements
d contains negative elements
d contains negative elements
d contains negative elements
d contains negative elements
d contains negative elements
d contains negative elements
d contains negative elements
d contains negative elements
d contains negative elements
d contains negative elements
d contains negative elements
d contains negative elements
d contains negative elements
d contains negative elements
d contains negative elements
d contains negative elements
d contains negative elements
d contains negative elements
d contains negative elements
d contains negative elements
d contains negative elements
d contains negative elements
d contains negative elements
d contains negative elements
d contains negative elements
d contains negative elements
d contains negative elements
d contains negative elements
d contains negative elements
d contains negative elements
d contains negative elements
d contains negative elements
d contains negative elements
d contains negative elements
d contains negative elements
d contains negative elements
d contains negative elements
d contains negative elements
d contains negative elements
d contains negative elements
d contains negative elements
d contains negative elements
d contains negative elements
d contains negative elements
d contains negative elements
d contains negative elements
d contains negative elements
d contains negative elements
d contains negative elements
d contains negative elements
d contains negative elements
d contains negative elements
d contains negative elements
d contains negative elements
d contains negative elements
d contains negative elements
d contains negative elements
d contains negative elements
d contains negative elements
d contains negative elements
d contains negative elements
d contains negative elements
d contains negative elements
d contains negative elements
d contains negative elements
d contains negative elements
d contains negative elements
d contains negative elements
d contains negative elements
d contains negative elements
d contains negative elements
d contains negative elements
d contains negative elements
d contains negative elements
d contains negative elements
d contains negative elements
d contains negative elements
d contains negative elements
d contains negative elements
d contains negative elements
d contains negative elements
d contains negative elements
d contains negative elements
d contains negative elements
d contains negative elements
d contains negative elements
d contains negative elements
d contains negative elements
d contains negative elements
d contains negative elements
d contains negative elements
d contains negative elements
d contains negative elements
d contains negative elements
d contains negative elements
d contains negative elements
d contains negative elements
d contains negative elements
d contains negative elements
d contains negative elements
d contains negative elements
d contains negative elements
d contains negative elements
d contains negative elements
d contains negative elements
d contains negative elements
d contains negative elements
d contains negative elements
d contains negative elements
d contains negative elements
d contains negative elements
d contains negative elements
d contains negative elements
d contains negative elements
d contains negative elements
d contains negative elements
d contains negative elements
d contains negative elements
d contains negative elements
d contains negative elements
d contains negative elements
d contains negative elements
d contains negative elements
d contains negative elements
d contains negative elements
d contains negative elements
d contains negative elements
d contains negative elements
d contains negative elements
d contains negative elements
d contains negative elements
d contains negative elements
d contains negative elements
d contains negative elements
d contains negative elements
d contains negative elements
d contains negative elements
d contains negative elements
d contains negative elements
d contains negative elements
d contains negative elements
d contains negative elements
d contains negative elements
d contains negative elements
d contains negative elements
d contains negative elements
d contains negative elements
d contains negative elements
d contains negative elements
d contains negative elements
d contains negative elements
d contains negative elements
d contains negative elements
d contains negative elements
d contains negative elements
d contains negative elements
d contains negative elements
d contains negative elements
d contains negative elements
d contains negative elements
d contains negative elements
d contains negative elements
d contains negative elements
d contains negative elements
d contains negative elements
d contains negative elements
d contains negative elements
d contains negative elements
d contains negative elements
d contains negative elements
d contains negative elements
d contains negative elements
d contains negative elements
d contains negative elements
d contains negative elements
d contains negative elements
d contains negative elements
d contains negative elements
d contains negative elements
d contains negative elements
d contains negative elements
d contains negative elements
d contains negative elements
d contains negative elements
d contains negative elements
d contains negative elements
d contains negative elements
d contains negative elements
d contains negative elements
d contains negative elements
d contains negative elements
d contains negative elements
d contains negative elements
d contains negative elements
d contains negative elements
d contains negative elements
d contains negative elements
d contains negative elements
d contains negative elements
d contains negative elements
d contains negative elements
d contains negative elements
d contains negative elements
d contains negative elements
d contains negative elements
d contains negative elements
d contains negative elements
d contains negative elements
d contains negative elements
d contains negative elements
d contains negative elements
d contains negative elements
d contains negative elements
d contains negative elements
d contains negative elements
d contains negative elements
d contains negative elements
d contains negative elements
d contains negative elements
d contains negative elements
d contains negative elements
d contains negative elements
d contains negative elements
d contains negative elements
d contains negative elements
d contains negative elements
d contains negative elements
d contains negative elements
d contains negative elements
d contains negative elements
d contains negative elements
d contains negative elements
d contains negative elements
d contains negative elements
d contains negative elements
d contains negative elements
d contains negative elements
d contains negative elements
d contains negative elements
d contains negative elements
d contains negative elements
d contains negative elements
d contains negative elements
d contains negative elements
d contains negative elements
d contains negative elements
d contains negative elements
d contains negative elements
d contains negative elements
d contains negative elements
d contains negative elements
d contains negative elements
d contains negative elements
d contains negative elements
d contains negative elements
d contains negative elements
d contains negative elements
d contains negative elements
d contains negative elements
d contains negative elements
d contains negative elements
d contains negative elements
d contains negative elements
d contains negative elements
d contains negative elements
d contains negative elements
d contains negative elements
d contains negative elements
d contains negative elements
d contains negative elements
d contains negative elements
d contains negative elements
d contains negative elements
d contains negative elements
d contains negative elements
d contains negative elements
d contains negative elements
d contains negative elements
d contains negative elements
d contains negative elements
d contains negative elements
d contains negative elements
d contains negative elements
d contains negative elements
d contains negative elements
d contains negative elements
d contains negative elements
d contains negative elements
d contains negative elements
d contains negative elements
d contains negative elements
d contains negative elements
d contains negative elements
d contains negative elements
d contains negative elements
d contains negative elements
d contains negative elements
d contains negative elements
d contains negative elements
d contains negative elements
d contains negative elements
d contains negative elements
d contains negative elements
d contains negative elements
d contains negative elements
d contains negative elements
d contains negative elements
d contains negative elements
d contains negative elements
d contains negative elements
d contains negative elements
d contains negative elements
d contains negative elements
d contains negative elements
d contains negative elements
d contains negative elements
d contains negative elements
d contains negative elements
d contains negative elements
d contains negative elements
d contains negative elements
d contains negative elements
d contains negative elements
d contains negative elements
d contains negative elements
d contains negative elements
d contains negative elements
d contains negative elements
d contains negative elements
d contains negative elements
d contains negative elements
d contains negative elements
d contains negative elements
d contains negative elements
d contains negative elements
d contains negative elements
d contains negative elements
d contains negative elements
d contains negative elements
d contains negative elements
d contains negative elements
d contains negative elements
d contains negative elements
d contains negative elements
d contains negative elements
d contains negative elements
d contains negative elements
d contains negative elements
d contains negative elements
d contains negative elements
d contains negative elements
d contains negative elements
d contains negative elements
d contains negative elements
d contains negative elements
d contains negative elements
d contains negative elements
d contains negative elements
d contains negative elements
d contains negative elements
d contains negative elements
d contains negative elements
d contains negative elements
d contains negative elements
d contains negative elements
d contains negative elements
d contains negative elements
d contains negative elements
d contains negative elements
d contains negative elements
d contains negative elements
d contains negative elements
d contains negative elements
d contains negative elements
d contains negative elements
d contains negative elements
d contains negative elements
d contains negative elements
d contains negative elements
d contains negative elements
d contains negative elements
d contains negative elements
d contains negative elements
d contains negative elements
d contains negative elements
d contains negative elements
d contains negative elements
d contains negative elements
d contains negative elements
d contains negative elements
d contains negative elements
d contains negative elements
d contains negative elements
d contains negative elements
d contains negative elements
d contains negative elements
d contains negative elements
d contains negative elements
d contains negative elements
d contains negative elements
d contains negative elements
d contains negative elements
d contains negative elements
d contains negative elements
d contains negative elements
d contains negative elements
d contains negative elements
d contains negative elements
d contains negative elements
d contains negative elements
d contains negative elements
d contains negative elements
d contains negative elements
d contains negative elements
d contains negative elements
d contains negative elements
d contains negative elements
d contains negative elements
d contains negative elements
d contains negative elements
d contains negative elements
d contains negative elements
d contains negative elements
d contains negative elements
d contains negative elements
d contains negative elements
d contains negative elements
d contains negative elements
d contains negative elements
d contains negative elements
d contains negative elements
d contains negative elements
d contains negative elements
d contains negative elements
d contains negative elements
d contains negative elements
d contains negative elements
d contains negative elements
d contains negative elements
d contains negative elements
d contains negative elements
d contains negative elements
d contains negative elements
d contains negative elements
d contains negative elements
d contains negative elements
d contains negative elements
d contains negative elements
d contains negative elements
d contains negative elements
d contains negative elements
d contains negative elements
d contains negative elements
d contains negative elements
d contains negative elements
d contains negative elements
d contains negative elements
d contains negative elements
d contains negative elements
d contains negative elements
d contains negative elements
d contains negative elements
d contains negative elements
d contains negative elements
d contains negative elements
d contains negative elements
d contains negative elements
d contains negative elements
d contains negative elements
d contains negative elements
d contains negative elements
d contains negative elements
d contains negative elements
d contains negative elements
d contains negative elements
d contains negative elements
d contains negative elements
d contains negative elements
d contains negative elements
d contains negative elements
d contains negative elements
d contains negative elements
d contains negative elements
d contains negative elements
d contains negative elements
d contains negative elements
d contains negative elements
d contains negative elements
d contains negative elements
d contains negative elements
d contains negative elements
d contains negative elements
d contains negative elements
d contains negative elements
d contains negative elements
d contains negative elements
d contains negative elements
d contains negative elements
d contains negative elements
d contains negative elements
d contains negative elements
d contains negative elements
d contains negative elements
d contains negative elements
d contains negative elements
d contains negative elements
d contains negative elements
d contains negative elements
d contains negative elements
d contains negative elements
d contains negative elements
d contains negative elements
d contains negative elements
d contains negative elements
d contains negative elements
d contains negative elements
d contains negative elements
d contains negative elements
d contains negative elements
d contains negative elements
d contains negative elements
d contains negative elements
d contains negative elements
d contains negative elements
d contains negative elements
d contains negative elements
d contains negative elements
d contains negative elements
d contains negative elements
d contains negative elements
d contains negative elements
d contains negative elements
d contains negative elements
d contains negative elements
d contains negative elements
d contains negative elements
d contains negative elements
d contains negative elements
d contains negative elements
d contains negative elements
d contains negative elements
d contains negative elements
d contains negative elements
d contains negative elements
d contains negative elements
d contains negative elements
d contains negative elements
d contains negative elements
d contains negative elements
d contains negative elements
d contains negative elements
d contains negative elements
d contains negative elements
d contains negative elements
d contains negative elements
d contains negative elements
d contains negative elements
d contains negative elements
d contains negative elements
d contains negative elements
d contains negative elements
d contains negative elements
d contains negative elements
d contains negative elements
d contains negative elements
d contains negative elements
d contains negative elements
d contains negative elements
d contains negative elements
d contains negative elements
d contains negative elements
d contains negative elements
d contains negative elements
d contains negative elements
d contains negative elements
d contains negative elements
d contains negative elements
d contains negative elements
d contains negative elements
d contains negative elements
d contains negative elements
d contains negative elements
d contains negative elements
d contains negative elements
d contains negative elements
d contains negative elements
d contains negative elements
d contains negative elements
d contains negative elements
d contains negative elements
d contains negative elements
d contains negative elements
d contains negative elements
d contains negative elements
d contains negative elements
d contains negative elements
d contains negative elements
d contains negative elements
d contains negative elements
d contains negative elements
d contains negative elements
d contains negative elements
d contains negative elements
d contains negative elements
d contains negative elements
d contains negative elements
d contains negative elements
d contains negative elements
d contains negative elements
d contains negative elements
d contains negative elements
d contains negative elements
d contains negative elements
d contains negative elements
d contains negative elements
d contains negative elements
d contains negative elements
d contains negative elements
d contains negative elements
d contains negative elements
d contains negative elements
d contains negative elements
d contains negative elements
d contains negative elements
d contains negative elements
d contains negative elements
d contains negative elements
d contains negative elements
d contains negative elements
d contains negative elements
d contains negative elements
d contains negative elements
d contains negative elements
d contains negative elements
d contains negative elements
d contains negative elements
d contains negative elements
d contains negative elements
d contains negative elements
d contains negative elements
d contains negative elements
d contains negative elements
d contains negative elements
d contains negative elements
d contains negative elements
d contains negative elements
d contains negative elements
d contains negative elements
d contains negative elements
d contains negative elements
d contains negative elements
d contains negative elements
d contains negative elements
d contains negative elements
d contains negative elements
d contains negative elements
d contains negative elements
d contains negative elements
d contains negative elements
d contains negative elements
d contains negative elements
d contains negative elements
d contains negative elements
d contains negative elements
d contains negative elements
d contains negative elements
d contains negative elements
d contains negative elements
d contains negative elements
d contains negative elements
d contains negative elements
d contains negative elements
d contains negative elements
d contains negative elements
d contains negative elements
d contains negative elements
d contains negative elements
d contains negative elements
d contains negative elements
d contains negative elements
d contains negative elements
d contains negative elements
d contains negative elements
d contains negative elements
d contains negative elements
d contains negative elements
d contains negative elements
d contains negative elements
d contains negative elements
d contains negative elements
d contains negative elements
d contains negative elements
d contains negative elements
d contains negative elements
d contains negative elements
d contains negative elements
d contains negative elements
d contains negative elements
d contains negative elements
d contains negative elements
d contains negative elements
d contains negative elements
d contains negative elements
d contains negative elements
d contains negative elements
d contains negative elements
d contains negative elements
d contains negative elements
d contains negative elements
d contains negative elements
d contains negative elements
d contains negative elements
d contains negative elements
d contains negative elements
d contains negative elements
d contains negative elements
d contains negative elements
d contains negative elements
d contains negative elements
d contains negative elements
d contains negative elements
d contains negative elements
d contains negative elements
d contains negative elements
d contains negative elements
d contains negative elements
d contains negative elements
d contains negative elements
d contains negative elements
d contains negative elements
d contains negative elements
d contains negative elements
d contains negative elements
d contains negative elements
d contains negative elements
d contains negative elements
d contains negative elements
d contains negative elements
d contains negative elements
d contains negative elements
d contains negative elements
d contains negative elements
d contains negative elements
d contains negative elements
d contains negative elements
d contains negative elements
d contains negative elements
d contains negative elements
d contains negative elements
d contains negative elements
d contains negative elements
d contains negative elements
d contains negative elements
d contains negative elements
d contains negative elements
d contains negative elements
d contains negative elements
d contains negative elements
d contains negative elements
d contains negative elements
d contains negative elements
d contains negative elements
d contains negative elements
d contains negative elements
d contains negative elements
d contains negative elements
d contains negative elements
d contains negative elements
d contains negative elements
d contains negative elements
d contains negative elements
d contains negative elements
d contains negative elements
d contains negative elements
d contains negative elements
d contains negative elements
d contains negative elements
d contains negative elements
d contains negative elements
d contains negative elements
d contains negative elements
d contains negative elements
d contains negative elements
d contains negative elements
d contains negative elements
d contains negative elements
d contains negative elements
d contains negative elements
d contains negative elements
d contains negative elements
d contains negative elements
d contains negative elements
d contains negative elements
d contains negative elements
d contains negative elements
d contains negative elements
d contains negative elements
d contains negative elements
d contains negative elements
d contains negative elements
d contains negative elements
d contains negative elements
d contains negative elements
d contains negative elements
d contains negative elements
d contains negative elements
d contains negative elements
d contains negative elements
d contains negative elements
d contains negative elements
d contains negative elements
d contains negative elements
d contains negative elements
d contains negative elements
d contains negative elements
d contains negative elements
d contains negative elements
d contains negative elements
d contains negative elements
d contains negative elements
d contains negative elements
d contains negative elements
d contains negative elements
d contains negative elements
d contains negative elements
d contains negative elements
d contains negative elements
d contains negative elements
d contains negative elements
d contains negative elements
d contains negative elements
d contains negative elements
d contains negative elements
d contains negative elements
d contains negative elements
d contains negative elements
d contains negative elements
d contains negative elements
d contains negative elements
d contains negative elements
d contains negative elements
d contains negative elements
d contains negative elements
d contains negative elements
d contains negative elements
d contains negative elements
d contains negative elements
d contains negative elements
d contains negative elements
d contains negative elements
d contains negative elements
d contains negative elements
d contains negative elements
d contains negative elements
d contains negative elements
d contains negative elements
d contains negative elements
d contains negative elements
d contains negative elements
d contains negative elements
d contains negative elements
d contains negative elements
d contains negative elements
d contains negative elements
d contains negative elements
d contains negative elements
d contains negative elements
d contains negative elements
d contains negative elements
d contains negative elements
d contains negative elements
d contains negative elements
d contains negative elements
d contains negative elements
d contains negative elements
d contains negative elements
d contains negative elements
d contains negative elements
d contains negative elements
d contains negative elements
d contains negative elements
d contains negative elements
d contains negative elements
d contains negative elements
d contains negative elements
d contains negative elements
d contains negative elements
d contains negative elements
d contains negative elements
d contains negative elements
d contains negative elements
d contains negative elements
d contains negative elements
d contains negative elements
d contains negative elements
d contains negative elements
d contains negative elements
d contains negative elements
d contains negative elements
d contains negative elements
d contains negative elements
d contains negative elements
d contains negative elements
d contains negative elements
d contains negative elements
d contains negative elements
d contains negative elements
d contains negative elements
d contains negative elements
d contains negative elements
d contains negative elements
d contains negative elements
d contains negative elements
d contains negative elements
d contains negative elements
d contains negative elements
d contains negative elements
d contains negative elements
d contains negative elements
d contains negative elements
d contains negative elements
d contains negative elements
d contains negative elements
d contains negative elements
d contains negative elements
d contains negative elements
d contains negative elements
d contains negative elements
d contains negative elements
d contains negative elements
d contains negative elements
d contains negative elements
d contains negative elements
d contains negative elements
d contains negative elements
d contains negative elements
d contains negative elements
d contains negative elements
d contains negative elements
d contains negative elements
d contains negative elements
d contains negative elements
d contains negative elements
d contains negative elements
d contains negative elements
d contains negative elements
d contains negative elements
d contains negative elements
d contains negative elements
d contains negative elements
d contains negative elements
d contains negative elements
d contains negative elements
d contains negative elements
d contains negative elements
d contains negative elements
d contains negative elements
d contains negative elements
d contains negative elements
d contains negative elements
d contains negative elements
d contains negative elements
d contains negative elements
d contains negative elements
d contains negative elements
d contains negative elements
d contains negative elements
d contains negative elements
d contains negative elements
d contains negative elements
d contains negative elements
d contains negative elements
d contains negative elements
d contains negative elements
d contains negative elements
d contains negative elements
d contains negative elements
d contains negative elements
d contains negative elements
d contains negative elements
d contains negative elements
d contains negative elements
d contains negative elements
d contains negative elements
d contains negative elements
d contains negative elements
d contains negative elements
d contains negative elements
d contains negative elements
d contains negative elements
d contains negative elements
d contains negative elements
d contains negative elements
d contains negative elements
d contains negative elements
d contains negative elements
d contains negative elements
d contains negative elements
d contains negative elements
d contains negative elements
d contains negative elements
d contains negative elements
d contains negative elements
d contains negative elements
d contains negative elements
d contains negative elements
d contains negative elements
d contains negative elements
d contains negative elements
d contains negative elements
d contains negative elements
d contains negative elements
d contains negative elements
d contains negative elements
d contains negative elements
d contains negative elements
d contains negative elements
d contains negative elements
d contains negative elements
d contains negative elements
d contains negative elements
d contains negative elements
d contains negative elements
d contains negative elements
d contains negative elements
d contains negative elements
d contains negative elements
d contains negative elements
d contains negative elements
d contains negative elements
d contains negative elements
d contains negative elements
d contains negative elements
d contains negative elements
d contains negative elements
d contains negative elements
d contains negative elements
d contains negative elements
d contains negative elements
d contains negative elements
d contains negative elements
d contains negative elements
d contains negative elements
d contains negative elements
d contains negative elements
d contains negative elements
d contains negative elements
d contains negative elements
d contains negative elements
d contains negative elements
d contains negative elements
d contains negative elements
d contains negative elements
d contains negative elements
d contains negative elements
d contains negative elements
d contains negative elements
d contains negative elements
d contains negative elements
d contains negative elements
d contains negative elements
d contains negative elements
d contains negative elements
d contains negative elements
d contains negative elements
d contains negative elements
d contains negative elements
d contains negative elements
d contains negative elements
d contains negative elements
d contains negative elements
d contains negative elements
d contains negative elements
d contains negative elements
d contains negative elements
d contains negative elements
d contains negative elements
d contains negative elements
d contains negative elements
d contains negative elements
d contains negative elements
d contains negative elements
d contains negative elements
d contains negative elements
d contains negative elements
d contains negative elements
d contains negative elements
d contains negative elements
d contains negative elements
d contains negative elements
d contains negative elements
d contains negative elements
d contains negative elements
d contains negative elements
d contains negative elements
d contains negative elements
d contains negative elements
d contains negative elements
d contains negative elements
d contains negative elements
d contains negative elements
d contains negative elements
d contains negative elements
d contains negative elements
d contains negative elements
d contains negative elements
d contains negative elements
d contains negative elements
d contains negative elements
d contains negative elements
d contains negative elements
d contains negative elements
d contains negative elements
d contains negative elements
d contains negative elements
d contains negative elements
d contains negative elements
d contains negative elements
d contains negative elements
d contains negative elements
d contains negative elements
d contains negative elements
d contains negative elements
d contains negative elements
d contains negative elements
d contains negative elements
d contains negative elements
d contains negative elements
d contains negative elements
d contains negative elements
d contains negative elements
d contains negative elements
d contains negative elements
d contains negative elements
d contains negative elements
d contains negative elements
d contains negative elements
d contains negative elements
d contains negative elements
d contains negative elements
d contains negative elements
d contains negative elements
d contains negative elements
d contains negative elements
d contains negative elements
d contains negative elements
d contains negative elements
d contains negative elements
d contains negative elements
d contains negative elements
d contains negative elements
d contains negative elements
d contains negative elements
d contains negative elements
d contains negative elements
d contains negative elements
d contains negative elements
d contains negative elements
d contains negative elements
d contains negative elements
d contains negative elements
d contains negative elements
d contains negative elements
d contains negative elements
d contains negative elements
d contains negative elements
d contains negative elements
d contains negative elements
d contains negative elements
d contains negative elements
d contains negative elements
d contains negative elements
d contains negative elements
d contains negative elements
d contains negative elements
d contains negative elements
d contains negative elements
d contains negative elements
d contains negative elements
d contains negative elements
d contains negative elements
d contains negative elements
d contains negative elements
d contains negative elements
d contains negative elements
d contains negative elements
d contains negative elements
d contains negative elements
d contains negative elements
d contains negative elements
d contains negative elements
d contains negative elements
d contains negative elements
d contains negative elements
d contains negative elements
d contains negative elements
d contains negative elements
d contains negative elements
d contains negative elements
d contains negative elements
d contains negative elements
d contains negative elements
d contains negative elements
d contains negative elements
d contains negative elements
d contains negative elements
d contains negative elements
d contains negative elements
d contains negative elements
d contains negative elements
d contains negative elements
d contains negative elements
d contains negative elements
d contains negative elements
d contains negative elements
d contains negative elements
d contains negative elements
d contains negative elements
d contains negative elements
d contains negative elements
d contains negative elements
d contains negative elements
d contains negative elements
d contains negative elements
d contains negative elements
d contains negative elements
d contains negative elements
d contains negative elements
d contains negative elements
d contains negative elements
d contains negative elements
d contains negative elements
d contains negative elements
d contains negative elements
d contains negative elements
d contains negative elements
d contains negative elements
d contains negative elements
d contains negative elements
d contains negative elements
d contains negative elements
d contains negative elements
d contains negative elements
d contains negative elements
d contains negative elements
d contains negative elements
d contains negative elements
d contains negative elements
d contains negative elements
d contains negative elements
d contains negative elements
d contains negative elements
d contains negative elements
d contains negative elements
d contains negative elements
d contains negative elements
d contains negative elements
d contains negative elements
d contains negative elements
d contains negative elements
d contains negative elements
d contains negative elements
d contains negative elements
d contains negative elements
d contains negative elements
d contains negative elements
d contains negative elements
d contains negative elements
d contains negative elements
d contains negative elements
d contains negative elements
d contains negative elements
d contains negative elements
d contains negative elements
d contains negative elements
d contains negative elements
d contains negative elements
d contains negative elements
d contains negative elements
d contains negative elements
d contains negative elements
d contains negative elements
d contains negative elements
d contains negative elements
d contains negative elements
d contains negative elements
d contains negative elements
d contains negative elements
d contains negative elements
d contains negative elements
d contains negative elements
d contains negative elements
d contains negative elements
d contains negative elements
d contains negative elements
d contains negative elements
d contains negative elements
d contains negative elements
d contains negative elements
d contains negative elements
d contains negative elements
d contains negative elements
d contains negative elements
d contains negative elements
d contains negative elements
d contains negative elements
d contains negative elements
d contains negative elements
d contains negative elements
d contains negative elements
d contains negative elements
d contains negative elements
d contains negative elements
d contains negative elements
d contains negative elements
d contains negative elements
d contains negative elements
d contains negative elements
d contains negative elements
d contains negative elements
d contains negative elements
d contains negative elements
d contains negative elements
d contains negative elements
d contains negative elements
d contains negative elements
d contains negative elements
d contains negative elements
d contains negative elements
d contains negative elements
d contains negative elements
d contains negative elements
d contains negative elements
d contains negative elements
d contains negative elements
d contains negative elements
d contains negative elements
d contains negative elements
d contains negative elements
d contains negative elements
d contains negative elements
d contains negative elements
d contains negative elements
d contains negative elements
d contains negative elements
d contains negative elements
d contains negative elements
d contains negative elements
d contains negative elements
d contains negative elements
d contains negative elements
d contains negative elements
d contains negative elements
d contains negative elements
d contains negative elements
d contains negative elements
d contains negative elements
d contains negative elements
d contains negative elements
d contains negative elements
d contains negative elements
d contains negative elements
d contains negative elements
d contains negative elements
d contains negative elements
d contains negative elements
d contains negative elements
d contains negative elements
d contains negative elements
d contains negative elements
d contains negative elements
d contains negative elements
d contains negative elements
d contains negative elements
d contains negative elements
d contains negative elements
d contains negative elements
d contains negative elements
d contains negative elements
d contains negative elements
d contains negative elements
d contains negative elements
d contains negative elements
d contains negative elements
d contains negative elements
d contains negative elements
d contains negative elements
d contains negative elements
d contains negative elements
d contains negative elements
d contains negative elements
d contains negative elements
d contains negative elements
d contains negative elements
d contains negative elements
d contains negative elements
d contains negative elements
d contains negative elements
d contains negative elements
d contains negative elements
d contains negative elements
d contains negative elements
d contains negative elements
d contains negative elements
d contains negative elements
d contains negative elements
d contains negative elements
d contains negative elements
d contains negative elements
d contains negative elements
d contains negative elements
d contains negative elements
d contains negative elements
d contains negative elements
d contains negative elements
d contains negative elements
d contains negative elements
d contains negative elements
d contains negative elements
d contains negative elements
d contains negative elements
d contains negative elements
d contains negative elements
d contains negative elements
d contains negative elements
d contains negative elements
d contains negative elements
d contains negative elements
d contains negative elements
d contains negative elements
d contains negative elements
d contains negative elements
d contains negative elements
d contains negative elements
d contains negative elements
d contains negative elements
d contains negative elements
d contains negative elements
d contains negative elements
d contains negative elements
d contains negative elements
d contains negative elements
d contains negative elements
d contains negative elements
d contains negative elements
d contains negative elements
d contains negative elements
d contains negative elements
d contains negative elements
d contains negative elements
d contains negative elements
d contains negative elements
d contains negative elements
d contains negative elements
d contains negative elements
d contains negative elements
d contains negative elements
d contains negative elements
d contains negative elements
d contains negative elements
d contains negative elements
d contains negative elements
d contains negative elements
d contains negative elements
d contains negative elements
d contains negative elements
d contains negative elements
d contains negative elements
d contains negative elements
d contains negative elements
d contains negative elements
d contains negative elements
d contains negative elements
d contains negative elements
d contains negative elements
d contains negative elements
d contains negative elements
d contains negative elements
d contains negative elements
d contains negative elements
d contains negative elements
d contains negative elements
d contains negative elements
d contains negative elements
d contains negative elements
d contains negative elements
d contains negative elements
d contains negative elements
d contains negative elements
d contains negative elements
d contains negative elements
d contains negative elements
d contains negative elements
d contains negative elements
d contains negative elements
d contains negative elements
d contains negative elements
d contains negative elements
d contains negative elements
d contains negative elements
d contains negative elements
d contains negative elements
d contains negative elements
d contains negative elements
d contains negative elements
d contains negative elements
d contains negative elements
d contains negative elements
d contains negative elements
d contains negative elements
d contains negative elements
d contains negative elements
d contains negative elements
d contains negative elements
d contains negative elements
d contains negative elements
d contains negative elements
d contains negative elements
d contains negative elements
d contains negative elements
d contains negative elements
d contains negative elements
d contains negative elements
d contains negative elements
d contains negative elements
d contains negative elements
d contains negative elements
d contains negative elements
d contains negative elements
d contains negative elements
d contains negative elements
d contains negative elements
d contains negative elements
d contains negative elements
d contains negative elements
d contains negative elements
d contains negative elements
d contains negative elements
d contains negative elements
d contains negative elements
d contains negative elements
d contains negative elements
d contains negative elements
d contains negative elements
d contains negative elements
d contains negative elements
d contains negative elements
d contains negative elements
d contains negative elements
d contains negative elements
d contains negative elements
d contains negative elements
d contains negative elements
d contains negative elements
d contains negative elements
d contains negative elements
d contains negative elements
d contains negative elements
d contains negative elements
d contains negative elements
d contains negative elements
d contains negative elements
d contains negative elements
d contains negative elements
d contains negative elements
d contains negative elements
d contains negative elements
d contains negative elements
d contains negative elements
d contains negative elements
d contains negative elements
d contains negative elements
d contains negative elements
d contains negative elements
d contains negative elements
d contains negative elements
d contains negative elements
d contains negative elements
d contains negative elements
d contains negative elements
d contains negative elements
d contains negative elements
d contains negative elements
d contains negative elements
d contains negative elements
d contains negative elements
d contains negative elements
d contains negative elements
d contains negative elements
d contains negative elements
d contains negative elements
d contains negative elements
d contains negative elements
d contains negative elements
d contains negative elements
d contains negative elements
d contains negative elements
d contains negative elements
d contains negative elements
d contains negative elements
d contains negative elements
d contains negative elements
d contains negative elements
d contains negative elements
d contains negative elements
d contains negative elements
d contains negative elements
d contains negative elements
d contains negative elements
d contains negative elements
d contains negative elements
d contains negative elements
d contains negative elements
d contains negative elements
d contains negative elements
d contains negative elements
d contains negative elements
d contains negative elements
d contains negative elements
d contains negative elements
d contains negative elements
d contains negative elements
d contains negative elements
d contains negative elements
d contains negative elements
d contains negative elements
d contains negative elements
d contains negative elements
d contains negative elements
d contains negative elements
d contains negative elements
d contains negative elements
d contains negative elements
d contains negative elements
d contains negative elements
d contains negative elements
d contains negative elements
d contains negative elements
d contains negative elements
d contains negative elements
d contains negative elements
d contains negative elements
d contains negative elements
d contains negative elements
d contains negative elements
d contains negative elements
d contains negative elements
d contains negative elements
d contains negative elements
d contains negative elements
d contains negative elements
d contains negative elements
d contains negative elements
d contains negative elements
d contains negative elements
d contains negative elements
d contains negative elements
d contains negative elements
d contains negative elements
d contains negative elements
d contains negative elements
d contains negative elements
d contains negative elements
d contains negative elements
d contains negative elements
d contains negative elements
d contains negative elements
d contains negative elements
d contains negative elements
d contains negative elements
d contains negative elements
d contains negative elements
d contains negative elements
d contains negative elements
d contains negative elements
d contains negative elements
d contains negative elements
d contains negative elements
d contains negative elements
d contains negative elements
d contains negative elements
d contains negative elements
d contains negative elements
d contains negative elements
d contains negative elements
d contains negative elements
d contains negative elements
d contains negative elements
d contains negative elements
d contains negative elements
d contains negative elements
d contains negative elements
d contains negative elements
d contains negative elements
d contains negative elements
d contains negative elements
d contains negative elements
d contains negative elements
d contains negative elements
d contains negative elements
d contains negative elements
d contains negative elements
d contains negative elements
d contains negative elements
d contains negative elements
d contains negative elements
d contains negative elements
d contains negative elements
d contains negative elements
d contains negative elements
d contains negative elements
d contains negative elements
d contains negative elements
d contains negative elements
d contains negative elements
d contains negative elements
d contains negative elements
d contains negative elements
d contains negative elements
d contains negative elements
d contains negative elements
d contains negative elements
d contains negative elements
d contains negative elements
d contains negative elements
d contains negative elements
d contains negative elements
d contains negative elements
d contains negative elements
d contains negative elements
d contains negative elements
d contains negative elements
d contains negative elements
d contains negative elements
d contains negative elements
d contains negative elements
d contains negative elements
d contains negative elements
d contains negative elements
d contains negative elements
d contains negative elements
d contains negative elements
d contains negative elements
d contains negative elements
d contains negative elements
d contains negative elements
d contains negative elements
d contains negative elements
d contains negative elements
d contains negative elements
d contains negative elements
d contains negative elements
d contains negative elements
d contains negative elements
d contains negative elements
d contains negative elements
d contains negative elements
d contains negative elements
d contains negative elements
d contains negative elements
d contains negative elements
d contains negative elements
d contains negative elements
d contains negative elements
d contains negative elements
d contains negative elements
d contains negative elements
d contains negative elements
d contains negative elements
d contains negative elements
d contains negative elements
d contains negative elements
d contains negative elements
d contains negative elements
d contains negative elements
d contains negative elements
d contains negative elements
d contains negative elements
d contains negative elements
d contains negative elements
d contains negative elements
d contains negative elements
d contains negative elements
d contains negative elements
d contains negative elements
d contains negative elements
d contains negative elements
d contains negative elements
d contains negative elements
d contains negative elements
d contains negative elements
d contains negative elements
d contains negative elements
d contains negative elements
d contains negative elements
d contains negative elements
d contains negative elements
d contains negative elements
d contains negative elements
d contains negative elements
d contains negative elements
d contains negative elements
d contains negative elements
d contains negative elements
d contains negative elements
d contains negative elements
d contains negative elements
d contains negative elements
d contains negative elements
d contains negative elements
d contains negative elements
d contains negative elements
d contains negative elements
d contains negative elements
d contains negative elements
d contains negative elements
d contains negative elements
d contains negative elements
d contains negative elements
d contains negative elements
d contains negative elements
d contains negative elements
d contains negative elements
d contains negative elements
d contains negative elements
d contains negative elements
d contains negative elements
d contains negative elements
d contains negative elements
d contains negative elements
d contains negative elements
d contains negative elements
d contains negative elements
d contains negative elements
d contains negative elements
d contains negative elements
d contains negative elements
d contains negative elements
d contains negative elements
d contains negative elements
d contains negative elements
d contains negative elements
d contains negative elements
d contains negative elements
d contains negative elements
d contains negative elements
d contains negative elements
d contains negative elements
d contains negative elements
d contains negative elements
d contains negative elements
d contains negative elements
d contains negative elements
d contains negative elements
d contains negative elements
d contains negative elements
d contains negative elements
d contains negative elements
d contains negative elements
d contains negative elements
d contains negative elements
d contains negative elements
d contains negative elements
d contains negative elements
d contains negative elements
d contains negative elements
d contains negative elements
d contains negative elements
d contains negative elements
d contains negative elements
d contains negative elements
d contains negative elements
d contains negative elements
d contains negative elements
d contains negative elements
d contains negative elements
d contains negative elements
d contains negative elements
d contains negative elements
d contains negative elements
d contains negative elements
d contains negative elements
d contains negative elements
d contains negative elements
d contains negative elements
d contains negative elements
d contains negative elements
d contains negative elements
d contains negative elements
d contains negative elements
d contains negative elements
d contains negative elements
d contains negative elements
d contains negative elements
d contains negative elements
d contains negative elements
d contains negative elements
d contains negative elements
d contains negative elements
d contains negative elements
d contains negative elements
d contains negative elements
d contains negative elements
d contains negative elements
d contains negative elements
d contains negative elements
d contains negative elements
d contains negative elements
d contains negative elements
d contains negative elements
d contains negative elements
d contains negative elements
d contains negative elements
d contains negative elements
d contains negative elements
d contains negative elements
d contains negative elements
d contains negative elements
d contains negative elements
d contains negative elements
d contains negative elements
d contains negative elements
d contains negative elements
d contains negative elements
d contains negative elements
d contains negative elements
d contains negative elements
d contains negative elements
d contains negative elements
d contains negative elements
d contains negative elements
d contains negative elements
d contains negative elements
d contains negative elements
d contains negative elements
d contains negative elements
d contains negative elements
d contains negative elements
d contains negative elements
d contains negative elements
d contains negative elements
d contains negative elements
d contains negative elements
d contains negative elements
d contains negative elements
d contains negative elements
d contains negative elements
d contains negative elements
d contains negative elements
d contains negative elements
d contains negative elements
d contains negative elements
d contains negative elements
d contains negative elements
d contains negative elements
d contains negative elements
d contains negative elements
d contains negative elements
d contains negative elements
d contains negative elements
d contains negative elements
d contains negative elements
d contains negative elements
d contains negative elements
d contains negative elements
d contains negative elements
d contains negative elements
d contains negative elements
d contains negative elements
d contains negative elements
d contains negative elements
d contains negative elements
d contains negative elements
d contains negative elements
d contains negative elements
d contains negative elements
d contains negative elements
d contains negative elements
d contains negative elements
d contains negative elements
d contains negative elements
d contains negative elements
d contains negative elements
d contains negative elements
d contains negative elements
d contains negative elements
d contains negative elements
d contains negative elements
d contains negative elements
d contains negative elements
d contains negative elements
d contains negative elements
d contains negative elements
d contains negative elements
d contains negative elements
d contains negative elements
d contains negative elements
d contains negative elements
d contains negative elements
d contains negative elements
d contains negative elements
d contains negative elements
d contains negative elements
d contains negative elements
d contains negative elements
d contains negative elements
d contains negative elements
d contains negative elements
d contains negative elements
d contains negative elements
d contains negative elements
d contains negative elements
d contains negative elements
d contains negative elements
d contains negative elements
d contains negative elements
d contains negative elements
d contains negative elements
d contains negative elements
d contains negative elements
d contains negative elements
d contains negative elements
d contains negative elements
d contains negative elements
d contains negative elements
d contains negative elements
d contains negative elements
d contains negative elements
d contains negative elements
d contains negative elements
d contains negative elements
d contains negative elements
d contains negative elements
d contains negative elements
d contains negative elements
d contains negative elements
d contains negative elements
d contains negative elements
d contains negative elements
d contains negative elements
d contains negative elements
d contains negative elements
d contains negative elements
d contains negative elements
d contains negative elements
d contains negative elements
d contains negative elements
d contains negative elements
d contains negative elements
d contains negative elements
d contains negative elements
d contains negative elements
d contains negative elements
d contains negative elements
d contains negative elements
d contains negative elements
d contains negative elements
d contains negative elements
d contains negative elements
d contains negative elements
d contains negative elements
d contains negative elements
d contains negative elements
d contains negative elements
d contains negative elements
d contains negative elements
d contains negative elements
d contains negative elements
d contains negative elements
d contains negative elements
d contains negative elements
d contains negative elements
d contains negative elements
d contains negative elements
d contains negative elements
d contains negative elements
d contains negative elements
d contains negative elements
d contains negative elements
d contains negative elements
d contains negative elements
d contains negative elements
d contains negative elements
d contains negative elements
d contains negative elements
d contains negative elements
d contains negative elements
d contains negative elements
d contains negative elements
d contains negative elements
d contains negative elements
d contains negative elements
d contains negative elements
d contains negative elements
d contains negative elements
d contains negative elements
d contains negative elements
d contains negative elements
d contains negative elements
d contains negative elements
d contains negative elements
d contains negative elements
d contains negative elements
d contains negative elements
d contains negative elements
d contains negative elements
d contains negative elements
d contains negative elements
d contains negative elements
d contains negative elements
d contains negative elements
d contains negative elements
d contains negative elements
d contains negative elements
d contains negative elements
d contains negative elements
d contains negative elements
d contains negative elements
d contains negative elements
d contains negative elements
d contains negative elements
d contains negative elements
d contains negative elements
d contains negative elements
d contains negative elements
d contains negative elements
d contains negative elements
d contains negative elements
d contains negative elements
d contains negative elements
d contains negative elements
d contains negative elements
d contains negative elements
d contains negative elements
d contains negative elements
d contains negative elements
d contains negative elements
d contains negative elements
d contains negative elements
d contains negative elements
d contains negative elements
d contains negative elements
d contains negative elements
d contains negative elements
d contains negative elements
d contains negative elements
d contains negative elements
d contains negative elements
d contains negative elements
d contains negative elements
d contains negative elements
d contains negative elements
d contains negative elements
d contains negative elements
d contains negative elements
d contains negative elements
d contains negative elements
d contains negative elements
d contains negative elements
d contains negative elements
d contains negative elements
d contains negative elements
d contains negative elements
d contains negative elements
d contains negative elements
d contains negative elements
d contains negative elements
d contains negative elements
d contains negative elements
d contains negative elements
d contains negative elements
d contains negative elements
d contains negative elements
d contains negative elements
d contains negative elements
d contains negative elements
d contains negative elements
d contains negative elements
d contains negative elements
d contains negative elements
d contains negative elements
d contains negative elements
d contains negative elements
d contains negative elements
d contains negative elements
d contains negative elements
d contains negative elements
d contains negative elements
d contains negative elements
d contains negative elements
d contains negative elements
d contains negative elements
d contains negative elements
d contains negative elements
d contains negative elements
d contains negative elements
d contains negative elements
d contains negative elements
d contains negative elements
d contains negative elements
d contains negative elements
d contains negative elements
d contains negative elements
d contains negative elements
d contains negative elements
d contains negative elements
d contains negative elements
d contains negative elements
d contains negative elements
d contains negative elements
d contains negative elements
d contains negative elements
d contains negative elements
d contains negative elements
d contains negative elements
d contains negative elements
d contains negative elements
d contains negative elements
d contains negative elements
d contains negative elements
d contains negative elements
d contains negative elements
d contains negative elements
d contains negative elements
d contains negative elements
d contains negative elements
d contains negative elements
d contains negative elements
d contains negative elements
d contains negative elements
d contains negative elements
d contains negative elements
d contains negative elements
d contains negative elements
d contains negative elements
d contains negative elements
d contains negative elements
d contains negative elements
d contains negative elements
d contains negative elements
d contains negative elements
d contains negative elements
d contains negative elements
d contains negative elements
d contains negative elements
d contains negative elements
d contains negative elements
d contains negative elements
d contains negative elements
d contains negative elements
d contains negative elements
d contains negative elements
d contains negative elements
d contains negative elements
d contains negative elements
d contains negative elements
d contains negative elements
d contains negative elements
d contains negative elements
d contains negative elements
d contains negative elements
d contains negative elements
d contains negative elements
d contains negative elements
d contains negative elements
d contains negative elements
d contains negative elements
d contains negative elements
d contains negative elements
d contains negative elements
d contains negative elements
d contains negative elements
d contains negative elements
d contains negative elements
d contains negative elements
d contains negative elements
d contains negative elements
d contains negative elements
d contains negative elements
d contains negative elements
d contains negative elements
d contains negative elements
d contains negative elements
d contains negative elements
d contains negative elements
d contains negative elements
d contains negative elements
d contains negative elements
d contains negative elements
d contains negative elements
d contains negative elements
d contains negative elements
d contains negative elements
d contains negative elements
d contains negative elements
d contains negative elements
d contains negative elements
d contains negative elements
d contains negative elements
d contains negative elements
d contains negative elements
d contains negative elements
d contains negative elements
d contains negative elements
d contains negative elements
d contains negative elements
d contains negative elements
d contains negative elements
d contains negative elements
d contains negative elements
d contains negative elements
d contains negative elements
d contains negative elements
d contains negative elements
d contains negative elements
d contains negative elements
d contains negative elements
d contains negative elements
d contains negative elements
d contains negative elements
d contains negative elements
d contains negative elements
d contains negative elements
d contains negative elements
d contains negative elements
d contains negative elements
d contains negative elements
d contains negative elements
d contains negative elements
d contains negative elements
d contains negative elements
d contains negative elements
d contains negative elements
d contains negative elements
d contains negative elements
d contains negative elements
d contains negative elements
d contains negative elements
d contains negative elements
d contains negative elements
d contains negative elements
d contains negative elements
d contains negative elements
d contains negative elements
d contains negative elements
d contains negative elements
d contains negative elements
d contains negative elements
d contains negative elements
d contains negative elements
d contains negative elements
d contains negative elements
d contains negative elements
d contains negative elements
d contains negative elements
d contains negative elements
d contains negative elements
d contains negative elements
d contains negative elements
d contains negative elements
d contains negative elements
d contains negative elements
d contains negative elements
d contains negative elements
d contains negative elements
d contains negative elements
d contains negative elements
d contains negative elements
d contains negative elements
d contains negative elements
d contains negative elements
d contains negative elements
d contains negative elements
d contains negative elements
d contains negative elements
d contains negative elements
d contains negative elements
d contains negative elements
d contains negative elements
d contains negative elements
d contains negative elements
d contains negative elements
d contains negative elements
d contains negative elements
d contains negative elements
d contains negative elements
d contains negative elements
d contains negative elements
d contains negative elements
d contains negative elements
d contains negative elements
d contains negative elements
d contains negative elements
d contains negative elements
d contains negative elements
d contains negative elements
d contains negative elements
d contains negative elements
d contains negative elements
d contains negative elements
d contains negative elements
d contains negative elements
d contains negative elements
d contains negative elements
d contains negative elements
d contains negative elements
d contains negative elements
d contains negative elements
d contains negative elements
d contains negative elements
d contains negative elements
d contains negative elements
d contains negative elements
d contains negative elements
d contains negative elements
d contains negative elements
d contains negative elements
d contains negative elements
d contains negative elements
d contains negative elements
d contains negative elements
d contains negative elements
d contains negative elements
d contains negative elements
d contains negative elements
d contains negative elements
d contains negative elements
d contains negative elements
d contains negative elements
d contains negative elements
d contains negative elements
d contains negative elements
d contains negative elements
d contains negative elements
d contains negative elements
d contains negative elements
d contains negative elements
d contains negative elements
d contains negative elements
d contains negative elements
d contains negative elements
d contains negative elements
d contains negative elements
d contains negative elements
d contains negative elements
d contains negative elements
d contains negative elements
d contains negative elements
d contains negative elements
d contains negative elements
d contains negative elements
d contains negative elements
d contains negative elements
d contains negative elements
d contains negative elements
d contains negative elements
d contains negative elements
d contains negative elements
d contains negative elements
d contains negative elements
d contains negative elements
d contains negative elements
d contains negative elements
d contains negative elements
d contains negative elements
d contains negative elements
d contains negative elements
d contains negative elements
d contains negative elements
d contains negative elements
d contains negative elements
d contains negative elements
d contains negative elements
d contains negative elements
d contains negative elements
d contains negative elements
d contains negative elements
d contains negative elements
d contains negative elements
d contains negative elements
d contains negative elements
d contains negative elements
d contains negative elements
d contains negative elements
d contains negative elements
d contains negative elements
d contains negative elements
d contains negative elements
d contains negative elements
d contains negative elements
d contains negative elements
d contains negative elements
d contains negative elements
d contains negative elements
d contains negative elements
d contains negative elements
d contains negative elements
d contains negative elements
d contains negative elements
d contains negative elements
d contains negative elements
d contains negative elements
d contains negative elements
d contains negative elements
d contains negative elements
d contains negative elements
d contains negative elements
d contains negative elements
d contains negative elements
d contains negative elements
d contains negative elements
d contains negative elements
d contains negative elements
d contains negative elements
d contains negative elements
d contains negative elements
d contains negative elements
d contains negative elements
d contains negative elements
d contains negative elements
d contains negative elements
d contains negative elements
d contains negative elements
d contains negative elements
d contains negative elements
d contains negative elements
d contains negative elements
d contains negative elements
d contains negative elements
d contains negative elements
d contains negative elements
d contains negative elements
d contains negative elements
d contains negative elements
d contains negative elements
d contains negative elements
d contains negative elements
d contains negative elements
d contains negative elements
d contains negative elements
d contains negative elements
d contains negative elements
d contains negative elements
d contains negative elements
d contains negative elements
d contains negative elements
d contains negative elements
d contains negative elements
d contains negative elements
d contains negative elements
d contains negative elements
d contains negative elements
d contains negative elements
d contains negative elements
d contains negative elements
d contains negative elements
d contains negative elements
d contains negative elements
d contains negative elements
d contains negative elements
d contains negative elements
d contains negative elements
d contains negative elements
d contains negative elements
d contains negative elements
d contains negative elements
d contains negative elements
d contains negative elements
d contains negative elements
d contains negative elements
d contains negative elements
d contains negative elements
d contains negative elements
d contains negative elements
d contains negative elements
d contains negative elements
d contains negative elements
d contains negative elements
d contains negative elements
d contains negative elements
d contains negative elements
d contains negative elements
d contains negative elements
d contains negative elements
d contains negative elements
d contains negative elements
d contains negative elements
d contains negative elements
d contains negative elements
d contains negative elements
d contains negative elements
d contains negative elements
d contains negative elements
d contains negative elements
d contains negative elements
d contains negative elements
d contains negative elements
d contains negative elements
d contains negative elements
d contains negative elements
d contains negative elements
d contains negative elements
d contains negative elements
d contains negative elements
d contains negative elements
d contains negative elements
d contains negative elements
d contains negative elements
d contains negative elements
d contains negative elements
d contains negative elements
d contains negative elements
d contains negative elements
d contains negative elements
d contains negative elements
d contains negative elements
d contains negative elements
d contains negative elements
d contains negative elements
d contains negative elements
d contains negative elements
d contains negative elements
d contains negative elements
d contains negative elements
d contains negative elements
d contains negative elements
d contains negative elements
d contains negative elements
d contains negative elements
d contains negative elements
d contains negative elements
d contains negative elements
d contains negative elements
d contains negative elements
d contains negative elements
d contains negative elements
d contains negative elements
d contains negative elements
d contains negative elements
d contains negative elements
d contains negative elements
d contains negative elements
d contains negative elements
d contains negative elements
d contains negative elements
d contains negative elements
d contains negative elements
d contains negative elements
d contains negative elements
d contains negative elements
d contains negative elements
d contains negative elements
d contains negative elements
d contains negative elements
d contains negative elements
d contains negative elements
d contains negative elements
d contains negative elements
d contains negative elements
d contains negative elements
d contains negative elements
d contains negative elements
d contains negative elements
d contains negative elements
d contains negative elements
d contains negative elements
d contains negative elements
d contains negative elements
d contains negative elements
d contains negative elements
d contains negative elements
d contains negative elements
d contains negative elements
d contains negative elements
d contains negative elements
d contains negative elements
d contains negative elements
d contains negative elements
d contains negative elements
d contains negative elements
d contains negative elements
d contains negative elements
d contains negative elements
d contains negative elements
d contains negative elements
d contains negative elements
d contains negative elements
d contains negative elements
d contains negative elements
d contains negative elements
d contains negative elements
d contains negative elements
d contains negative elements
d contains negative elements
d contains negative elements
d contains negative elements
d contains negative elements
d contains negative elements
d contains negative elements
d contains negative elements
d contains negative elements
d contains negative elements
d contains negative elements
d contains negative elements
d contains negative elements
d contains negative elements
d contains negative elements
d contains negative elements
d contains negative elements
d contains negative elements
d contains negative elements
d contains negative elements
d contains negative elements
d contains negative elements
d contains negative elements
d contains negative elements
d contains negative elements
d contains negative elements
d contains negative elements
d contains negative elements
d contains negative elements
d contains negative elements
d contains negative elements
d contains negative elements
d contains negative elements
d contains negative elements
d contains negative elements
d contains negative elements
d contains negative elements
d contains negative elements
d contains negative elements
d contains negative elements
d contains negative elements
d contains negative elements
d contains negative elements
d contains negative elements
d contains negative elements
d contains negative elements
d contains negative elements
d contains negative elements
d contains negative elements
d contains negative elements
d contains negative elements
d contains negative elements
d contains negative elements
d contains negative elements
d contains negative elements
d contains negative elements
d contains negative elements
d contains negative elements
d contains negative elements
d contains negative elements
d contains negative elements
d contains negative elements
d contains negative elements
d contains negative elements
d contains negative elements
d contains negative elements
d contains negative elements
d contains negative elements
d contains negative elements
d contains negative elements
d contains negative elements
d contains negative elements
d contains negative elements
d contains negative elements
d contains negative elements
d contains negative elements
d contains negative elements
d contains negative elements
d contains negative elements
d contains negative elements
d contains negative elements
d contains negative elements
d contains negative elements
d contains negative elements
d contains negative elements
d contains negative elements
d contains negative elements
d contains negative elements
d contains negative elements
d contains negative elements
d contains negative elements
d contains negative elements
d contains negative elements
d contains negative elements
d contains negative elements
d contains negative elements
d contains negative elements
d contains negative elements
d contains negative elements
d contains negative elements
d contains negative elements
d contains negative elements
d contains negative elements
d contains negative elements
d contains negative elements
d contains negative elements
d contains negative elements
d contains negative elements
d contains negative elements
d contains negative elements
d contains negative elements
d contains negative elements
d contains negative elements
d contains negative elements
d contains negative elements
d contains negative elements
d contains negative elements
d contains negative elements
d contains negative elements
d contains negative elements
d contains negative elements
d contains negative elements
d contains negative elements
d contains negative elements
d contains negative elements
d contains negative elements
d contains negative elements
d contains negative elements
d contains negative elements
d contains negative elements
d contains negative elements
d contains negative elements
d contains negative elements
d contains negative elements
d contains negative elements
d contains negative elements
d contains negative elements
d contains negative elements
d contains negative elements
d contains negative elements
d contains negative elements
d contains negative elements
d contains negative elements
d contains negative elements
d contains negative elements
d contains negative elements
d contains negative elements
d contains negative elements
d contains negative elements
d contains negative elements
d contains negative elements
d contains negative elements
d contains negative elements
d contains negative elements
d contains negative elements
d contains negative elements
d contains negative elements
d contains negative elements
d contains negative elements
d contains negative elements
d contains negative elements
d contains negative elements
d contains negative elements
d contains negative elements
d contains negative elements
d contains negative elements
d contains negative elements
d contains negative elements
d contains negative elements
d contains negative elements
d contains negative elements
d contains negative elements
d contains negative elements
d contains negative elements
d contains negative elements
d contains negative elements
d contains negative elements
d contains negative elements
d contains negative elements
d contains negative elements
d contains negative elements
d contains negative elements
d contains negative elements
d contains negative elements
d contains negative elements
d contains negative elements
d contains negative elements
d contains negative elements
d contains negative elements
d contains negative elements
d contains negative elements
d contains negative elements
d contains negative elements
d contains negative elements
d contains negative elements
d contains negative elements
d contains negative elements
d contains negative elements
d contains negative elements
d contains negative elements
d contains negative elements
d contains negative elements
d contains negative elements
d contains negative elements
d contains negative elements
d contains negative elements
d contains negative elements
d contains negative elements
d contains negative elements
d contains negative elements
d contains negative elements
d contains negative elements
d contains negative elements
d contains negative elements
d contains negative elements
d contains negative elements
d contains negative elements
d contains negative elements
d contains negative elements
d contains negative elements
d contains negative elements
d contains negative elements
d contains negative elements
d contains negative elements
d contains negative elements
d contains negative elements
d contains negative elements
d contains negative elements
d contains negative elements
d contains negative elements
d contains negative elements
d contains negative elements
d contains negative elements
d contains negative elements
d contains negative elements
d contains negative elements
d contains negative elements
d contains negative elements
d contains negative elements
d contains negative elements
d contains negative elements
d contains negative elements
d contains negative elements
d contains negative elements
d contains negative elements
d contains negative elements
d contains negative elements
d contains negative elements
d contains negative elements
d contains negative elements
d contains negative elements
d contains negative elements
d contains negative elements
d contains negative elements
d contains negative elements
d contains negative elements
d contains negative elements
d contains negative elements
d contains negative elements
d contains negative elements
d contains negative elements
d contains negative elements
d contains negative elements
d contains negative elements
d contains negative elements
d contains negative elements
d contains negative elements
d contains negative elements
d contains negative elements
d contains negative elements
d contains negative elements
d contains negative elements
d contains negative elements
d contains negative elements
d contains negative elements
d contains negative elements
d contains negative elements
d contains negative elements
d contains negative elements
d contains negative elements
d contains negative elements
d contains negative elements
d contains negative elements
d contains negative elements
d contains negative elements
d contains negative elements
d contains negative elements
d contains negative elements
d contains negative elements
d contains negative elements
d contains negative elements
d contains negative elements
d contains negative elements
d contains negative elements
d contains negative elements
d contains negative elements
d contains negative elements
d contains negative elements
d contains negative elements
d contains negative elements
d contains negative elements
d contains negative elements
d contains negative elements
d contains negative elements
d contains negative elements
d contains negative elements
d contains negative elements
d contains negative elements
d contains negative elements
d contains negative elements
d contains negative elements
d contains negative elements
d contains negative elements
d contains negative elements
d contains negative elements
d contains negative elements
d contains negative elements
d contains negative elements
d contains negative elements
d contains negative elements
d contains negative elements
d contains negative elements
d contains negative elements
d contains negative elements
d contains negative elements
d contains negative elements
d contains negative elements
d contains negative elements
d contains negative elements
d contains negative elements
d contains negative elements
d contains negative elements
d contains negative elements
d contains negative elements
d contains negative elements
d contains negative elements
d contains negative elements
d contains negative elements
d contains negative elements
d contains negative elements
d contains negative elements
d contains negative elements
d contains negative elements
d contains negative elements
d contains negative elements
d contains negative elements
d contains negative elements
d contains negative elements
d contains negative elements
d contains negative elements
d contains negative elements
d contains negative elements
d contains negative elements
d contains negative elements
d contains negative elements
d contains negative elements
d contains negative elements
d contains negative elements
d contains negative elements
d contains negative elements
d contains negative elements
d contains negative elements
d contains negative elements
d contains negative elements
d contains negative elements
d contains negative elements
d contains negative elements
d contains negative elements
d contains negative elements
d contains negative elements
d contains negative elements
d contains negative elements
d contains negative elements
d contains negative elements
d contains negative elements
d contains negative elements
d contains negative elements
d contains negative elements
d contains negative elements
d contains negative elements
d contains negative elements
d contains negative elements
d contains negative elements
d contains negative elements
d contains negative elements
d contains negative elements
d contains negative elements
d contains negative elements
d contains negative elements
d contains negative elements
d contains negative elements
d contains negative elements
d contains negative elements
d contains negative elements
d contains negative elements
d contains negative elements
d contains negative elements
d contains negative elements
d contains negative elements
d contains negative elements
d contains negative elements
d contains negative elements
d contains negative elements
d contains negative elements
d contains negative elements
d contains negative elements
d contains negative elements
d contains negative elements
d contains negative elements
d contains negative elements
d contains negative elements
d contains negative elements
d contains negative elements
d contains negative elements
d contains negative elements
d contains negative elements
d contains negative elements
d contains negative elements
d contains negative elements
d contains negative elements
d contains negative elements
d contains negative elements
d contains negative elements
d contains negative elements
d contains negative elements
d contains negative elements
d contains negative elements
d contains negative elements
d contains negative elements
d contains negative elements
d contains negative elements
d contains negative elements
d contains negative elements
d contains negative elements
d contains negative elements
d contains negative elements
d contains negative elements
d contains negative elements
d contains negative elements
d contains negative elements
d contains negative elements
d contains negative elements
d contains negative elements
d contains negative elements
d contains negative elements
d contains negative elements
d contains negative elements
d contains negative elements
d contains negative elements
d contains negative elements
d contains negative elements
d contains negative elements
d contains negative elements
d contains negative elements
d contains negative elements
d contains negative elements
d contains negative elements
d contains negative elements
d contains negative elements
d contains negative elements
d contains negative elements
d contains negative elements
d contains negative elements
d contains negative elements
d contains negative elements
d contains negative elements
d contains negative elements
d contains negative elements
d contains negative elements
d contains negative elements
d contains negative elements
d contains negative elements
d contains negative elements
d contains negative elements
d contains negative elements
d contains negative elements
d contains negative elements
d contains negative elements
d contains negative elements
d contains negative elements
d contains negative elements
d contains negative elements
d contains negative elements
d contains negative elements
d contains negative elements
d contains negative elements
d contains negative elements
d contains negative elements
d contains negative elements
d contains negative elements
d contains negative elements
d contains negative elements
d contains negative elements
d contains negative elements
d contains negative elements
d contains negative elements
d contains negative elements
d contains negative elements
d contains negative elements
d contains negative elements
d contains negative elements
d contains negative elements
d contains negative elements
d contains negative elements
d contains negative elements
d contains negative elements
d contains negative elements
d contains negative elements
d contains negative elements
d contains negative elements
d contains negative elements
d contains negative elements
d contains negative elements
d contains negative elements
d contains negative elements
d contains negative elements
d contains negative elements
d contains negative elements
d contains negative elements
d contains negative elements
d contains negative elements
d contains negative elements
d contains negative elements
d contains negative elements
d contains negative elements
d contains negative elements
d contains negative elements
d contains negative elements
d contains negative elements
d contains negative elements
d contains negative elements
d contains negative elements
d contains negative elements
d contains negative elements
d contains negative elements
d contains negative elements
d contains negative elements
d contains negative elements
d contains negative elements
d contains negative elements
d contains negative elements
d contains negative elements
d contains negative elements
d contains negative elements
d contains negative elements
d contains negative elements
d contains negative elements
d contains negative elements
d contains negative elements
d contains negative elements
d contains negative elements
d contains negative elements
d contains negative elements
d contains negative elements
d contains negative elements
d contains negative elements
d contains negative elements
d contains negative elements
d contains negative elements
d contains negative elements
d contains negative elements
d contains negative elements
d contains negative elements
d contains negative elements
d contains negative elements
d contains negative elements
d contains negative elements
d contains negative elements
d contains negative elements
d contains negative elements
d contains negative elements
d contains negative elements
d contains negative elements
d contains negative elements
d contains negative elements
d contains negative elements
d contains negative elements
d contains negative elements
d contains negative elements
d contains negative elements
d contains negative elements
d contains negative elements
d contains negative elements
d contains negative elements
d contains negative elements
d contains negative elements
d contains negative elements
d contains negative elements
d contains negative elements
d contains negative elements
d contains negative elements
d contains negative elements
d contains negative elements
d contains negative elements
d contains negative elements
d contains negative elements
d contains negative elements
d contains negative elements
d contains negative elements
d contains negative elements
d contains negative elements
d contains negative elements
d contains negative elements
d contains negative elements
d contains negative elements
d contains negative elements
d contains negative elements
d contains negative elements
d contains negative elements
d contains negative elements
d contains negative elements
d contains negative elements
d contains negative elements
d contains negative elements
d contains negative elements
d contains negative elements
d contains negative elements
d contains negative elements
d contains negative elements
d contains negative elements
d contains negative elements
d contains negative elements
d contains negative elements
d contains negative elements
d contains negative elements
d contains negative elements
d contains negative elements
d contains negative elements
d contains negative elements
d contains negative elements
d contains negative elements
d contains negative elements
d contains negative elements
d contains negative elements
d contains negative elements
d contains negative elements
d contains negative elements
d contains negative elements
d contains negative elements
d contains negative elements
d contains negative elements
d contains negative elements
d contains negative elements
d contains negative elements
d contains negative elements
d contains negative elements
d contains negative elements
d contains negative elements
d contains negative elements
d contains negative elements
d contains negative elements
d contains negative elements
d contains negative elements
d contains negative elements
d contains negative elements
d contains negative elements
d contains negative elements
d contains negative elements
d contains negative elements
d contains negative elements
d contains negative elements
d contains negative elements
d contains negative elements
d contains negative elements
d contains negative elements
d contains negative elements
d contains negative elements
d contains negative elements
d contains negative elements
d contains negative elements
d contains negative elements
d contains negative elements
d contains negative elements
d contains negative elements
d contains negative elements
d contains negative elements
d contains negative elements
d contains negative elements
d contains negative elements
d contains negative elements
d contains negative elements
d contains negative elements
d contains negative elements
d contains negative elements
d contains negative elements
d contains negative elements
d contains negative elements
d contains negative elements
d contains negative elements
d contains negative elements
d contains negative elements
d contains negative elements
d contains negative elements
d contains negative elements
d contains negative elements
d contains negative elements
d contains negative elements
d contains negative elements
d contains negative elements
d contains negative elements
d contains negative elements
d contains negative elements
d contains negative elements
d contains negative elements
d contains negative elements
d contains negative elements
d contains negative elements
d contains negative elements
d contains negative elements
d contains negative elements
d contains negative elements
d contains negative elements
d contains negative elements
d contains negative elements
d contains negative elements
d contains negative elements
d contains negative elements
d contains negative elements
d contains negative elements
d contains negative elements
d contains negative elements
d contains negative elements
d contains negative elements
d contains negative elements
d contains negative elements
d contains negative elements
d contains negative elements
d contains negative elements
d contains negative elements
d contains negative elements
d contains negative elements
d contains negative elements
d contains negative elements
d contains negative elements
d contains negative elements
d contains negative elements
d contains negative elements
d contains negative elements
d contains negative elements
d contains negative elements
d contains negative elements
d contains negative elements
d contains negative elements
d contains negative elements
d contains negative elements
d contains negative elements
d contains negative elements
d contains negative elements
d contains negative elements
d contains negative elements
d contains negative elements
d contains negative elements
d contains negative elements
d contains negative elements
d contains negative elements
d contains negative elements
d contains negative elements
d contains negative elements
d contains negative elements
d contains negative elements
d contains negative elements
d contains negative elements
d contains negative elements
d contains negative elements
d contains negative elements
d contains negative elements
d contains negative elements
d contains negative elements
d contains negative elements
d contains negative elements
d contains negative elements
d contains negative elements
d contains negative elements
d contains negative elements
d contains negative elements
d contains negative elements
d contains negative elements
d contains negative elements
d contains negative elements
d contains negative elements
d contains negative elements
d contains negative elements
d contains negative elements
d contains negative elements
d contains negative elements
d contains negative elements
d contains negative elements
d contains negative elements
d contains negative elements
d contains negative elements
d contains negative elements
d contains negative elements
d contains negative elements
d contains negative elements
d contains negative elements
d contains negative elements
d contains negative elements
d contains negative elements
d contains negative elements
d contains negative elements
d contains negative elements
d contains negative elements
d contains negative elements
d contains negative elements
d contains negative elements
d contains negative elements
d contains negative elements
d contains negative elements
d contains negative elements
d contains negative elements
d contains negative elements
d contains negative elements
d contains negative elements
d contains negative elements
d contains negative elements
d contains negative elements
d contains negative elements
d contains negative elements
d contains negative elements
d contains negative elements
d contains negative elements
d contains negative elements
d contains negative elements
d contains negative elements
d contains negative elements
d contains negative elements
d contains negative elements
d contains negative elements
d contains negative elements
d contains negative elements
d contains negative elements
d contains negative elements
d contains negative elements
d contains negative elements
d contains negative elements
d contains negative elements
d contains negative elements
d contains negative elements
d contains negative elements
d contains negative elements
d contains negative elements
d contains negative elements
d contains negative elements
d contains negative elements
d contains negative elements
d contains negative elements
d contains negative elements
d contains negative elements
d contains negative elements
d contains negative elements
d contains negative elements
d contains negative elements
d contains negative elements
d contains negative elements
d contains negative elements
d contains negative elements
d contains negative elements
d contains negative elements
d contains negative elements
d contains negative elements
d contains negative elements
d contains negative elements
d contains negative elements
d contains negative elements
d contains negative elements
d contains negative elements
d contains negative elements
d contains negative elements
d contains negative elements
d contains negative elements
d contains negative elements
d contains negative elements
d contains negative elements
d contains negative elements
d contains negative elements
d contains negative elements
d contains negative elements
d contains negative elements
d contains negative elements
d contains negative elements
d contains negative elements
d contains negative elements
d contains negative elements
d contains negative elements
d contains negative elements
d contains negative elements
d contains negative elements
d contains negative elements
d contains negative elements
d contains negative elements
d contains negative elements
d contains negative elements
d contains negative elements
d contains negative elements
d contains negative elements
d contains negative elements
d contains negative elements
d contains negative elements
d contains negative elements
d contains negative elements
d contains negative elements
d contains negative elements
d contains negative elements
d contains negative elements
d contains negative elements
d contains negative elements
d contains negative elements
d contains negative elements
d contains negative elements
d contains negative elements
d contains negative elements
d contains negative elements
d contains negative elements
d contains negative elements
d contains negative elements
d contains negative elements
d contains negative elements
d contains negative elements
d contains negative elements
d contains negative elements
d contains negative elements
d contains negative elements
d contains negative elements
d contains negative elements
d contains negative elements
d contains negative elements
d contains negative elements
d contains negative elements
d contains negative elements
d contains negative elements
d contains negative elements
d contains negative elements
d contains negative elements
d contains negative elements
d contains negative elements
d contains negative elements
d contains negative elements
d contains negative elements
d contains negative elements
d contains negative elements
d contains negative elements
d contains negative elements
d contains negative elements
d contains negative elements
d contains negative elements
d contains negative elements
d contains negative elements
d contains negative elements
d contains negative elements
d contains negative elements
d contains negative elements
d contains negative elements
d contains negative elements
d contains negative elements
d contains negative elements
d contains negative elements
d contains negative elements
d contains negative elements
d contains negative elements
d contains negative elements
d contains negative elements
d contains negative elements
d contains negative elements
d contains negative elements
d contains negative elements
d contains negative elements
d contains negative elements
d contains negative elements
d contains negative elements
d contains negative elements
d contains negative elements
d contains negative elements
d contains negative elements
d contains negative elements
d contains negative elements
d contains negative elements
d contains negative elements
d contains negative elements
d contains negative elements
d contains negative elements
d contains negative elements
d contains negative elements
d contains negative elements
d contains negative elements
d contains negative elements
d contains negative elements
d contains negative elements
d contains negative elements
d contains negative elements
d contains negative elements
d contains negative elements
d contains negative elements
d contains negative elements
d contains negative elements
d contains negative elements
d contains negative elements
d contains negative elements
d contains negative elements
d contains negative elements
d contains negative elements
d contains negative elements
d contains negative elements
d contains negative elements
d contains negative elements
d contains negative elements
d contains negative elements
d contains negative elements
d contains negative elements
d contains negative elements
d contains negative elements
d contains negative elements
d contains negative elements
d contains negative elements
d contains negative elements
d contains negative elements
d contains negative elements
d contains negative elements
d contains negative elements
d contains negative elements
d contains negative elements
d contains negative elements
d contains negative elements
d contains negative elements
d contains negative elements
d contains negative elements
d contains negative elements
d contains negative elements
d contains negative elements
d contains negative elements
d contains negative elements
d contains negative elements
d contains negative elements
d contains negative elements
d contains negative elements
d contains negative elements
d contains negative elements
d contains negative elements
d contains negative elements
d contains negative elements
d contains negative elements
d contains negative elements
d contains negative elements
d contains negative elements
d contains negative elements
d contains negative elements
d contains negative elements
d contains negative elements
d contains negative elements
d contains negative elements
d contains negative elements
d contains negative elements
d contains negative elements
d contains negative elements
d contains negative elements
d contains negative elements
d contains negative elements
d contains negative elements
d contains negative elements
d contains negative elements
d contains negative elements
d contains negative elements
d contains negative elements
d contains negative elements
d contains negative elements
d contains negative elements
d contains negative elements
d contains negative elements
d contains negative elements
d contains negative elements
d contains negative elements
d contains negative elements
d contains negative elements
d contains negative elements
d contains negative elements
d contains negative elements
d contains negative elements
d contains negative elements
d contains negative elements
d contains negative elements
d contains negative elements
d contains negative elements
d contains negative elements
d contains negative elements
d contains negative elements
d contains negative elements
d contains negative elements
d contains negative elements
d contains negative elements
d contains negative elements
d contains negative elements
d contains negative elements
d contains negative elements
d contains negative elements
d contains negative elements
d contains negative elements
d contains negative elements
d contains negative elements
d contains negative elements
d contains negative elements
d contains negative elements
d contains negative elements
d contains negative elements
d contains negative elements
d contains negative elements
d contains negative elements
d contains negative elements
d contains negative elements
d contains negative elements
d contains negative elements
d contains negative elements
d contains negative elements
d contains negative elements
d contains negative elements
d contains negative elements
d contains negative elements
d contains negative elements
d contains negative elements
d contains negative elements
d contains negative elements
d contains negative elements
d contains negative elements
d contains negative elements
d contains negative elements
d contains negative elements
d contains negative elements
d contains negative elements
d contains negative elements
d contains negative elements
d contains negative elements
d contains negative elements
d contains negative elements
d contains negative elements
d contains negative elements
d contains negative elements
d contains negative elements
d contains negative elements
d contains negative elements
d contains negative elements
d contains negative elements
d contains negative elements
d contains negative elements
d contains negative elements
d contains negative elements
d contains negative elements
d contains negative elements
d contains negative elements
d contains negative elements
d contains negative elements
d contains negative elements
d contains negative elements
d contains negative elements
d contains negative elements
d contains negative elements
d contains negative elements
d contains negative elements
d contains negative elements
d contains negative elements
d contains negative elements
d contains negative elements
d contains negative elements
d contains negative elements
d contains negative elements
d contains negative elements
d contains negative elements
d contains negative elements
d contains negative elements
d contains negative elements
d contains negative elements
d contains negative elements
d contains negative elements
d contains negative elements
d contains negative elements
d contains negative elements
d contains negative elements
d contains negative elements
d contains negative elements
d contains negative elements
d contains negative elements
d contains negative elements
d contains negative elements
d contains negative elements
d contains negative elements
d contains negative elements
d contains negative elements
d contains negative elements
d contains negative elements
d contains negative elements
d contains negative elements
d contains negative elements
d contains negative elements
d contains negative elements
d contains negative elements
d contains negative elements
d contains negative elements
d contains negative elements
d contains negative elements
d contains negative elements
d contains negative elements
d contains negative elements
d contains negative elements
d contains negative elements
d contains negative elements
d contains negative elements
d contains negative elements
d contains negative elements
d contains negative elements
d contains negative elements
d contains negative elements
d contains negative elements
d contains negative elements
d contains negative elements
d contains negative elements
d contains negative elements
d contains negative elements
d contains negative elements
d contains negative elements
d contains negative elements
d contains negative elements
d contains negative elements
d contains negative elements
d contains negative elements
d contains negative elements
d contains negative elements
d contains negative elements
d contains negative elements
d contains negative elements
d contains negative elements
d contains negative elements
d contains negative elements
d contains negative elements
d contains negative elements
d contains negative elements
d contains negative elements
d contains negative elements
d contains negative elements
d contains negative elements
d contains negative elements
d contains negative elements
d contains negative elements
d contains negative elements
d contains negative elements
d contains negative elements
d contains negative elements
d contains negative elements
d contains negative elements
d contains negative elements
d contains negative elements
d contains negative elements
d contains negative elements
d contains negative elements
d contains negative elements
d contains negative elements
d contains negative elements
d contains negative elements
d contains negative elements
d contains negative elements
d contains negative elements
d contains negative elements
d contains negative elements
d contains negative elements
d contains negative elements
d contains negative elements
d contains negative elements
d contains negative elements
d contains negative elements
d contains negative elements
d contains negative elements
d contains negative elements
d contains negative elements
d contains negative elements
d contains negative elements
d contains negative elements
d contains negative elements
d contains negative elements
d contains negative elements
d contains negative elements
d contains negative elements
d contains negative elements
d contains negative elements
d contains negative elements
d contains negative elements
d contains negative elements
d contains negative elements
d contains negative elements
d contains negative elements
d contains negative elements
d contains negative elements
d contains negative elements
d contains negative elements
d contains negative elements
d contains negative elements
d contains negative elements
d contains negative elements
d contains negative elements
d contains negative elements
d contains negative elements
d contains negative elements
d contains negative elements
d contains negative elements
d contains negative elements
d contains negative elements
d contains negative elements
d contains negative elements
d contains negative elements
d contains negative elements
d contains negative elements
d contains negative elements
d contains negative elements
d contains negative elements
d contains negative elements
d contains negative elements
d contains negative elements
d contains negative elements
d contains negative elements
d contains negative elements
d contains negative elements
d contains negative elements
d contains negative elements
d contains negative elements
d contains negative elements
d contains negative elements
d contains negative elements
d contains negative elements
d contains negative elements
d contains negative elements
d contains negative elements
d contains negative elements
d contains negative elements
d contains negative elements
d contains negative elements
d contains negative elements
d contains negative elements
d contains negative elements
d contains negative elements
d contains negative elements
d contains negative elements
d contains negative elements
d contains negative elements
d contains negative elements
d contains negative elements
d contains negative elements
d contains negative elements
d contains negative elements
d contains negative elements
d contains negative elements
d contains negative elements
d contains negative elements
d contains negative elements
d contains negative elements
d contains negative elements
d contains negative elements
d contains negative elements
d contains negative elements
d contains negative elements
d contains negative elements
d contains negative elements
d contains negative elements
d contains negative elements
d contains negative elements
d contains negative elements
d contains negative elements
d contains negative elements
d contains negative elements
d contains negative elements
d contains negative elements
d contains negative elements
d contains negative elements
d contains negative elements
d contains negative elements
d contains negative elements
d contains negative elements
d contains negative elements
d contains negative elements
d contains negative elements
d contains negative elements
d contains negative elements
d contains negative elements
d contains negative elements
d contains negative elements
d contains negative elements
d contains negative elements
d contains negative elements
d contains negative elements
d contains negative elements
d contains negative elements
d contains negative elements
d contains negative elements
d contains negative elements
d contains negative elements
d contains negative elements
d contains negative elements
d contains negative elements
d contains negative elements
d contains negative elements
d contains negative elements
d contains negative elements
d contains negative elements
d contains negative elements
d contains negative elements
d contains negative elements
d contains negative elements
d contains negative elements
d contains negative elements
d contains negative elements
d contains negative elements
d contains negative elements
d contains negative elements
d contains negative elements
d contains negative elements
d contains negative elements
d contains negative elements
d contains negative elements
d contains negative elements
d contains negative elements
d contains negative elements
d contains negative elements
d contains negative elements
d contains negative elements
d contains negative elements
d contains negative elements
d contains negative elements
d contains negative elements
d contains negative elements
d contains negative elements
d contains negative elements
d contains negative elements
d contains negative elements
d contains negative elements
d contains negative elements
d contains negative elements
d contains negative elements
d contains negative elements
d contains negative elements
d contains negative elements
d contains negative elements
d contains negative elements
d contains negative elements
d contains negative elements
d contains negative elements
d contains negative elements
d contains negative elements
d contains negative elements
d contains negative elements
d contains negative elements
d contains negative elements
d contains negative elements
d contains negative elements
d contains negative elements
d contains negative elements
d contains negative elements
d contains negative elements
d contains negative elements
d contains negative elements
d contains negative elements
d contains negative elements
d contains negative elements
d contains negative elements
d contains negative elements
d contains negative elements
d contains negative elements
d contains negative elements
d contains negative elements
d contains negative elements
d contains negative elements
d contains negative elements
d contains negative elements
d contains negative elements
d contains negative elements
d contains negative elements
d contains negative elements
d contains negative elements
d contains negative elements
d contains negative elements
d contains negative elements
d contains negative elements
d contains negative elements
d contains negative elements
d contains negative elements
d contains negative elements
d contains negative elements
d contains negative elements
d contains negative elements
d contains negative elements
d contains negative elements
d contains negative elements
d contains negative elements
d contains negative elements
d contains negative elements
d contains negative elements
d contains negative elements
d contains negative elements
d contains negative elements
d contains negative elements
d contains negative elements
d contains negative elements
d contains negative elements
d contains negative elements
d contains negative elements
d contains negative elements
d contains negative elements
d contains negative elements
d contains negative elements
d contains negative elements
d contains negative elements
d contains negative elements
d contains negative elements
d contains negative elements
d contains negative elements
d contains negative elements
d contains negative elements
d contains negative elements
d contains negative elements
d contains negative elements
d contains negative elements
d contains negative elements
d contains negative elements
d contains negative elements
d contains negative elements
d contains negative elements
d contains negative elements
d contains negative elements
d contains negative elements
d contains negative elements
d contains negative elements
d contains negative elements
d contains negative elements
d contains negative elements
d contains negative elements
d contains negative elements
d contains negative elements
d contains negative elements
d contains negative elements
d contains negative elements
d contains negative elements
d contains negative elements
d contains negative elements
d contains negative elements
d contains negative elements
d contains negative elements
d contains negative elements
d contains negative elements
d contains negative elements
d contains negative elements
d contains negative elements
d contains negative elements
d contains negative elements
d contains negative elements
d contains negative elements
d contains negative elements
d contains negative elements
d contains negative elements
d contains negative elements
d contains negative elements
d contains negative elements
d contains negative elements
d contains negative elements
d contains negative elements
d contains negative elements
d contains negative elements
d contains negative elements
d contains negative elements
d contains negative elements
d contains negative elements
d contains negative elements
d contains negative elements
d contains negative elements
d contains negative elements
d contains negative elements
d contains negative elements
d contains negative elements
d contains negative elements
d contains negative elements
d contains negative elements
d contains negative elements
d contains negative elements
d contains negative elements
d contains negative elements
d contains negative elements
d contains negative elements
d contains negative elements
d contains negative elements
d contains negative elements
d contains negative elements
d contains negative elements
d contains negative elements
d contains negative elements
d contains negative elements
d contains negative elements
d contains negative elements
d contains negative elements
d contains negative elements
d contains negative elements
d contains negative elements
d contains negative elements
d contains negative elements
d contains negative elements
d contains negative elements
d contains negative elements
d contains negative elements
d contains negative elements
d contains negative elements
d contains negative elements
d contains negative elements
d contains negative elements
d contains negative elements
d contains negative elements
d contains negative elements
d contains negative elements
d contains negative elements
d contains negative elements
d contains negative elements
d contains negative elements
d contains negative elements
d contains negative elements
d contains negative elements
d contains negative elements
d contains negative elements
d contains negative elements
d contains negative elements
d contains negative elements
d contains negative elements
d contains negative elements
d contains negative elements
d contains negative elements
d contains negative elements
d contains negative elements
d contains negative elements
d contains negative elements
d contains negative elements
d contains negative elements
d contains negative elements
d contains negative elements
d contains negative elements
d contains negative elements
d contains negative elements
d contains negative elements
d contains negative elements
d contains negative elements
d contains negative elements
d contains negative elements
d contains negative elements
d contains negative elements
d contains negative elements
d contains negative elements
d contains negative elements
d contains negative elements
d contains negative elements
d contains negative elements
d contains negative elements
d contains negative elements
d contains negative elements
d contains negative elements
d contains negative elements
d contains negative elements
d contains negative elements
d contains negative elements
d contains negative elements
d contains negative elements
d contains negative elements
d contains negative elements
d contains negative elements
d contains negative elements
d contains negative elements
d contains negative elements
d contains negative elements
d contains negative elements
d contains negative elements
d contains negative elements
d contains negative elements
d contains negative elements
d contains negative elements
d contains negative elements
d contains negative elements
d contains negative elements
d contains negative elements
d contains negative elements
d contains negative elements
d contains negative elements
d contains negative elements
d contains negative elements
d contains negative elements
d contains negative elements
d contains negative elements
d contains negative elements
d contains negative elements
d contains negative elements
d contains negative elements
d contains negative elements
d contains negative elements
d contains negative elements
d contains negative elements
d contains negative elements
d contains negative elements
d contains negative elements
d contains negative elements
d contains negative elements
d contains negative elements
d contains negative elements
d contains negative elements
d contains negative elements
d contains negative elements
d contains negative elements
d contains negative elements
d contains negative elements
d contains negative elements
d contains negative elements
d contains negative elements
d contains negative elements
d contains negative elements
d contains negative elements
d contains negative elements
d contains negative elements
d contains negative elements
d contains negative elements
d contains negative elements
d contains negative elements
d contains negative elements
d contains negative elements
d contains negative elements
d contains negative elements
d contains negative elements
d contains negative elements
d contains negative elements
d contains negative elements
d contains negative elements
d contains negative elements
d contains negative elements
d contains negative elements
d contains negative elements
d contains negative elements
d contains negative elements
d contains negative elements
d contains negative elements
d contains negative elements
d contains negative elements
d contains negative elements
d contains negative elements
d contains negative elements
d contains negative elements
d contains negative elements
d contains negative elements
d contains negative elements
d contains negative elements
d contains negative elements
d contains negative elements
d contains negative elements
d contains negative elements
d contains negative elements
d contains negative elements
d contains negative elements
d contains negative elements
d contains negative elements
d contains negative elements
d contains negative elements
d contains negative elements
d contains negative elements
d contains negative elements
d contains negative elements
d contains negative elements
d contains negative elements
d contains negative elements
d contains negative elements
d contains negative elements
d contains negative elements
d contains negative elements
d contains negative elements
d contains negative elements
d contains negative elements
d contains negative elements
d contains negative elements
d contains negative elements
d contains negative elements
d contains negative elements
d contains negative elements
d contains negative elements
d contains negative elements
d contains negative elements
d contains negative elements
d contains negative elements
d contains negative elements
d contains negative elements
d contains negative elements
d contains negative elements
d contains negative elements
d contains negative elements
d contains negative elements
d contains negative elements
d contains negative elements
d contains negative elements
d contains negative elements
d contains negative elements
d contains negative elements
d contains negative elements
d contains negative elements
d contains negative elements
d contains negative elements
d contains negative elements
d contains negative elements
d contains negative elements
d contains negative elements
d contains negative elements
d contains negative elements
d contains negative elements
d contains negative elements
d contains negative elements
d contains negative elements
d contains negative elements
d contains negative elements
d contains negative elements
d contains negative elements
d contains negative elements
d contains negative elements
d contains negative elements
d contains negative elements
d contains negative elements
d contains negative elements
d contains negative elements
d contains negative elements
d contains negative elements
d contains negative elements
d contains negative elements
d contains negative elements
d contains negative elements
d contains negative elements
d contains negative elements
d contains negative elements
d contains negative elements
d contains negative elements
d contains negative elements
d contains negative elements
d contains negative elements
d contains negative elements
d contains negative elements
d contains negative elements
d contains negative elements
d contains negative elements
d contains negative elements
d contains negative elements
d contains negative elements
d contains negative elements
d contains negative elements
d contains negative elements
d contains negative elements
d contains negative elements
d contains negative elements
d contains negative elements
d contains negative elements
d contains negative elements
d contains negative elements
d contains negative elements
d contains negative elements
d contains negative elements
d contains negative elements
d contains negative elements
d contains negative elements
d contains negative elements
d contains negative elements
d contains negative elements
d contains negative elements
d contains negative elements
d contains negative elements
d contains negative elements
d contains negative elements
d contains negative elements
d contains negative elements
d contains negative elements
d contains negative elements
d contains negative elements
d contains negative elements
d contains negative elements
d contains negative elements
d contains negative elements
d contains negative elements
d contains negative elements
d contains negative elements
d contains negative elements
d contains negative elements
d contains negative elements
d contains negative elements
d contains negative elements
d contains negative elements
d contains negative elements
d contains negative elements
d contains negative elements
d contains negative elements
d contains negative elements
d contains negative elements
d contains negative elements
d contains negative elements
d contains negative elements
d contains negative elements
d contains negative elements
d contains negative elements
d contains negative elements
d contains negative elements
d contains negative elements
d contains negative elements
d contains negative elements
d contains negative elements
d contains negative elements
d contains negative elements
d contains negative elements
d contains negative elements
d contains negative elements
d contains negative elements
d contains negative elements
d contains negative elements
d contains negative elements
d contains negative elements
d contains negative elements
d contains negative elements
d contains negative elements
d contains negative elements
d contains negative elements
d contains negative elements
d contains negative elements
d contains negative elements
d contains negative elements
d contains negative elements
d contains negative elements
d contains negative elements
d contains negative elements
d contains negative elements
d contains negative elements
d contains negative elements
d contains negative elements
d contains negative elements
d contains negative elements
d contains negative elements
d contains negative elements
d contains negative elements
d contains negative elements
d contains negative elements
d contains negative elements
d contains negative elements
d contains negative elements
d contains negative elements
d contains negative elements
d contains negative elements
d contains negative elements
d contains negative elements
d contains negative elements
d contains negative elements
d contains negative elements
d contains negative elements
d contains negative elements
d contains negative elements
d contains negative elements
d contains negative elements
d contains negative elements
d contains negative elements
d contains negative elements
d contains negative elements
d contains negative elements
d contains negative elements
d contains negative elements
d contains negative elements
d contains negative elements
d contains negative elements
d contains negative elements
d contains negative elements
d contains negative elements
d contains negative elements
d contains negative elements
d contains negative elements
d contains negative elements
d contains negative elements
d contains negative elements
d contains negative elements
d contains negative elements
d contains negative elements
d contains negative elements
d contains negative elements
d contains negative elements
d contains negative elements
d contains negative elements
d contains negative elements
d contains negative elements
d contains negative elements
d contains negative elements
d contains negative elements
d contains negative elements
d contains negative elements
d contains negative elements
d contains negative elements
d contains negative elements
d contains negative elements
d contains negative elements
d contains negative elements
d contains negative elements
d contains negative elements
d contains negative elements
d contains negative elements
d contains negative elements
d contains negative elements
d contains negative elements
d contains negative elements
d contains negative elements
d contains negative elements
d contains negative elements
d contains negative elements
d contains negative elements
d contains negative elements
d contains negative elements
d contains negative elements
d contains negative elements
d contains negative elements
d contains negative elements
d contains negative elements
d contains negative elements
d contains negative elements
d contains negative elements
d contains negative elements
d contains negative elements
d contains negative elements
d contains negative elements
d contains negative elements
d contains negative elements
d contains negative elements
d contains negative elements
d contains negative elements
d contains negative elements
d contains negative elements
d contains negative elements
d contains negative elements
d contains negative elements
d contains negative elements
d contains negative elements
d contains negative elements
d contains negative elements
d contains negative elements
d contains negative elements
d contains negative elements
d contains negative elements
d contains negative elements
d contains negative elements
d contains negative elements
d contains negative elements
d contains negative elements
d contains negative elements
d contains negative elements
d contains negative elements
d contains negative elements
d contains negative elements
d contains negative elements
d contains negative elements
d contains negative elements
d contains negative elements
d contains negative elements
d contains negative elements
d contains negative elements
d contains negative elements
d contains negative elements
d contains negative elements
d contains negative elements
d contains negative elements
d contains negative elements
d contains negative elements
d contains negative elements
d contains negative elements
d contains negative elements
d contains negative elements
d contains negative elements
d contains negative elements
d contains negative elements
d contains negative elements
d contains negative elements
d contains negative elements
d contains negative elements
d contains negative elements
d contains negative elements
d contains negative elements
d contains negative elements
d contains negative elements
d contains negative elements
d contains negative elements
d contains negative elements
d contains negative elements
d contains negative elements
d contains negative elements
d contains negative elements
d contains negative elements
d contains negative elements
d contains negative elements
d contains negative elements
d contains negative elements
d contains negative elements
d contains negative elements
d contains negative elements
d contains negative elements
d contains negative elements
d contains negative elements
d contains negative elements
d contains negative elements
d contains negative elements
d contains negative elements
d contains negative elements
d contains negative elements
d contains negative elements
d contains negative elements
d contains negative elements
d contains negative elements
d contains negative elements
d contains negative elements
d contains negative elements
d contains negative elements
d contains negative elements
d contains negative elements
d contains negative elements
d contains negative elements
d contains negative elements
d contains negative elements
d contains negative elements
d contains negative elements
d contains negative elements
d contains negative elements
d contains negative elements
d contains negative elements
d contains negative elements
d contains negative elements
d contains negative elements
d contains negative elements
d contains negative elements
d contains negative elements
d contains negative elements
d contains negative elements
d contains negative elements
d contains negative elements
d contains negative elements
d contains negative elements
d contains negative elements
d contains negative elements
d contains negative elements
d contains negative elements
d contains negative elements
d contains negative elements
d contains negative elements
d contains negative elements
d contains negative elements
d contains negative elements
d contains negative elements
d contains negative elements
d contains negative elements
d contains negative elements
d contains negative elements
d contains negative elements
d contains negative elements
d contains negative elements
d contains negative elements
d contains negative elements
d contains negative elements
d contains negative elements
d contains negative elements
d contains negative elements
d contains negative elements
d contains negative elements
d contains negative elements
d contains negative elements
d contains negative elements
d contains negative elements
d contains negative elements
d contains negative elements
d contains negative elements
d contains negative elements
d contains negative elements
d contains negative elements
d contains negative elements
d contains negative elements
d contains negative elements
d contains negative elements
d contains negative elements
d contains negative elements
d contains negative elements
d contains negative elements
d contains negative elements
d contains negative elements
d contains negative elements
d contains negative elements
d contains negative elements
d contains negative elements
d contains negative elements
d contains negative elements
d contains negative elements
d contains negative elements
d contains negative elements
d contains negative elements
d contains negative elements
d contains negative elements
d contains negative elements
d contains negative elements
d contains negative elements
d contains negative elements
d contains negative elements
d contains negative elements
d contains negative elements
d contains negative elements
d contains negative elements
d contains negative elements
d contains negative elements
d contains negative elements
d contains negative elements
d contains negative elements
d contains negative elements
d contains negative elements
d contains negative elements
d contains negative elements
d contains negative elements
d contains negative elements
d contains negative elements
d contains negative elements
d contains negative elements
d contains negative elements
d contains negative elements
d contains negative elements
d contains negative elements
d contains negative elements
d contains negative elements
d contains negative elements
d contains negative elements
d contains negative elements
d contains negative elements
d contains negative elements
d contains negative elements
d contains negative elements
d contains negative elements
d contains negative elements
d contains negative elements
d contains negative elements
d contains negative elements
d contains negative elements
d contains negative elements
d contains negative elements
d contains negative elements
d contains negative elements
d contains negative elements
d contains negative elements
d contains negative elements
d contains negative elements
d contains negative elements
d contains negative elements
d contains negative elements
d contains negative elements
d contains negative elements
d contains negative elements
d contains negative elements
d contains negative elements
d contains negative elements
d contains negative elements
d contains negative elements
d contains negative elements
d contains negative elements
d contains negative elements
d contains negative elements
d contains negative elements
d contains negative elements
d contains negative elements
d contains negative elements
d contains negative elements
d contains negative elements
d contains negative elements
d contains negative elements
d contains negative elements
d contains negative elements
d contains negative elements
d contains negative elements
d contains negative elements
d contains negative elements
d contains negative elements
d contains negative elements
d contains negative elements
d contains negative elements
d contains negative elements
d contains negative elements
d contains negative elements
d contains negative elements
d contains negative elements
d contains negative elements
d contains negative elements
d contains negative elements
d contains negative elements
d contains negative elements
d contains negative elements
d contains negative elements
d contains negative elements
d contains negative elements
d contains negative elements
d contains negative elements
d contains negative elements
d contains negative elements
d contains negative elements
d contains negative elements
d contains negative elements
d contains negative elements
d contains negative elements
d contains negative elements
d contains negative elements
d contains negative elements
d contains negative elements
d contains negative elements
d contains negative elements
d contains negative elements
d contains negative elements
d contains negative elements
d contains negative elements
d contains negative elements
d contains negative elements
d contains negative elements
d contains negative elements
d contains negative elements
d contains negative elements
d contains negative elements
d contains negative elements
d contains negative elements
d contains negative elements
d contains negative elements
d contains negative elements
d contains negative elements
d contains negative elements
d contains negative elements
d contains negative elements
d contains negative elements
d contains negative elements
d contains negative elements
d contains negative elements
d contains negative elements
d contains negative elements
d contains negative elements
d contains negative elements
d contains negative elements
d contains negative elements
d contains negative elements
d contains negative elements
d contains negative elements
d contains negative elements
d contains negative elements
d contains negative elements
d contains negative elements
d contains negative elements
d contains negative elements
d contains negative elements
d contains negative elements
d contains negative elements
d contains negative elements
d contains negative elements
d contains negative elements
d contains negative elements
d contains negative elements
d contains negative elements
d contains negative elements
d contains negative elements
d contains negative elements
d contains negative elements
d contains negative elements
d contains negative elements
d contains negative elements
d contains negative elements
d contains negative elements
d contains negative elements
d contains negative elements
d contains negative elements
d contains negative elements
d contains negative elements
d contains negative elements
d contains negative elements
d contains negative elements
d contains negative elements
d contains negative elements
d contains negative elements
d contains negative elements
d contains negative elements
d contains negative elements
d contains negative elements
d contains negative elements
d contains negative elements
d contains negative elements
d contains negative elements
d contains negative elements
d contains negative elements
d contains negative elements
d contains negative elements
d contains negative elements
d contains negative elements
d contains negative elements
d contains negative elements
d contains negative elements
d contains negative elements
d contains negative elements
d contains negative elements
d contains negative elements
d contains negative elements
d contains negative elements
d contains negative elements
d contains negative elements
d contains negative elements
d contains negative elements
d contains negative elements
d contains negative elements
d contains negative elements
d contains negative elements
d contains negative elements
d contains negative elements
d contains negative elements
d contains negative elements
d contains negative elements
d contains negative elements
d contains negative elements
d contains negative elements
d contains negative elements
d contains negative elements
d contains negative elements
d contains negative elements
d contains negative elements
d contains negative elements
d contains negative elements
d contains negative elements
d contains negative elements
d contains negative elements
d contains negative elements
d contains negative elements
d contains negative elements
d contains negative elements
d contains negative elements
d contains negative elements
d contains negative elements
d contains negative elements
d contains negative elements
d contains negative elements
d contains negative elements
d contains negative elements
d contains negative elements
d contains negative elements
d contains negative elements
d contains negative elements
d contains negative elements
d contains negative elements
d contains negative elements
d contains negative elements
d contains negative elements
d contains negative elements
d contains negative elements
d contains negative elements
d contains negative elements
d contains negative elements
d contains negative elements
d contains negative elements
d contains negative elements
d contains negative elements
d contains negative elements
d contains negative elements
d contains negative elements
d contains negative elements
d contains negative elements
d contains negative elements
d contains negative elements
d contains negative elements
d contains negative elements
d contains negative elements
d contains negative elements
d contains negative elements
d contains negative elements
d contains negative elements
d contains negative elements
d contains negative elements
d contains negative elements
d contains negative elements
d contains negative elements
d contains negative elements
d contains negative elements
d contains negative elements
d contains negative elements
d contains negative elements
d contains negative elements
d contains negative elements
d contains negative elements
d contains negative elements
d contains negative elements
d contains negative elements
d contains negative elements
d contains negative elements
d contains negative elements
d contains negative elements
d contains negative elements
d contains negative elements
d contains negative elements
d contains negative elements
d contains negative elements
d contains negative elements
d contains negative elements
d contains negative elements
d contains negative elements
d contains negative elements
d contains negative elements
d contains negative elements
d contains negative elements
d contains negative elements
d contains negative elements
d contains negative elements
d contains negative elements
d contains negative elements
d contains negative elements
d contains negative elements
d contains negative elements
d contains negative elements
d contains negative elements
d contains negative elements
d contains negative elements
d contains negative elements
d contains negative elements
d contains negative elements
d contains negative elements
d contains negative elements
d contains negative elements
d contains negative elements
d contains negative elements
d contains negative elements
d contains negative elements
d contains negative elements
d contains negative elements
d contains negative elements
d contains negative elements
d contains negative elements
d contains negative elements
d contains negative elements
d contains negative elements
d contains negative elements
d contains negative elements
d contains negative elements
d contains negative elements
d contains negative elements
d contains negative elements
d contains negative elements
d contains negative elements
d contains negative elements
d contains negative elements
d contains negative elements
d contains negative elements
d contains negative elements
d contains negative elements
d contains negative elements
d contains negative elements
d contains negative elements
d contains negative elements
d contains negative elements
d contains negative elements
d contains negative elements
d contains negative elements
d contains negative elements
d contains negative elements
d contains negative elements
d contains negative elements
d contains negative elements
d contains negative elements
d contains negative elements
d contains negative elements
d contains negative elements
d contains negative elements
d contains negative elements
d contains negative elements
d contains negative elements
d contains negative elements
d contains negative elements
d contains negative elements
d contains negative elements
d contains negative elements
d contains negative elements
d contains negative elements
d contains negative elements
d contains negative elements
d contains negative elements
d contains negative elements
d contains negative elements
d contains negative elements
d contains negative elements
d contains negative elements
d contains negative elements
d contains negative elements
d contains negative elements
d contains negative elements
d contains negative elements
d contains negative elements
d contains negative elements
d contains negative elements
d contains negative elements
d contains negative elements
d contains negative elements
d contains negative elements
d contains negative elements
d contains negative elements
d contains negative elements
d contains negative elements
d contains negative elements
d contains negative elements
d contains negative elements
d contains negative elements
d contains negative elements
d contains negative elements
d contains negative elements
d contains negative elements
d contains negative elements
d contains negative elements
d contains negative elements
d contains negative elements
d contains negative elements
d contains negative elements
d contains negative elements
d contains negative elements
d contains negative elements
d contains negative elements
d contains negative elements
d contains negative elements
d contains negative elements
d contains negative elements
d contains negative elements
d contains negative elements
d contains negative elements
d contains negative elements
d contains negative elements
d contains negative elements
d contains negative elements
d contains negative elements
d contains negative elements
d contains negative elements
d contains negative elements
d contains negative elements
d contains negative elements
d contains negative elements
d contains negative elements
d contains negative elements
d contains negative elements
d contains negative elements
d contains negative elements
d contains negative elements
d contains negative elements
d contains negative elements
d contains negative elements
d contains negative elements
d contains negative elements
d contains negative elements
d contains negative elements
d contains negative elements
d contains negative elements
d contains negative elements
d contains negative elements
d contains negative elements
d contains negative elements
d contains negative elements
d contains negative elements
d contains negative elements
d contains negative elements
d contains negative elements
d contains negative elements
d contains negative elements
d contains negative elements
d contains negative elements
d contains negative elements
d contains negative elements
d contains negative elements
d contains negative elements
d contains negative elements
d contains negative elements
d contains negative elements
d contains negative elements
d contains negative elements
d contains negative elements
d contains negative elements
d contains negative elements
d contains negative elements
d contains negative elements
d contains negative elements
d contains negative elements
d contains negative elements
d contains negative elements
d contains negative elements
d contains negative elements
d contains negative elements
d contains negative elements
d contains negative elements
d contains negative elements
d contains negative elements
d contains negative elements
d contains negative elements
d contains negative elements
d contains negative elements
d contains negative elements
d contains negative elements
d contains negative elements
d contains negative elements
d contains negative elements
d contains negative elements
d contains negative elements
d contains negative elements
d contains negative elements
d contains negative elements
d contains negative elements
d contains negative elements
d contains negative elements
d contains negative elements
d contains negative elements
d contains negative elements
d contains negative elements
d contains negative elements
d contains negative elements
d contains negative elements
d contains negative elements
d contains negative elements
d contains negative elements
d contains negative elements
d contains negative elements
d contains negative elements
d contains negative elements
d contains negative elements
d contains negative elements
d contains negative elements
d contains negative elements
d contains negative elements
d contains negative elements
d contains negative elements
d contains negative elements
d contains negative elements
d contains negative elements
d contains negative elements
d contains negative elements
d contains negative elements
d contains negative elements
d contains negative elements
d contains negative elements
d contains negative elements
d contains negative elements
d contains negative elements
d contains negative elements
d contains negative elements
d contains negative elements
d contains negative elements
d contains negative elements
d contains negative elements
d contains negative elements
d contains negative elements
d contains negative elements
d contains negative elements
d contains negative elements
d contains negative elements
d contains negative elements
d contains negative elements
d contains negative elements
d contains negative elements
d contains negative elements
d contains negative elements
d contains negative elements
d contains negative elements
d contains negative elements
d contains negative elements
d contains negative elements
d contains negative elements
d contains negative elements
d contains negative elements
d contains negative elements
d contains negative elements
d contains negative elements
d contains negative elements
d contains negative elements
d contains negative elements
d contains negative elements
d contains negative elements
d contains negative elements
d contains negative elements
d contains negative elements
d contains negative elements
d contains negative elements
d contains negative elements
d contains negative elements
d contains negative elements
d contains negative elements
d contains negative elements
d contains negative elements
d contains negative elements
d contains negative elements
d contains negative elements
d contains negative elements
d contains negative elements
d contains negative elements
d contains negative elements
d contains negative elements
d contains negative elements
d contains negative elements
d contains negative elements
d contains negative elements
d contains negative elements
d contains negative elements
d contains negative elements
d contains negative elements
d contains negative elements
d contains negative elements
d contains negative elements
d contains negative elements
d contains negative elements
d contains negative elements
d contains negative elements
d contains negative elements
d contains negative elements
d contains negative elements
d contains negative elements
d contains negative elements
d contains negative elements
d contains negative elements
d contains negative elements
d contains negative elements
d contains negative elements
d contains negative elements
d contains negative elements
d contains negative elements
d contains negative elements
d contains negative elements
d contains negative elements
d contains negative elements
d contains negative elements
d contains negative elements
d contains negative elements
d contains negative elements
d contains negative elements
d contains negative elements
d contains negative elements
d contains negative elements
d contains negative elements
d contains negative elements
d contains negative elements
d contains negative elements
d contains negative elements
d contains negative elements
d contains negative elements
d contains negative elements
d contains negative elements
d contains negative elements
d contains negative elements
d contains negative elements
d contains negative elements
d contains negative elements
d contains negative elements
d contains negative elements
d contains negative elements
d contains negative elements
d contains negative elements
d contains negative elements
d contains negative elements
d contains negative elements
d contains negative elements
d contains negative elements
d contains negative elements
d contains negative elements
d contains negative elements
d contains negative elements
d contains negative elements
d contains negative elements
d contains negative elements
d contains negative elements
d contains negative elements
d contains negative elements
d contains negative elements
d contains negative elements
d contains negative elements
d contains negative elements
d contains negative elements
d contains negative elements
d contains negative elements
d contains negative elements
d contains negative elements
d contains negative elements
d contains negative elements
d contains negative elements
d contains negative elements
d contains negative elements
d contains negative elements
d contains negative elements
d contains negative elements
d contains negative elements
d contains negative elements
d contains negative elements
d contains negative elements
d contains negative elements
d contains negative elements
d contains negative elements
d contains negative elements
d contains negative elements
d contains negative elements
d contains negative elements
d contains negative elements
d contains negative elements
d contains negative elements
d contains negative elements
d contains negative elements
d contains negative elements
d contains negative elements
d contains negative elements
d contains negative elements
d contains negative elements
d contains negative elements
d contains negative elements
d contains negative elements
d contains negative elements
d contains negative elements
d contains negative elements
d contains negative elements
d contains negative elements
d contains negative elements
d contains negative elements
d contains negative elements
d contains negative elements
d contains negative elements
d contains negative elements
d contains negative elements
d contains negative elements
d contains negative elements
d contains negative elements
d contains negative elements
d contains negative elements
d contains negative elements
d contains negative elements
d contains negative elements
d contains negative elements
d contains negative elements
d contains negative elements
d contains negative elements
d contains negative elements
d contains negative elements
d contains negative elements
d contains negative elements
d contains negative elements
d contains negative elements
d contains negative elements
d contains negative elements
d contains negative elements
d contains negative elements
d contains negative elements
d contains negative elements
d contains negative elements
d contains negative elements
d contains negative elements
d contains negative elements
d contains negative elements
d contains negative elements
d contains negative elements
d contains negative elements
d contains negative elements
d contains negative elements
d contains negative elements
d contains negative elements
d contains negative elements
d contains negative elements
d contains negative elements
d contains negative elements
d contains negative elements
d contains negative elements
d contains negative elements
d contains negative elements
d contains negative elements
d contains negative elements
d contains negative elements
d contains negative elements
d contains negative elements
d contains negative elements
d contains negative elements
d contains negative elements
d contains negative elements
d contains negative elements
d contains negative elements
d contains negative elements
d contains negative elements
d contains negative elements
d contains negative elements
d contains negative elements
d contains negative elements
d contains negative elements
d contains negative elements
d contains negative elements
d contains negative elements
d contains negative elements
d contains negative elements
d contains negative elements
d contains negative elements
d contains negative elements
d contains negative elements
d contains negative elements
d contains negative elements
d contains negative elements
d contains negative elements
d contains negative elements
d contains negative elements
d contains negative elements
d contains negative elements
d contains negative elements
d contains negative elements
d contains negative elements
d contains negative elements
d contains negative elements
d contains negative elements
d contains negative elements
d contains negative elements
d contains negative elements
d contains negative elements
d contains negative elements
d contains negative elements
d contains negative elements
d contains negative elements
d contains negative elements
d contains negative elements
d contains negative elements
d contains negative elements
d contains negative elements
d contains negative elements
d contains negative elements
d contains negative elements
d contains negative elements
d contains negative elements
d contains negative elements
d contains negative elements
d contains negative elements
d contains negative elements
d contains negative elements
d contains negative elements
d contains negative elements
d contains negative elements
d contains negative elements
d contains negative elements
d contains negative elements
d contains negative elements
d contains negative elements
d contains negative elements
d contains negative elements
d contains negative elements
d contains negative elements
d contains negative elements
d contains negative elements
d contains negative elements
d contains negative elements
d contains negative elements
d contains negative elements
d contains negative elements
d contains negative elements
d contains negative elements
d contains negative elements
d contains negative elements
d contains negative elements
d contains negative elements
d contains negative elements
d contains negative elements
d contains negative elements
d contains negative elements
d contains negative elements
d contains negative elements
d contains negative elements
d contains negative elements
d contains negative elements
d contains negative elements
d contains negative elements
d contains negative elements
d contains negative elements
d contains negative elements
d contains negative elements
d contains negative elements
d contains negative elements
d contains negative elements
d contains negative elements
d contains negative elements
d contains negative elements
d contains negative elements
d contains negative elements
d contains negative elements
d contains negative elements
d contains negative elements
d contains negative elements
d contains negative elements
d contains negative elements
d contains negative elements
d contains negative elements
d contains negative elements
d contains negative elements
d contains negative elements
d contains negative elements
d contains negative elements
d contains negative elements
d contains negative elements
d contains negative elements
d contains negative elements
d contains negative elements
d contains negative elements
d contains negative elements
d contains negative elements
d contains negative elements
d contains negative elements
d contains negative elements
d contains negative elements
d contains negative elements
d contains negative elements
d contains negative elements
d contains negative elements
d contains negative elements
d contains negative elements
d contains negative elements
d contains negative elements
d contains negative elements
d contains negative elements
d contains negative elements
d contains negative elements
d contains negative elements
d contains negative elements
d contains negative elements
d contains negative elements
d contains negative elements
d contains negative elements
d contains negative elements
d contains negative elements
d contains negative elements
d contains negative elements
d contains negative elements
d contains negative elements
d contains negative elements
d contains negative elements
d contains negative elements
d contains negative elements
d contains negative elements
d contains negative elements
d contains negative elements
d contains negative elements
d contains negative elements
d contains negative elements
d contains negative elements
d contains negative elements
d contains negative elements
d contains negative elements
d contains negative elements
d contains negative elements
d contains negative elements
d contains negative elements
d contains negative elements
d contains negative elements
d contains negative elements
d contains negative elements
d contains negative elements
d contains negative elements
d contains negative elements
d contains negative elements
d contains negative elements
d contains negative elements
d contains negative elements
d contains negative elements
d contains negative elements
d contains negative elements
d contains negative elements
d contains negative elements
d contains negative elements
d contains negative elements
d contains negative elements
d contains negative elements
d contains negative elements
d contains negative elements
d contains negative elements
d contains negative elements
d contains negative elements
d contains negative elements
d contains negative elements
d contains negative elements
d contains negative elements
d contains negative elements
d contains negative elements
d contains negative elements
d contains negative elements
d contains negative elements
d contains negative elements
d contains negative elements
d contains negative elements
d contains negative elements
d contains negative elements
d contains negative elements
d contains negative elements
d contains negative elements
d contains negative elements
d contains negative elements
d contains negative elements
d contains negative elements
d contains negative elements
d contains negative elements
d contains negative elements
d contains negative elements
d contains negative elements
d contains negative elements
d contains negative elements
d contains negative elements
d contains negative elements
d contains negative elements
d contains negative elements
d contains negative elements
d contains negative elements
d contains negative elements
d contains negative elements
d contains negative elements
d contains negative elements
d contains negative elements
d contains negative elements
d contains negative elements
d contains negative elements
d contains negative elements
d contains negative elements
d contains negative elements
d contains negative elements
d contains negative elements
d contains negative elements
d contains negative elements
d contains negative elements
d contains negative elements
d contains negative elements
d contains negative elements
d contains negative elements
d contains negative elements
d contains negative elements
d contains negative elements
d contains negative elements
d contains negative elements
d contains negative elements
d contains negative elements
d contains negative elements
d contains negative elements
d contains negative elements
d contains negative elements
d contains negative elements
d contains negative elements
d contains negative elements
d contains negative elements
d contains negative elements
d contains negative elements
d contains negative elements
d contains negative elements
d contains negative elements
d contains negative elements
d contains negative elements
d contains negative elements
d contains negative elements
d contains negative elements
d contains negative elements
d contains negative elements
d contains negative elements
d contains negative elements
d contains negative elements
d contains negative elements
d contains negative elements
d contains negative elements
d contains negative elements
d contains negative elements
d contains negative elements
d contains negative elements
d contains negative elements
d contains negative elements
d contains negative elements
d contains negative elements
d contains negative elements
d contains negative elements
d contains negative elements
d contains negative elements
d contains negative elements
d contains negative elements
d contains negative elements
d contains negative elements
d contains negative elements
d contains negative elements
d contains negative elements
d contains negative elements
d contains negative elements
d contains negative elements
d contains negative elements
d contains negative elements
d contains negative elements
d contains negative elements
d contains negative elements
d contains negative elements
d contains negative elements
d contains negative elements
d contains negative elements
d contains negative elements
d contains negative elements
d contains negative elements
d contains negative elements
d contains negative elements
d contains negative elements
d contains negative elements
d contains negative elements
d contains negative elements
d contains negative elements
d contains negative elements
d contains negative elements
d contains negative elements
d contains negative elements
d contains negative elements
d contains negative elements
d contains negative elements
d contains negative elements
d contains negative elements
d contains negative elements
d contains negative elements
d contains negative elements
d contains negative elements
d contains negative elements
d contains negative elements
d contains negative elements
d contains negative elements
d contains negative elements
d contains negative elements
d contains negative elements
d contains negative elements
d contains negative elements
d contains negative elements
d contains negative elements
d contains negative elements
d contains negative elements
d contains negative elements
d contains negative elements
d contains negative elements
d contains negative elements
d contains negative elements
d contains negative elements
d contains negative elements
d contains negative elements
d contains negative elements
d contains negative elements
d contains negative elements
d contains negative elements
d contains negative elements
d contains negative elements
d contains negative elements
d contains negative elements
d contains negative elements
d contains negative elements
d contains negative elements
d contains negative elements
d contains negative elements
d contains negative elements
d contains negative elements
d contains negative elements
d contains negative elements
d contains negative elements
d contains negative elements
d contains negative elements
d contains negative elements
d contains negative elements
d contains negative elements
d contains negative elements
d contains negative elements
d contains negative elements
d contains negative elements
d contains negative elements
d contains negative elements
d contains negative elements
d contains negative elements
d contains negative elements
d contains negative elements
d contains negative elements
d contains negative elements
d contains negative elements
d contains negative elements
d contains negative elements
d contains negative elements
d contains negative elements
d contains negative elements
d contains negative elements
d contains negative elements
d contains negative elements
d contains negative elements
d contains negative elements
d contains negative elements
d contains negative elements
d contains negative elements
d contains negative elements
d contains negative elements
d contains negative elements
d contains negative elements
d contains negative elements
d contains negative elements
d contains negative elements
d contains negative elements
d contains negative elements
d contains negative elements
d contains negative elements
d contains negative elements
d contains negative elements
d contains negative elements
d contains negative elements
d contains negative elements
d contains negative elements
d contains negative elements
d contains negative elements
d contains negative elements
d contains negative elements
d contains negative elements
d contains negative elements
d contains negative elements
d contains negative elements
d contains negative elements
d contains negative elements
d contains negative elements
d contains negative elements
d contains negative elements
d contains negative elements
d contains negative elements
d contains negative elements
d contains negative elements
d contains negative elements
d contains negative elements
d contains negative elements
d contains negative elements
d contains negative elements
d contains negative elements
d contains negative elements
d contains negative elements
d contains negative elements
d contains negative elements
d contains negative elements
d contains negative elements
d contains negative elements
d contains negative elements
d contains negative elements
d contains negative elements
d contains negative elements
d contains negative elements
d contains negative elements
d contains negative elements
d contains negative elements
d contains negative elements
d contains negative elements
d contains negative elements
d contains negative elements
d contains negative elements
d contains negative elements
d contains negative elements
d contains negative elements
d contains negative elements
d contains negative elements
d contains negative elements
d contains negative elements
d contains negative elements
d contains negative elements
d contains negative elements
d contains negative elements
d contains negative elements
d contains negative elements
d contains negative elements
d contains negative elements
d contains negative elements
d contains negative elements
d contains negative elements
d contains negative elements
d contains negative elements
d contains negative elements
d contains negative elements
d contains negative elements
d contains negative elements
d contains negative elements
d contains negative elements
d contains negative elements
d contains negative elements
d contains negative elements
d contains negative elements
d contains negative elements
d contains negative elements
d contains negative elements
d contains negative elements
d contains negative elements
d contains negative elements
d contains negative elements
d contains negative elements
d contains negative elements
d contains negative elements
d contains negative elements
d contains negative elements
d contains negative elements
d contains negative elements
d contains negative elements
d contains negative elements
d contains negative elements
d contains negative elements
d contains negative elements
d contains negative elements
d contains negative elements
d contains negative elements
d contains negative elements
d contains negative elements
d contains negative elements
d contains negative elements
d contains negative elements
d contains negative elements
d contains negative elements
d contains negative elements
d contains negative elements
d contains negative elements
d contains negative elements
d contains negative elements
d contains negative elements
d contains negative elements
d contains negative elements
d contains negative elements
d contains negative elements
d contains negative elements
d contains negative elements
d contains negative elements
d contains negative elements
d contains negative elements
d contains negative elements
d contains negative elements
d contains negative elements
d contains negative elements
d contains negative elements
d contains negative elements
d contains negative elements
d contains negative elements
d contains negative elements
d contains negative elements
d contains negative elements
d contains negative elements
d contains negative elements
d contains negative elements
d contains negative elements
d contains negative elements
d contains negative elements
d contains negative elements
d contains negative elements
d contains negative elements
d contains negative elements
d contains negative elements
d contains negative elements
d contains negative elements
d contains negative elements
d contains negative elements
d contains negative elements
d contains negative elements
d contains negative elements
d contains negative elements
d contains negative elements
d contains negative elements
d contains negative elements
d contains negative elements
d contains negative elements
d contains negative elements
d contains negative elements
d contains negative elements
d contains negative elements
d contains negative elements
d contains negative elements
d contains negative elements
d contains negative elements
d contains negative elements
d contains negative elements
d contains negative elements
d contains negative elements
d contains negative elements
d contains negative elements
d contains negative elements
d contains negative elements
d contains negative elements
d contains negative elements
d contains negative elements
d contains negative elements
d contains negative elements
d contains negative elements
d contains negative elements
d contains negative elements
d contains negative elements
d contains negative elements
d contains negative elements
d contains negative elements
d contains negative elements
d contains negative elements
d contains negative elements
d contains negative elements
d contains negative elements
d contains negative elements
d contains negative elements
d contains negative elements
d contains negative elements
d contains negative elements
d contains negative elements
d contains negative elements
d contains negative elements
d contains negative elements
d contains negative elements
d contains negative elements
d contains negative elements
d contains negative elements
d contains negative elements
d contains negative elements
d contains negative elements
d contains negative elements
d contains negative elements
d contains negative elements
d contains negative elements
d contains negative elements
d contains negative elements
d contains negative elements
d contains negative elements
d contains negative elements
d contains negative elements
d contains negative elements
d contains negative elements
d contains negative elements
d contains negative elements
d contains negative elements
d contains negative elements
d contains negative elements
d contains negative elements
d contains negative elements
d contains negative elements
d contains negative elements
d contains negative elements
d contains negative elements
d contains negative elements
d contains negative elements
d contains negative elements
d contains negative elements
d contains negative elements
d contains negative elements
d contains negative elements
d contains negative elements
d contains negative elements
d contains negative elements
d contains negative elements
d contains negative elements
d contains negative elements
d contains negative elements
d contains negative elements
d contains negative elements
d contains negative elements
d contains negative elements
d contains negative elements
d contains negative elements
d contains negative elements
d contains negative elements
d contains negative elements
d contains negative elements
d contains negative elements
d contains negative elements
d contains negative elements
d contains negative elements
d contains negative elements
d contains negative elements
d contains negative elements
d contains negative elements
d contains negative elements
d contains negative elements
d contains negative elements
d contains negative elements
d contains negative elements
d contains negative elements
d contains negative elements
d contains negative elements
d contains negative elements
d contains negative elements
d contains negative elements
d contains negative elements
d contains negative elements
d contains negative elements
d contains negative elements
d contains negative elements
d contains negative elements
d contains negative elements
d contains negative elements
d contains negative elements
d contains negative elements
d contains negative elements
d contains negative elements
d contains negative elements
d contains negative elements
d contains negative elements
d contains negative elements
d contains negative elements
d contains negative elements
d contains negative elements
d contains negative elements
d contains negative elements
d contains negative elements
d contains negative elements
d contains negative elements
d contains negative elements
d contains negative elements
d contains negative elements
d contains negative elements
d contains negative elements
d contains negative elements
d contains negative elements
d contains negative elements
d contains negative elements
d contains negative elements
d contains negative elements
d contains negative elements
d contains negative elements
d contains negative elements
d contains negative elements
d contains negative elements
d contains negative elements
d contains negative elements
d contains negative elements
d contains negative elements
d contains negative elements
d contains negative elements
d contains negative elements
d contains negative elements
d contains negative elements
d contains negative elements
d contains negative elements
d contains negative elements
d contains negative elements
d contains negative elements
d contains negative elements
d contains negative elements
d contains negative elements
d contains negative elements
d contains negative elements
d contains negative elements
d contains negative elements
d contains negative elements
d contains negative elements
d contains negative elements
d contains negative elements
d contains negative elements
d contains negative elements
d contains negative elements
d contains negative elements
d contains negative elements
d contains negative elements
d contains negative elements
d contains negative elements
d contains negative elements
d contains negative elements
d contains negative elements
d contains negative elements
d contains negative elements
d contains negative elements
d contains negative elements
d contains negative elements
d contains negative elements
d contains negative elements
d contains negative elements
d contains negative elements
d contains negative elements
d contains negative elements
d contains negative elements
d contains negative elements
d contains negative elements
d contains negative elements
d contains negative elements
d contains negative elements
d contains negative elements
d contains negative elements
d contains negative elements
d contains negative elements
d contains negative elements
d contains negative elements
d contains negative elements
d contains negative elements
d contains negative elements
d contains negative elements
d contains negative elements
d contains negative elements
d contains negative elements
d contains negative elements
d contains negative elements
d contains negative elements
d contains negative elements
d contains negative elements
d contains negative elements
d contains negative elements
d contains negative elements
d contains negative elements
d contains negative elements
d contains negative elements
d contains negative elements
d contains negative elements
d contains negative elements
d contains negative elements
d contains negative elements
d contains negative elements
d contains negative elements
d contains negative elements
d contains negative elements
d contains negative elements
d contains negative elements
d contains negative elements
d contains negative elements
d contains negative elements
d contains negative elements
d contains negative elements
d contains negative elements
d contains negative elements
d contains negative elements
d contains negative elements
d contains negative elements
d contains negative elements
d contains negative elements
d contains negative elements
d contains negative elements
d contains negative elements
d contains negative elements
d contains negative elements
d contains negative elements
d contains negative elements
d contains negative elements
d contains negative elements
d contains negative elements
d contains negative elements
d contains negative elements
d contains negative elements
d contains negative elements
d contains negative elements
d contains negative elements
d contains negative elements
d contains negative elements
d contains negative elements
d contains negative elements
d contains negative elements
d contains negative elements
d contains negative elements
d contains negative elements
d contains negative elements
d contains negative elements
d contains negative elements
d contains negative elements
d contains negative elements
d contains negative elements
d contains negative elements
d contains negative elements
d contains negative elements
d contains negative elements
d contains negative elements
d contains negative elements
d contains negative elements
d contains negative elements
d contains negative elements
d contains negative elements
d contains negative elements
d contains negative elements
d contains negative elements
d contains negative elements
d contains negative elements
d contains negative elements
d contains negative elements
d contains negative elements
d contains negative elements
d contains negative elements
d contains negative elements
d contains negative elements
d contains negative elements
d contains negative elements
d contains negative elements
d contains negative elements
d contains negative elements
d contains negative elements
d contains negative elements
d contains negative elements
d contains negative elements
d contains negative elements
d contains negative elements
d contains negative elements
d contains negative elements
d contains negative elements
d contains negative elements
d contains negative elements
d contains negative elements
d contains negative elements
d contains negative elements
d contains negative elements
d contains negative elements
d contains negative elements
d contains negative elements
d contains negative elements
d contains negative elements
d contains negative elements
d contains negative elements
d contains negative elements
d contains negative elements
d contains negative elements
d contains negative elements
d contains negative elements
d contains negative elements
d contains negative elements
d contains negative elements
d contains negative elements
d contains negative elements
d contains negative elements
d contains negative elements
d contains negative elements
d contains negative elements
d contains negative elements
d contains negative elements
d contains negative elements
d contains negative elements
d contains negative elements
d contains negative elements
d contains negative elements
d contains negative elements
d contains negative elements
d contains negative elements
d contains negative elements
d contains negative elements
d contains negative elements
d contains negative elements
d contains negative elements
d contains negative elements
d contains negative elements
d contains negative elements
d contains negative elements
d contains negative elements
d contains negative elements
d contains negative elements
d contains negative elements
d contains negative elements
d contains negative elements
d contains negative elements
d contains negative elements
d contains negative elements
d contains negative elements
d contains negative elements
d contains negative elements
d contains negative elements
d contains negative elements
d contains negative elements
d contains negative elements
d contains negative elements
d contains negative elements
d contains negative elements
d contains negative elements
d contains negative elements
d contains negative elements
d contains negative elements
d contains negative elements
d contains negative elements
d contains negative elements
d contains negative elements
d contains negative elements
d contains negative elements
d contains negative elements
d contains negative elements
d contains negative elements
d contains negative elements
d contains negative elements
d contains negative elements
d contains negative elements
d contains negative elements
d contains negative elements
d contains negative elements
d contains negative elements
d contains negative elements
d contains negative elements
d contains negative elements
d contains negative elements
d contains negative elements
d contains negative elements
d contains negative elements
d contains negative elements
d contains negative elements
d contains negative elements
d contains negative elements
d contains negative elements
d contains negative elements
d contains negative elements
d contains negative elements
d contains negative elements
d contains negative elements
d contains negative elements
d contains negative elements
d contains negative elements
d contains negative elements
d contains negative elements
d contains negative elements
d contains negative elements
d contains negative elements
d contains negative elements
d contains negative elements
d contains negative elements
d contains negative elements
d contains negative elements
d contains negative elements
d contains negative elements
d contains negative elements
d contains negative elements
d contains negative elements
d contains negative elements
d contains negative elements
d contains negative elements
d contains negative elements
d contains negative elements
d contains negative elements
d contains negative elements
d contains negative elements
d contains negative elements
d contains negative elements
d contains negative elements
d contains negative elements
d contains negative elements
d contains negative elements
d contains negative elements
d contains negative elements
d contains negative elements
d contains negative elements
d contains negative elements
d contains negative elements
d contains negative elements
d contains negative elements
d contains negative elements
d contains negative elements
d contains negative elements
d contains negative elements
d contains negative elements
d contains negative elements
d contains negative elements
d contains negative elements
d contains negative elements
d contains negative elements
d contains negative elements
d contains negative elements
d contains negative elements
d contains negative elements
d contains negative elements
d contains negative elements
d contains negative elements
d contains negative elements
d contains negative elements
d contains negative elements
d contains negative elements
d contains negative elements
d contains negative elements
d contains negative elements
d contains negative elements
d contains negative elements
d contains negative elements
d contains negative elements
d contains negative elements
d contains negative elements
d contains negative elements
d contains negative elements
d contains negative elements
d contains negative elements
d contains negative elements
d contains negative elements
d contains negative elements
d contains negative elements
d contains negative elements
d contains negative elements
d contains negative elements
d contains negative elements
d contains negative elements
d contains negative elements
d contains negative elements
d contains negative elements
d contains negative elements
d contains negative elements
d contains negative elements
d contains negative elements
d contains negative elements
d contains negative elements
d contains negative elements
d contains negative elements
d contains negative elements
d contains negative elements
d contains negative elements
d contains negative elements
d contains negative elements
d contains negative elements
d contains negative elements
d contains negative elements
d contains negative elements
d contains negative elements
d contains negative elements
d contains negative elements
d contains negative elements
d contains negative elements
d contains negative elements
d contains negative elements
d contains negative elements
d contains negative elements
d contains negative elements
d contains negative elements
d contains negative elements
d contains negative elements
d contains negative elements
d contains negative elements
d contains negative elements
d contains negative elements
d contains negative elements
d contains negative elements
d contains negative elements
d contains negative elements
d contains negative elements
d contains negative elements
d contains negative elements
d contains negative elements
d contains negative elements
d contains negative elements
d contains negative elements
d contains negative elements
d contains negative elements
d contains negative elements
d contains negative elements
d contains negative elements
d contains negative elements
d contains negative elements
d contains negative elements
d contains negative elements
d contains negative elements
d contains negative elements
d contains negative elements
d contains negative elements
d contains negative elements
d contains negative elements
d contains negative elements
d contains negative elements
d contains negative elements
d contains negative elements
d contains negative elements
d contains negative elements
d contains negative elements
d contains negative elements
d contains negative elements
d contains negative elements
d contains negative elements
d contains negative elements
d contains negative elements
d contains negative elements
d contains negative elements
d contains negative elements
d contains negative elements
d contains negative elements
d contains negative elements
d contains negative elements
d contains negative elements
d contains negative elements
d contains negative elements
d contains negative elements
d contains negative elements
d contains negative elements
d contains negative elements
d contains negative elements
d contains negative elements
d contains negative elements
d contains negative elements
d contains negative elements
d contains negative elements
d contains negative elements
d contains negative elements
d contains negative elements
d contains negative elements
d contains negative elements
d contains negative elements
d contains negative elements
d contains negative elements
d contains negative elements
d contains negative elements
d contains negative elements
d contains negative elements
d contains negative elements
d contains negative elements
d contains negative elements
d contains negative elements
d contains negative elements
d contains negative elements
d contains negative elements
d contains negative elements
d contains negative elements
d contains negative elements
d contains negative elements
d contains negative elements
d contains negative elements
d contains negative elements
d contains negative elements
d contains negative elements
d contains negative elements
d contains negative elements
d contains negative elements
d contains negative elements
d contains negative elements
d contains negative elements
d contains negative elements
d contains negative elements
d contains negative elements
d contains negative elements
d contains negative elements
d contains negative elements
d contains negative elements
d contains negative elements
d contains negative elements
d contains negative elements
d contains negative elements
d contains negative elements
d contains negative elements
d contains negative elements
d contains negative elements
d contains negative elements
d contains negative elements
d contains negative elements
d contains negative elements
d contains negative elements
d contains negative elements
d contains negative elements
d contains negative elements
d contains negative elements
d contains negative elements
d contains negative elements
d contains negative elements
d contains negative elements
d contains negative elements
d contains negative elements
d contains negative elements
d contains negative elements
d contains negative elements
d contains negative elements
d contains negative elements
d contains negative elements
d contains negative elements
d contains negative elements
d contains negative elements
d contains negative elements
d contains negative elements
d contains negative elements
d contains negative elements
d contains negative elements
d contains negative elements
d contains negative elements
d contains negative elements
d contains negative elements
d contains negative elements
d contains negative elements
d contains negative elements
d contains negative elements
d contains negative elements
d contains negative elements
d contains negative elements
d contains negative elements
d contains negative elements
d contains negative elements
d contains negative elements
d contains negative elements
d contains negative elements
d contains negative elements
d contains negative elements
d contains negative elements
d contains negative elements
d contains negative elements
d contains negative elements
d contains negative elements
d contains negative elements
d contains negative elements
d contains negative elements
d contains negative elements
d contains negative elements
d contains negative elements
d contains negative elements
d contains negative elements
d contains negative elements
d contains negative elements
d contains negative elements
d contains negative elements
d contains negative elements
d contains negative elements
d contains negative elements
d contains negative elements
d contains negative elements
d contains negative elements
d contains negative elements
d contains negative elements
d contains negative elements
d contains negative elements
d contains negative elements
d contains negative elements
d contains negative elements
d contains negative elements
d contains negative elements
d contains negative elements
d contains negative elements
d contains negative elements
d contains negative elements
d contains negative elements
d contains negative elements
d contains negative elements
d contains negative elements
d contains negative elements
d contains negative elements
d contains negative elements
d contains negative elements
d contains negative elements
d contains negative elements
d contains negative elements
d contains negative elements
d contains negative elements
d contains negative elements
d contains negative elements
d contains negative elements
d contains negative elements
d contains negative elements
d contains negative elements
d contains negative elements
d contains negative elements
d contains negative elements
d contains negative elements
d contains negative elements
d contains negative elements
d contains negative elements
d contains negative elements
d contains negative elements
d contains negative elements
d contains negative elements
d contains negative elements
d contains negative elements
d contains negative elements
d contains negative elements
d contains negative elements
d contains negative elements
d contains negative elements
d contains negative elements
d contains negative elements
d contains negative elements
d contains negative elements
d contains negative elements
d contains negative elements
d contains negative elements
d contains negative elements
d contains negative elements
d contains negative elements
d contains negative elements
d contains negative elements
d contains negative elements
d contains negative elements
d contains negative elements
d contains negative elements
d contains negative elements
d contains negative elements
d contains negative elements
d contains negative elements
d contains negative elements
d contains negative elements
d contains negative elements
d contains negative elements
d contains negative elements
d contains negative elements
d contains negative elements
d contains negative elements
d contains negative elements
d contains negative elements
d contains negative elements
d contains negative elements
d contains negative elements
d contains negative elements
d contains negative elements
d contains negative elements
d contains negative elements
d contains negative elements
d contains negative elements
d contains negative elements
d contains negative elements
d contains negative elements
d contains negative elements
d contains negative elements
d contains negative elements
d contains negative elements
d contains negative elements
d contains negative elements
d contains negative elements
d contains negative elements
d contains negative elements
d contains negative elements
d contains negative elements
d contains negative elements
d contains negative elements
d contains negative elements
d contains negative elements
d contains negative elements
d contains negative elements
d contains negative elements
d contains negative elements
d contains negative elements
d contains negative elements
d contains negative elements
d contains negative elements
d contains negative elements
d contains negative elements
d contains negative elements
d contains negative elements
d contains negative elements
d contains negative elements
d contains negative elements
d contains negative elements
d contains negative elements
d contains negative elements
d contains negative elements
d contains negative elements
d contains negative elements
d contains negative elements
d contains negative elements
d contains negative elements
d contains negative elements
d contains negative elements
d contains negative elements
d contains negative elements
d contains negative elements
d contains negative elements
d contains negative elements
d contains negative elements
d contains negative elements
d contains negative elements
d contains negative elements
d contains negative elements
d contains negative elements
d contains negative elements
d contains negative elements
d contains negative elements
d contains negative elements
d contains negative elements
d contains negative elements
d contains negative elements
d contains negative elements
d contains negative elements
d contains negative elements
d contains negative elements
d contains negative elements
d contains negative elements
d contains negative elements
d contains negative elements
d contains negative elements
d contains negative elements
d contains negative elements
d contains negative elements
d contains negative elements
d contains negative elements
d contains negative elements
d contains negative elements
d contains negative elements
d contains negative elements
d contains negative elements
d contains negative elements
d contains negative elements
d contains negative elements
d contains negative elements
d contains negative elements
d contains negative elements
d contains negative elements
d contains negative elements
d contains negative elements
d contains negative elements
d contains negative elements
d contains negative elements
d contains negative elements
d contains negative elements
d contains negative elements
d contains negative elements
d contains negative elements
d contains negative elements
d contains negative elements
d contains negative elements
d contains negative elements
d contains negative elements
d contains negative elements
d contains negative elements
d contains negative elements
d contains negative elements
d contains negative elements
d contains negative elements
d contains negative elements
d contains negative elements
d contains negative elements
d contains negative elements
d contains negative elements
d contains negative elements
d contains negative elements
d contains negative elements
d contains negative elements
d contains negative elements
d contains negative elements
d contains negative elements
d contains negative elements
d contains negative elements
d contains negative elements
d contains negative elements
d contains negative elements
d contains negative elements
d contains negative elements
d contains negative elements
d contains negative elements
d contains negative elements
d contains negative elements
d contains negative elements
d contains negative elements
d contains negative elements
d contains negative elements
d contains negative elements
d contains negative elements
d contains negative elements
d contains negative elements
d contains negative elements
d contains negative elements
d contains negative elements
d contains negative elements
d contains negative elements
d contains negative elements
d contains negative elements
d contains negative elements
d contains negative elements
d contains negative elements
d contains negative elements
d contains negative elements
d contains negative elements
d contains negative elements
d contains negative elements
d contains negative elements
d contains negative elements
d contains negative elements
d contains negative elements
d contains negative elements
d contains negative elements
d contains negative elements
d contains negative elements
d contains negative elements
d contains negative elements
d contains negative elements
d contains negative elements
d contains negative elements
d contains negative elements
d contains negative elements
d contains negative elements
d contains negative elements
d contains negative elements
d contains negative elements
d contains negative elements
d contains negative elements
d contains negative elements
d contains negative elements
d contains negative elements
d contains negative elements
d contains negative elements
d contains negative elements
d contains negative elements
d contains negative elements
d contains negative elements
d contains negative elements
d contains negative elements
d contains negative elements
d contains negative elements
d contains negative elements
d contains negative elements
d contains negative elements
d contains negative elements
d contains negative elements
d contains negative elements
d contains negative elements
d contains negative elements
d contains negative elements
d contains negative elements
d contains negative elements
d contains negative elements
d contains negative elements
d contains negative elements
d contains negative elements
d contains negative elements
d contains negative elements
d contains negative elements
d contains negative elements
d contains negative elements
d contains negative elements
d contains negative elements
d contains negative elements
d contains negative elements
d contains negative elements
d contains negative elements
d contains negative elements
d contains negative elements
d contains negative elements
d contains negative elements
d contains negative elements
d contains negative elements
d contains negative elements
d contains negative elements
d contains negative elements
d contains negative elements
d contains negative elements
d contains negative elements
d contains negative elements
d contains negative elements
d contains negative elements
d contains negative elements
d contains negative elements
d contains negative elements
d contains negative elements
d contains negative elements
d contains negative elements
d contains negative elements
d contains negative elements
d contains negative elements
d contains negative elements
d contains negative elements
d contains negative elements
d contains negative elements
d contains negative elements
d contains negative elements
d contains negative elements
d contains negative elements
d contains negative elements
d contains negative elements
d contains negative elements
d contains negative elements
d contains negative elements
d contains negative elements
d contains negative elements
d contains negative elements
d contains negative elements
d contains negative elements
d contains negative elements
d contains negative elements
d contains negative elements
d contains negative elements
d contains negative elements
d contains negative elements
d contains negative elements
d contains negative elements
d contains negative elements
d contains negative elements
d contains negative elements
d contains negative elements
d contains negative elements
d contains negative elements
d contains negative elements
d contains negative elements
d contains negative elements
d contains negative elements
d contains negative elements
d contains negative elements
d contains negative elements
d contains negative elements
d contains negative elements
d contains negative elements
d contains negative elements
d contains negative elements
d contains negative elements
d contains negative elements
d contains negative elements
d contains negative elements
d contains negative elements
d contains negative elements
d contains negative elements
d contains negative elements
d contains negative elements
d contains negative elements
d contains negative elements
d contains negative elements
d contains negative elements
d contains negative elements
d contains negative elements
d contains negative elements
d contains negative elements
d contains negative elements
d contains negative elements
d contains negative elements
d contains negative elements
d contains negative elements
d contains negative elements
d contains negative elements
d contains negative elements
d contains negative elements
d contains negative elements
d contains negative elements
d contains negative elements
d contains negative elements
d contains negative elements
d contains negative elements
d contains negative elements
d contains negative elements
d contains negative elements
d contains negative elements
d contains negative elements
d contains negative elements
d contains negative elements
d contains negative elements
d contains negative elements
d contains negative elements
d contains negative elements
d contains negative elements
d contains negative elements
d contains negative elements
d contains negative elements
d contains negative elements
d contains negative elements
d contains negative elements
d contains negative elements
d contains negative elements
d contains negative elements
d contains negative elements
d contains negative elements
d contains negative elements
d contains negative elements
d contains negative elements
d contains negative elements
d contains negative elements
d contains negative elements
d contains negative elements
d contains negative elements
d contains negative elements
d contains negative elements
d contains negative elements
d contains negative elements
d contains negative elements
d contains negative elements
d contains negative elements
d contains negative elements
d contains negative elements
d contains negative elements
d contains negative elements
d contains negative elements
d contains negative elements
d contains negative elements
d contains negative elements
d contains negative elements
d contains negative elements
d contains negative elements
d contains negative elements
d contains negative elements
d contains negative elements
d contains negative elements
d contains negative elements
d contains negative elements
d contains negative elements
d contains negative elements
d contains negative elements
d contains negative elements
d contains negative elements
d contains negative elements
d contains negative elements
d contains negative elements
d contains negative elements
d contains negative elements
d contains negative elements
d contains negative elements
d contains negative elements
d contains negative elements
d contains negative elements
d contains negative elements
d contains negative elements
d contains negative elements
d contains negative elements
d contains negative elements
d contains negative elements
d contains negative elements
d contains negative elements
d contains negative elements
d contains negative elements
d contains negative elements
d contains negative elements
d contains negative elements
d contains negative elements
d contains negative elements
d contains negative elements
d contains negative elements
d contains negative elements
d contains negative elements
d contains negative elements
d contains negative elements
d contains negative elements
d contains negative elements
d contains negative elements
d contains negative elements
d contains negative elements
d contains negative elements
d contains negative elements
d contains negative elements
d contains negative elements
d contains negative elements
d contains negative elements
d contains negative elements
d contains negative elements
d contains negative elements
d contains negative elements
d contains negative elements
d contains negative elements
d contains negative elements
d contains negative elements
d contains negative elements
d contains negative elements
d contains negative elements
d contains negative elements
d contains negative elements
d contains negative elements
d contains negative elements
d contains negative elements
d contains negative elements
d contains negative elements
d contains negative elements
d contains negative elements
d contains negative elements
d contains negative elements
d contains negative elements
d contains negative elements
d contains negative elements
d contains negative elements
d contains negative elements
d contains negative elements
d contains negative elements
d contains negative elements
d contains negative elements
d contains negative elements
d contains negative elements
d contains negative elements
d contains negative elements
d contains negative elements
d contains negative elements
d contains negative elements
d contains negative elements
d contains negative elements
d contains negative elements
d contains negative elements
d contains negative elements
d contains negative elements
d contains negative elements
d contains negative elements
d contains negative elements
d contains negative elements
d contains negative elements
d contains negative elements
d contains negative elements
d contains negative elements
d contains negative elements
d contains negative elements
d contains negative elements
d contains negative elements
d contains negative elements
d contains negative elements
d contains negative elements
d contains negative elements
d contains negative elements
d contains negative elements
d contains negative elements
d contains negative elements
d contains negative elements
d contains negative elements
d contains negative elements
d contains negative elements
d contains negative elements
d contains negative elements
d contains negative elements
d contains negative elements
d contains negative elements
d contains negative elements
d contains negative elements
d contains negative elements
d contains negative elements
d contains negative elements
d contains negative elements
d contains negative elements
d contains negative elements
d contains negative elements
d contains negative elements
d contains negative elements
d contains negative elements
d contains negative elements
d contains negative elements
d contains negative elements
d contains negative elements
d contains negative elements
d contains negative elements
d contains negative elements
d contains negative elements
d contains negative elements
d contains negative elements
d contains negative elements
d contains negative elements
d contains negative elements
d contains negative elements
d contains negative elements
d contains negative elements
d contains negative elements
d contains negative elements
d contains negative elements
d contains negative elements
d contains negative elements
d contains negative elements
d contains negative elements
d contains negative elements
d contains negative elements
d contains negative elements
d contains negative elements
d contains negative elements
d contains negative elements
d contains negative elements
d contains negative elements
d contains negative elements
d contains negative elements
d contains negative elements
d contains negative elements
d contains negative elements
d contains negative elements
d contains negative elements
d contains negative elements
d contains negative elements
d contains negative elements
d contains negative elements
d contains negative elements
d contains negative elements
d contains negative elements
d contains negative elements
d contains negative elements
d contains negative elements
d contains negative elements
d contains negative elements
d contains negative elements
d contains negative elements
d contains negative elements
d contains negative elements
d contains negative elements
d contains negative elements
d contains negative elements
d contains negative elements
d contains negative elements
d contains negative elements
d contains negative elements
d contains negative elements
d contains negative elements
d contains negative elements
d contains negative elements
d contains negative elements
d contains negative elements
d contains negative elements
d contains negative elements
d contains negative elements
d contains negative elements
d contains negative elements
d contains negative elements
d contains negative elements
d contains negative elements
d contains negative elements
d contains negative elements
d contains negative elements
d contains negative elements
d contains negative elements
d contains negative elements
d contains negative elements
d contains negative elements
d contains negative elements
d contains negative elements
d contains negative elements
d contains negative elements
d contains negative elements
d contains negative elements
d contains negative elements
d contains negative elements
d contains negative elements
d contains negative elements
d contains negative elements
d contains negative elements
d contains negative elements
d contains negative elements
d contains negative elements
d contains negative elements
d contains negative elements
d contains negative elements
d contains negative elements
d contains negative elements
d contains negative elements
d contains negative elements
d contains negative elements
d contains negative elements
d contains negative elements
d contains negative elements
d contains negative elements
d contains negative elements
d contains negative elements
d contains negative elements
d contains negative elements
d contains negative elements
d contains negative elements
d contains negative elements
d contains negative elements
d contains negative elements
d contains negative elements
d contains negative elements
d contains negative elements
d contains negative elements
d contains negative elements
d contains negative elements
d contains negative elements
d contains negative elements
d contains negative elements
d contains negative elements
d contains negative elements
d contains negative elements
d contains negative elements
d contains negative elements
d contains negative elements
d contains negative elements
d contains negative elements
d contains negative elements
d contains negative elements
d contains negative elements
d contains negative elements
d contains negative elements
d contains negative elements
d contains negative elements
d contains negative elements
d contains negative elements
d contains negative elements
d contains negative elements
d contains negative elements
d contains negative elements
d contains negative elements
d contains negative elements
d contains negative elements
d contains negative elements
d contains negative elements
d contains negative elements
d contains negative elements
d contains negative elements
d contains negative elements
d contains negative elements
d contains negative elements
d contains negative elements
d contains negative elements
d contains negative elements
d contains negative elements
d contains negative elements
d contains negative elements
d contains negative elements
d contains negative elements
d contains negative elements
d contains negative elements
d contains negative elements
d contains negative elements
d contains negative elements
d contains negative elements
d contains negative elements
d contains negative elements
d contains negative elements
d contains negative elements
d contains negative elements
d contains negative elements
d contains negative elements
d contains negative elements
d contains negative elements
d contains negative elements
d contains negative elements
d contains negative elements
d contains negative elements
d contains negative elements
d contains negative elements
d contains negative elements
d contains negative elements
d contains negative elements
d contains negative elements
d contains negative elements
d contains negative elements
d contains negative elements
d contains negative elements
d contains negative elements
d contains negative elements
d contains negative elements
d contains negative elements
d contains negative elements
d contains negative elements
d contains negative elements
d contains negative elements
d contains negative elements
d contains negative elements
d contains negative elements
d contains negative elements
d contains negative elements
d contains negative elements
d contains negative elements
d contains negative elements
d contains negative elements
d contains negative elements
d contains negative elements
d contains negative elements
d contains negative elements
d contains negative elements
d contains negative elements
d contains negative elements
d contains negative elements
d contains negative elements
d contains negative elements
d contains negative elements
d contains negative elements
d contains negative elements
d contains negative elements
d contains negative elements
d contains negative elements
d contains negative elements
d contains negative elements
d contains negative elements
d contains negative elements
d contains negative elements
d contains negative elements
d contains negative elements
d contains negative elements
d contains negative elements
d contains negative elements
d contains negative elements
d contains negative elements
d contains negative elements
d contains negative elements
d contains negative elements
d contains negative elements
d contains negative elements
d contains negative elements
d contains negative elements
d contains negative elements
d contains negative elements
d contains negative elements
d contains negative elements
d contains negative elements
d contains negative elements
d contains negative elements
d contains negative elements
d contains negative elements
d contains negative elements
d contains negative elements
d contains negative elements
d contains negative elements
d contains negative elements
d contains negative elements
d contains negative elements
d contains negative elements
d contains negative elements
d contains negative elements
d contains negative elements
d contains negative elements
d contains negative elements
d contains negative elements
d contains negative elements
d contains negative elements
d contains negative elements
d contains negative elements
d contains negative elements
d contains negative elements
d contains negative elements
d contains negative elements
d contains negative elements
d contains negative elements
d contains negative elements
d contains negative elements
d contains negative elements
d contains negative elements
d contains negative elements
d contains negative elements
d contains negative elements
d contains negative elements
d contains negative elements
d contains negative elements
d contains negative elements
d contains negative elements
d contains negative elements
d contains negative elements
d contains negative elements
d contains negative elements
d contains negative elements
d contains negative elements
d contains negative elements
d contains negative elements
d contains negative elements
d contains negative elements
d contains negative elements
d contains negative elements
d contains negative elements
d contains negative elements
d contains negative elements
d contains negative elements
d contains negative elements
d contains negative elements
d contains negative elements
d contains negative elements
d contains negative elements
d contains negative elements
d contains negative elements
d contains negative elements
d contains negative elements
d contains negative elements
d contains negative elements
d contains negative elements
d contains negative elements
d contains negative elements
d contains negative elements
d contains negative elements
d contains negative elements
d contains negative elements
d contains negative elements
d contains negative elements
d contains negative elements
d contains negative elements
d contains negative elements
d contains negative elements
d contains negative elements
d contains negative elements
d contains negative elements
d contains negative elements
d contains negative elements
d contains negative elements
d contains negative elements
d contains negative elements
d contains negative elements
d contains negative elements
d contains negative elements
d contains negative elements
d contains negative elements
d contains negative elements
d contains negative elements
d contains negative elements
d contains negative elements
d contains negative elements
d contains negative elements
d contains negative elements
d contains negative elements
d contains negative elements
d contains negative elements
d contains negative elements
d contains negative elements
d contains negative elements
d contains negative elements
d contains negative elements
d contains negative elements
d contains negative elements
d contains negative elements
d contains negative elements
d contains negative elements
d contains negative elements
d contains negative elements
d contains negative elements
d contains negative elements
d contains negative elements
d contains negative elements
d contains negative elements
d contains negative elements
d contains negative elements
d contains negative elements
d contains negative elements
d contains negative elements
d contains negative elements
d contains negative elements
d contains negative elements
d contains negative elements
d contains negative elements
d contains negative elements
d contains negative elements
d contains negative elements
d contains negative elements
d contains negative elements
d contains negative elements
d contains negative elements
d contains negative elements
d contains negative elements
d contains negative elements
d contains negative elements
d contains negative elements
d contains negative elements
d contains negative elements
d contains negative elements
d contains negative elements
d contains negative elements
d contains negative elements
d contains negative elements
d contains negative elements
d contains negative elements
d contains negative elements
d contains negative elements
d contains negative elements
d contains negative elements
d contains negative elements
d contains negative elements
d contains negative elements
d contains negative elements
d contains negative elements
d contains negative elements
d contains negative elements
d contains negative elements
d contains negative elements
d contains negative elements
d contains negative elements
d contains negative elements
d contains negative elements
d contains negative elements
d contains negative elements
d contains negative elements
d contains negative elements
d contains negative elements
d contains negative elements
d contains negative elements
d contains negative elements
d contains negative elements
d contains negative elements
d contains negative elements
d contains negative elements
d contains negative elements
d contains negative elements
d contains negative elements
d contains negative elements
d contains negative elements
d contains negative elements
d contains negative elements
d contains negative elements
d contains negative elements
d contains negative elements
d contains negative elements
d contains negative elements
d contains negative elements
d contains negative elements
d contains negative elements
d contains negative elements
d contains negative elements
d contains negative elements
d contains negative elements
d contains negative elements
d contains negative elements
d contains negative elements
d contains negative elements
d contains negative elements
d contains negative elements
d contains negative elements
d contains negative elements
d contains negative elements
d contains negative elements
d contains negative elements
d contains negative elements
d contains negative elements
d contains negative elements
d contains negative elements
d contains negative elements
d contains negative elements
d contains negative elements
d contains negative elements
d contains negative elements
d contains negative elements
d contains negative elements
d contains negative elements
d contains negative elements
d contains negative elements
d contains negative elements
d contains negative elements
d contains negative elements
d contains negative elements
d contains negative elements
d contains negative elements
d contains negative elements
d contains negative elements
d contains negative elements
d contains negative elements
d contains negative elements
d contains negative elements
d contains negative elements
d contains negative elements
d contains negative elements
d contains negative elements
d contains negative elements
d contains negative elements
d contains negative elements
d contains negative elements
d contains negative elements
d contains negative elements
d contains negative elements
d contains negative elements
d contains negative elements
d contains negative elements
d contains negative elements
d contains negative elements
d contains negative elements
d contains negative elements
d contains negative elements
d contains negative elements
d contains negative elements
d contains negative elements
d contains negative elements
d contains negative elements
d contains negative elements
d contains negative elements
d contains negative elements
d contains negative elements
d contains negative elements
d contains negative elements
d contains negative elements
d contains negative elements
d contains negative elements
d contains negative elements
d contains negative elements
d contains negative elements
d contains negative elements
d contains negative elements
d contains negative elements
d contains negative elements
d contains negative elements
d contains negative elements
d contains negative elements
d contains negative elements
d contains negative elements
d contains negative elements
d contains negative elements
d contains negative elements
d contains negative elements
d contains negative elements
d contains negative elements
d contains negative elements
d contains negative elements
d contains negative elements
d contains negative elements
d contains negative elements
d contains negative elements
d contains negative elements
d contains negative elements
d contains negative elements
d contains negative elements
d contains negative elements
d contains negative elements
d contains negative elements
d contains negative elements
d contains negative elements
d contains negative elements
d contains negative elements
d contains negative elements
d contains negative elements
d contains negative elements
d contains negative elements
d contains negative elements
d contains negative elements
d contains negative elements
d contains negative elements
d contains negative elements
d contains negative elements
d contains negative elements
d contains negative elements
d contains negative elements
d contains negative elements
d contains negative elements
d contains negative elements
d contains negative elements
d contains negative elements
d contains negative elements
d contains negative elements
d contains negative elements
d contains negative elements
d contains negative elements
d contains negative elements
d contains negative elements
d contains negative elements
d contains negative elements
d contains negative elements
d contains negative elements
d contains negative elements
d contains negative elements
d contains negative elements
d contains negative elements
d contains negative elements
d contains negative elements
d contains negative elements
d contains negative elements
d contains negative elements
d contains negative elements
d contains negative elements
d contains negative elements
d contains negative elements
d contains negative elements
d contains negative elements
d contains negative elements
d contains negative elements
d contains negative elements
d contains negative elements
d contains negative elements
d contains negative elements
d contains negative elements
d contains negative elements
d contains negative elements
d contains negative elements
d contains negative elements
d contains negative elements
d contains negative elements
d contains negative elements
d contains negative elements
d contains negative elements
d contains negative elements
d contains negative elements
d contains negative elements
d contains negative elements
d contains negative elements
d contains negative elements
d contains negative elements
d contains negative elements
d contains negative elements
d contains negative elements
d contains negative elements
d contains negative elements
d contains negative elements
d contains negative elements
d contains negative elements
d contains negative elements
d contains negative elements
d contains negative elements
d contains negative elements
d contains negative elements
d contains negative elements
d contains negative elements
d contains negative elements
d contains negative elements
d contains negative elements
d contains negative elements
d contains negative elements
d contains negative elements
d contains negative elements
d contains negative elements
d contains negative elements
d contains negative elements
d contains negative elements
d contains negative elements
d contains negative elements
d contains negative elements
d contains negative elements
d contains negative elements
d contains negative elements
d contains negative elements
d contains negative elements
d contains negative elements
d contains negative elements
d contains negative elements
d contains negative elements
d contains negative elements
d contains negative elements
d contains negative elements
d contains negative elements
d contains negative elements
d contains negative elements
d contains negative elements
d contains negative elements
d contains negative elements
d contains negative elements
d contains negative elements
d contains negative elements
d contains negative elements
d contains negative elements
d contains negative elements
d contains negative elements
d contains negative elements
d contains negative elements
d contains negative elements
d contains negative elements
d contains negative elements
d contains negative elements
d contains negative elements
d contains negative elements
d contains negative elements
d contains negative elements
d contains negative elements
d contains negative elements
d contains negative elements
d contains negative elements
d contains negative elements
d contains negative elements
d contains negative elements
d contains negative elements
d contains negative elements
d contains negative elements
d contains negative elements
d contains negative elements
d contains negative elements
d contains negative elements
d contains negative elements
d contains negative elements
d contains negative elements
d contains negative elements
d contains negative elements
d contains negative elements
d contains negative elements
d contains negative elements
d contains negative elements
d contains negative elements
d contains negative elements
d contains negative elements
d contains negative elements
d contains negative elements
d contains negative elements
d contains negative elements
d contains negative elements
d contains negative elements
d contains negative elements
d contains negative elements
d contains negative elements
d contains negative elements
d contains negative elements
d contains negative elements
d contains negative elements
d contains negative elements
d contains negative elements
d contains negative elements
d contains negative elements
d contains negative elements
d contains negative elements
d contains negative elements
d contains negative elements
d contains negative elements
d contains negative elements
d contains negative elements
d contains negative elements
d contains negative elements
d contains negative elements
d contains negative elements
d contains negative elements
d contains negative elements
d contains negative elements
d contains negative elements
d contains negative elements
d contains negative elements
d contains negative elements
d contains negative elements
d contains negative elements
d contains negative elements
d contains negative elements
d contains negative elements
d contains negative elements
d contains negative elements
d contains negative elements
d contains negative elements
d contains negative elements
d contains negative elements
d contains negative elements
d contains negative elements
d contains negative elements
d contains negative elements
d contains negative elements
d contains negative elements
d contains negative elements
d contains negative elements
d contains negative elements
d contains negative elements
d contains negative elements
d contains negative elements
d contains negative elements
d contains negative elements
d contains negative elements
d contains negative elements
d contains negative elements
d contains negative elements
d contains negative elements
d contains negative elements
d contains negative elements
d contains negative elements
d contains negative elements
d contains negative elements
d contains negative elements
d contains negative elements
d contains negative elements
d contains negative elements
d contains negative elements
d contains negative elements
d contains negative elements
d contains negative elements
d contains negative elements
d contains negative elements
d contains negative elements
d contains negative elements
d contains negative elements
d contains negative elements
d contains negative elements
d contains negative elements
d contains negative elements
d contains negative elements
d contains negative elements
d contains negative elements
d contains negative elements
d contains negative elements
d contains negative elements
d contains negative elements
d contains negative elements
d contains negative elements
d contains negative elements
d contains negative elements
d contains negative elements
d contains negative elements
d contains negative elements
d contains negative elements
d contains negative elements
d contains negative elements
d contains negative elements
d contains negative elements
d contains negative elements
d contains negative elements
d contains negative elements
d contains negative elements
d contains negative elements
d contains negative elements
d contains negative elements
d contains negative elements
d contains negative elements
d contains negative elements
d contains negative elements
d contains negative elements
d contains negative elements
d contains negative elements
d contains negative elements
d contains negative elements
d contains negative elements
d contains negative elements
d contains negative elements
d contains negative elements
d contains negative elements
d contains negative elements
d contains negative elements
d contains negative elements
d contains negative elements
d contains negative elements
d contains negative elements
d contains negative elements
d contains negative elements
d contains negative elements
d contains negative elements
d contains negative elements
d contains negative elements
d contains negative elements
d contains negative elements
d contains negative elements
d contains negative elements
d contains negative elements
d contains negative elements
d contains negative elements
d contains negative elements
d contains negative elements
d contains negative elements
d contains negative elements
d contains negative elements
d contains negative elements
d contains negative elements
d contains negative elements
d contains negative elements
d contains negative elements
d contains negative elements
d contains negative elements
d contains negative elements
d contains negative elements
d contains negative elements
d contains negative elements
d contains negative elements
d contains negative elements
d contains negative elements
d contains negative elements
d contains negative elements
d contains negative elements
d contains negative elements
d contains negative elements
d contains negative elements
d contains negative elements
d contains negative elements
d contains negative elements
d contains negative elements
d contains negative elements
d contains negative elements
d contains negative elements
d contains negative elements
d contains negative elements
d contains negative elements
d contains negative elements
d contains negative elements
d contains negative elements
d contains negative elements
d contains negative elements
d contains negative elements
d contains negative elements
d contains negative elements
d contains negative elements
d contains negative elements
d contains negative elements
d contains negative elements
d contains negative elements
d contains negative elements
d contains negative elements
d contains negative elements
d contains negative elements
d contains negative elements
d contains negative elements
d contains negative elements
d contains negative elements
d contains negative elements
d contains negative elements
d contains negative elements
d contains negative elements
d contains negative elements
d contains negative elements
d contains negative elements
d contains negative elements
d contains negative elements
d contains negative elements
d contains negative elements
d contains negative elements
d contains negative elements
d contains negative elements
d contains negative elements
d contains negative elements
d contains negative elements
d contains negative elements
d contains negative elements
d contains negative elements
d contains negative elements
d contains negative elements
d contains negative elements
d contains negative elements
d contains negative elements
d contains negative elements
d contains negative elements
d contains negative elements
d contains negative elements
d contains negative elements
d contains negative elements
d contains negative elements
d contains negative elements
d contains negative elements
d contains negative elements
d contains negative elements
d contains negative elements
d contains negative elements
d contains negative elements
d contains negative elements
d contains negative elements
d contains negative elements
d contains negative elements
d contains negative elements
d contains negative elements
d contains negative elements
d contains negative elements
d contains negative elements
d contains negative elements
d contains negative elements
d contains negative elements
d contains negative elements
d contains negative elements
d contains negative elements
d contains negative elements
d contains negative elements
d contains negative elements
d contains negative elements
d contains negative elements
d contains negative elements
d contains negative elements
d contains negative elements
d contains negative elements
d contains negative elements
d contains negative elements
d contains negative elements
d contains negative elements
d contains negative elements
d contains negative elements
d contains negative elements
d contains negative elements
d contains negative elements
d contains negative elements
d contains negative elements
d contains negative elements
d contains negative elements
d contains negative elements
d contains negative elements
d contains negative elements
d contains negative elements
d contains negative elements
d contains negative elements
d contains negative elements
d contains negative elements
d contains negative elements
d contains negative elements
d contains negative elements
d contains negative elements
d contains negative elements
d contains negative elements
d contains negative elements
d contains negative elements
d contains negative elements
d contains negative elements
d contains negative elements
d contains negative elements
d contains negative elements
d contains negative elements
d contains negative elements
d contains negative elements
d contains negative elements
d contains negative elements
d contains negative elements
d contains negative elements
d contains negative elements
d contains negative elements
d contains negative elements
d contains negative elements
d contains negative elements
d contains negative elements
d contains negative elements
d contains negative elements
d contains negative elements
d contains negative elements
d contains negative elements
d contains negative elements
d contains negative elements
d contains negative elements
d contains negative elements
d contains negative elements
d contains negative elements
d contains negative elements
d contains negative elements
d contains negative elements
d contains negative elements
d contains negative elements
d contains negative elements
d contains negative elements
d contains negative elements
d contains negative elements
d contains negative elements
d contains negative elements
d contains negative elements
d contains negative elements
d contains negative elements
d contains negative elements
d contains negative elements
d contains negative elements
d contains negative elements
d contains negative elements
d contains negative elements
d contains negative elements
d contains negative elements
d contains negative elements
d contains negative elements
d contains negative elements
d contains negative elements
d contains negative elements
d contains negative elements
d contains negative elements
d contains negative elements
d contains negative elements
d contains negative elements
d contains negative elements
d contains negative elements
d contains negative elements
d contains negative elements
d contains negative elements
d contains negative elements
d contains negative elements
d contains negative elements
d contains negative elements
d contains negative elements
d contains negative elements
d contains negative elements
d contains negative elements
d contains negative elements
d contains negative elements
d contains negative elements
d contains negative elements
d contains negative elements
d contains negative elements
d contains negative elements
d contains negative elements
d contains negative elements
d contains negative elements
d contains negative elements
d contains negative elements
d contains negative elements
d contains negative elements
d contains negative elements
d contains negative elements
d contains negative elements
d contains negative elements
d contains negative elements
d contains negative elements
d contains negative elements
d contains negative elements
d contains negative elements
d contains negative elements
d contains negative elements
d contains negative elements
d contains negative elements
d contains negative elements
d contains negative elements
d contains negative elements
d contains negative elements
d contains negative elements
d contains negative elements
d contains negative elements
d contains negative elements
d contains negative elements
d contains negative elements
d contains negative elements
d contains negative elements
d contains negative elements
d contains negative elements
d contains negative elements
d contains negative elements
d contains negative elements
d contains negative elements
d contains negative elements
d contains negative elements
d contains negative elements
d contains negative elements
d contains negative elements
d contains negative elements
d contains negative elements
d contains negative elements
d contains negative elements
d contains negative elements
d contains negative elements
d contains negative elements
d contains negative elements
d contains negative elements
d contains negative elements
d contains negative elements
d contains negative elements
d contains negative elements
d contains negative elements
d contains negative elements
d contains negative elements
d contains negative elements
d contains negative elements
d contains negative elements
d contains negative elements
d contains negative elements
d contains negative elements
d contains negative elements
d contains negative elements
d contains negative elements
d contains negative elements
d contains negative elements
d contains negative elements
d contains negative elements
d contains negative elements
d contains negative elements
d contains negative elements
d contains negative elements
d contains negative elements
d contains negative elements
d contains negative elements
d contains negative elements
d contains negative elements
d contains negative elements
d contains negative elements
d contains negative elements
d contains negative elements
d contains negative elements
d contains negative elements
d contains negative elements
d contains negative elements
d contains negative elements
d contains negative elements
d contains negative elements
d contains negative elements
d contains negative elements
d contains negative elements
d contains negative elements
d contains negative elements
d contains negative elements
d contains negative elements
d contains negative elements
d contains negative elements
d contains negative elements
d contains negative elements
d contains negative elements
d contains negative elements
d contains negative elements
d contains negative elements
d contains negative elements
d contains negative elements
d contains negative elements
d contains negative elements
d contains negative elements
d contains negative elements
d contains negative elements
d contains negative elements
d contains negative elements
d contains negative elements
d contains negative elements
d contains negative elements
d contains negative elements
d contains negative elements
d contains negative elements
d contains negative elements
d contains negative elements
d contains negative elements
d contains negative elements
d contains negative elements
d contains negative elements
d contains negative elements
d contains negative elements
d contains negative elements
d contains negative elements
d contains negative elements
d contains negative elements
d contains negative elements
d contains negative elements
d contains negative elements
d contains negative elements
d contains negative elements
d contains negative elements
d contains negative elements
d contains negative elements
d contains negative elements
d contains negative elements
d contains negative elements
d contains negative elements
d contains negative elements
d contains negative elements
d contains negative elements
d contains negative elements
d contains negative elements
d contains negative elements
d contains negative elements
d contains negative elements
d contains negative elements
d contains negative elements
d contains negative elements
d contains negative elements
d contains negative elements
d contains negative elements
d contains negative elements
d contains negative elements
d contains negative elements
d contains negative elements
d contains negative elements
d contains negative elements
d contains negative elements
d contains negative elements
d contains negative elements
d contains negative elements
d contains negative elements
d contains negative elements
d contains negative elements
d contains negative elements
d contains negative elements
d contains negative elements
d contains negative elements
d contains negative elements
d contains negative elements
d contains negative elements
d contains negative elements
d contains negative elements
d contains negative elements
d contains negative elements
d contains negative elements
d contains negative elements
d contains negative elements
d contains negative elements
d contains negative elements
d contains negative elements
d contains negative elements
d contains negative elements
d contains negative elements
d contains negative elements
d contains negative elements
d contains negative elements
d contains negative elements
d contains negative elements
d contains negative elements
d contains negative elements
d contains negative elements
d contains negative elements
d contains negative elements
d contains negative elements
d contains negative elements
d contains negative elements
d contains negative elements
d contains negative elements
d contains negative elements
d contains negative elements
d contains negative elements
d contains negative elements
d contains negative elements
d contains negative elements
d contains negative elements
d contains negative elements
d contains negative elements
d contains negative elements
d contains negative elements
d contains negative elements
d contains negative elements
d contains negative elements
d contains negative elements
d contains negative elements
d contains negative elements
d contains negative elements
d contains negative elements
d contains negative elements
d contains negative elements
d contains negative elements
d contains negative elements
d contains negative elements
d contains negative elements
d contains negative elements
d contains negative elements
d contains negative elements
d contains negative elements
d contains negative elements
d contains negative elements
d contains negative elements
d contains negative elements
d contains negative elements
d contains negative elements
d contains negative elements
d contains negative elements
d contains negative elements
d contains negative elements
d contains negative elements
d contains negative elements
d contains negative elements
d contains negative elements
d contains negative elements
d contains negative elements
d contains negative elements
d contains negative elements
d contains negative elements
d contains negative elements
d contains negative elements
d contains negative elements
d contains negative elements
d contains negative elements
d contains negative elements
d contains negative elements
d contains negative elements
d contains negative elements
d contains negative elements
d contains negative elements
d contains negative elements
d contains negative elements
d contains negative elements
d contains negative elements
d contains negative elements
d contains negative elements
d contains negative elements
d contains negative elements
d contains negative elements
d contains negative elements
d contains negative elements
d contains negative elements
d contains negative elements
d contains negative elements
d contains negative elements
d contains negative elements
d contains negative elements
d contains negative elements
d contains negative elements
d contains negative elements
d contains negative elements
d contains negative elements
d contains negative elements
d contains negative elements
d contains negative elements
d contains negative elements
d contains negative elements
d contains negative elements
d contains negative elements
d contains negative elements
d contains negative elements
d contains negative elements
d contains negative elements
d contains negative elements
d contains negative elements
d contains negative elements
d contains negative elements
d contains negative elements
d contains negative elements
d contains negative elements
d contains negative elements
d contains negative elements
d contains negative elements
d contains negative elements
d contains negative elements
d contains negative elements
d contains negative elements
d contains negative elements
d contains negative elements
d contains negative elements
d contains negative elements
d contains negative elements
d contains negative elements
d contains negative elements
d contains negative elements
d contains negative elements
d contains negative elements
d contains negative elements
d contains negative elements
d contains negative elements
d contains negative elements
d contains negative elements
d contains negative elements
d contains negative elements
d contains negative elements
d contains negative elements
d contains negative elements
d contains negative elements
d contains negative elements
d contains negative elements
d contains negative elements
d contains negative elements
d contains negative elements
d contains negative elements
d contains negative elements
d contains negative elements
d contains negative elements
d contains negative elements
d contains negative elements
d contains negative elements
d contains negative elements
d contains negative elements
d contains negative elements
d contains negative elements
d contains negative elements
d contains negative elements
d contains negative elements
d contains negative elements
d contains negative elements
d contains negative elements
d contains negative elements
d contains negative elements
d contains negative elements
d contains negative elements
d contains negative elements
d contains negative elements
d contains negative elements
d contains negative elements
d contains negative elements
d contains negative elements
d contains negative elements
d contains negative elements
d contains negative elements
d contains negative elements
d contains negative elements
d contains negative elements
d contains negative elements
d contains negative elements
d contains negative elements
d contains negative elements
d contains negative elements
d contains negative elements
d contains negative elements
d contains negative elements
d contains negative elements
d contains negative elements
d contains negative elements
d contains negative elements
d contains negative elements
d contains negative elements
d contains negative elements
d contains negative elements
d contains negative elements
d contains negative elements
d contains negative elements
d contains negative elements
d contains negative elements
d contains negative elements
d contains negative elements
d contains negative elements
d contains negative elements
d contains negative elements
d contains negative elements
d contains negative elements
d contains negative elements
d contains negative elements
d contains negative elements
d contains negative elements
d contains negative elements
d contains negative elements
d contains negative elements
d contains negative elements
d contains negative elements
d contains negative elements
d contains negative elements
d contains negative elements
d contains negative elements
d contains negative elements
d contains negative elements
d contains negative elements
d contains negative elements
d contains negative elements
d contains negative elements
d contains negative elements
d contains negative elements
d contains negative elements
d contains negative elements
d contains negative elements
d contains negative elements
d contains negative elements
d contains negative elements
d contains negative elements
d contains negative elements
d contains negative elements
d contains negative elements
d contains negative elements
d contains negative elements
d contains negative elements
d contains negative elements
d contains negative elements
d contains negative elements
d contains negative elements
d contains negative elements
d contains negative elements
d contains negative elements
d contains negative elements
d contains negative elements
d contains negative elements
d contains negative elements
d contains negative elements
d contains negative elements
d contains negative elements
d contains negative elements
d contains negative elements
d contains negative elements
d contains negative elements
d contains negative elements
d contains negative elements
d contains negative elements
d contains negative elements
d contains negative elements
d contains negative elements
d contains negative elements
d contains negative elements
d contains negative elements
d contains negative elements
d contains negative elements
d contains negative elements
d contains negative elements
d contains negative elements
d contains negative elements
d contains negative elements
d contains negative elements
d contains negative elements
d contains negative elements
d contains negative elements
d contains negative elements
d contains negative elements
d contains negative elements
d contains negative elements
d contains negative elements
d contains negative elements
d contains negative elements
d contains negative elements
d contains negative elements
d contains negative elements
d contains negative elements
d contains negative elements
d contains negative elements
d contains negative elements
d contains negative elements
d contains negative elements
d contains negative elements
d contains negative elements
d contains negative elements
d contains negative elements
d contains negative elements
d contains negative elements
d contains negative elements
d contains negative elements
d contains negative elements
d contains negative elements
d contains negative elements
d contains negative elements
d contains negative elements
d contains negative elements
d contains negative elements
d contains negative elements
d contains negative elements
d contains negative elements
d contains negative elements
d contains negative elements
d contains negative elements
d contains negative elements
d contains negative elements
d contains negative elements
d contains negative elements
d contains negative elements
d contains negative elements
d contains negative elements
d contains negative elements
d contains negative elements
d contains negative elements
d contains negative elements
d contains negative elements
d contains negative elements
d contains negative elements
d contains negative elements
d contains negative elements
d contains negative elements
d contains negative elements
d contains negative elements
d contains negative elements
d contains negative elements
d contains negative elements
d contains negative elements
d contains negative elements
d contains negative elements
d contains negative elements
d contains negative elements
d contains negative elements
d contains negative elements
d contains negative elements
d contains negative elements
d contains negative elements
d contains negative elements
d contains negative elements
d contains negative elements
d contains negative elements
d contains negative elements
d contains negative elements
d contains negative elements
d contains negative elements
d contains negative elements
d contains negative elements
d contains negative elements
d contains negative elements
d contains negative elements
d contains negative elements
d contains negative elements
d contains negative elements
d contains negative elements
d contains negative elements
d contains negative elements
d contains negative elements
d contains negative elements
d contains negative elements
d contains negative elements
d contains negative elements
d contains negative elements
d contains negative elements
d contains negative elements
d contains negative elements
d contains negative elements
d contains negative elements
d contains negative elements
d contains negative elements
d contains negative elements
d contains negative elements
d contains negative elements
d contains negative elements
d contains negative elements
d contains negative elements
d contains negative elements
d contains negative elements
d contains negative elements
d contains negative elements
d contains negative elements
d contains negative elements
d contains negative elements
d contains negative elements
d contains negative elements
d contains negative elements
d contains negative elements
d contains negative elements
d contains negative elements
d contains negative elements
d contains negative elements
d contains negative elements
d contains negative elements
d contains negative elements
d contains negative elements
d contains negative elements
d contains negative elements
d contains negative elements
d contains negative elements
d contains negative elements
d contains negative elements
d contains negative elements
d contains negative elements
d contains negative elements
d contains negative elements
d contains negative elements
d contains negative elements
d contains negative elements
d contains negative elements
d contains negative elements
d contains negative elements
d contains negative elements
d contains negative elements
d contains negative elements
d contains negative elements
d contains negative elements
d contains negative elements
d contains negative elements
d contains negative elements
d contains negative elements
d contains negative elements
d contains negative elements
d contains negative elements
d contains negative elements
d contains negative elements
d contains negative elements
d contains negative elements
d contains negative elements
d contains negative elements
d contains negative elements
d contains negative elements
d contains negative elements
d contains negative elements
d contains negative elements
d contains negative elements
d contains negative elements
d contains negative elements
d contains negative elements
d contains negative elements
d contains negative elements
d contains negative elements
d contains negative elements
d contains negative elements
d contains negative elements
d contains negative elements
d contains negative elements
d contains negative elements
d contains negative elements
d contains negative elements
d contains negative elements
d contains negative elements
d contains negative elements
d contains negative elements
d contains negative elements
d contains negative elements
d contains negative elements
d contains negative elements
d contains negative elements
d contains negative elements
d contains negative elements
d contains negative elements
d contains negative elements
d contains negative elements
d contains negative elements
d contains negative elements
d contains negative elements
d contains negative elements
d contains negative elements
d contains negative elements
d contains negative elements
d contains negative elements
d contains negative elements
d contains negative elements
d contains negative elements
d contains negative elements
d contains negative elements
d contains negative elements
d contains negative elements
d contains negative elements
d contains negative elements
d contains negative elements
d contains negative elements
d contains negative elements
d contains negative elements
d contains negative elements
d contains negative elements
d contains negative elements
d contains negative elements
d contains negative elements
d contains negative elements
d contains negative elements
d contains negative elements
d contains negative elements
d contains negative elements
d contains negative elements
d contains negative elements
d contains negative elements
d contains negative elements
d contains negative elements
d contains negative elements
d contains negative elements
d contains negative elements
d contains negative elements
d contains negative elements
d contains negative elements
d contains negative elements
d contains negative elements
d contains negative elements
d contains negative elements
d contains negative elements
d contains negative elements
d contains negative elements
d contains negative elements
d contains negative elements
d contains negative elements
d contains negative elements
d contains negative elements
d contains negative elements
d contains negative elements
d contains negative elements
d contains negative elements
d contains negative elements
d contains negative elements
d contains negative elements
d contains negative elements
d contains negative elements
d contains negative elements
d contains negative elements
d contains negative elements
d contains negative elements
d contains negative elements
d contains negative elements
d contains negative elements
d contains negative elements
d contains negative elements
d contains negative elements
d contains negative elements
d contains negative elements
d contains negative elements
d contains negative elements
d contains negative elements
d contains negative elements
d contains negative elements
d contains negative elements
d contains negative elements
d contains negative elements
d contains negative elements
d contains negative elements
d contains negative elements
d contains negative elements
d contains negative elements
d contains negative elements
d contains negative elements
d contains negative elements
d contains negative elements
d contains negative elements
d contains negative elements
d contains negative elements
d contains negative elements
d contains negative elements
d contains negative elements
d contains negative elements
d contains negative elements
d contains negative elements
d contains negative elements
d contains negative elements
d contains negative elements
d contains negative elements
d contains negative elements
d contains negative elements
d contains negative elements
d contains negative elements
d contains negative elements
d contains negative elements
d contains negative elements
d contains negative elements
d contains negative elements
d contains negative elements
d contains negative elements
d contains negative elements
d contains negative elements
d contains negative elements
d contains negative elements
d contains negative elements
d contains negative elements
d contains negative elements
d contains negative elements
d contains negative elements
d contains negative elements
d contains negative elements
d contains negative elements
d contains negative elements
d contains negative elements
d contains negative elements
d contains negative elements
d contains negative elements
d contains negative elements
d contains negative elements
d contains negative elements
d contains negative elements
d contains negative elements
d contains negative elements
d contains negative elements
d contains negative elements
d contains negative elements
d contains negative elements
d contains negative elements
d contains negative elements
d contains negative elements
d contains negative elements
d contains negative elements
d contains negative elements
d contains negative elements
d contains negative elements
d contains negative elements
d contains negative elements
d contains negative elements
d contains negative elements
d contains negative elements
d contains negative elements
d contains negative elements
d contains negative elements
d contains negative elements
d contains negative elements
d contains negative elements
d contains negative elements
d contains negative elements
d contains negative elements
d contains negative elements
d contains negative elements
d contains negative elements
d contains negative elements
d contains negative elements
d contains negative elements
d contains negative elements
d contains negative elements
d contains negative elements
d contains negative elements
d contains negative elements
d contains negative elements
d contains negative elements
d contains negative elements
d contains negative elements
d contains negative elements
d contains negative elements
d contains negative elements
d contains negative elements
d contains negative elements
d contains negative elements
d contains negative elements
d contains negative elements
d contains negative elements
d contains negative elements
d contains negative elements
d contains negative elements
d contains negative elements
d contains negative elements
d contains negative elements
d contains negative elements
d contains negative elements
d contains negative elements
d contains negative elements
d contains negative elements
d contains negative elements
d contains negative elements
d contains negative elements
d contains negative elements
d contains negative elements
d contains negative elements
d contains negative elements
d contains negative elements
d contains negative elements
d contains negative elements
d contains negative elements
d contains negative elements
d contains negative elements
d contains negative elements
d contains negative elements
d contains negative elements
d contains negative elements
d contains negative elements
d contains negative elements
d contains negative elements
d contains negative elements
d contains negative elements
d contains negative elements
d contains negative elements
d contains negative elements
d contains negative elements
d contains negative elements
d contains negative elements
d contains negative elements
d contains negative elements
d contains negative elements
d contains negative elements
d contains negative elements
d contains negative elements
d contains negative elements
d contains negative elements
d contains negative elements
d contains negative elements
d contains negative elements
d contains negative elements
d contains negative elements
d contains negative elements
d contains negative elements
d contains negative elements
d contains negative elements
d contains negative elements
d contains negative elements
d contains negative elements
d contains negative elements
d contains negative elements
d contains negative elements
d contains negative elements
d contains negative elements
d contains negative elements
d contains negative elements
d contains negative elements
d contains negative elements
d contains negative elements
d contains negative elements
d contains negative elements
d contains negative elements
d contains negative elements
d contains negative elements
d contains negative elements
d contains negative elements
d contains negative elements
d contains negative elements
d contains negative elements
d contains negative elements
d contains negative elements
d contains negative elements
d contains negative elements
d contains negative elements
d contains negative elements
d contains negative elements
d contains negative elements
d contains negative elements
d contains negative elements
d contains negative elements
d contains negative elements
d contains negative elements
d contains negative elements
d contains negative elements
d contains negative elements
d contains negative elements
d contains negative elements
d contains negative elements
d contains negative elements
d contains negative elements
d contains negative elements
d contains negative elements
d contains negative elements
d contains negative elements
d contains negative elements
d contains negative elements
d contains negative elements
d contains negative elements
d contains negative elements
d contains negative elements
d contains negative elements
d contains negative elements
d contains negative elements
d contains negative elements
d contains negative elements
d contains negative elements
d contains negative elements
d contains negative elements
d contains negative elements
d contains negative elements
d contains negative elements
d contains negative elements
d contains negative elements
d contains negative elements
d contains negative elements
d contains negative elements
d contains negative elements
d contains negative elements
d contains negative elements
d contains negative elements
d contains negative elements
d contains negative elements
d contains negative elements
d contains negative elements
d contains negative elements
d contains negative elements
d contains negative elements
d contains negative elements
d contains negative elements
d contains negative elements
d contains negative elements
d contains negative elements
d contains negative elements
d contains negative elements
d contains negative elements
d contains negative elements
d contains negative elements
d contains negative elements
d contains negative elements
d contains negative elements
d contains negative elements
d contains negative elements
d contains negative elements
d contains negative elements
d contains negative elements
d contains negative elements
d contains negative elements
d contains negative elements
d contains negative elements
d contains negative elements
d contains negative elements
d contains negative elements
d contains negative elements
d contains negative elements
d contains negative elements
d contains negative elements
d contains negative elements
d contains negative elements
d contains negative elements
d contains negative elements
d contains negative elements
d contains negative elements
d contains negative elements
d contains negative elements
d contains negative elements
d contains negative elements
d contains negative elements
d contains negative elements
d contains negative elements
d contains negative elements
d contains negative elements
d contains negative elements
d contains negative elements
d contains negative elements
d contains negative elements
d contains negative elements
d contains negative elements
d contains negative elements
d contains negative elements
d contains negative elements
d contains negative elements
d contains negative elements
d contains negative elements
d contains negative elements
d contains negative elements
d contains negative elements
d contains negative elements
d contains negative elements
d contains negative elements
d contains negative elements
d contains negative elements
d contains negative elements
d contains negative elements
d contains negative elements
d contains negative elements
d contains negative elements
d contains negative elements
d contains negative elements
d contains negative elements
d contains negative elements
d contains negative elements
d contains negative elements
d contains negative elements
d contains negative elements
d contains negative elements
d contains negative elements
d contains negative elements
d contains negative elements
d contains negative elements
d contains negative elements
d contains negative elements
d contains negative elements
d contains negative elements
d contains negative elements
d contains negative elements
d contains negative elements
d contains negative elements
d contains negative elements
d contains negative elements
d contains negative elements
d contains negative elements
d contains negative elements
d contains negative elements
d contains negative elements
d contains negative elements
d contains negative elements
d contains negative elements
d contains negative elements
d contains negative elements
d contains negative elements
d contains negative elements
d contains negative elements
d contains negative elements
d contains negative elements
d contains negative elements
d contains negative elements
d contains negative elements
d contains negative elements
d contains negative elements
d contains negative elements
d contains negative elements
d contains negative elements
d contains negative elements
d contains negative elements
d contains negative elements
d contains negative elements
d contains negative elements
d contains negative elements
d contains negative elements
d contains negative elements
d contains negative elements
d contains negative elements
d contains negative elements
d contains negative elements
d contains negative elements
d contains negative elements
d contains negative elements
d contains negative elements
d contains negative elements
d contains negative elements
d contains negative elements
d contains negative elements
d contains negative elements
d contains negative elements
d contains negative elements
d contains negative elements
d contains negative elements
d contains negative elements
d contains negative elements
d contains negative elements
d contains negative elements
d contains negative elements
d contains negative elements
d contains negative elements
d contains negative elements
d contains negative elements
d contains negative elements
d contains negative elements
d contains negative elements
d contains negative elements
d contains negative elements
d contains negative elements
d contains negative elements
d contains negative elements
d contains negative elements
d contains negative elements
d contains negative elements
d contains negative elements
d contains negative elements
d contains negative elements
d contains negative elements
d contains negative elements
d contains negative elements
d contains negative elements
d contains negative elements
d contains negative elements
d contains negative elements
d contains negative elements
d contains negative elements
d contains negative elements
d contains negative elements
d contains negative elements
d contains negative elements
d contains negative elements
d contains negative elements
d contains negative elements
d contains negative elements
d contains negative elements
d contains negative elements
d contains negative elements
d contains negative elements
d contains negative elements
d contains negative elements
d contains negative elements
d contains negative elements
d contains negative elements
d contains negative elements
d contains negative elements
d contains negative elements
d contains negative elements
d contains negative elements
d contains negative elements
d contains negative elements
d contains negative elements
d contains negative elements
d contains negative elements
d contains negative elements
d contains negative elements
d contains negative elements
d contains negative elements
d contains negative elements
d contains negative elements
d contains negative elements
d contains negative elements
d contains negative elements
d contains negative elements
d contains negative elements
d contains negative elements
d contains negative elements
d contains negative elements
d contains negative elements
d contains negative elements
d contains negative elements
d contains negative elements
d contains negative elements
d contains negative elements
d contains negative elements
d contains negative elements
d contains negative elements
d contains negative elements
d contains negative elements
d contains negative elements
d contains negative elements
d contains negative elements
d contains negative elements
d contains negative elements
d contains negative elements
d contains negative elements
d contains negative elements
d contains negative elements
d contains negative elements
d contains negative elements
d contains negative elements
d contains negative elements
d contains negative elements
d contains negative elements
d contains negative elements
d contains negative elements
d contains negative elements
d contains negative elements
d contains negative elements
d contains negative elements
d contains negative elements
d contains negative elements
d contains negative elements
d contains negative elements
d contains negative elements
d contains negative elements
d contains negative elements
d contains negative elements
d contains negative elements
d contains negative elements
d contains negative elements
d contains negative elements
d contains negative elements
d contains negative elements
d contains negative elements
d contains negative elements
d contains negative elements
d contains negative elements
d contains negative elements
d contains negative elements
d contains negative elements
d contains negative elements
d contains negative elements
d contains negative elements
d contains negative elements
d contains negative elements
d contains negative elements
d contains negative elements
d contains negative elements
d contains negative elements
d contains negative elements
d contains negative elements
d contains negative elements
d contains negative elements
d contains negative elements
d contains negative elements
d contains negative elements
d contains negative elements
d contains negative elements
d contains negative elements
d contains negative elements
d contains negative elements
d contains negative elements
d contains negative elements
d contains negative elements
d contains negative elements
d contains negative elements
d contains negative elements
d contains negative elements
d contains negative elements
d contains negative elements
d contains negative elements
d contains negative elements
d contains negative elements
d contains negative elements
d contains negative elements
d contains negative elements
d contains negative elements
d contains negative elements
d contains negative elements
d contains negative elements
d contains negative elements
d contains negative elements
d contains negative elements
d contains negative elements
d contains negative elements
d contains negative elements
d contains negative elements
d contains negative elements
d contains negative elements
d contains negative elements
d contains negative elements
d contains negative elements
d contains negative elements
d contains negative elements
d contains negative elements
d contains negative elements
d contains negative elements
d contains negative elements
d contains negative elements
d contains negative elements
d contains negative elements
d contains negative elements
d contains negative elements
d contains negative elements
d contains negative elements
d contains negative elements
d contains negative elements
d contains negative elements
d contains negative elements
d contains negative elements
d contains negative elements
d contains negative elements
d contains negative elements
d contains negative elements
d contains negative elements
d contains negative elements
d contains negative elements
d contains negative elements
d contains negative elements
d contains negative elements
d contains negative elements
d contains negative elements
d contains negative elements
d contains negative elements
d contains negative elements
d contains negative elements
d contains negative elements
d contains negative elements
d contains negative elements
d contains negative elements
d contains negative elements
d contains negative elements
d contains negative elements
d contains negative elements
d contains negative elements
d contains negative elements
d contains negative elements
d contains negative elements
d contains negative elements
d contains negative elements
d contains negative elements
d contains negative elements
d contains negative elements
d contains negative elements
d contains negative elements
d contains negative elements
d contains negative elements
d contains negative elements
d contains negative elements
d contains negative elements
d contains negative elements
d contains negative elements
d contains negative elements
d contains negative elements
d contains negative elements
d contains negative elements
d contains negative elements
d contains negative elements
d contains negative elements
d contains negative elements
d contains negative elements
d contains negative elements
d contains negative elements
d contains negative elements
d contains negative elements
d contains negative elements
d contains negative elements
d contains negative elements
d contains negative elements
d contains negative elements
d contains negative elements
d contains negative elements
d contains negative elements
d contains negative elements
d contains negative elements
d contains negative elements
d contains negative elements
d contains negative elements
d contains negative elements
d contains negative elements
d contains negative elements
d contains negative elements
d contains negative elements
d contains negative elements
d contains negative elements
d contains negative elements
d contains negative elements
d contains negative elements
d contains negative elements
d contains negative elements
d contains negative elements
d contains negative elements
d contains negative elements
d contains negative elements
d contains negative elements
d contains negative elements
d contains negative elements
d contains negative elements
d contains negative elements
d contains negative elements
d contains negative elements
d contains negative elements
d contains negative elements
d contains negative elements
d contains negative elements
d contains negative elements
d contains negative elements
d contains negative elements
d contains negative elements
d contains negative elements
d contains negative elements
d contains negative elements
d contains negative elements
d contains negative elements
d contains negative elements
d contains negative elements
d contains negative elements
d contains negative elements
d contains negative elements
d contains negative elements
d contains negative elements
d contains negative elements
d contains negative elements
d contains negative elements
d contains negative elements
d contains negative elements
d contains negative elements
d contains negative elements
d contains negative elements
d contains negative elements
d contains negative elements
d contains negative elements
d contains negative elements
d contains negative elements
d contains negative elements
d contains negative elements
d contains negative elements
d contains negative elements
d contains negative elements
d contains negative elements
d contains negative elements
d contains negative elements
d contains negative elements
d contains negative elements
d contains negative elements
d contains negative elements
d contains negative elements
d contains negative elements
d contains negative elements
d contains negative elements
d contains negative elements
d contains negative elements
d contains negative elements
d contains negative elements
d contains negative elements
d contains negative elements
d contains negative elements
d contains negative elements
d contains negative elements
d contains negative elements
d contains negative elements
d contains negative elements
d contains negative elements
d contains negative elements
d contains negative elements
d contains negative elements
d contains negative elements
d contains negative elements
d contains negative elements
d contains negative elements
d contains negative elements
d contains negative elements
d contains negative elements
d contains negative elements
d contains negative elements
d contains negative elements
d contains negative elements
d contains negative elements
d contains negative elements
d contains negative elements
d contains negative elements
d contains negative elements
d contains negative elements
d contains negative elements
d contains negative elements
d contains negative elements
d contains negative elements
d contains negative elements
d contains negative elements
d contains negative elements
d contains negative elements
d contains negative elements
d contains negative elements
d contains negative elements
d contains negative elements
d contains negative elements
d contains negative elements
d contains negative elements
d contains negative elements
d contains negative elements
d contains negative elements
d contains negative elements
d contains negative elements
d contains negative elements
d contains negative elements
d contains negative elements
d contains negative elements
d contains negative elements
d contains negative elements
d contains negative elements
d contains negative elements
d contains negative elements
d contains negative elements
d contains negative elements
d contains negative elements
d contains negative elements
d contains negative elements
d contains negative elements
d contains negative elements
d contains negative elements
d contains negative elements
d contains negative elements
d contains negative elements
d contains negative elements
d contains negative elements
d contains negative elements
d contains negative elements
d contains negative elements
d contains negative elements
d contains negative elements
d contains negative elements
d contains negative elements
d contains negative elements
d contains negative elements
d contains negative elements
d contains negative elements
d contains negative elements
d contains negative elements
d contains negative elements
d contains negative elements
d contains negative elements
d contains negative elements
d contains negative elements
d contains negative elements
d contains negative elements
d contains negative elements
d contains negative elements
d contains negative elements
d contains negative elements
d contains negative elements
d contains negative elements
d contains negative elements
d contains negative elements
d contains negative elements
d contains negative elements
d contains negative elements
d contains negative elements
d contains negative elements
d contains negative elements
d contains negative elements
d contains negative elements
d contains negative elements
d contains negative elements
d contains negative elements
d contains negative elements
d contains negative elements
d contains negative elements
d contains negative elements
d contains negative elements
d contains negative elements
d contains negative elements
d contains negative elements
d contains negative elements
d contains negative elements
d contains negative elements
d contains negative elements
d contains negative elements
d contains negative elements
d contains negative elements
d contains negative elements
d contains negative elements
d contains negative elements
d contains negative elements
d contains negative elements
d contains negative elements
d contains negative elements
d contains negative elements
d contains negative elements
d contains negative elements
d contains negative elements
d contains negative elements
d contains negative elements
d contains negative elements
d contains negative elements
d contains negative elements
d contains negative elements
d contains negative elements
d contains negative elements
d contains negative elements
d contains negative elements
d contains negative elements
d contains negative elements
d contains negative elements
d contains negative elements
d contains negative elements
d contains negative elements
d contains negative elements
d contains negative elements
d contains negative elements
d contains negative elements
d contains negative elements
d contains negative elements
d contains negative elements
d contains negative elements
d contains negative elements
d contains negative elements
d contains negative elements
d contains negative elements
d contains negative elements
d contains negative elements
d contains negative elements
d contains negative elements
d contains negative elements
d contains negative elements
d contains negative elements
d contains negative elements
d contains negative elements
d contains negative elements
d contains negative elements
d contains negative elements
d contains negative elements
d contains negative elements
d contains negative elements
d contains negative elements
d contains negative elements
d contains negative elements
d contains negative elements
d contains negative elements
d contains negative elements
d contains negative elements
d contains negative elements
d contains negative elements
d contains negative elements
d contains negative elements
d contains negative elements
d contains negative elements
d contains negative elements
d contains negative elements
d contains negative elements
d contains negative elements
d contains negative elements
d contains negative elements
d contains negative elements
d contains negative elements
d contains negative elements
d contains negative elements
d contains negative elements
d contains negative elements
d contains negative elements
d contains negative elements
d contains negative elements
d contains negative elements
d contains negative elements
d contains negative elements
d contains negative elements
d contains negative elements
d contains negative elements
d contains negative elements
d contains negative elements
d contains negative elements
d contains negative elements
d contains negative elements
d contains negative elements
d contains negative elements
d contains negative elements
d contains negative elements
d contains negative elements
d contains negative elements
d contains negative elements
d contains negative elements
d contains negative elements
d contains negative elements
d contains negative elements
d contains negative elements
d contains negative elements
d contains negative elements
d contains negative elements
d contains negative elements
d contains negative elements
d contains negative elements
d contains negative elements
d contains negative elements
d contains negative elements
d contains negative elements
d contains negative elements
d contains negative elements
d contains negative elements
d contains negative elements
d contains negative elements
d contains negative elements
d contains negative elements
d contains negative elements
d contains negative elements
d contains negative elements
d contains negative elements
d contains negative elements
d contains negative elements
d contains negative elements
d contains negative elements
d contains negative elements
d contains negative elements
d contains negative elements
d contains negative elements
d contains negative elements
d contains negative elements
d contains negative elements
d contains negative elements
d contains negative elements
d contains negative elements
d contains negative elements
d contains negative elements
d contains negative elements
d contains negative elements
d contains negative elements
d contains negative elements
d contains negative elements
d contains negative elements
d contains negative elements
d contains negative elements
d contains negative elements
d contains negative elements
d contains negative elements
d contains negative elements
d contains negative elements
d contains negative elements
d contains negative elements
d contains negative elements
d contains negative elements
d contains negative elements
d contains negative elements
d contains negative elements
d contains negative elements
d contains negative elements
d contains negative elements
d contains negative elements
d contains negative elements
d contains negative elements
d contains negative elements
d contains negative elements
d contains negative elements
d contains negative elements
d contains negative elements
d contains negative elements
d contains negative elements
d contains negative elements
d contains negative elements
d contains negative elements
d contains negative elements
d contains negative elements
d contains negative elements
d contains negative elements
d contains negative elements
d contains negative elements
d contains negative elements
d contains negative elements
d contains negative elements
d contains negative elements
d contains negative elements
d contains negative elements
d contains negative elements
d contains negative elements
d contains negative elements
d contains negative elements
d contains negative elements
d contains negative elements
d contains negative elements
d contains negative elements
d contains negative elements
d contains negative elements
d contains negative elements
d contains negative elements
d contains negative elements
d contains negative elements
d contains negative elements
d contains negative elements
d contains negative elements
d contains negative elements
d contains negative elements
d contains negative elements
d contains negative elements
d contains negative elements
d contains negative elements
d contains negative elements
d contains negative elements
d contains negative elements
d contains negative elements
d contains negative elements
d contains negative elements
d contains negative elements
d contains negative elements
d contains negative elements
d contains negative elements
d contains negative elements
d contains negative elements
d contains negative elements
d contains negative elements
d contains negative elements
d contains negative elements
d contains negative elements
d contains negative elements
d contains negative elements
d contains negative elements
d contains negative elements
d contains negative elements
d contains negative elements
d contains negative elements
d contains negative elements
d contains negative elements
d contains negative elements
d contains negative elements
d contains negative elements
d contains negative elements
d contains negative elements
d contains negative elements
d contains negative elements
d contains negative elements
d contains negative elements
d contains negative elements
d contains negative elements
d contains negative elements
d contains negative elements
d contains negative elements
d contains negative elements
d contains negative elements
d contains negative elements
d contains negative elements
d contains negative elements
d contains negative elements
d contains negative elements
d contains negative elements
d contains negative elements
d contains negative elements
d contains negative elements
d contains negative elements
d contains negative elements
d contains negative elements
d contains negative elements
d contains negative elements
d contains negative elements
d contains negative elements
d contains negative elements
d contains negative elements
d contains negative elements
d contains negative elements
d contains negative elements
d contains negative elements
d contains negative elements
d contains negative elements
d contains negative elements
d contains negative elements
d contains negative elements
d contains negative elements
d contains negative elements
d contains negative elements
d contains negative elements
d contains negative elements
d contains negative elements
d contains negative elements
d contains negative elements
d contains negative elements
d contains negative elements
d contains negative elements
d contains negative elements
d contains negative elements
d contains negative elements
d contains negative elements
d contains negative elements
d contains negative elements
d contains negative elements
d contains negative elements
d contains negative elements
d contains negative elements
d contains negative elements
d contains negative elements
d contains negative elements
d contains negative elements
d contains negative elements
d contains negative elements
d contains negative elements
d contains negative elements
d contains negative elements
d contains negative elements
d contains negative elements
d contains negative elements
d contains negative elements
d contains negative elements
d contains negative elements
d contains negative elements
d contains negative elements
d contains negative elements
d contains negative elements
d contains negative elements
d contains negative elements
d contains negative elements
d contains negative elements
d contains negative elements
d contains negative elements
d contains negative elements
d contains negative elements
d contains negative elements
d contains negative elements
d contains negative elements
d contains negative elements
d contains negative elements
d contains negative elements
d contains negative elements
d contains negative elements
d contains negative elements
d contains negative elements
d contains negative elements
d contains negative elements
d contains negative elements
d contains negative elements
d contains negative elements
d contains negative elements
d contains negative elements
d contains negative elements
d contains negative elements
d contains negative elements
d contains negative elements
d contains negative elements
d contains negative elements
d contains negative elements
d contains negative elements
d contains negative elements
d contains negative elements
d contains negative elements
d contains negative elements
d contains negative elements
d contains negative elements
d contains negative elements
d contains negative elements
d contains negative elements
d contains negative elements
d contains negative elements
d contains negative elements
d contains negative elements
d contains negative elements
d contains negative elements
d contains negative elements
d contains negative elements
d contains negative elements
d contains negative elements
d contains negative elements
d contains negative elements
d contains negative elements
d contains negative elements
d contains negative elements
d contains negative elements
d contains negative elements
d contains negative elements
d contains negative elements
d contains negative elements
d contains negative elements
d contains negative elements
d contains negative elements
d contains negative elements
d contains negative elements
d contains negative elements
d contains negative elements
d contains negative elements
d contains negative elements
d contains negative elements
d contains negative elements
d contains negative elements
d contains negative elements
d contains negative elements
d contains negative elements
d contains negative elements
d contains negative elements
d contains negative elements
d contains negative elements
d contains negative elements
d contains negative elements
d contains negative elements
d contains negative elements
d contains negative elements
d contains negative elements
d contains negative elements
d contains negative elements
d contains negative elements
d contains negative elements
d contains negative elements
d contains negative elements
d contains negative elements
d contains negative elements
d contains negative elements
d contains negative elements
d contains negative elements
d contains negative elements
d contains negative elements
d contains negative elements
d contains negative elements
d contains negative elements
d contains negative elements
d contains negative elements
d contains negative elements
d contains negative elements
d contains negative elements
d contains negative elements
d contains negative elements
d contains negative elements
d contains negative elements
d contains negative elements
d contains negative elements
d contains negative elements
d contains negative elements
d contains negative elements
d contains negative elements
d contains negative elements
d contains negative elements
d contains negative elements
d contains negative elements
d contains negative elements
d contains negative elements
d contains negative elements
d contains negative elements
d contains negative elements
d contains negative elements
d contains negative elements
d contains negative elements
d contains negative elements
d contains negative elements
d contains negative elements
d contains negative elements
d contains negative elements
d contains negative elements
d contains negative elements
d contains negative elements
d contains negative elements
d contains negative elements
d contains negative elements
d contains negative elements
d contains negative elements
d contains negative elements
d contains negative elements
d contains negative elements
d contains negative elements
d contains negative elements
d contains negative elements
d contains negative elements
d contains negative elements
d contains negative elements
d contains negative elements
d contains negative elements
d contains negative elements
d contains negative elements
d contains negative elements
d contains negative elements
d contains negative elements
d contains negative elements
d contains negative elements
d contains negative elements
d contains negative elements
d contains negative elements
d contains negative elements
d contains negative elements
d contains negative elements
d contains negative elements
d contains negative elements
d contains negative elements
d contains negative elements
d contains negative elements
d contains negative elements
d contains negative elements
d contains negative elements
d contains negative elements
d contains negative elements
d contains negative elements
d contains negative elements
d contains negative elements
d contains negative elements
d contains negative elements
d contains negative elements
d contains negative elements
d contains negative elements
d contains negative elements
d contains negative elements
d contains negative elements
d contains negative elements
d contains negative elements
d contains negative elements
d contains negative elements
d contains negative elements
d contains negative elements
d contains negative elements
d contains negative elements
d contains negative elements
d contains negative elements
d contains negative elements
d contains negative elements
d contains negative elements
d contains negative elements
d contains negative elements
d contains negative elements
d contains negative elements
d contains negative elements
d contains negative elements
d contains negative elements
d contains negative elements
d contains negative elements
d contains negative elements
d contains negative elements
d contains negative elements
d contains negative elements
d contains negative elements
d contains negative elements
d contains negative elements
d contains negative elements
d contains negative elements
d contains negative elements
d contains negative elements
d contains negative elements
d contains negative elements
d contains negative elements
d contains negative elements
d contains negative elements
d contains negative elements
d contains negative elements
d contains negative elements
d contains negative elements
d contains negative elements
d contains negative elements
d contains negative elements
d contains negative elements
d contains negative elements
d contains negative elements
d contains negative elements
d contains negative elements
d contains negative elements
d contains negative elements
d contains negative elements
d contains negative elements
d contains negative elements
d contains negative elements
d contains negative elements
d contains negative elements
d contains negative elements
d contains negative elements
d contains negative elements
d contains negative elements
d contains negative elements
d contains negative elements
d contains negative elements
d contains negative elements
d contains negative elements
d contains negative elements
d contains negative elements
d contains negative elements
d contains negative elements
d contains negative elements
d contains negative elements
d contains negative elements
d contains negative elements
d contains negative elements
d contains negative elements
d contains negative elements
d contains negative elements
d contains negative elements
d contains negative elements
d contains negative elements
d contains negative elements
d contains negative elements
d contains negative elements
d contains negative elements
d contains negative elements
d contains negative elements
d contains negative elements
d contains negative elements
d contains negative elements
d contains negative elements
d contains negative elements
d contains negative elements
d contains negative elements
d contains negative elements
d contains negative elements
d contains negative elements
d contains negative elements
d contains negative elements
d contains negative elements
d contains negative elements
d contains negative elements
d contains negative elements
d contains negative elements
d contains negative elements
d contains negative elements
d contains negative elements
d contains negative elements
d contains negative elements
d contains negative elements
d contains negative elements
d contains negative elements
d contains negative elements
d contains negative elements
d contains negative elements
d contains negative elements
d contains negative elements
d contains negative elements
d contains negative elements
d contains negative elements
d contains negative elements
d contains negative elements
d contains negative elements
d contains negative elements
d contains negative elements
d contains negative elements
d contains negative elements
d contains negative elements
d contains negative elements
d contains negative elements
d contains negative elements
d contains negative elements
d contains negative elements
d contains negative elements
d contains negative elements
d contains negative elements
d contains negative elements
d contains negative elements
d contains negative elements
d contains negative elements
d contains negative elements
d contains negative elements
d contains negative elements
d contains negative elements
d contains negative elements
d contains negative elements
d contains negative elements
d contains negative elements
d contains negative elements
d contains negative elements
d contains negative elements
d contains negative elements
d contains negative elements
d contains negative elements
d contains negative elements
d contains negative elements
d contains negative elements
d contains negative elements
d contains negative elements
d contains negative elements
d contains negative elements
d contains negative elements
d contains negative elements
d contains negative elements
d contains negative elements
d contains negative elements
d contains negative elements
d contains negative elements
d contains negative elements
d contains negative elements
d contains negative elements
d contains negative elements
d contains negative elements
d contains negative elements
d contains negative elements
d contains negative elements
d contains negative elements
d contains negative elements
d contains negative elements
d contains negative elements
d contains negative elements
d contains negative elements
d contains negative elements
d contains negative elements
d contains negative elements
d contains negative elements
d contains negative elements
d contains negative elements
d contains negative elements
d contains negative elements
d contains negative elements
d contains negative elements
d contains negative elements
d contains negative elements
d contains negative elements
d contains negative elements
d contains negative elements
d contains negative elements
d contains negative elements
d contains negative elements
d contains negative elements
d contains negative elements
d contains negative elements
d contains negative elements
d contains negative elements
d contains negative elements
d contains negative elements
d contains negative elements
d contains negative elements
d contains negative elements
d contains negative elements
d contains negative elements
d contains negative elements
d contains negative elements
d contains negative elements
d contains negative elements
d contains negative elements
d contains negative elements
d contains negative elements
d contains negative elements
d contains negative elements
d contains negative elements
d contains negative elements
d contains negative elements
d contains negative elements
d contains negative elements
d contains negative elements
d contains negative elements
d contains negative elements
d contains negative elements
d contains negative elements
d contains negative elements
d contains negative elements
d contains negative elements
d contains negative elements
d contains negative elements
d contains negative elements
d contains negative elements
d contains negative elements
d contains negative elements
d contains negative elements
d contains negative elements
d contains negative elements
d contains negative elements
d contains negative elements
d contains negative elements
d contains negative elements
d contains negative elements
d contains negative elements
d contains negative elements
d contains negative elements
d contains negative elements
d contains negative elements
d contains negative elements
d contains negative elements
d contains negative elements
d contains negative elements
d contains negative elements
d contains negative elements
d contains negative elements
d contains negative elements
d contains negative elements
d contains negative elements
d contains negative elements
d contains negative elements
d contains negative elements
d contains negative elements
d contains negative elements
d contains negative elements
d contains negative elements
d contains negative elements
d contains negative elements
d contains negative elements
d contains negative elements
d contains negative elements
d contains negative elements
d contains negative elements
d contains negative elements
d contains negative elements
d contains negative elements
d contains negative elements
d contains negative elements
d contains negative elements
d contains negative elements
d contains negative elements
d contains negative elements
d contains negative elements
d contains negative elements
d contains negative elements
d contains negative elements
d contains negative elements
d contains negative elements
d contains negative elements
d contains negative elements
d contains negative elements
d contains negative elements
d contains negative elements
d contains negative elements
d contains negative elements
d contains negative elements
d contains negative elements
d contains negative elements
d contains negative elements
d contains negative elements
d contains negative elements
d contains negative elements
d contains negative elements
d contains negative elements
d contains negative elements
d contains negative elements
d contains negative elements
d contains negative elements
d contains negative elements
d contains negative elements
d contains negative elements
d contains negative elements
d contains negative elements
d contains negative elements
d contains negative elements
d contains negative elements
d contains negative elements
d contains negative elements
d contains negative elements
d contains negative elements
d contains negative elements
d contains negative elements
d contains negative elements
d contains negative elements
d contains negative elements
d contains negative elements
d contains negative elements
d contains negative elements
d contains negative elements
d contains negative elements
d contains negative elements
d contains negative elements
d contains negative elements
d contains negative elements
d contains negative elements
d contains negative elements
d contains negative elements
d contains negative elements
d contains negative elements
d contains negative elements
d contains negative elements
d contains negative elements
d contains negative elements
d contains negative elements
d contains negative elements
d contains negative elements
d contains negative elements
d contains negative elements
d contains negative elements
d contains negative elements
d contains negative elements
d contains negative elements
d contains negative elements
d contains negative elements
d contains negative elements
d contains negative elements
d contains negative elements
d contains negative elements
d contains negative elements
d contains negative elements
d contains negative elements
d contains negative elements
d contains negative elements
d contains negative elements
d contains negative elements
d contains negative elements
d contains negative elements
d contains negative elements
d contains negative elements
d contains negative elements
d contains negative elements
d contains negative elements
d contains negative elements
d contains negative elements
d contains negative elements
d contains negative elements
d contains negative elements
d contains negative elements
d contains negative elements
d contains negative elements
d contains negative elements
d contains negative elements
d contains negative elements
d contains negative elements
d contains negative elements
d contains negative elements
d contains negative elements
d contains negative elements
d contains negative elements
d contains negative elements
d contains negative elements
d contains negative elements
d contains negative elements
d contains negative elements
d contains negative elements
d contains negative elements
d contains negative elements
d contains negative elements
d contains negative elements
d contains negative elements
d contains negative elements
d contains negative elements
d contains negative elements
d contains negative elements
d contains negative elements
d contains negative elements
d contains negative elements
d contains negative elements
d contains negative elements
d contains negative elements
d contains negative elements
d contains negative elements
d contains negative elements
d contains negative elements
d contains negative elements
d contains negative elements
d contains negative elements
d contains negative elements
d contains negative elements
d contains negative elements
d contains negative elements
d contains negative elements
d contains negative elements
d contains negative elements
d contains negative elements
d contains negative elements
d contains negative elements
d contains negative elements
d contains negative elements
d contains negative elements
d contains negative elements
d contains negative elements
d contains negative elements
d contains negative elements
d contains negative elements
d contains negative elements
d contains negative elements
d contains negative elements
d contains negative elements
d contains negative elements
d contains negative elements
d contains negative elements
d contains negative elements
d contains negative elements
d contains negative elements
d contains negative elements
d contains negative elements
d contains negative elements
d contains negative elements
d contains negative elements
d contains negative elements
d contains negative elements
d contains negative elements
d contains negative elements
d contains negative elements
d contains negative elements
d contains negative elements
d contains negative elements
d contains negative elements
d contains negative elements
d contains negative elements
d contains negative elements
d contains negative elements
d contains negative elements
d contains negative elements
d contains negative elements
d contains negative elements
d contains negative elements
d contains negative elements
d contains negative elements
d contains negative elements
d contains negative elements
d contains negative elements
d contains negative elements
d contains negative elements
d contains negative elements
d contains negative elements
d contains negative elements
d contains negative elements
d contains negative elements
d contains negative elements
d contains negative elements
d contains negative elements
d contains negative elements
d contains negative elements
d contains negative elements
d contains negative elements
d contains negative elements
d contains negative elements
d contains negative elements
d contains negative elements
d contains negative elements
d contains negative elements
d contains negative elements
d contains negative elements
d contains negative elements
d contains negative elements
d contains negative elements
d contains negative elements
d contains negative elements
d contains negative elements
d contains negative elements
d contains negative elements
d contains negative elements
d contains negative elements
d contains negative elements
d contains negative elements
d contains negative elements
d contains negative elements
d contains negative elements
d contains negative elements
d contains negative elements
d contains negative elements
d contains negative elements
d contains negative elements
d contains negative elements
d contains negative elements
d contains negative elements
d contains negative elements
d contains negative elements
d contains negative elements
d contains negative elements
d contains negative elements
d contains negative elements
d contains negative elements
d contains negative elements
d contains negative elements
d contains negative elements
d contains negative elements
d contains negative elements
d contains negative elements
d contains negative elements
d contains negative elements
d contains negative elements
d contains negative elements
d contains negative elements
d contains negative elements
d contains negative elements
d contains negative elements
d contains negative elements
d contains negative elements
d contains negative elements
d contains negative elements
d contains negative elements
d contains negative elements
d contains negative elements
d contains negative elements
d contains negative elements
d contains negative elements
d contains negative elements
d contains negative elements
d contains negative elements
d contains negative elements
d contains negative elements
d contains negative elements
d contains negative elements
d contains negative elements
d contains negative elements
d contains negative elements
d contains negative elements
d contains negative elements
d contains negative elements
d contains negative elements
d contains negative elements
d contains negative elements
d contains negative elements
d contains negative elements
d contains negative elements
d contains negative elements
d contains negative elements
d contains negative elements
d contains negative elements
d contains negative elements
d contains negative elements
d contains negative elements
d contains negative elements
d contains negative elements
d contains negative elements
d contains negative elements
d contains negative elements
d contains negative elements
d contains negative elements
d contains negative elements
d contains negative elements
d contains negative elements
d contains negative elements
d contains negative elements
d contains negative elements
d contains negative elements
d contains negative elements
d contains negative elements
d contains negative elements
d contains negative elements
d contains negative elements
d contains negative elements
d contains negative elements
d contains negative elements
d contains negative elements
d contains negative elements
d contains negative elements
d contains negative elements
d contains negative elements
d contains negative elements
d contains negative elements
d contains negative elements
d contains negative elements
d contains negative elements
d contains negative elements
d contains negative elements
d contains negative elements
d contains negative elements
d contains negative elements
d contains negative elements
d contains negative elements
d contains negative elements
d contains negative elements
d contains negative elements
d contains negative elements
d contains negative elements
d contains negative elements
d contains negative elements
d contains negative elements
d contains negative elements
d contains negative elements
d contains negative elements
d contains negative elements
d contains negative elements
d contains negative elements
d contains negative elements
d contains negative elements
d contains negative elements
d contains negative elements
d contains negative elements
d contains negative elements
d contains negative elements
d contains negative elements
d contains negative elements
d contains negative elements
d contains negative elements
d contains negative elements
d contains negative elements
d contains negative elements
d contains negative elements
d contains negative elements
d contains negative elements
d contains negative elements
d contains negative elements
d contains negative elements
d contains negative elements
d contains negative elements
d contains negative elements
d contains negative elements
d contains negative elements
d contains negative elements
d contains negative elements
d contains negative elements
d contains negative elements
d contains negative elements
d contains negative elements
d contains negative elements
d contains negative elements
d contains negative elements
d contains negative elements
d contains negative elements
d contains negative elements
d contains negative elements
d contains negative elements
d contains negative elements
d contains negative elements
d contains negative elements
d contains negative elements
d contains negative elements
d contains negative elements
d contains negative elements
d contains negative elements
d contains negative elements
d contains negative elements
d contains negative elements
d contains negative elements
d contains negative elements
d contains negative elements
d contains negative elements
d contains negative elements
d contains negative elements
d contains negative elements
d contains negative elements
d contains negative elements
d contains negative elements
d contains negative elements
d contains negative elements
d contains negative elements
d contains negative elements
d contains negative elements
d contains negative elements
d contains negative elements
d contains negative elements
d contains negative elements
d contains negative elements
d contains negative elements
d contains negative elements
d contains negative elements
d contains negative elements
d contains negative elements
d contains negative elements
d contains negative elements
d contains negative elements
d contains negative elements
d contains negative elements
d contains negative elements
d contains negative elements
d contains negative elements
d contains negative elements
d contains negative elements
d contains negative elements
d contains negative elements
d contains negative elements
d contains negative elements
d contains negative elements
d contains negative elements
d contains negative elements
d contains negative elements
d contains negative elements
d contains negative elements
d contains negative elements
d contains negative elements
d contains negative elements
d contains negative elements
d contains negative elements
d contains negative elements
d contains negative elements
d contains negative elements
d contains negative elements
d contains negative elements
d contains negative elements
d contains negative elements
d contains negative elements
d contains negative elements
d contains negative elements
d contains negative elements
d contains negative elements
d contains negative elements
d contains negative elements
d contains negative elements
d contains negative elements
d contains negative elements
d contains negative elements
d contains negative elements
d contains negative elements
d contains negative elements
d contains negative elements
d contains negative elements
d contains negative elements
d contains negative elements
d contains negative elements
d contains negative elements
d contains negative elements
d contains negative elements
d contains negative elements
d contains negative elements
d contains negative elements
d contains negative elements
d contains negative elements
d contains negative elements
d contains negative elements
d contains negative elements
d contains negative elements
d contains negative elements
d contains negative elements
d contains negative elements
d contains negative elements
d contains negative elements
d contains negative elements
d contains negative elements
d contains negative elements
d contains negative elements
d contains negative elements
d contains negative elements
d contains negative elements
d contains negative elements
d contains negative elements
d contains negative elements
d contains negative elements
d contains negative elements
d contains negative elements
d contains negative elements
d contains negative elements
d contains negative elements
d contains negative elements
d contains negative elements
d contains negative elements
d contains negative elements
d contains negative elements
d contains negative elements
d contains negative elements
d contains negative elements
d contains negative elements
d contains negative elements
d contains negative elements
d contains negative elements
d contains negative elements
d contains negative elements
d contains negative elements
d contains negative elements
d contains negative elements
d contains negative elements
d contains negative elements
d contains negative elements
d contains negative elements
d contains negative elements
d contains negative elements
d contains negative elements
d contains negative elements
d contains negative elements
d contains negative elements
d contains negative elements
d contains negative elements
d contains negative elements
d contains negative elements
d contains negative elements
d contains negative elements
d contains negative elements
d contains negative elements
d contains negative elements
d contains negative elements
d contains negative elements
d contains negative elements
d contains negative elements
d contains negative elements
d contains negative elements
d contains negative elements
d contains negative elements
d contains negative elements
d contains negative elements
d contains negative elements
d contains negative elements
d contains negative elements
d contains negative elements
d contains negative elements
d contains negative elements
d contains negative elements
d contains negative elements
d contains negative elements
d contains negative elements
d contains negative elements
d contains negative elements
d contains negative elements
d contains negative elements
d contains negative elements
d contains negative elements
d contains negative elements
d contains negative elements
d contains negative elements
d contains negative elements
d contains negative elements
d contains negative elements
d contains negative elements
d contains negative elements
d contains negative elements
d contains negative elements
d contains negative elements
d contains negative elements
d contains negative elements
d contains negative elements
d contains negative elements
d contains negative elements
d contains negative elements
d contains negative elements
d contains negative elements
d contains negative elements
d contains negative elements
d contains negative elements
d contains negative elements
d contains negative elements
d contains negative elements
d contains negative elements
d contains negative elements
d contains negative elements
d contains negative elements
d contains negative elements
d contains negative elements
d contains negative elements
d contains negative elements
d contains negative elements
d contains negative elements
d contains negative elements
d contains negative elements
d contains negative elements
d contains negative elements
d contains negative elements
d contains negative elements
d contains negative elements
d contains negative elements
d contains negative elements
d contains negative elements
d contains negative elements
d contains negative elements
d contains negative elements
d contains negative elements
d contains negative elements
d contains negative elements
d contains negative elements
d contains negative elements
d contains negative elements
d contains negative elements
d contains negative elements
d contains negative elements
d contains negative elements
d contains negative elements
d contains negative elements
d contains negative elements
d contains negative elements
d contains negative elements
d contains negative elements
d contains negative elements
d contains negative elements
d contains negative elements
d contains negative elements
d contains negative elements
d contains negative elements
d contains negative elements
d contains negative elements
d contains negative elements
d contains negative elements
d contains negative elements
d contains negative elements
d contains negative elements
d contains negative elements
d contains negative elements
d contains negative elements
d contains negative elements
d contains negative elements
d contains negative elements
d contains negative elements
d contains negative elements
d contains negative elements
d contains negative elements
d contains negative elements
d contains negative elements
d contains negative elements
d contains negative elements
d contains negative elements
d contains negative elements
d contains negative elements
d contains negative elements
d contains negative elements
d contains negative elements
d contains negative elements
d contains negative elements
d contains negative elements
d contains negative elements
d contains negative elements
d contains negative elements
d contains negative elements
d contains negative elements
d contains negative elements
d contains negative elements
d contains negative elements
d contains negative elements
d contains negative elements
d contains negative elements
d contains negative elements
d contains negative elements
d contains negative elements
d contains negative elements
d contains negative elements
d contains negative elements
d contains negative elements
d contains negative elements
d contains negative elements
d contains negative elements
d contains negative elements
d contains negative elements
d contains negative elements
d contains negative elements
d contains negative elements
d contains negative elements
d contains negative elements
d contains negative elements
d contains negative elements
d contains negative elements
d contains negative elements
d contains negative elements
d contains negative elements
d contains negative elements
d contains negative elements
d contains negative elements
d contains negative elements
d contains negative elements
d contains negative elements
d contains negative elements
d contains negative elements
d contains negative elements
d contains negative elements
d contains negative elements
d contains negative elements
d contains negative elements
d contains negative elements
d contains negative elements
d contains negative elements
d contains negative elements
d contains negative elements
d contains negative elements
d contains negative elements
d contains negative elements
d contains negative elements
d contains negative elements
d contains negative elements
d contains negative elements
d contains negative elements
d contains negative elements
d contains negative elements
d contains negative elements
d contains negative elements
d contains negative elements
d contains negative elements
d contains negative elements
d contains negative elements
d contains negative elements
d contains negative elements
d contains negative elements
d contains negative elements
d contains negative elements
d contains negative elements
d contains negative elements
d contains negative elements
d contains negative elements
d contains negative elements
d contains negative elements
d contains negative elements
d contains negative elements
d contains negative elements
d contains negative elements
d contains negative elements
d contains negative elements
d contains negative elements
d contains negative elements
d contains negative elements
d contains negative elements
d contains negative elements
d contains negative elements
d contains negative elements
d contains negative elements
d contains negative elements
d contains negative elements
d contains negative elements
d contains negative elements
d contains negative elements
d contains negative elements
d contains negative elements
d contains negative elements
d contains negative elements
d contains negative elements
d contains negative elements
d contains negative elements
d contains negative elements
d contains negative elements
d contains negative elements
d contains negative elements
d contains negative elements
d contains negative elements
d contains negative elements
d contains negative elements
d contains negative elements
d contains negative elements
d contains negative elements
d contains negative elements
d contains negative elements
d contains negative elements
d contains negative elements
d contains negative elements
d contains negative elements
d contains negative elements
d contains negative elements
d contains negative elements
d contains negative elements
d contains negative elements
d contains negative elements
d contains negative elements
d contains negative elements
d contains negative elements
d contains negative elements
d contains negative elements
d contains negative elements
d contains negative elements
d contains negative elements
d contains negative elements
d contains negative elements
d contains negative elements
d contains negative elements
d contains negative elements
d contains negative elements
d contains negative elements
d contains negative elements
d contains negative elements
d contains negative elements
d contains negative elements
d contains negative elements
d contains negative elements
d contains negative elements
d contains negative elements
d contains negative elements
d contains negative elements
d contains negative elements
d contains negative elements
d contains negative elements
d contains negative elements
d contains negative elements
d contains negative elements
d contains negative elements
d contains negative elements
d contains negative elements
d contains negative elements
d contains negative elements
d contains negative elements
d contains negative elements
d contains negative elements
d contains negative elements
d contains negative elements
d contains negative elements
d contains negative elements
d contains negative elements
d contains negative elements
d contains negative elements
d contains negative elements
d contains negative elements
d contains negative elements
d contains negative elements
d contains negative elements
d contains negative elements
d contains negative elements
d contains negative elements
d contains negative elements
d contains negative elements
d contains negative elements
d contains negative elements
d contains negative elements
d contains negative elements
d contains negative elements
d contains negative elements
d contains negative elements
d contains negative elements
d contains negative elements
d contains negative elements
d contains negative elements
d contains negative elements
d contains negative elements
d contains negative elements
d contains negative elements
d contains negative elements
d contains negative elements
d contains negative elements
d contains negative elements
d contains negative elements
d contains negative elements
d contains negative elements
d contains negative elements
d contains negative elements
d contains negative elements
d contains negative elements
d contains negative elements
d contains negative elements
d contains negative elements
d contains negative elements
d contains negative elements
d contains negative elements
d contains negative elements
d contains negative elements
d contains negative elements
d contains negative elements
d contains negative elements
d contains negative elements
d contains negative elements
d contains negative elements
d contains negative elements
d contains negative elements
d contains negative elements
d contains negative elements
d contains negative elements
d contains negative elements
d contains negative elements
d contains negative elements
d contains negative elements
d contains negative elements
d contains negative elements
d contains negative elements
d contains negative elements
d contains negative elements
d contains negative elements
d contains negative elements
d contains negative elements
d contains negative elements
d contains negative elements
d contains negative elements
d contains negative elements
d contains negative elements
d contains negative elements
d contains negative elements
d contains negative elements
d contains negative elements
d contains negative elements
d contains negative elements
d contains negative elements
d contains negative elements
d contains negative elements
d contains negative elements
d contains negative elements
d contains negative elements
d contains negative elements
d contains negative elements
d contains negative elements
d contains negative elements
d contains negative elements
d contains negative elements
d contains negative elements
d contains negative elements
d contains negative elements
d contains negative elements
d contains negative elements
d contains negative elements
d contains negative elements
d contains negative elements
d contains negative elements
d contains negative elements
d contains negative elements
d contains negative elements
d contains negative elements
d contains negative elements
d contains negative elements
d contains negative elements
d contains negative elements
d contains negative elements
d contains negative elements
d contains negative elements
d contains negative elements
d contains negative elements
d contains negative elements
d contains negative elements
d contains negative elements
d contains negative elements
d contains negative elements
d contains negative elements
d contains negative elements
d contains negative elements
d contains negative elements
d contains negative elements
d contains negative elements
d contains negative elements
d contains negative elements
d contains negative elements
d contains negative elements
d contains negative elements
d contains negative elements
d contains negative elements
d contains negative elements
d contains negative elements
d contains negative elements
d contains negative elements
d contains negative elements
d contains negative elements
d contains negative elements
d contains negative elements
d contains negative elements
d contains negative elements
d contains negative elements
d contains negative elements
d contains negative elements
d contains negative elements
d contains negative elements
d contains negative elements
d contains negative elements
d contains negative elements
d contains negative elements
d contains negative elements
d contains negative elements
d contains negative elements
d contains negative elements
d contains negative elements
d contains negative elements
d contains negative elements
d contains negative elements
d contains negative elements
d contains negative elements
d contains negative elements
d contains negative elements
d contains negative elements
d contains negative elements
d contains negative elements
d contains negative elements
d contains negative elements
d contains negative elements
d contains negative elements
d contains negative elements
d contains negative elements
d contains negative elements
d contains negative elements
d contains negative elements
d contains negative elements
d contains negative elements
d contains negative elements
d contains negative elements
d contains negative elements
d contains negative elements
d contains negative elements
d contains negative elements
d contains negative elements
d contains negative elements
d contains negative elements
d contains negative elements
d contains negative elements
d contains negative elements
d contains negative elements
d contains negative elements
d contains negative elements
d contains negative elements
d contains negative elements
d contains negative elements
d contains negative elements
d contains negative elements
d contains negative elements
d contains negative elements
d contains negative elements
d contains negative elements
d contains negative elements
d contains negative elements
d contains negative elements
d contains negative elements
d contains negative elements
d contains negative elements
d contains negative elements
d contains negative elements
d contains negative elements
d contains negative elements
d contains negative elements
d contains negative elements
d contains negative elements
d contains negative elements
d contains negative elements
d contains negative elements
d contains negative elements
d contains negative elements
d contains negative elements
d contains negative elements
d contains negative elements
d contains negative elements
d contains negative elements
d contains negative elements
d contains negative elements
d contains negative elements
d contains negative elements
d contains negative elements
d contains negative elements
d contains negative elements
d contains negative elements
d contains negative elements
d contains negative elements
d contains negative elements
d contains negative elements
d contains negative elements
d contains negative elements
d contains negative elements
d contains negative elements
d contains negative elements
d contains negative elements
d contains negative elements
d contains negative elements
d contains negative elements
d contains negative elements
d contains negative elements
d contains negative elements
d contains negative elements
d contains negative elements
d contains negative elements
d contains negative elements
d contains negative elements
d contains negative elements
d contains negative elements
d contains negative elements
d contains negative elements
d contains negative elements
d contains negative elements
d contains negative elements
d contains negative elements
d contains negative elements
d contains negative elements
d contains negative elements
d contains negative elements
d contains negative elements
d contains negative elements
d contains negative elements
d contains negative elements
d contains negative elements
d contains negative elements
d contains negative elements
d contains negative elements
d contains negative elements
d contains negative elements
d contains negative elements
d contains negative elements
d contains negative elements
d contains negative elements
d contains negative elements
d contains negative elements
d contains negative elements
d contains negative elements
d contains negative elements
d contains negative elements
d contains negative elements
d contains negative elements
d contains negative elements
d contains negative elements
d contains negative elements
d contains negative elements
d contains negative elements
d contains negative elements
d contains negative elements
d contains negative elements
d contains negative elements
d contains negative elements
d contains negative elements
d contains negative elements
d contains negative elements
d contains negative elements
d contains negative elements
d contains negative elements
d contains negative elements
d contains negative elements
d contains negative elements
d contains negative elements
d contains negative elements
d contains negative elements
d contains negative elements
d contains negative elements
d contains negative elements
d contains negative elements
d contains negative elements
d contains negative elements
d contains negative elements
d contains negative elements
d contains negative elements
d contains negative elements
d contains negative elements
d contains negative elements
d contains negative elements
d contains negative elements
d contains negative elements
d contains negative elements
d contains negative elements
d contains negative elements
d contains negative elements
d contains negative elements
d contains negative elements
d contains negative elements
d contains negative elements
d contains negative elements
d contains negative elements
d contains negative elements
d contains negative elements
d contains negative elements
d contains negative elements
d contains negative elements
d contains negative elements
d contains negative elements
d contains negative elements
d contains negative elements
d contains negative elements
d contains negative elements
d contains negative elements
d contains negative elements
d contains negative elements
d contains negative elements
d contains negative elements
d contains negative elements
d contains negative elements
d contains negative elements
d contains negative elements
d contains negative elements
d contains negative elements
d contains negative elements
d contains negative elements
d contains negative elements
d contains negative elements
d contains negative elements
d contains negative elements
d contains negative elements
d contains negative elements
d contains negative elements
d contains negative elements
d contains negative elements
d contains negative elements
d contains negative elements
d contains negative elements
d contains negative elements
d contains negative elements
d contains negative elements
d contains negative elements
d contains negative elements
d contains negative elements
d contains negative elements
d contains negative elements
d contains negative elements
d contains negative elements
d contains negative elements
d contains negative elements
d contains negative elements
d contains negative elements
d contains negative elements
d contains negative elements
d contains negative elements
d contains negative elements
d contains negative elements
d contains negative elements
d contains negative elements
d contains negative elements
d contains negative elements
d contains negative elements
d contains negative elements
d contains negative elements
d contains negative elements
d contains negative elements
d contains negative elements
d contains negative elements
d contains negative elements
d contains negative elements
d contains negative elements
d contains negative elements
d contains negative elements
d contains negative elements
d contains negative elements
d contains negative elements
d contains negative elements
d contains negative elements
d contains negative elements
d contains negative elements
d contains negative elements
d contains negative elements
d contains negative elements
d contains negative elements
d contains negative elements
d contains negative elements
d contains negative elements
d contains negative elements
d contains negative elements
d contains negative elements
d contains negative elements
d contains negative elements
d contains negative elements
d contains negative elements
d contains negative elements
d contains negative elements
d contains negative elements
d contains negative elements
d contains negative elements
d contains negative elements
d contains negative elements
d contains negative elements
d contains negative elements
d contains negative elements
d contains negative elements
d contains negative elements
d contains negative elements
d contains negative elements
d contains negative elements
d contains negative elements
d contains negative elements
d contains negative elements
d contains negative elements
d contains negative elements
d contains negative elements
d contains negative elements
d contains negative elements
d contains negative elements
d contains negative elements
d contains negative elements
d contains negative elements
d contains negative elements
d contains negative elements
d contains negative elements
d contains negative elements
d contains negative elements
d contains negative elements
d contains negative elements
d contains negative elements
d contains negative elements
d contains negative elements
d contains negative elements
d contains negative elements
d contains negative elements
d contains negative elements
d contains negative elements
d contains negative elements
d contains negative elements
d contains negative elements
d contains negative elements
d contains negative elements
d contains negative elements
d contains negative elements
d contains negative elements
d contains negative elements
d contains negative elements
d contains negative elements
d contains negative elements
d contains negative elements
d contains negative elements
d contains negative elements
d contains negative elements
d contains negative elements
d contains negative elements
d contains negative elements
d contains negative elements
d contains negative elements
d contains negative elements
d contains negative elements
d contains negative elements
d contains negative elements
d contains negative elements
d contains negative elements
d contains negative elements
d contains negative elements
d contains negative elements
d contains negative elements
d contains negative elements
d contains negative elements
d contains negative elements
d contains negative elements
d contains negative elements
d contains negative elements
d contains negative elements
d contains negative elements
d contains negative elements
d contains negative elements
d contains negative elements
d contains negative elements
d contains negative elements
d contains negative elements
d contains negative elements
d contains negative elements
d contains negative elements
d contains negative elements
d contains negative elements
d contains negative elements
d contains negative elements
d contains negative elements
d contains negative elements
d contains negative elements
d contains negative elements
d contains negative elements
d contains negative elements
d contains negative elements
d contains negative elements
d contains negative elements
d contains negative elements
d contains negative elements
d contains negative elements
d contains negative elements
d contains negative elements
d contains negative elements
d contains negative elements
d contains negative elements
d contains negative elements
d contains negative elements
d contains negative elements
d contains negative elements
d contains negative elements
d contains negative elements
d contains negative elements
d contains negative elements
d contains negative elements
d contains negative elements
d contains negative elements
d contains negative elements
d contains negative elements
d contains negative elements
d contains negative elements
d contains negative elements
d contains negative elements
d contains negative elements
d contains negative elements
d contains negative elements
d contains negative elements
d contains negative elements
d contains negative elements
d contains negative elements
d contains negative elements
d contains negative elements
d contains negative elements
d contains negative elements
d contains negative elements
d contains negative elements
d contains negative elements
d contains negative elements
d contains negative elements
d contains negative elements
d contains negative elements
d contains negative elements
d contains negative elements
d contains negative elements
d contains negative elements
d contains negative elements
d contains negative elements
d contains negative elements
d contains negative elements
d contains negative elements
d contains negative elements
d contains negative elements
d contains negative elements
d contains negative elements
d contains negative elements
d contains negative elements
d contains negative elements
d contains negative elements
d contains negative elements
d contains negative elements
d contains negative elements
d contains negative elements
d contains negative elements
d contains negative elements
d contains negative elements
d contains negative elements
d contains negative elements
d contains negative elements
d contains negative elements
d contains negative elements
d contains negative elements
d contains negative elements
d contains negative elements
d contains negative elements
d contains negative elements
d contains negative elements
d contains negative elements
d contains negative elements
d contains negative elements
d contains negative elements
d contains negative elements
d contains negative elements
d contains negative elements
d contains negative elements
d contains negative elements
d contains negative elements
d contains negative elements
d contains negative elements
d contains negative elements
d contains negative elements
d contains negative elements
d contains negative elements
d contains negative elements
d contains negative elements
d contains negative elements
d contains negative elements
d contains negative elements
d contains negative elements
d contains negative elements
d contains negative elements
d contains negative elements
d contains negative elements
d contains negative elements
d contains negative elements
d contains negative elements
d contains negative elements
d contains negative elements
d contains negative elements
d contains negative elements
d contains negative elements
d contains negative elements
d contains negative elements
d contains negative elements
d contains negative elements
d contains negative elements
d contains negative elements
d contains negative elements
d contains negative elements
d contains negative elements
d contains negative elements
d contains negative elements
d contains negative elements
d contains negative elements
d contains negative elements
d contains negative elements
d contains negative elements
d contains negative elements
d contains negative elements
d contains negative elements
d contains negative elements
d contains negative elements
d contains negative elements
d contains negative elements
d contains negative elements
d contains negative elements
d contains negative elements
d contains negative elements
d contains negative elements
d contains negative elements
d contains negative elements
d contains negative elements
d contains negative elements
d contains negative elements
d contains negative elements
d contains negative elements
d contains negative elements
d contains negative elements
d contains negative elements
d contains negative elements
d contains negative elements
d contains negative elements
d contains negative elements
d contains negative elements
d contains negative elements
d contains negative elements
d contains negative elements
d contains negative elements
d contains negative elements
d contains negative elements
d contains negative elements
d contains negative elements
d contains negative elements
d contains negative elements
d contains negative elements
d contains negative elements
d contains negative elements
d contains negative elements
d contains negative elements
d contains negative elements
d contains negative elements
d contains negative elements
d contains negative elements
d contains negative elements
d contains negative elements
d contains negative elements
d contains negative elements
d contains negative elements
d contains negative elements
d contains negative elements
d contains negative elements
d contains negative elements
d contains negative elements
d contains negative elements
d contains negative elements
d contains negative elements
d contains negative elements
d contains negative elements
d contains negative elements
d contains negative elements
d contains negative elements
d contains negative elements
d contains negative elements
d contains negative elements
d contains negative elements
d contains negative elements
d contains negative elements
d contains negative elements
d contains negative elements
d contains negative elements
d contains negative elements
d contains negative elements
d contains negative elements
d contains negative elements
d contains negative elements
d contains negative elements
d contains negative elements
d contains negative elements
d contains negative elements
d contains negative elements
d contains negative elements
d contains negative elements
d contains negative elements
d contains negative elements
d contains negative elements
d contains negative elements
d contains negative elements
d contains negative elements
d contains negative elements
d contains negative elements
d contains negative elements
d contains negative elements
d contains negative elements
d contains negative elements
d contains negative elements
d contains negative elements
d contains negative elements
d contains negative elements
d contains negative elements
d contains negative elements
d contains negative elements
d contains negative elements
d contains negative elements
d contains negative elements
d contains negative elements
d contains negative elements
d contains negative elements
d contains negative elements
d contains negative elements
d contains negative elements
d contains negative elements
d contains negative elements
d contains negative elements
d contains negative elements
d contains negative elements
d contains negative elements
d contains negative elements
d contains negative elements
d contains negative elements
d contains negative elements
d contains negative elements
d contains negative elements
d contains negative elements
d contains negative elements
d contains negative elements
d contains negative elements
d contains negative elements
d contains negative elements
d contains negative elements
d contains negative elements
d contains negative elements
d contains negative elements
d contains negative elements
d contains negative elements
d contains negative elements
d contains negative elements
d contains negative elements
d contains negative elements
d contains negative elements
d contains negative elements
d contains negative elements
d contains negative elements
d contains negative elements
d contains negative elements
d contains negative elements
d contains negative elements
d contains negative elements
d contains negative elements
d contains negative elements
d contains negative elements
d contains negative elements
d contains negative elements
d contains negative elements
d contains negative elements
d contains negative elements
d contains negative elements
d contains negative elements
d contains negative elements
d contains negative elements
d contains negative elements
d contains negative elements
d contains negative elements
d contains negative elements
d contains negative elements
d contains negative elements
d contains negative elements
d contains negative elements
d contains negative elements
d contains negative elements
d contains negative elements
d contains negative elements
d contains negative elements
d contains negative elements
d contains negative elements
d contains negative elements
d contains negative elements
d contains negative elements
d contains negative elements
d contains negative elements
d contains negative elements
d contains negative elements
d contains negative elements
d contains negative elements
d contains negative elements
d contains negative elements
d contains negative elements
d contains negative elements
d contains negative elements
d contains negative elements
d contains negative elements
d contains negative elements
d contains negative elements
d contains negative elements
d contains negative elements
d contains negative elements
d contains negative elements
d contains negative elements
d contains negative elements
d contains negative elements
d contains negative elements
d contains negative elements
d contains negative elements
d contains negative elements
d contains negative elements
d contains negative elements
d contains negative elements
d contains negative elements
d contains negative elements
d contains negative elements
d contains negative elements
d contains negative elements
d contains negative elements
d contains negative elements
d contains negative elements
d contains negative elements
d contains negative elements
d contains negative elements
d contains negative elements
d contains negative elements
d contains negative elements
d contains negative elements
d contains negative elements
d contains negative elements
d contains negative elements
d contains negative elements
d contains negative elements
d contains negative elements
d contains negative elements
d contains negative elements
d contains negative elements
d contains negative elements
d contains negative elements
d contains negative elements
d contains negative elements
d contains negative elements
d contains negative elements
d contains negative elements
d contains negative elements
d contains negative elements
d contains negative elements
d contains negative elements
d contains negative elements
d contains negative elements
d contains negative elements
d contains negative elements
d contains negative elements
d contains negative elements
d contains negative elements
d contains negative elements
d contains negative elements
d contains negative elements
d contains negative elements
d contains negative elements
d contains negative elements
d contains negative elements
d contains negative elements
d contains negative elements
d contains negative elements
d contains negative elements
d contains negative elements
d contains negative elements
d contains negative elements
d contains negative elements
d contains negative elements
d contains negative elements
d contains negative elements
d contains negative elements
d contains negative elements
d contains negative elements
d contains negative elements
d contains negative elements
d contains negative elements
d contains negative elements
d contains negative elements
d contains negative elements
d contains negative elements
d contains negative elements
d contains negative elements
d contains negative elements
d contains negative elements
d contains negative elements
d contains negative elements
d contains negative elements
d contains negative elements
d contains negative elements
d contains negative elements
d contains negative elements
d contains negative elements
d contains negative elements
d contains negative elements
d contains negative elements
d contains negative elements
d contains negative elements
d contains negative elements
d contains negative elements
d contains negative elements
d contains negative elements
d contains negative elements
d contains negative elements
d contains negative elements
d contains negative elements
d contains negative elements
d contains negative elements
d contains negative elements
d contains negative elements
d contains negative elements
d contains negative elements
d contains negative elements
d contains negative elements
d contains negative elements
d contains negative elements
d contains negative elements
d contains negative elements
d contains negative elements
d contains negative elements
d contains negative elements
d contains negative elements
d contains negative elements
d contains negative elements
d contains negative elements
d contains negative elements
d contains negative elements
d contains negative elements
d contains negative elements
d contains negative elements
d contains negative elements
d contains negative elements
d contains negative elements
d contains negative elements
d contains negative elements
d contains negative elements
d contains negative elements
d contains negative elements
d contains negative elements
d contains negative elements
d contains negative elements
d contains negative elements
d contains negative elements
d contains negative elements
d contains negative elements
d contains negative elements
d contains negative elements
d contains negative elements
d contains negative elements
d contains negative elements
d contains negative elements
d contains negative elements
d contains negative elements
d contains negative elements
d contains negative elements
d contains negative elements
d contains negative elements
d contains negative elements
d contains negative elements
d contains negative elements
d contains negative elements
d contains negative elements
d contains negative elements
d contains negative elements
d contains negative elements
d contains negative elements
d contains negative elements
d contains negative elements
d contains negative elements
d contains negative elements
d contains negative elements
d contains negative elements
d contains negative elements
d contains negative elements
d contains negative elements
d contains negative elements
d contains negative elements
d contains negative elements
d contains negative elements
d contains negative elements
d contains negative elements
d contains negative elements
d contains negative elements
d contains negative elements
d contains negative elements
d contains negative elements
d contains negative elements
d contains negative elements
d contains negative elements
d contains negative elements
d contains negative elements
d contains negative elements
d contains negative elements
d contains negative elements
d contains negative elements
d contains negative elements
d contains negative elements
d contains negative elements
d contains negative elements
d contains negative elements
d contains negative elements
d contains negative elements
d contains negative elements
d contains negative elements
d contains negative elements
d contains negative elements
d contains negative elements
d contains negative elements
d contains negative elements
d contains negative elements
d contains negative elements
d contains negative elements
d contains negative elements
d contains negative elements
d contains negative elements
d contains negative elements
d contains negative elements
d contains negative elements
d contains negative elements
d contains negative elements
d contains negative elements
d contains negative elements
d contains negative elements
d contains negative elements
d contains negative elements
d contains negative elements
d contains negative elements
d contains negative elements
d contains negative elements
d contains negative elements
d contains negative elements
d contains negative elements
d contains negative elements
d contains negative elements
d contains negative elements
d contains negative elements
d contains negative elements
d contains negative elements
d contains negative elements
d contains negative elements
d contains negative elements
d contains negative elements
d contains negative elements
d contains negative elements
d contains negative elements
d contains negative elements
d contains negative elements
d contains negative elements
d contains negative elements
d contains negative elements
d contains negative elements
d contains negative elements
d contains negative elements
d contains negative elements
d contains negative elements
d contains negative elements
d contains negative elements
d contains negative elements
d contains negative elements
d contains negative elements
d contains negative elements
d contains negative elements
d contains negative elements
d contains negative elements
d contains negative elements
d contains negative elements
d contains negative elements
d contains negative elements
d contains negative elements
d contains negative elements
d contains negative elements
d contains negative elements
d contains negative elements
d contains negative elements
d contains negative elements
d contains negative elements
d contains negative elements
d contains negative elements
d contains negative elements
d contains negative elements
d contains negative elements
d contains negative elements
d contains negative elements
d contains negative elements
d contains negative elements
d contains negative elements
d contains negative elements
d contains negative elements
d contains negative elements
d contains negative elements
d contains negative elements
d contains negative elements
d contains negative elements
d contains negative elements
d contains negative elements
d contains negative elements
d contains negative elements
d contains negative elements
d contains negative elements
d contains negative elements
d contains negative elements
d contains negative elements
d contains negative elements
d contains negative elements
d contains negative elements
d contains negative elements
d contains negative elements
d contains negative elements
d contains negative elements
d contains negative elements
d contains negative elements
d contains negative elements
d contains negative elements
d contains negative elements
d contains negative elements
d contains negative elements
d contains negative elements
d contains negative elements
d contains negative elements
d contains negative elements
d contains negative elements
d contains negative elements
d contains negative elements
d contains negative elements
d contains negative elements
d contains negative elements
d contains negative elements
d contains negative elements
d contains negative elements
d contains negative elements
d contains negative elements
d contains negative elements
d contains negative elements
d contains negative elements
d contains negative elements
d contains negative elements
d contains negative elements
d contains negative elements
d contains negative elements
d contains negative elements
d contains negative elements
d contains negative elements
d contains negative elements
d contains negative elements
d contains negative elements
d contains negative elements
d contains negative elements
d contains negative elements
d contains negative elements
d contains negative elements
d contains negative elements
d contains negative elements
d contains negative elements
d contains negative elements
d contains negative elements
d contains negative elements
d contains negative elements
d contains negative elements
d contains negative elements
d contains negative elements
d contains negative elements
d contains negative elements
d contains negative elements
d contains negative elements
d contains negative elements
d contains negative elements
d contains negative elements
d contains negative elements
d contains negative elements
d contains negative elements
d contains negative elements
d contains negative elements
d contains negative elements
d contains negative elements
d contains negative elements
d contains negative elements
d contains negative elements
d contains negative elements
d contains negative elements
d contains negative elements
d contains negative elements
d contains negative elements
d contains negative elements
d contains negative elements
d contains negative elements
d contains negative elements
d contains negative elements
d contains negative elements
d contains negative elements
d contains negative elements
d contains negative elements
d contains negative elements
d contains negative elements
d contains negative elements
d contains negative elements
d contains negative elements
d contains negative elements
d contains negative elements
d contains negative elements
d contains negative elements
d contains negative elements
d contains negative elements
d contains negative elements
d contains negative elements
d contains negative elements
d contains negative elements
d contains negative elements
d contains negative elements
d contains negative elements
d contains negative elements
d contains negative elements
d contains negative elements
d contains negative elements
d contains negative elements
d contains negative elements
d contains negative elements
d contains negative elements
d contains negative elements
d contains negative elements
d contains negative elements
d contains negative elements
d contains negative elements
d contains negative elements
d contains negative elements
d contains negative elements
d contains negative elements
d contains negative elements
d contains negative elements
d contains negative elements
d contains negative elements
d contains negative elements
d contains negative elements
d contains negative elements
d contains negative elements
d contains negative elements
d contains negative elements
d contains negative elements
d contains negative elements
d contains negative elements
d contains negative elements
d contains negative elements
d contains negative elements
d contains negative elements
d contains negative elements
d contains negative elements
d contains negative elements
d contains negative elements
d contains negative elements
d contains negative elements
d contains negative elements
d contains negative elements
d contains negative elements
d contains negative elements
d contains negative elements
d contains negative elements
d contains negative elements
d contains negative elements
d contains negative elements
d contains negative elements
d contains negative elements
d contains negative elements
d contains negative elements
d contains negative elements
d contains negative elements
d contains negative elements
d contains negative elements
d contains negative elements
d contains negative elements
d contains negative elements
d contains negative elements
d contains negative elements
d contains negative elements
d contains negative elements
d contains negative elements
d contains negative elements
d contains negative elements
d contains negative elements
d contains negative elements
d contains negative elements
d contains negative elements
d contains negative elements
d contains negative elements
d contains negative elements
d contains negative elements
d contains negative elements
d contains negative elements
d contains negative elements
d contains negative elements
d contains negative elements
d contains negative elements
d contains negative elements
d contains negative elements
d contains negative elements
d contains negative elements
d contains negative elements
d contains negative elements
d contains negative elements
d contains negative elements
d contains negative elements
d contains negative elements
d contains negative elements
d contains negative elements
d contains negative elements
d contains negative elements
d contains negative elements
d contains negative elements
d contains negative elements
d contains negative elements
d contains negative elements
d contains negative elements
d contains negative elements
d contains negative elements
d contains negative elements
d contains negative elements
d contains negative elements
d contains negative elements
d contains negative elements
d contains negative elements
d contains negative elements
d contains negative elements
d contains negative elements
d contains negative elements
d contains negative elements
d contains negative elements
d contains negative elements
d contains negative elements
d contains negative elements
d contains negative elements
d contains negative elements
d contains negative elements
d contains negative elements
d contains negative elements
d contains negative elements
d contains negative elements
d contains negative elements
d contains negative elements
d contains negative elements
d contains negative elements
d contains negative elements
d contains negative elements
d contains negative elements
d contains negative elements
d contains negative elements
d contains negative elements
d contains negative elements
d contains negative elements
d contains negative elements
d contains negative elements
d contains negative elements
d contains negative elements
d contains negative elements
d contains negative elements
d contains negative elements
d contains negative elements
d contains negative elements
d contains negative elements
d contains negative elements
d contains negative elements
d contains negative elements
d contains negative elements
d contains negative elements
d contains negative elements
d contains negative elements
d contains negative elements
d contains negative elements
d contains negative elements
d contains negative elements
d contains negative elements
d contains negative elements
d contains negative elements
d contains negative elements
d contains negative elements
d contains negative elements
d contains negative elements
d contains negative elements
d contains negative elements
d contains negative elements
d contains negative elements
d contains negative elements
d contains negative elements
d contains negative elements
d contains negative elements
d contains negative elements
d contains negative elements
d contains negative elements
d contains negative elements
d contains negative elements
d contains negative elements
d contains negative elements
d contains negative elements
d contains negative elements
d contains negative elements
d contains negative elements
d contains negative elements
d contains negative elements
d contains negative elements
d contains negative elements
d contains negative elements
d contains negative elements
d contains negative elements
d contains negative elements
d contains negative elements
d contains negative elements
d contains negative elements
d contains negative elements
d contains negative elements
d contains negative elements
d contains negative elements
d contains negative elements
d contains negative elements
d contains negative elements
d contains negative elements
d contains negative elements
d contains negative elements
d contains negative elements
d contains negative elements
d contains negative elements
d contains negative elements
d contains negative elements
d contains negative elements
d contains negative elements
d contains negative elements
d contains negative elements
d contains negative elements
d contains negative elements
d contains negative elements
d contains negative elements
d contains negative elements
d contains negative elements
d contains negative elements
d contains negative elements
d contains negative elements
d contains negative elements
d contains negative elements
d contains negative elements
d contains negative elements
d contains negative elements
d contains negative elements
d contains negative elements
d contains negative elements
d contains negative elements
d contains negative elements
d contains negative elements
d contains negative elements
d contains negative elements
d contains negative elements
d contains negative elements
d contains negative elements
d contains negative elements
d contains negative elements
d contains negative elements
d contains negative elements
d contains negative elements
d contains negative elements
d contains negative elements
d contains negative elements
d contains negative elements
d contains negative elements
d contains negative elements
d contains negative elements
d contains negative elements
d contains negative elements
d contains negative elements
d contains negative elements
d contains negative elements
d contains negative elements
d contains negative elements
d contains negative elements
d contains negative elements
d contains negative elements
d contains negative elements
d contains negative elements
d contains negative elements
d contains negative elements
d contains negative elements
d contains negative elements
d contains negative elements
d contains negative elements
d contains negative elements
d contains negative elements
d contains negative elements
d contains negative elements
d contains negative elements
d contains negative elements
d contains negative elements
d contains negative elements
d contains negative elements
d contains negative elements
d contains negative elements
d contains negative elements
d contains negative elements
d contains negative elements
d contains negative elements
d contains negative elements
d contains negative elements
d contains negative elements
d contains negative elements
d contains negative elements
d contains negative elements
d contains negative elements
d contains negative elements
d contains negative elements
d contains negative elements
d contains negative elements
d contains negative elements
d contains negative elements
d contains negative elements
d contains negative elements
d contains negative elements
d contains negative elements
d contains negative elements
d contains negative elements
d contains negative elements
d contains negative elements
d contains negative elements
d contains negative elements
d contains negative elements
d contains negative elements
d contains negative elements
d contains negative elements
d contains negative elements
d contains negative elements
d contains negative elements
d contains negative elements
d contains negative elements
d contains negative elements
d contains negative elements
d contains negative elements
d contains negative elements
d contains negative elements
d contains negative elements
d contains negative elements
d contains negative elements
d contains negative elements
d contains negative elements
d contains negative elements
d contains negative elements
d contains negative elements
d contains negative elements
d contains negative elements
d contains negative elements
d contains negative elements
d contains negative elements
d contains negative elements
d contains negative elements
d contains negative elements
d contains negative elements
d contains negative elements
d contains negative elements
d contains negative elements
d contains negative elements
d contains negative elements
d contains negative elements
d contains negative elements
d contains negative elements
d contains negative elements
d contains negative elements
d contains negative elements
d contains negative elements
d contains negative elements
d contains negative elements
d contains negative elements
d contains negative elements
d contains negative elements
d contains negative elements
d contains negative elements
d contains negative elements
d contains negative elements
d contains negative elements
d contains negative elements
d contains negative elements
d contains negative elements
d contains negative elements
d contains negative elements
d contains negative elements
d contains negative elements
d contains negative elements
d contains negative elements
d contains negative elements
d contains negative elements
d contains negative elements
d contains negative elements
d contains negative elements
d contains negative elements
d contains negative elements
d contains negative elements
d contains negative elements
d contains negative elements
d contains negative elements
d contains negative elements
d contains negative elements
d contains negative elements
d contains negative elements
d contains negative elements
d contains negative elements
d contains negative elements
d contains negative elements
d contains negative elements
d contains negative elements
d contains negative elements
d contains negative elements
d contains negative elements
d contains negative elements
d contains negative elements
d contains negative elements
d contains negative elements
d contains negative elements
d contains negative elements
d contains negative elements
d contains negative elements
d contains negative elements
d contains negative elements
d contains negative elements
d contains negative elements
d contains negative elements
d contains negative elements
d contains negative elements
d contains negative elements
d contains negative elements
d contains negative elements
d contains negative elements
d contains negative elements
d contains negative elements
d contains negative elements
d contains negative elements
d contains negative elements
d contains negative elements
d contains negative elements
d contains negative elements
d contains negative elements
d contains negative elements
d contains negative elements
d contains negative elements
d contains negative elements
d contains negative elements
d contains negative elements
d contains negative elements
d contains negative elements
d contains negative elements
d contains negative elements
d contains negative elements
d contains negative elements
d contains negative elements
d contains negative elements
d contains negative elements
d contains negative elements
d contains negative elements
d contains negative elements
d contains negative elements
d contains negative elements
d contains negative elements
d contains negative elements
d contains negative elements
d contains negative elements
d contains negative elements
d contains negative elements
d contains negative elements
d contains negative elements
d contains negative elements
d contains negative elements
d contains negative elements
d contains negative elements
d contains negative elements
d contains negative elements
d contains negative elements
d contains negative elements
d contains negative elements
d contains negative elements
d contains negative elements
d contains negative elements
d contains negative elements
d contains negative elements
d contains negative elements
d contains negative elements
d contains negative elements
d contains negative elements
d contains negative elements
d contains negative elements
d contains negative elements
d contains negative elements
d contains negative elements
d contains negative elements
d contains negative elements
d contains negative elements
d contains negative elements
d contains negative elements
d contains negative elements
d contains negative elements
d contains negative elements
d contains negative elements
d contains negative elements
d contains negative elements
d contains negative elements
d contains negative elements
d contains negative elements
d contains negative elements
d contains negative elements
d contains negative elements
d contains negative elements
d contains negative elements
d contains negative elements
d contains negative elements
d contains negative elements
d contains negative elements
d contains negative elements
d contains negative elements
d contains negative elements
d contains negative elements
d contains negative elements
d contains negative elements
d contains negative elements
d contains negative elements
d contains negative elements
d contains negative elements
d contains negative elements
d contains negative elements
d contains negative elements
d contains negative elements
d contains negative elements
d contains negative elements
d contains negative elements
d contains negative elements
d contains negative elements
d contains negative elements
d contains negative elements
d contains negative elements
d contains negative elements
d contains negative elements
d contains negative elements
d contains negative elements
d contains negative elements
d contains negative elements
d contains negative elements
d contains negative elements
d contains negative elements
d contains negative elements
d contains negative elements
d contains negative elements
d contains negative elements
d contains negative elements
d contains negative elements
d contains negative elements
d contains negative elements
d contains negative elements
d contains negative elements
d contains negative elements
d contains negative elements
d contains negative elements
d contains negative elements
d contains negative elements
d contains negative elements
d contains negative elements
d contains negative elements
d contains negative elements
d contains negative elements
d contains negative elements
d contains negative elements
d contains negative elements
d contains negative elements
d contains negative elements
d contains negative elements
d contains negative elements
d contains negative elements
d contains negative elements
d contains negative elements
d contains negative elements
d contains negative elements
d contains negative elements
d contains negative elements
d contains negative elements
d contains negative elements
d contains negative elements
d contains negative elements
d contains negative elements
d contains negative elements
d contains negative elements
d contains negative elements
d contains negative elements
d contains negative elements
d contains negative elements
d contains negative elements
d contains negative elements
d contains negative elements
d contains negative elements
d contains negative elements
d contains negative elements
d contains negative elements
d contains negative elements
d contains negative elements
d contains negative elements
d contains negative elements
d contains negative elements
d contains negative elements
d contains negative elements
d contains negative elements
d contains negative elements
d contains negative elements
d contains negative elements
d contains negative elements
d contains negative elements
d contains negative elements
d contains negative elements
d contains negative elements
d contains negative elements
d contains negative elements
d contains negative elements
d contains negative elements
d contains negative elements
d contains negative elements
d contains negative elements
d contains negative elements
d contains negative elements
d contains negative elements
d contains negative elements
d contains negative elements
d contains negative elements
d contains negative elements
d contains negative elements
d contains negative elements
d contains negative elements
d contains negative elements
d contains negative elements
d contains negative elements
d contains negative elements
d contains negative elements
d contains negative elements
d contains negative elements
d contains negative elements
d contains negative elements
d contains negative elements
d contains negative elements
d contains negative elements
d contains negative elements
d contains negative elements
d contains negative elements
d contains negative elements
d contains negative elements
d contains negative elements
d contains negative elements
d contains negative elements
d contains negative elements
d contains negative elements
d contains negative elements
d contains negative elements
d contains negative elements
d contains negative elements
d contains negative elements
d contains negative elements
d contains negative elements
d contains negative elements
d contains negative elements
d contains negative elements
d contains negative elements
d contains negative elements
d contains negative elements
d contains negative elements
d contains negative elements
d contains negative elements
d contains negative elements
d contains negative elements
d contains negative elements
d contains negative elements
d contains negative elements
d contains negative elements
d contains negative elements
d contains negative elements
d contains negative elements
d contains negative elements
d contains negative elements
d contains negative elements
d contains negative elements
d contains negative elements
d contains negative elements
d contains negative elements
d contains negative elements
d contains negative elements
d contains negative elements
d contains negative elements
d contains negative elements
d contains negative elements
d contains negative elements
d contains negative elements
d contains negative elements
d contains negative elements
d contains negative elements
d contains negative elements
d contains negative elements
d contains negative elements
d contains negative elements
d contains negative elements
d contains negative elements
d contains negative elements
d contains negative elements
d contains negative elements
d contains negative elements
d contains negative elements
d contains negative elements
d contains negative elements
d contains negative elements
d contains negative elements
d contains negative elements
d contains negative elements
d contains negative elements
d contains negative elements
d contains negative elements
d contains negative elements
d contains negative elements
d contains negative elements
d contains negative elements
d contains negative elements
d contains negative elements
d contains negative elements
d contains negative elements
d contains negative elements
d contains negative elements
d contains negative elements
d contains negative elements
d contains negative elements
d contains negative elements
d contains negative elements
d contains negative elements
d contains negative elements
d contains negative elements
d contains negative elements
d contains negative elements
d contains negative elements
d contains negative elements
d contains negative elements
d contains negative elements
d contains negative elements
d contains negative elements
d contains negative elements
d contains negative elements
d contains negative elements
d contains negative elements
d contains negative elements
d contains negative elements
d contains negative elements
d contains negative elements
d contains negative elements
d contains negative elements
d contains negative elements
d contains negative elements
d contains negative elements
d contains negative elements
d contains negative elements
d contains negative elements
d contains negative elements
d contains negative elements
d contains negative elements
d contains negative elements
d contains negative elements
d contains negative elements
d contains negative elements
d contains negative elements
d contains negative elements
d contains negative elements
d contains negative elements
d contains negative elements
d contains negative elements
d contains negative elements
d contains negative elements
d contains negative elements
d contains negative elements
d contains negative elements
d contains negative elements
d contains negative elements
d contains negative elements
d contains negative elements
d contains negative elements
d contains negative elements
d contains negative elements
d contains negative elements
d contains negative elements
d contains negative elements
d contains negative elements
d contains negative elements
d contains negative elements
d contains negative elements
d contains negative elements
d contains negative elements
d contains negative elements
d contains negative elements
d contains negative elements
d contains negative elements
d contains negative elements
d contains negative elements
d contains negative elements
d contains negative elements
d contains negative elements
d contains negative elements
d contains negative elements
d contains negative elements
d contains negative elements
d contains negative elements
d contains negative elements
d contains negative elements
d contains negative elements
d contains negative elements
d contains negative elements
d contains negative elements
d contains negative elements
d contains negative elements
d contains negative elements
d contains negative elements
d contains negative elements
d contains negative elements
d contains negative elements
d contains negative elements
d contains negative elements
d contains negative elements
d contains negative elements
d contains negative elements
d contains negative elements
d contains negative elements
d contains negative elements
d contains negative elements
d contains negative elements
d contains negative elements
d contains negative elements
d contains negative elements
d contains negative elements
d contains negative elements
d contains negative elements
d contains negative elements
d contains negative elements
d contains negative elements
d contains negative elements
d contains negative elements
d contains negative elements
d contains negative elements
d contains negative elements
d contains negative elements
d contains negative elements
d contains negative elements
d contains negative elements
d contains negative elements
d contains negative elements
d contains negative elements
d contains negative elements
d contains negative elements
d contains negative elements
d contains negative elements
d contains negative elements
d contains negative elements
d contains negative elements
d contains negative elements
d contains negative elements
d contains negative elements
d contains negative elements
d contains negative elements
d contains negative elements
d contains negative elements
d contains negative elements
d contains negative elements
d contains negative elements
d contains negative elements
d contains negative elements
d contains negative elements
d contains negative elements
d contains negative elements
d contains negative elements
d contains negative elements
d contains negative elements
d contains negative elements
d contains negative elements
d contains negative elements
d contains negative elements
d contains negative elements
d contains negative elements
d contains negative elements
d contains negative elements
d contains negative elements
d contains negative elements
d contains negative elements
d contains negative elements
d contains negative elements
d contains negative elements
d contains negative elements
d contains negative elements
d contains negative elements
d contains negative elements
d contains negative elements
d contains negative elements
d contains negative elements
d contains negative elements
d contains negative elements
d contains negative elements
d contains negative elements
d contains negative elements
d contains negative elements
d contains negative elements
d contains negative elements
d contains negative elements
d contains negative elements
d contains negative elements
d contains negative elements
d contains negative elements
d contains negative elements
d contains negative elements
d contains negative elements
d contains negative elements
d contains negative elements
d contains negative elements
d contains negative elements
d contains negative elements
d contains negative elements
d contains negative elements
d contains negative elements
d contains negative elements
d contains negative elements
d contains negative elements
d contains negative elements
d contains negative elements
d contains negative elements
d contains negative elements
d contains negative elements
d contains negative elements
d contains negative elements
d contains negative elements
d contains negative elements
d contains negative elements
d contains negative elements
d contains negative elements
d contains negative elements
d contains negative elements
d contains negative elements
d contains negative elements
d contains negative elements
d contains negative elements
d contains negative elements
d contains negative elements
d contains negative elements
d contains negative elements
d contains negative elements
d contains negative elements
d contains negative elements
d contains negative elements
d contains negative elements
d contains negative elements
d contains negative elements
d contains negative elements
d contains negative elements
d contains negative elements
d contains negative elements
d contains negative elements
d contains negative elements
d contains negative elements
d contains negative elements
d contains negative elements
d contains negative elements
d contains negative elements
d contains negative elements
d contains negative elements
d contains negative elements
d contains negative elements
d contains negative elements
d contains negative elements
d contains negative elements
d contains negative elements
d contains negative elements
d contains negative elements
d contains negative elements
d contains negative elements
d contains negative elements
d contains negative elements
d contains negative elements
d contains negative elements
d contains negative elements
d contains negative elements
d contains negative elements
d contains negative elements
d contains negative elements
d contains negative elements
d contains negative elements
d contains negative elements
d contains negative elements
d contains negative elements
d contains negative elements
d contains negative elements
d contains negative elements
d contains negative elements
d contains negative elements
d contains negative elements
d contains negative elements
d contains negative elements
d contains negative elements
d contains negative elements
d contains negative elements
d contains negative elements
d contains negative elements
d contains negative elements
d contains negative elements
d contains negative elements
d contains negative elements
d contains negative elements
d contains negative elements
d contains negative elements
d contains negative elements
d contains negative elements
d contains negative elements
d contains negative elements
d contains negative elements
d contains negative elements
d contains negative elements
d contains negative elements
d contains negative elements
d contains negative elements
d contains negative elements
d contains negative elements
d contains negative elements
d contains negative elements
d contains negative elements
d contains negative elements
d contains negative elements
d contains negative elements
d contains negative elements
d contains negative elements
d contains negative elements
d contains negative elements
d contains negative elements
d contains negative elements
d contains negative elements
d contains negative elements
d contains negative elements
d contains negative elements
d contains negative elements
d contains negative elements
d contains negative elements
d contains negative elements
d contains negative elements
d contains negative elements
d contains negative elements
d contains negative elements
d contains negative elements
d contains negative elements
d contains negative elements
d contains negative elements
d contains negative elements
d contains negative elements
d contains negative elements
d contains negative elements
d contains negative elements
d contains negative elements
d contains negative elements
d contains negative elements
d contains negative elements
d contains negative elements
d contains negative elements
d contains negative elements
d contains negative elements
d contains negative elements
d contains negative elements
d contains negative elements
d contains negative elements
d contains negative elements
d contains negative elements
d contains negative elements
d contains negative elements
d contains negative elements
d contains negative elements
d contains negative elements
d contains negative elements
d contains negative elements
d contains negative elements
d contains negative elements
d contains negative elements
d contains negative elements
d contains negative elements
d contains negative elements
d contains negative elements
d contains negative elements
d contains negative elements
d contains negative elements
d contains negative elements
d contains negative elements
d contains negative elements
d contains negative elements
d contains negative elements
d contains negative elements
d contains negative elements
d contains negative elements
d contains negative elements
d contains negative elements
d contains negative elements
d contains negative elements
d contains negative elements
d contains negative elements
d contains negative elements
d contains negative elements
d contains negative elements
d contains negative elements
d contains negative elements
d contains negative elements
d contains negative elements
d contains negative elements
d contains negative elements
d contains negative elements
d contains negative elements
d contains negative elements
d contains negative elements
d contains negative elements
d contains negative elements
d contains negative elements
d contains negative elements
d contains negative elements
d contains negative elements
d contains negative elements
d contains negative elements
d contains negative elements
d contains negative elements
d contains negative elements
d contains negative elements
d contains negative elements
d contains negative elements
d contains negative elements
d contains negative elements
d contains negative elements
d contains negative elements
d contains negative elements
d contains negative elements
d contains negative elements
d contains negative elements
d contains negative elements
d contains negative elements
d contains negative elements
d contains negative elements
d contains negative elements
d contains negative elements
d contains negative elements
d contains negative elements
d contains negative elements
d contains negative elements
d contains negative elements
d contains negative elements
d contains negative elements
d contains negative elements
d contains negative elements
d contains negative elements
d contains negative elements
d contains negative elements
d contains negative elements
d contains negative elements
d contains negative elements
d contains negative elements
d contains negative elements
d contains negative elements
d contains negative elements
d contains negative elements
d contains negative elements
d contains negative elements
d contains negative elements
d contains negative elements
d contains negative elements
d contains negative elements
d contains negative elements
d contains negative elements
d contains negative elements
d contains negative elements
d contains negative elements
d contains negative elements
d contains negative elements
d contains negative elements
d contains negative elements
d contains negative elements
d contains negative elements
d contains negative elements
d contains negative elements
d contains negative elements
d contains negative elements
d contains negative elements
d contains negative elements
d contains negative elements
d contains negative elements
d contains negative elements
d contains negative elements
d contains negative elements
d contains negative elements
d contains negative elements
d contains negative elements
d contains negative elements
d contains negative elements
d contains negative elements
d contains negative elements
d contains negative elements
d contains negative elements
d contains negative elements
d contains negative elements
d contains negative elements
d contains negative elements
d contains negative elements
d contains negative elements
d contains negative elements
d contains negative elements
d contains negative elements
d contains negative elements
d contains negative elements
d contains negative elements
d contains negative elements
d contains negative elements
d contains negative elements
d contains negative elements
d contains negative elements
d contains negative elements
d contains negative elements
d contains negative elements
d contains negative elements
d contains negative elements
d contains negative elements
d contains negative elements
d contains negative elements
d contains negative elements
d contains negative elements
d contains negative elements
d contains negative elements
d contains negative elements
d contains negative elements
d contains negative elements
d contains negative elements
d contains negative elements
d contains negative elements
d contains negative elements
d contains negative elements
d contains negative elements
d contains negative elements
d contains negative elements
d contains negative elements
d contains negative elements
d contains negative elements
d contains negative elements
d contains negative elements
d contains negative elements
d contains negative elements
d contains negative elements
d contains negative elements
d contains negative elements
d contains negative elements
d contains negative elements
d contains negative elements
d contains negative elements
d contains negative elements
d contains negative elements
d contains negative elements
d contains negative elements
d contains negative elements
d contains negative elements
d contains negative elements
d contains negative elements
d contains negative elements
d contains negative elements
d contains negative elements
d contains negative elements
d contains negative elements
d contains negative elements
d contains negative elements
d contains negative elements
d contains negative elements
d contains negative elements
d contains negative elements
d contains negative elements
d contains negative elements
d contains negative elements
d contains negative elements
d contains negative elements
d contains negative elements
d contains negative elements
d contains negative elements
d contains negative elements
d contains negative elements
d contains negative elements
d contains negative elements
d contains negative elements
d contains negative elements
d contains negative elements
d contains negative elements
d contains negative elements
d contains negative elements
d contains negative elements
d contains negative elements
d contains negative elements
d contains negative elements
d contains negative elements
d contains negative elements
d contains negative elements
d contains negative elements
d contains negative elements
d contains negative elements
d contains negative elements
d contains negative elements
d contains negative elements
d contains negative elements
d contains negative elements
d contains negative elements
d contains negative elements
d contains negative elements
d contains negative elements
d contains negative elements
d contains negative elements
d contains negative elements
d contains negative elements
d contains negative elements
d contains negative elements
d contains negative elements
d contains negative elements
d contains negative elements
d contains negative elements
d contains negative elements
d contains negative elements
d contains negative elements
d contains negative elements
d contains negative elements
d contains negative elements
d contains negative elements
d contains negative elements
d contains negative elements
d contains negative elements
d contains negative elements
d contains negative elements
d contains negative elements
d contains negative elements
d contains negative elements
d contains negative elements
d contains negative elements
d contains negative elements
d contains negative elements
d contains negative elements
d contains negative elements
d contains negative elements
d contains negative elements
d contains negative elements
d contains negative elements
d contains negative elements
d contains negative elements
d contains negative elements
d contains negative elements
d contains negative elements
d contains negative elements
d contains negative elements
d contains negative elements
d contains negative elements
d contains negative elements
d contains negative elements
d contains negative elements
d contains negative elements
d contains negative elements
d contains negative elements
d contains negative elements
d contains negative elements
d contains negative elements
d contains negative elements
d contains negative elements
d contains negative elements
d contains negative elements
d contains negative elements
d contains negative elements
d contains negative elements
d contains negative elements
d contains negative elements
d contains negative elements
d contains negative elements
d contains negative elements
d contains negative elements
d contains negative elements
d contains negative elements
d contains negative elements
d contains negative elements
d contains negative elements
d contains negative elements
d contains negative elements
d contains negative elements
d contains negative elements
d contains negative elements
d contains negative elements
d contains negative elements
d contains negative elements
d contains negative elements
d contains negative elements
d contains negative elements
d contains negative elements
d contains negative elements
d contains negative elements
d contains negative elements
d contains negative elements
d contains negative elements
d contains negative elements
d contains negative elements
d contains negative elements
d contains negative elements
d contains negative elements
d contains negative elements
d contains negative elements
d contains negative elements
d contains negative elements
d contains negative elements
d contains negative elements
d contains negative elements
d contains negative elements
d contains negative elements
d contains negative elements
d contains negative elements
d contains negative elements
d contains negative elements
d contains negative elements
d contains negative elements
d contains negative elements
d contains negative elements
d contains negative elements
d contains negative elements
d contains negative elements
d contains negative elements
d contains negative elements
d contains negative elements
d contains negative elements
d contains negative elements
d contains negative elements
d contains negative elements
d contains negative elements
d contains negative elements
d contains negative elements
d contains negative elements
d contains negative elements
d contains negative elements
d contains negative elements
d contains negative elements
d contains negative elements
d contains negative elements
d contains negative elements
d contains negative elements
d contains negative elements
d contains negative elements
d contains negative elements
d contains negative elements
d contains negative elements
d contains negative elements
d contains negative elements
d contains negative elements
d contains negative elements
d contains negative elements
d contains negative elements
d contains negative elements
d contains negative elements
d contains negative elements
d contains negative elements
d contains negative elements
d contains negative elements
d contains negative elements
d contains negative elements
d contains negative elements
d contains negative elements
d contains negative elements
d contains negative elements
d contains negative elements
d contains negative elements
d contains negative elements
d contains negative elements
d contains negative elements
d contains negative elements
d contains negative elements
d contains negative elements
d contains negative elements
d contains negative elements
d contains negative elements
d contains negative elements
d contains negative elements
d contains negative elements
d contains negative elements
d contains negative elements
d contains negative elements
d contains negative elements
d contains negative elements
d contains negative elements
d contains negative elements
d contains negative elements
d contains negative elements
d contains negative elements
d contains negative elements
d contains negative elements
d contains negative elements
d contains negative elements
d contains negative elements
d contains negative elements
d contains negative elements
d contains negative elements
d contains negative elements
d contains negative elements
d contains negative elements
d contains negative elements
d contains negative elements
d contains negative elements
d contains negative elements
d contains negative elements
d contains negative elements
d contains negative elements
d contains negative elements
d contains negative elements
d contains negative elements
d contains negative elements
d contains negative elements
d contains negative elements
d contains negative elements
d contains negative elements
d contains negative elements
d contains negative elements
d contains negative elements
d contains negative elements
d contains negative elements
d contains negative elements
d contains negative elements
d contains negative elements
d contains negative elements
d contains negative elements
d contains negative elements
d contains negative elements
d contains negative elements
d contains negative elements
d contains negative elements
d contains negative elements
d contains negative elements
d contains negative elements
d contains negative elements
d contains negative elements
d contains negative elements
d contains negative elements
d contains negative elements
d contains negative elements
d contains negative elements
d contains negative elements
d contains negative elements
d contains negative elements
d contains negative elements
d contains negative elements
d contains negative elements
d contains negative elements
d contains negative elements
d contains negative elements
d contains negative elements
d contains negative elements
d contains negative elements
d contains negative elements
d contains negative elements
d contains negative elements
d contains negative elements
d contains negative elements
d contains negative elements
d contains negative elements
d contains negative elements
d contains negative elements
d contains negative elements
d contains negative elements
d contains negative elements
d contains negative elements
d contains negative elements
d contains negative elements
d contains negative elements
d contains negative elements
d contains negative elements
d contains negative elements
d contains negative elements
d contains negative elements
d contains negative elements
d contains negative elements
d contains negative elements
d contains negative elements
d contains negative elements
d contains negative elements
d contains negative elements
d contains negative elements
d contains negative elements
d contains negative elements
d contains negative elements
d contains negative elements
d contains negative elements
d contains negative elements
d contains negative elements
d contains negative elements
d contains negative elements
d contains negative elements
d contains negative elements
d contains negative elements
d contains negative elements
d contains negative elements
d contains negative elements
d contains negative elements
d contains negative elements
d contains negative elements
d contains negative elements
d contains negative elements
d contains negative elements
d contains negative elements
d contains negative elements
d contains negative elements
d contains negative elements
d contains negative elements
d contains negative elements
d contains negative elements
d contains negative elements
d contains negative elements
d contains negative elements
d contains negative elements
d contains negative elements
d contains negative elements
d contains negative elements
d contains negative elements
d contains negative elements
d contains negative elements
d contains negative elements
d contains negative elements
d contains negative elements
d contains negative elements
d contains negative elements
d contains negative elements
d contains negative elements
d contains negative elements
d contains negative elements
d contains negative elements
d contains negative elements
d contains negative elements
d contains negative elements
d contains negative elements
d contains negative elements
d contains negative elements
d contains negative elements
d contains negative elements
d contains negative elements
d contains negative elements
d contains negative elements
d contains negative elements
d contains negative elements
d contains negative elements
d contains negative elements
d contains negative elements
d contains negative elements
d contains negative elements
d contains negative elements
d contains negative elements
d contains negative elements
d contains negative elements
d contains negative elements
d contains negative elements
d contains negative elements
d contains negative elements
d contains negative elements
d contains negative elements
d contains negative elements
d contains negative elements
d contains negative elements
d contains negative elements
d contains negative elements
d contains negative elements
d contains negative elements
d contains negative elements
d contains negative elements
d contains negative elements
d contains negative elements
d contains negative elements
d contains negative elements
d contains negative elements
d contains negative elements
d contains negative elements
d contains negative elements
d contains negative elements
d contains negative elements
d contains negative elements
d contains negative elements
d contains negative elements
d contains negative elements
d contains negative elements
d contains negative elements
d contains negative elements
d contains negative elements
d contains negative elements
d contains negative elements
d contains negative elements
d contains negative elements
d contains negative elements
d contains negative elements
d contains negative elements
d contains negative elements
d contains negative elements
d contains negative elements
d contains negative elements
d contains negative elements
d contains negative elements
d contains negative elements
d contains negative elements
d contains negative elements
d contains negative elements
d contains negative elements
d contains negative elements
d contains negative elements
d contains negative elements
d contains negative elements
d contains negative elements
d contains negative elements
d contains negative elements
d contains negative elements
d contains negative elements
d contains negative elements
d contains negative elements
d contains negative elements
d contains negative elements
d contains negative elements
d contains negative elements
d contains negative elements
d contains negative elements
d contains negative elements
d contains negative elements
d contains negative elements
d contains negative elements
d contains negative elements
d contains negative elements
d contains negative elements
d contains negative elements
d contains negative elements
d contains negative elements
d contains negative elements
d contains negative elements
d contains negative elements
d contains negative elements
d contains negative elements
d contains negative elements
d contains negative elements
d contains negative elements
d contains negative elements
d contains negative elements
d contains negative elements
d contains negative elements
d contains negative elements
d contains negative elements
d contains negative elements
d contains negative elements
d contains negative elements
d contains negative elements
d contains negative elements
d contains negative elements
d contains negative elements
d contains negative elements
d contains negative elements
d contains negative elements
d contains negative elements
d contains negative elements
d contains negative elements
d contains negative elements
d contains negative elements
d contains negative elements
d contains negative elements
d contains negative elements
d contains negative elements
d contains negative elements
d contains negative elements
d contains negative elements
d contains negative elements
d contains negative elements
d contains negative elements
d contains negative elements
d contains negative elements
d contains negative elements
d contains negative elements
d contains negative elements
d contains negative elements
d contains negative elements
d contains negative elements
d contains negative elements
d contains negative elements
d contains negative elements
d contains negative elements
d contains negative elements
d contains negative elements
d contains negative elements
d contains negative elements
d contains negative elements
d contains negative elements
d contains negative elements
d contains negative elements
d contains negative elements
d contains negative elements
d contains negative elements
d contains negative elements
d contains negative elements
d contains negative elements
d contains negative elements
d contains negative elements
d contains negative elements
d contains negative elements
d contains negative elements
d contains negative elements
d contains negative elements
d contains negative elements
d contains negative elements
d contains negative elements
d contains negative elements
d contains negative elements
d contains negative elements
d contains negative elements
d contains negative elements
d contains negative elements
d contains negative elements
d contains negative elements
d contains negative elements
d contains negative elements
d contains negative elements
d contains negative elements
d contains negative elements
d contains negative elements
d contains negative elements
d contains negative elements
d contains negative elements
d contains negative elements
d contains negative elements
d contains negative elements
d contains negative elements
d contains negative elements
d contains negative elements
d contains negative elements
d contains negative elements
d contains negative elements
d contains negative elements
d contains negative elements
d contains negative elements
d contains negative elements
d contains negative elements
d contains negative elements
d contains negative elements
d contains negative elements
d contains negative elements
d contains negative elements
d contains negative elements
d contains negative elements
d contains negative elements
d contains negative elements
d contains negative elements
d contains negative elements
d contains negative elements
d contains negative elements
d contains negative elements
d contains negative elements
d contains negative elements
d contains negative elements
d contains negative elements
d contains negative elements
d contains negative elements
d contains negative elements
d contains negative elements
d contains negative elements
d contains negative elements
d contains negative elements
d contains negative elements
d contains negative elements
d contains negative elements
d contains negative elements
d contains negative elements
d contains negative elements
d contains negative elements
d contains negative elements
d contains negative elements
d contains negative elements
d contains negative elements
d contains negative elements
d contains negative elements
d contains negative elements
d contains negative elements
d contains negative elements
d contains negative elements
d contains negative elements
d contains negative elements
d contains negative elements
d contains negative elements
d contains negative elements
d contains negative elements
d contains negative elements
d contains negative elements
d contains negative elements
d contains negative elements
d contains negative elements
d contains negative elements
d contains negative elements
d contains negative elements
d contains negative elements
d contains negative elements
d contains negative elements
d contains negative elements
d contains negative elements
d contains negative elements
d contains negative elements
d contains negative elements
d contains negative elements
d contains negative elements
d contains negative elements
d contains negative elements
d contains negative elements
d contains negative elements
d contains negative elements
d contains negative elements
d contains negative elements
d contains negative elements
d contains negative elements
d contains negative elements
d contains negative elements
d contains negative elements
d contains negative elements
d contains negative elements
d contains negative elements
d contains negative elements
d contains negative elements
d contains negative elements
d contains negative elements
d contains negative elements
d contains negative elements
d contains negative elements
d contains negative elements
d contains negative elements
d contains negative elements
d contains negative elements
d contains negative elements
d contains negative elements
d contains negative elements
d contains negative elements
d contains negative elements
d contains negative elements
d contains negative elements
d contains negative elements
d contains negative elements
d contains negative elements
d contains negative elements
d contains negative elements
d contains negative elements
d contains negative elements
d contains negative elements
d contains negative elements
d contains negative elements
d contains negative elements
d contains negative elements
d contains negative elements
d contains negative elements
d contains negative elements
d contains negative elements
d contains negative elements
d contains negative elements
d contains negative elements
d contains negative elements
d contains negative elements
d contains negative elements
d contains negative elements
d contains negative elements
d contains negative elements
d contains negative elements
d contains negative elements
d contains negative elements
d contains negative elements
d contains negative elements
d contains negative elements
d contains negative elements
d contains negative elements
d contains negative elements
d contains negative elements
d contains negative elements
d contains negative elements
d contains negative elements
d contains negative elements
d contains negative elements
d contains negative elements
d contains negative elements
d contains negative elements
d contains negative elements
d contains negative elements
d contains negative elements
d contains negative elements
d contains negative elements
d contains negative elements
d contains negative elements
d contains negative elements
d contains negative elements
d contains negative elements
d contains negative elements
d contains negative elements
d contains negative elements
d contains negative elements
d contains negative elements
d contains negative elements
d contains negative elements
d contains negative elements
d contains negative elements
d contains negative elements
d contains negative elements
d contains negative elements
d contains negative elements
d contains negative elements
d contains negative elements
d contains negative elements
d contains negative elements
d contains negative elements
d contains negative elements
d contains negative elements
d contains negative elements
d contains negative elements
d contains negative elements
d contains negative elements
d contains negative elements
d contains negative elements
d contains negative elements
d contains negative elements
d contains negative elements
d contains negative elements
d contains negative elements
d contains negative elements
d contains negative elements
d contains negative elements
d contains negative elements
d contains negative elements
d contains negative elements
d contains negative elements
d contains negative elements
d contains negative elements
d contains negative elements
d contains negative elements
d contains negative elements
d contains negative elements
d contains negative elements
d contains negative elements
d contains negative elements
d contains negative elements
d contains negative elements
d contains negative elements
d contains negative elements
d contains negative elements
d contains negative elements
d contains negative elements
d contains negative elements
d contains negative elements
d contains negative elements
d contains negative elements
d contains negative elements
d contains negative elements
d contains negative elements
d contains negative elements
d contains negative elements
d contains negative elements
d contains negative elements
d contains negative elements
d contains negative elements
d contains negative elements
d contains negative elements
d contains negative elements
d contains negative elements
d contains negative elements
d contains negative elements
d contains negative elements
d contains negative elements
d contains negative elements
d contains negative elements
d contains negative elements
d contains negative elements
d contains negative elements
d contains negative elements
d contains negative elements
d contains negative elements
d contains negative elements
d contains negative elements
d contains negative elements
d contains negative elements
d contains negative elements
d contains negative elements
d contains negative elements
d contains negative elements
d contains negative elements
d contains negative elements
d contains negative elements
d contains negative elements
d contains negative elements
d contains negative elements
d contains negative elements
d contains negative elements
d contains negative elements
d contains negative elements
d contains negative elements
d contains negative elements
d contains negative elements
d contains negative elements
d contains negative elements
d contains negative elements
d contains negative elements
d contains negative elements
d contains negative elements
d contains negative elements
d contains negative elements
d contains negative elements
d contains negative elements
d contains negative elements
d contains negative elements
d contains negative elements
d contains negative elements
d contains negative elements
d contains negative elements
d contains negative elements
d contains negative elements
d contains negative elements
d contains negative elements
d contains negative elements
d contains negative elements
d contains negative elements
d contains negative elements
d contains negative elements
d contains negative elements
d contains negative elements
d contains negative elements
d contains negative elements
d contains negative elements
d contains negative elements
d contains negative elements
d contains negative elements
d contains negative elements
d contains negative elements
d contains negative elements
d contains negative elements
d contains negative elements
d contains negative elements
d contains negative elements
d contains negative elements
d contains negative elements
d contains negative elements
d contains negative elements
d contains negative elements
d contains negative elements
d contains negative elements
d contains negative elements
d contains negative elements
d contains negative elements
d contains negative elements
d contains negative elements
d contains negative elements
d contains negative elements
d contains negative elements
d contains negative elements
d contains negative elements
d contains negative elements
d contains negative elements
d contains negative elements
d contains negative elements
d contains negative elements
d contains negative elements
d contains negative elements
d contains negative elements
d contains negative elements
d contains negative elements
d contains negative elements
d contains negative elements
d contains negative elements
d contains negative elements
d contains negative elements
d contains negative elements
d contains negative elements
d contains negative elements
d contains negative elements
d contains negative elements
d contains negative elements
d contains negative elements
d contains negative elements
d contains negative elements
d contains negative elements
d contains negative elements
d contains negative elements
d contains negative elements
d contains negative elements
d contains negative elements
d contains negative elements
d contains negative elements
d contains negative elements
d contains negative elements
d contains negative elements
d contains negative elements
d contains negative elements
d contains negative elements
d contains negative elements
d contains negative elements
d contains negative elements
d contains negative elements
d contains negative elements
d contains negative elements
d contains negative elements
d contains negative elements
d contains negative elements
d contains negative elements
d contains negative elements
d contains negative elements
d contains negative elements
d contains negative elements
d contains negative elements
d contains negative elements
d contains negative elements
d contains negative elements
d contains negative elements
d contains negative elements
d contains negative elements
d contains negative elements
d contains negative elements
d contains negative elements
d contains negative elements
d contains negative elements
d contains negative elements
d contains negative elements
d contains negative elements
d contains negative elements
d contains negative elements
d contains negative elements
d contains negative elements
d contains negative elements
d contains negative elements
d contains negative elements
d contains negative elements
d contains negative elements
d contains negative elements
d contains negative elements
d contains negative elements
d contains negative elements
d contains negative elements
d contains negative elements
d contains negative elements
d contains negative elements
d contains negative elements
d contains negative elements
d contains negative elements
d contains negative elements
d contains negative elements
d contains negative elements
d contains negative elements
d contains negative elements
d contains negative elements
d contains negative elements
d contains negative elements
d contains negative elements
d contains negative elements
d contains negative elements
d contains negative elements
d contains negative elements
d contains negative elements
d contains negative elements
d contains negative elements
d contains negative elements
d contains negative elements
d contains negative elements
d contains negative elements
d contains negative elements
d contains negative elements
d contains negative elements
d contains negative elements
d contains negative elements
d contains negative elements
d contains negative elements
d contains negative elements
d contains negative elements
d contains negative elements
d contains negative elements
d contains negative elements
d contains negative elements
d contains negative elements
d contains negative elements
d contains negative elements
d contains negative elements
d contains negative elements
d contains negative elements
d contains negative elements
d contains negative elements
d contains negative elements
d contains negative elements
d contains negative elements
d contains negative elements
d contains negative elements
d contains negative elements
d contains negative elements
d contains negative elements
d contains negative elements
d contains negative elements
d contains negative elements
d contains negative elements
d contains negative elements
d contains negative elements
d contains negative elements
d contains negative elements
d contains negative elements
d contains negative elements
d contains negative elements
d contains negative elements
d contains negative elements
d contains negative elements
d contains negative elements
d contains negative elements
d contains negative elements
d contains negative elements
d contains negative elements
d contains negative elements
d contains negative elements
d contains negative elements
d contains negative elements
d contains negative elements
d contains negative elements
d contains negative elements
d contains negative elements
d contains negative elements
d contains negative elements
d contains negative elements
d contains negative elements
d contains negative elements
d contains negative elements
d contains negative elements
d contains negative elements
d contains negative elements
d contains negative elements
d contains negative elements
d contains negative elements
d contains negative elements
d contains negative elements
d contains negative elements
d contains negative elements
d contains negative elements
d contains negative elements
d contains negative elements
d contains negative elements
d contains negative elements
d contains negative elements
d contains negative elements
d contains negative elements
d contains negative elements
d contains negative elements
d contains negative elements
d contains negative elements
d contains negative elements
d contains negative elements
d contains negative elements
d contains negative elements
d contains negative elements
d contains negative elements
d contains negative elements
d contains negative elements
d contains negative elements
d contains negative elements
d contains negative elements
d contains negative elements
d contains negative elements
d contains negative elements
d contains negative elements
d contains negative elements
d contains negative elements
d contains negative elements
d contains negative elements
d contains negative elements
d contains negative elements
d contains negative elements
d contains negative elements
d contains negative elements
d contains negative elements
d contains negative elements
d contains negative elements
d contains negative elements
d contains negative elements
d contains negative elements
d contains negative elements
d contains negative elements
d contains negative elements
d contains negative elements
d contains negative elements
d contains negative elements
d contains negative elements
d contains negative elements
d contains negative elements
d contains negative elements
d contains negative elements
d contains negative elements
d contains negative elements
d contains negative elements
d contains negative elements
d contains negative elements
d contains negative elements
d contains negative elements
d contains negative elements
d contains negative elements
d contains negative elements
d contains negative elements
d contains negative elements
d contains negative elements
d contains negative elements
d contains negative elements
d contains negative elements
d contains negative elements
d contains negative elements
d contains negative elements
d contains negative elements
d contains negative elements
d contains negative elements
d contains negative elements
d contains negative elements
d contains negative elements
d contains negative elements
d contains negative elements
d contains negative elements
d contains negative elements
d contains negative elements
d contains negative elements
d contains negative elements
d contains negative elements
d contains negative elements
d contains negative elements
d contains negative elements
d contains negative elements
d contains negative elements
d contains negative elements
d contains negative elements
d contains negative elements
d contains negative elements
d contains negative elements
d contains negative elements
d contains negative elements
d contains negative elements
d contains negative elements
d contains negative elements
d contains negative elements
d contains negative elements
d contains negative elements
d contains negative elements
d contains negative elements
d contains negative elements
d contains negative elements
d contains negative elements
d contains negative elements
d contains negative elements
d contains negative elements
d contains negative elements
d contains negative elements
d contains negative elements
d contains negative elements
d contains negative elements
d contains negative elements
d contains negative elements
d contains negative elements
d contains negative elements
d contains negative elements
d contains negative elements
d contains negative elements
d contains negative elements
d contains negative elements
d contains negative elements
d contains negative elements
d contains negative elements
d contains negative elements
d contains negative elements
d contains negative elements
d contains negative elements
d contains negative elements
d contains negative elements
d contains negative elements
d contains negative elements
d contains negative elements
d contains negative elements
d contains negative elements
d contains negative elements
d contains negative elements
d contains negative elements
d contains negative elements
d contains negative elements
d contains negative elements
d contains negative elements
d contains negative elements
d contains negative elements
d contains negative elements
d contains negative elements
d contains negative elements
d contains negative elements
d contains negative elements
d contains negative elements
d contains negative elements
d contains negative elements
d contains negative elements
d contains negative elements
d contains negative elements
d contains negative elements
d contains negative elements
d contains negative elements
d contains negative elements
d contains negative elements
d contains negative elements
d contains negative elements
d contains negative elements
d contains negative elements
d contains negative elements
d contains negative elements
d contains negative elements
d contains negative elements
d contains negative elements
d contains negative elements
d contains negative elements
d contains negative elements
d contains negative elements
d contains negative elements
d contains negative elements
d contains negative elements
d contains negative elements
d contains negative elements
d contains negative elements
d contains negative elements
d contains negative elements
d contains negative elements
d contains negative elements
d contains negative elements
d contains negative elements
d contains negative elements
d contains negative elements
d contains negative elements
d contains negative elements
d contains negative elements
d contains negative elements
d contains negative elements
d contains negative elements
d contains negative elements
d contains negative elements
d contains negative elements
d contains negative elements
d contains negative elements
d contains negative elements
d contains negative elements
d contains negative elements
d contains negative elements
d contains negative elements
d contains negative elements
d contains negative elements
d contains negative elements
d contains negative elements
d contains negative elements
d contains negative elements
d contains negative elements
d contains negative elements
d contains negative elements
d contains negative elements
d contains negative elements
d contains negative elements
d contains negative elements
d contains negative elements
d contains negative elements
d contains negative elements
d contains negative elements
d contains negative elements
d contains negative elements
d contains negative elements
d contains negative elements
d contains negative elements
d contains negative elements
d contains negative elements
d contains negative elements
d contains negative elements
d contains negative elements
d contains negative elements
d contains negative elements
d contains negative elements
d contains negative elements
d contains negative elements
d contains negative elements
d contains negative elements
d contains negative elements
d contains negative elements
d contains negative elements
d contains negative elements
d contains negative elements
d contains negative elements
d contains negative elements
d contains negative elements
d contains negative elements
d contains negative elements
d contains negative elements
d contains negative elements
d contains negative elements
d contains negative elements
d contains negative elements
d contains negative elements
d contains negative elements
d contains negative elements
d contains negative elements
d contains negative elements
d contains negative elements
d contains negative elements
d contains negative elements
d contains negative elements
d contains negative elements
d contains negative elements
d contains negative elements
d contains negative elements
d contains negative elements
d contains negative elements
d contains negative elements
d contains negative elements
d contains negative elements
d contains negative elements
d contains negative elements
d contains negative elements
d contains negative elements
d contains negative elements
d contains negative elements
d contains negative elements
d contains negative elements
d contains negative elements
d contains negative elements
d contains negative elements
d contains negative elements
d contains negative elements
d contains negative elements
d contains negative elements
d contains negative elements
d contains negative elements
d contains negative elements
d contains negative elements
d contains negative elements
d contains negative elements
d contains negative elements
d contains negative elements
d contains negative elements
d contains negative elements
d contains negative elements
d contains negative elements
d contains negative elements
d contains negative elements
d contains negative elements
d contains negative elements
d contains negative elements
d contains negative elements
d contains negative elements
d contains negative elements
d contains negative elements
d contains negative elements
d contains negative elements
d contains negative elements
d contains negative elements
d contains negative elements
d contains negative elements
d contains negative elements
d contains negative elements
d contains negative elements
d contains negative elements
d contains negative elements
d contains negative elements
d contains negative elements
d contains negative elements
d contains negative elements
d contains negative elements
d contains negative elements
d contains negative elements
d contains negative elements
d contains negative elements
d contains negative elements
d contains negative elements
d contains negative elements
d contains negative elements
d contains negative elements
d contains negative elements
d contains negative elements
d contains negative elements
d contains negative elements
d contains negative elements
d contains negative elements
d contains negative elements
d contains negative elements
d contains negative elements
d contains negative elements
d contains negative elements
d contains negative elements
d contains negative elements
d contains negative elements
d contains negative elements
d contains negative elements
d contains negative elements
d contains negative elements
d contains negative elements
d contains negative elements
d contains negative elements
d contains negative elements
d contains negative elements
d contains negative elements
d contains negative elements
d contains negative elements
d contains negative elements
d contains negative elements
d contains negative elements
d contains negative elements
d contains negative elements
d contains negative elements
d contains negative elements
d contains negative elements
d contains negative elements
d contains negative elements
d contains negative elements
d contains negative elements
d contains negative elements
d contains negative elements
d contains negative elements
d contains negative elements
d contains negative elements
d contains negative elements
d contains negative elements
d contains negative elements
d contains negative elements
d contains negative elements
d contains negative elements
d contains negative elements
d contains negative elements
d contains negative elements
d contains negative elements
d contains negative elements
d contains negative elements
d contains negative elements
d contains negative elements
d contains negative elements
d contains negative elements
d contains negative elements
d contains negative elements
d contains negative elements
d contains negative elements
d contains negative elements
d contains negative elements
d contains negative elements
d contains negative elements
d contains negative elements
d contains negative elements
d contains negative elements
d contains negative elements
d contains negative elements
d contains negative elements
d contains negative elements
d contains negative elements
d contains negative elements
d contains negative elements
d contains negative elements
d contains negative elements
d contains negative elements
d contains negative elements
d contains negative elements
d contains negative elements
d contains negative elements
d contains negative elements
d contains negative elements
d contains negative elements
d contains negative elements
d contains negative elements
d contains negative elements
d contains negative elements
d contains negative elements
d contains negative elements
d contains negative elements
d contains negative elements
d contains negative elements
d contains negative elements
d contains negative elements
d contains negative elements
d contains negative elements
d contains negative elements
d contains negative elements
d contains negative elements
d contains negative elements
d contains negative elements
d contains negative elements
d contains negative elements
d contains negative elements
d contains negative elements
d contains negative elements
d contains negative elements
d contains negative elements
d contains negative elements
d contains negative elements
d contains negative elements
d contains negative elements
d contains negative elements
d contains negative elements
d contains negative elements
d contains negative elements
d contains negative elements
d contains negative elements
d contains negative elements
d contains negative elements
d contains negative elements
d contains negative elements
d contains negative elements
d contains negative elements
d contains negative elements
d contains negative elements
d contains negative elements
d contains negative elements
d contains negative elements
d contains negative elements
d contains negative elements
d contains negative elements
d contains negative elements
d contains negative elements
d contains negative elements
d contains negative elements
d contains negative elements
d contains negative elements
d contains negative elements
d contains negative elements
d contains negative elements
d contains negative elements
d contains negative elements
d contains negative elements
d contains negative elements
d contains negative elements
d contains negative elements
d contains negative elements
d contains negative elements
d contains negative elements
d contains negative elements
d contains negative elements
d contains negative elements
d contains negative elements
d contains negative elements
d contains negative elements
d contains negative elements
d contains negative elements
d contains negative elements
d contains negative elements
d contains negative elements
d contains negative elements
d contains negative elements
d contains negative elements
d contains negative elements
d contains negative elements
d contains negative elements
d contains negative elements
d contains negative elements
d contains negative elements
d contains negative elements
d contains negative elements
d contains negative elements
d contains negative elements
d contains negative elements
d contains negative elements
d contains negative elements
d contains negative elements
d contains negative elements
d contains negative elements
d contains negative elements
d contains negative elements
d contains negative elements
d contains negative elements
d contains negative elements
d contains negative elements
d contains negative elements
d contains negative elements
d contains negative elements
d contains negative elements
d contains negative elements
d contains negative elements
d contains negative elements
d contains negative elements
d contains negative elements
d contains negative elements
d contains negative elements
d contains negative elements
d contains negative elements
d contains negative elements
d contains negative elements
d contains negative elements
d contains negative elements
d contains negative elements
d contains negative elements
d contains negative elements
d contains negative elements
d contains negative elements
d contains negative elements
d contains negative elements
d contains negative elements
d contains negative elements
d contains negative elements
d contains negative elements
d contains negative elements
d contains negative elements
d contains negative elements
d contains negative elements
d contains negative elements
d contains negative elements
d contains negative elements
d contains negative elements
d contains negative elements
d contains negative elements
d contains negative elements
d contains negative elements
d contains negative elements
d contains negative elements
d contains negative elements
d contains negative elements
d contains negative elements
d contains negative elements
d contains negative elements
d contains negative elements
d contains negative elements
d contains negative elements
d contains negative elements
d contains negative elements
d contains negative elements
d contains negative elements
d contains negative elements
d contains negative elements
d contains negative elements
d contains negative elements
d contains negative elements
d contains negative elements
d contains negative elements
d contains negative elements
d contains negative elements
d contains negative elements
d contains negative elements
d contains negative elements
d contains negative elements
d contains negative elements
d contains negative elements
d contains negative elements
d contains negative elements
d contains negative elements
d contains negative elements
d contains negative elements
d contains negative elements
d contains negative elements
d contains negative elements
d contains negative elements
d contains negative elements
d contains negative elements
d contains negative elements
d contains negative elements
d contains negative elements
d contains negative elements
d contains negative elements
d contains negative elements
d contains negative elements
d contains negative elements
d contains negative elements
d contains negative elements
d contains negative elements
d contains negative elements
d contains negative elements
d contains negative elements
d contains negative elements
d contains negative elements
d contains negative elements
d contains negative elements
d contains negative elements
d contains negative elements
d contains negative elements
d contains negative elements
d contains negative elements
d contains negative elements
d contains negative elements
d contains negative elements
d contains negative elements
d contains negative elements
d contains negative elements
d contains negative elements
d contains negative elements
d contains negative elements
d contains negative elements
d contains negative elements
d contains negative elements
d contains negative elements
d contains negative elements
d contains negative elements
d contains negative elements
d contains negative elements
d contains negative elements
d contains negative elements
d contains negative elements
d contains negative elements
d contains negative elements
d contains negative elements
d contains negative elements
d contains negative elements
d contains negative elements
d contains negative elements
d contains negative elements
d contains negative elements
d contains negative elements
d contains negative elements
d contains negative elements
d contains negative elements
d contains negative elements
d contains negative elements
d contains negative elements
d contains negative elements
d contains negative elements
d contains negative elements
d contains negative elements
d contains negative elements
d contains negative elements
d contains negative elements
d contains negative elements
d contains negative elements
d contains negative elements
d contains negative elements
d contains negative elements
d contains negative elements
d contains negative elements
d contains negative elements
d contains negative elements
d contains negative elements
d contains negative elements
d contains negative elements
d contains negative elements
d contains negative elements
d contains negative elements
d contains negative elements
d contains negative elements
d contains negative elements
d contains negative elements
d contains negative elements
d contains negative elements
d contains negative elements
d contains negative elements
d contains negative elements
d contains negative elements
d contains negative elements
d contains negative elements
d contains negative elements
d contains negative elements
d contains negative elements
d contains negative elements
d contains negative elements
d contains negative elements
d contains negative elements
d contains negative elements
d contains negative elements
d contains negative elements
d contains negative elements
d contains negative elements
d contains negative elements
d contains negative elements
d contains negative elements
d contains negative elements
d contains negative elements
d contains negative elements
d contains negative elements
d contains negative elements
d contains negative elements
d contains negative elements
d contains negative elements
d contains negative elements
d contains negative elements
d contains negative elements
d contains negative elements
d contains negative elements
d contains negative elements
d contains negative elements
d contains negative elements
d contains negative elements
d contains negative elements
d contains negative elements
d contains negative elements
d contains negative elements
d contains negative elements
d contains negative elements
d contains negative elements
d contains negative elements
d contains negative elements
d contains negative elements
d contains negative elements
d contains negative elements
d contains negative elements
d contains negative elements
d contains negative elements
d contains negative elements
d contains negative elements
d contains negative elements
d contains negative elements
d contains negative elements
d contains negative elements
d contains negative elements
d contains negative elements
d contains negative elements
d contains negative elements
d contains negative elements
d contains negative elements
d contains negative elements
d contains negative elements
d contains negative elements
d contains negative elements
d contains negative elements
d contains negative elements
d contains negative elements
d contains negative elements
d contains negative elements
d contains negative elements
d contains negative elements
d contains negative elements
d contains negative elements
d contains negative elements
d contains negative elements
d contains negative elements
d contains negative elements
d contains negative elements
d contains negative elements
d contains negative elements
d contains negative elements
d contains negative elements
d contains negative elements
d contains negative elements
d contains negative elements
d contains negative elements
d contains negative elements
d contains negative elements
d contains negative elements
d contains negative elements
d contains negative elements
d contains negative elements
d contains negative elements
d contains negative elements
d contains negative elements
d contains negative elements
d contains negative elements
d contains negative elements
d contains negative elements
d contains negative elements
d contains negative elements
d contains negative elements
d contains negative elements
d contains negative elements
d contains negative elements
d contains negative elements
d contains negative elements
d contains negative elements
d contains negative elements
d contains negative elements
d contains negative elements
d contains negative elements
d contains negative elements
d contains negative elements
d contains negative elements
d contains negative elements
d contains negative elements
d contains negative elements
d contains negative elements
d contains negative elements
d contains negative elements
d contains negative elements
d contains negative elements
d contains negative elements
d contains negative elements
d contains negative elements
d contains negative elements
d contains negative elements
d contains negative elements
d contains negative elements
d contains negative elements
d contains negative elements
d contains negative elements
d contains negative elements
d contains negative elements
d contains negative elements
d contains negative elements
d contains negative elements
d contains negative elements
d contains negative elements
d contains negative elements
d contains negative elements
d contains negative elements
d contains negative elements
d contains negative elements
d contains negative elements
d contains negative elements
d contains negative elements
d contains negative elements
d contains negative elements
d contains negative elements
d contains negative elements
d contains negative elements
d contains negative elements
d contains negative elements
d contains negative elements
d contains negative elements
d contains negative elements
d contains negative elements
d contains negative elements
d contains negative elements
d contains negative elements
d contains negative elements
d contains negative elements
d contains negative elements
d contains negative elements
d contains negative elements
d contains negative elements
d contains negative elements
d contains negative elements
d contains negative elements
d contains negative elements
d contains negative elements
d contains negative elements
d contains negative elements
d contains negative elements
d contains negative elements
d contains negative elements
d contains negative elements
d contains negative elements
d contains negative elements
d contains negative elements
d contains negative elements
d contains negative elements
d contains negative elements
d contains negative elements
d contains negative elements
d contains negative elements
d contains negative elements
d contains negative elements
d contains negative elements
d contains negative elements
d contains negative elements
d contains negative elements
d contains negative elements
d contains negative elements
d contains negative elements
d contains negative elements
d contains negative elements
d contains negative elements
d contains negative elements
d contains negative elements
d contains negative elements
d contains negative elements
d contains negative elements
d contains negative elements
d contains negative elements
d contains negative elements
d contains negative elements
d contains negative elements
d contains negative elements
d contains negative elements
d contains negative elements
d contains negative elements
d contains negative elements
d contains negative elements
d contains negative elements
d contains negative elements
d contains negative elements
d contains negative elements
d contains negative elements
d contains negative elements
d contains negative elements
d contains negative elements
d contains negative elements
d contains negative elements
d contains negative elements
d contains negative elements
d contains negative elements
d contains negative elements
d contains negative elements
d contains negative elements
d contains negative elements
d contains negative elements
d contains negative elements
d contains negative elements
d contains negative elements
d contains negative elements
d contains negative elements
d contains negative elements
d contains negative elements
d contains negative elements
d contains negative elements
d contains negative elements
d contains negative elements
d contains negative elements
d contains negative elements
d contains negative elements
d contains negative elements
d contains negative elements
d contains negative elements
d contains negative elements
d contains negative elements
d contains negative elements
d contains negative elements
d contains negative elements
d contains negative elements
d contains negative elements
d contains negative elements
d contains negative elements
d contains negative elements
d contains negative elements
d contains negative elements
d contains negative elements
d contains negative elements
d contains negative elements
d contains negative elements
d contains negative elements
d contains negative elements
d contains negative elements
d contains negative elements
d contains negative elements
d contains negative elements
d contains negative elements
d contains negative elements
d contains negative elements
d contains negative elements
d contains negative elements
d contains negative elements
d contains negative elements
d contains negative elements
d contains negative elements
d contains negative elements
d contains negative elements
d contains negative elements
d contains negative elements
d contains negative elements
d contains negative elements
d contains negative elements
d contains negative elements
d contains negative elements
d contains negative elements
d contains negative elements
d contains negative elements
d contains negative elements
d contains negative elements
d contains negative elements
d contains negative elements
d contains negative elements
d contains negative elements
d contains negative elements
d contains negative elements
d contains negative elements
d contains negative elements
d contains negative elements
d contains negative elements
d contains negative elements
d contains negative elements
d contains negative elements
d contains negative elements
d contains negative elements
d contains negative elements
d contains negative elements
d contains negative elements
d contains negative elements
d contains negative elements
d contains negative elements
d contains negative elements
d contains negative elements
d contains negative elements
d contains negative elements
d contains negative elements
d contains negative elements
d contains negative elements
d contains negative elements
d contains negative elements
d contains negative elements
d contains negative elements
d contains negative elements
d contains negative elements
d contains negative elements
d contains negative elements
d contains negative elements
d contains negative elements
d contains negative elements
d contains negative elements
d contains negative elements
d contains negative elements
d contains negative elements
d contains negative elements
d contains negative elements
d contains negative elements
d contains negative elements
d contains negative elements
d contains negative elements
d contains negative elements
d contains negative elements
d contains negative elements
d contains negative elements
d contains negative elements
d contains negative elements
d contains negative elements
d contains negative elements
d contains negative elements
d contains negative elements
d contains negative elements
d contains negative elements
d contains negative elements
d contains negative elements
d contains negative elements
d contains negative elements
d contains negative elements
d contains negative elements
d contains negative elements
d contains negative elements
d contains negative elements
d contains negative elements
d contains negative elements
d contains negative elements
d contains negative elements
d contains negative elements
d contains negative elements
d contains negative elements
d contains negative elements
d contains negative elements
d contains negative elements
d contains negative elements
d contains negative elements
d contains negative elements
d contains negative elements
d contains negative elements
d contains negative elements
d contains negative elements
d contains negative elements
d contains negative elements
d contains negative elements
d contains negative elements
d contains negative elements
d contains negative elements
d contains negative elements
d contains negative elements
d contains negative elements
d contains negative elements
d contains negative elements
d contains negative elements
d contains negative elements
d contains negative elements
d contains negative elements
d contains negative elements
d contains negative elements
d contains negative elements
d contains negative elements
d contains negative elements
d contains negative elements
d contains negative elements
d contains negative elements
d contains negative elements
d contains negative elements
d contains negative elements
d contains negative elements
d contains negative elements
d contains negative elements
d contains negative elements
d contains negative elements
d contains negative elements
d contains negative elements
d contains negative elements
d contains negative elements
d contains negative elements
d contains negative elements
d contains negative elements
d contains negative elements
d contains negative elements
d contains negative elements
d contains negative elements
d contains negative elements
d contains negative elements
d contains negative elements
d contains negative elements
d contains negative elements
d contains negative elements
d contains negative elements
d contains negative elements
d contains negative elements
d contains negative elements
d contains negative elements
d contains negative elements
d contains negative elements
d contains negative elements
d contains negative elements
d contains negative elements
d contains negative elements
d contains negative elements
d contains negative elements
d contains negative elements
d contains negative elements
d contains negative elements
d contains negative elements
d contains negative elements
d contains negative elements
d contains negative elements
d contains negative elements
d contains negative elements
d contains negative elements
d contains negative elements
d contains negative elements
d contains negative elements
d contains negative elements
d contains negative elements
d contains negative elements
d contains negative elements
d contains negative elements
d contains negative elements
d contains negative elements
d contains negative elements
d contains negative elements
d contains negative elements
d contains negative elements
d contains negative elements
d contains negative elements
d contains negative elements
d contains negative elements
d contains negative elements
d contains negative elements
d contains negative elements
d contains negative elements
d contains negative elements
d contains negative elements
d contains negative elements
d contains negative elements
d contains negative elements
d contains negative elements
d contains negative elements
d contains negative elements
d contains negative elements
d contains negative elements
d contains negative elements
d contains negative elements
d contains negative elements
d contains negative elements
d contains negative elements
d contains negative elements
d contains negative elements
d contains negative elements
d contains negative elements
d contains negative elements
d contains negative elements
d contains negative elements
d contains negative elements
d contains negative elements
d contains negative elements
d contains negative elements
d contains negative elements
d contains negative elements
d contains negative elements
d contains negative elements
d contains negative elements
d contains negative elements
d contains negative elements
d contains negative elements
d contains negative elements
d contains negative elements
d contains negative elements
d contains negative elements
d contains negative elements
d contains negative elements
d contains negative elements
d contains negative elements
d contains negative elements
d contains negative elements
d contains negative elements
d contains negative elements
d contains negative elements
d contains negative elements
d contains negative elements
d contains negative elements
d contains negative elements
d contains negative elements
d contains negative elements
d contains negative elements
d contains negative elements
d contains negative elements
d contains negative elements
d contains negative elements
d contains negative elements
d contains negative elements
d contains negative elements
d contains negative elements
d contains negative elements
d contains negative elements
d contains negative elements
d contains negative elements
d contains negative elements
d contains negative elements
d contains negative elements
d contains negative elements
d contains negative elements
d contains negative elements
d contains negative elements
d contains negative elements
d contains negative elements
d contains negative elements
d contains negative elements
d contains negative elements
d contains negative elements
d contains negative elements
d contains negative elements
d contains negative elements
d contains negative elements
d contains negative elements
d contains negative elements
d contains negative elements
d contains negative elements
d contains negative elements
d contains negative elements
d contains negative elements
d contains negative elements
d contains negative elements
d contains negative elements
d contains negative elements
d contains negative elements
d contains negative elements
d contains negative elements
d contains negative elements
d contains negative elements
d contains negative elements
d contains negative elements
d contains negative elements
d contains negative elements
d contains negative elements
d contains negative elements
d contains negative elements
d contains negative elements
d contains negative elements
d contains negative elements
d contains negative elements
d contains negative elements
d contains negative elements
d contains negative elements
d contains negative elements
d contains negative elements
d contains negative elements
d contains negative elements
d contains negative elements
d contains negative elements
d contains negative elements
d contains negative elements
d contains negative elements
d contains negative elements
d contains negative elements
d contains negative elements
d contains negative elements
d contains negative elements
d contains negative elements
d contains negative elements
d contains negative elements
d contains negative elements
d contains negative elements
d contains negative elements
d contains negative elements
d contains negative elements
d contains negative elements
d contains negative elements
d contains negative elements
d contains negative elements
d contains negative elements
d contains negative elements
d contains negative elements
d contains negative elements
d contains negative elements
d contains negative elements
d contains negative elements
d contains negative elements
d contains negative elements
d contains negative elements
d contains negative elements
d contains negative elements
d contains negative elements
d contains negative elements
d contains negative elements
d contains negative elements
d contains negative elements
d contains negative elements
d contains negative elements
d contains negative elements
d contains negative elements
d contains negative elements
d contains negative elements
d contains negative elements
d contains negative elements
d contains negative elements
d contains negative elements
d contains negative elements
d contains negative elements
d contains negative elements
d contains negative elements
d contains negative elements
d contains negative elements
d contains negative elements
d contains negative elements
d contains negative elements
d contains negative elements
d contains negative elements
d contains negative elements
d contains negative elements
d contains negative elements
d contains negative elements
d contains negative elements
d contains negative elements
d contains negative elements
d contains negative elements
d contains negative elements
d contains negative elements
d contains negative elements
d contains negative elements
d contains negative elements
d contains negative elements
d contains negative elements
d contains negative elements
d contains negative elements
d contains negative elements
d contains negative elements
d contains negative elements
d contains negative elements
d contains negative elements
d contains negative elements
d contains negative elements
d contains negative elements
d contains negative elements
d contains negative elements
d contains negative elements
d contains negative elements
d contains negative elements
d contains negative elements
d contains negative elements
d contains negative elements
d contains negative elements
d contains negative elements
d contains negative elements
d contains negative elements
d contains negative elements
d contains negative elements
d contains negative elements
d contains negative elements
d contains negative elements
d contains negative elements
d contains negative elements
d contains negative elements
d contains negative elements
d contains negative elements
d contains negative elements
d contains negative elements
d contains negative elements
d contains negative elements
d contains negative elements
d contains negative elements
d contains negative elements
d contains negative elements
d contains negative elements
d contains negative elements
d contains negative elements
d contains negative elements
d contains negative elements
d contains negative elements
d contains negative elements
d contains negative elements
d contains negative elements
d contains negative elements
d contains negative elements
d contains negative elements
d contains negative elements
d contains negative elements
d contains negative elements
d contains negative elements
d contains negative elements
d contains negative elements
d contains negative elements
d contains negative elements
d contains negative elements
d contains negative elements
d contains negative elements
d contains negative elements
d contains negative elements
d contains negative elements
d contains negative elements
d contains negative elements
d contains negative elements
d contains negative elements
d contains negative elements
d contains negative elements
d contains negative elements
d contains negative elements
d contains negative elements
d contains negative elements
d contains negative elements
d contains negative elements
d contains negative elements
d contains negative elements
d contains negative elements
d contains negative elements
d contains negative elements
d contains negative elements
d contains negative elements
d contains negative elements
d contains negative elements
d contains negative elements
d contains negative elements
d contains negative elements
d contains negative elements
d contains negative elements
d contains negative elements
d contains negative elements
d contains negative elements
d contains negative elements
d contains negative elements
d contains negative elements
d contains negative elements
d contains negative elements
d contains negative elements
d contains negative elements
d contains negative elements
d contains negative elements
d contains negative elements
d contains negative elements
d contains negative elements
d contains negative elements
d contains negative elements
d contains negative elements
d contains negative elements
d contains negative elements
d contains negative elements
d contains negative elements
d contains negative elements
d contains negative elements
d contains negative elements
d contains negative elements
d contains negative elements
d contains negative elements
d contains negative elements
d contains negative elements
d contains negative elements
d contains negative elements
d contains negative elements
d contains negative elements
d contains negative elements
d contains negative elements
d contains negative elements
d contains negative elements
d contains negative elements
d contains negative elements
d contains negative elements
d contains negative elements
d contains negative elements
d contains negative elements
d contains negative elements
d contains negative elements
d contains negative elements
d contains negative elements
d contains negative elements
d contains negative elements
d contains negative elements
d contains negative elements
d contains negative elements
d contains negative elements
d contains negative elements
d contains negative elements
d contains negative elements
d contains negative elements
d contains negative elements
d contains negative elements
d contains negative elements
d contains negative elements
d contains negative elements
d contains negative elements
d contains negative elements
d contains negative elements
d contains negative elements
d contains negative elements
d contains negative elements
d contains negative elements
d contains negative elements
d contains negative elements
d contains negative elements
d contains negative elements
d contains negative elements
d contains negative elements
d contains negative elements
d contains negative elements
d contains negative elements
d contains negative elements
d contains negative elements
d contains negative elements
d contains negative elements
d contains negative elements
d contains negative elements
d contains negative elements
d contains negative elements
d contains negative elements
d contains negative elements
d contains negative elements
d contains negative elements
d contains negative elements
d contains negative elements
d contains negative elements
d contains negative elements
d contains negative elements
d contains negative elements
d contains negative elements
d contains negative elements
d contains negative elements
d contains negative elements
d contains negative elements
d contains negative elements
d contains negative elements
d contains negative elements
d contains negative elements
d contains negative elements
d contains negative elements
d contains negative elements
d contains negative elements
d contains negative elements
d contains negative elements
d contains negative elements
d contains negative elements
d contains negative elements
d contains negative elements
d contains negative elements
d contains negative elements
d contains negative elements
d contains negative elements
d contains negative elements
d contains negative elements
d contains negative elements
d contains negative elements
d contains negative elements
d contains negative elements
d contains negative elements
d contains negative elements
d contains negative elements
d contains negative elements
d contains negative elements
d contains negative elements
d contains negative elements
d contains negative elements
d contains negative elements
d contains negative elements
d contains negative elements
d contains negative elements
d contains negative elements
d contains negative elements
d contains negative elements
d contains negative elements
d contains negative elements
d contains negative elements
d contains negative elements
d contains negative elements
d contains negative elements
d contains negative elements
d contains negative elements
d contains negative elements
d contains negative elements
d contains negative elements
d contains negative elements
d contains negative elements
d contains negative elements
d contains negative elements
d contains negative elements
d contains negative elements
d contains negative elements
d contains negative elements
d contains negative elements
d contains negative elements
d contains negative elements
d contains negative elements
d contains negative elements
d contains negative elements
d contains negative elements
d contains negative elements
d contains negative elements
d contains negative elements
d contains negative elements
d contains negative elements
d contains negative elements
d contains negative elements
d contains negative elements
d contains negative elements
d contains negative elements
d contains negative elements
d contains negative elements
d contains negative elements
d contains negative elements
d contains negative elements
d contains negative elements
d contains negative elements
d contains negative elements
d contains negative elements
d contains negative elements
d contains negative elements
d contains negative elements
d contains negative elements
d contains negative elements
d contains negative elements
d contains negative elements
d contains negative elements
d contains negative elements
d contains negative elements
d contains negative elements
d contains negative elements
d contains negative elements
d contains negative elements
d contains negative elements
d contains negative elements
d contains negative elements
d contains negative elements
d contains negative elements
d contains negative elements
d contains negative elements
d contains negative elements
d contains negative elements
d contains negative elements
d contains negative elements
d contains negative elements
d contains negative elements
d contains negative elements
d contains negative elements
d contains negative elements
d contains negative elements
d contains negative elements
d contains negative elements
d contains negative elements
d contains negative elements
d contains negative elements
d contains negative elements
d contains negative elements
d contains negative elements
d contains negative elements
d contains negative elements
d contains negative elements
d contains negative elements
d contains negative elements
d contains negative elements
d contains negative elements
d contains negative elements
d contains negative elements
d contains negative elements
d contains negative elements
d contains negative elements
d contains negative elements
d contains negative elements
d contains negative elements
d contains negative elements
d contains negative elements
d contains negative elements
d contains negative elements
d contains negative elements
d contains negative elements
d contains negative elements
d contains negative elements
d contains negative elements
d contains negative elements
d contains negative elements
d contains negative elements
d contains negative elements
d contains negative elements
d contains negative elements
d contains negative elements
d contains negative elements
d contains negative elements
d contains negative elements
d contains negative elements
d contains negative elements
d contains negative elements
d contains negative elements
d contains negative elements
d contains negative elements
d contains negative elements
d contains negative elements
d contains negative elements
d contains negative elements
d contains negative elements
d contains negative elements
d contains negative elements
d contains negative elements
d contains negative elements
d contains negative elements
d contains negative elements
d contains negative elements
d contains negative elements
d contains negative elements
d contains negative elements
d contains negative elements
d contains negative elements
d contains negative elements
d contains negative elements
d contains negative elements
d contains negative elements
d contains negative elements
d contains negative elements
d contains negative elements
d contains negative elements
d contains negative elements
d contains negative elements
d contains negative elements
d contains negative elements
d contains negative elements
d contains negative elements
d contains negative elements
d contains negative elements
d contains negative elements
d contains negative elements
d contains negative elements
d contains negative elements
d contains negative elements
d contains negative elements
d contains negative elements
d contains negative elements
d contains negative elements
d contains negative elements
d contains negative elements
d contains negative elements
d contains negative elements
d contains negative elements
d contains negative elements
d contains negative elements
d contains negative elements
d contains negative elements
d contains negative elements
d contains negative elements
d contains negative elements
d contains negative elements
d contains negative elements
d contains negative elements
d contains negative elements
d contains negative elements
d contains negative elements
d contains negative elements
d contains negative elements
d contains negative elements
d contains negative elements
d contains negative elements
d contains negative elements
d contains negative elements
d contains negative elements
d contains negative elements
d contains negative elements
d contains negative elements
d contains negative elements
d contains negative elements
d contains negative elements
d contains negative elements
d contains negative elements
d contains negative elements
d contains negative elements
d contains negative elements
d contains negative elements
d contains negative elements
d contains negative elements
d contains negative elements
d contains negative elements
d contains negative elements
d contains negative elements
d contains negative elements
d contains negative elements
d contains negative elements
d contains negative elements
d contains negative elements
d contains negative elements
d contains negative elements
d contains negative elements
d contains negative elements
d contains negative elements
d contains negative elements
d contains negative elements
d contains negative elements
d contains negative elements
d contains negative elements
d contains negative elements
d contains negative elements
d contains negative elements
d contains negative elements
d contains negative elements
d contains negative elements
d contains negative elements
d contains negative elements
d contains negative elements
d contains negative elements
d contains negative elements
d contains negative elements
d contains negative elements
d contains negative elements
d contains negative elements
d contains negative elements
d contains negative elements
d contains negative elements
d contains negative elements
d contains negative elements
d contains negative elements
d contains negative elements
d contains negative elements
d contains negative elements
d contains negative elements
d contains negative elements
d contains negative elements
d contains negative elements
d contains negative elements
d contains negative elements
d contains negative elements
d contains negative elements
d contains negative elements
d contains negative elements
d contains negative elements
d contains negative elements
d contains negative elements
d contains negative elements
d contains negative elements
d contains negative elements
d contains negative elements
d contains negative elements
d contains negative elements
d contains negative elements
d contains negative elements
d contains negative elements
d contains negative elements
d contains negative elements
d contains negative elements
d contains negative elements
d contains negative elements
d contains negative elements
d contains negative elements
d contains negative elements
d contains negative elements
d contains negative elements
d contains negative elements
d contains negative elements
d contains negative elements
d contains negative elements
d contains negative elements
d contains negative elements
d contains negative elements
d contains negative elements
d contains negative elements
d contains negative elements
d contains negative elements
d contains negative elements
d contains negative elements
d contains negative elements
d contains negative elements
d contains negative elements
d contains negative elements
d contains negative elements
d contains negative elements
d contains negative elements
d contains negative elements
d contains negative elements
d contains negative elements
d contains negative elements
d contains negative elements
d contains negative elements
d contains negative elements
d contains negative elements
d contains negative elements
d contains negative elements
d contains negative elements
d contains negative elements
d contains negative elements
d contains negative elements
d contains negative elements
d contains negative elements
d contains negative elements
d contains negative elements
d contains negative elements
d contains negative elements
d contains negative elements
d contains negative elements
d contains negative elements
d contains negative elements
d contains negative elements
d contains negative elements
d contains negative elements
d contains negative elements
d contains negative elements
d contains negative elements
d contains negative elements
d contains negative elements
d contains negative elements
d contains negative elements
d contains negative elements
d contains negative elements
d contains negative elements
d contains negative elements
d contains negative elements
d contains negative elements
d contains negative elements
d contains negative elements
d contains negative elements
d contains negative elements
d contains negative elements
d contains negative elements
d contains negative elements
d contains negative elements
d contains negative elements
d contains negative elements
d contains negative elements
d contains negative elements
d contains negative elements
d contains negative elements
d contains negative elements
d contains negative elements
d contains negative elements
d contains negative elements
d contains negative elements
d contains negative elements
d contains negative elements
d contains negative elements
d contains negative elements
d contains negative elements
d contains negative elements
d contains negative elements
d contains negative elements
d contains negative elements
d contains negative elements
d contains negative elements
d contains negative elements
d contains negative elements
d contains negative elements
d contains negative elements
d contains negative elements
d contains negative elements
d contains negative elements
d contains negative elements
d contains negative elements
d contains negative elements
d contains negative elements
d contains negative elements
d contains negative elements
d contains negative elements
d contains negative elements
d contains negative elements
d contains negative elements
d contains negative elements
d contains negative elements
d contains negative elements
d contains negative elements
d contains negative elements
d contains negative elements
d contains negative elements
d contains negative elements
d contains negative elements
d contains negative elements
d contains negative elements
d contains negative elements
d contains negative elements
d contains negative elements
d contains negative elements
d contains negative elements
d contains negative elements
d contains negative elements
d contains negative elements
d contains negative elements
d contains negative elements
d contains negative elements
d contains negative elements
d contains negative elements
d contains negative elements
d contains negative elements
d contains negative elements
d contains negative elements
d contains negative elements
d contains negative elements
d contains negative elements
d contains negative elements
d contains negative elements
d contains negative elements
d contains negative elements
d contains negative elements
d contains negative elements
d contains negative elements
d contains negative elements
d contains negative elements
d contains negative elements
d contains negative elements
d contains negative elements
d contains negative elements
d contains negative elements
d contains negative elements
d contains negative elements
d contains negative elements
d contains negative elements
d contains negative elements
d contains negative elements
d contains negative elements
d contains negative elements
d contains negative elements
d contains negative elements
d contains negative elements
d contains negative elements
d contains negative elements
d contains negative elements
d contains negative elements
d contains negative elements
d contains negative elements
d contains negative elements
d contains negative elements
d contains negative elements
d contains negative elements
d contains negative elements
d contains negative elements
d contains negative elements
d contains negative elements
d contains negative elements
d contains negative elements
d contains negative elements
d contains negative elements
d contains negative elements
d contains negative elements
d contains negative elements
d contains negative elements
d contains negative elements
d contains negative elements
d contains negative elements
d contains negative elements
d contains negative elements
d contains negative elements
d contains negative elements
d contains negative elements
d contains negative elements
d contains negative elements
d contains negative elements
d contains negative elements
d contains negative elements
d contains negative elements
d contains negative elements
d contains negative elements
d contains negative elements
d contains negative elements
d contains negative elements
d contains negative elements
d contains negative elements
d contains negative elements
d contains negative elements
d contains negative elements
d contains negative elements
d contains negative elements
d contains negative elements
d contains negative elements
d contains negative elements
d contains negative elements
d contains negative elements
d contains negative elements
d contains negative elements
d contains negative elements
d contains negative elements
d contains negative elements
d contains negative elements
d contains negative elements
d contains negative elements
d contains negative elements
d contains negative elements
d contains negative elements
d contains negative elements
d contains negative elements
d contains negative elements
d contains negative elements
d contains negative elements
d contains negative elements
d contains negative elements
d contains negative elements
d contains negative elements
d contains negative elements
d contains negative elements
d contains negative elements
d contains negative elements
d contains negative elements
d contains negative elements
d contains negative elements
d contains negative elements
d contains negative elements
d contains negative elements
d contains negative elements
d contains negative elements
d contains negative elements
d contains negative elements
d contains negative elements
d contains negative elements
d contains negative elements
d contains negative elements
d contains negative elements
d contains negative elements
d contains negative elements
d contains negative elements
d contains negative elements
d contains negative elements
d contains negative elements
d contains negative elements
d contains negative elements
d contains negative elements
d contains negative elements
d contains negative elements
d contains negative elements
d contains negative elements
d contains negative elements
d contains negative elements
d contains negative elements
d contains negative elements
d contains negative elements
d contains negative elements
d contains negative elements
d contains negative elements
d contains negative elements
d contains negative elements
d contains negative elements
d contains negative elements
d contains negative elements
d contains negative elements
d contains negative elements
d contains negative elements
d contains negative elements
d contains negative elements
d contains negative elements
d contains negative elements
d contains negative elements
d contains negative elements
d contains negative elements
d contains negative elements
d contains negative elements
d contains negative elements
d contains negative elements
d contains negative elements
d contains negative elements
d contains negative elements
d contains negative elements
d contains negative elements
d contains negative elements
d contains negative elements
d contains negative elements
d contains negative elements
d contains negative elements
d contains negative elements
d contains negative elements
d contains negative elements
d contains negative elements
d contains negative elements
d contains negative elements
d contains negative elements
d contains negative elements
d contains negative elements
d contains negative elements
d contains negative elements
d contains negative elements
d contains negative elements
d contains negative elements
d contains negative elements
d contains negative elements
d contains negative elements
d contains negative elements
d contains negative elements
d contains negative elements
d contains negative elements
d contains negative elements
d contains negative elements
d contains negative elements
d contains negative elements
d contains negative elements
d contains negative elements
d contains negative elements
d contains negative elements
d contains negative elements
d contains negative elements
d contains negative elements
d contains negative elements
d contains negative elements
d contains negative elements
d contains negative elements
d contains negative elements
d contains negative elements
d contains negative elements
d contains negative elements
d contains negative elements
d contains negative elements
d contains negative elements
d contains negative elements
d contains negative elements
d contains negative elements
d contains negative elements
d contains negative elements
d contains negative elements
d contains negative elements
d contains negative elements
d contains negative elements
d contains negative elements
d contains negative elements
d contains negative elements
d contains negative elements
d contains negative elements
d contains negative elements
d contains negative elements
d contains negative elements
d contains negative elements
d contains negative elements
d contains negative elements
d contains negative elements
d contains negative elements
d contains negative elements
d contains negative elements
d contains negative elements
d contains negative elements
d contains negative elements
d contains negative elements
d contains negative elements
d contains negative elements
d contains negative elements
d contains negative elements
d contains negative elements
d contains negative elements
d contains negative elements
d contains negative elements
d contains negative elements
d contains negative elements
d contains negative elements
d contains negative elements
d contains negative elements
d contains negative elements
d contains negative elements
d contains negative elements
d contains negative elements
d contains negative elements
d contains negative elements
d contains negative elements
d contains negative elements
d contains negative elements
d contains negative elements
d contains negative elements
d contains negative elements
d contains negative elements
d contains negative elements
d contains negative elements
d contains negative elements
d contains negative elements
d contains negative elements
d contains negative elements
d contains negative elements
d contains negative elements
d contains negative elements
d contains negative elements
d contains negative elements
d contains negative elements
d contains negative elements
d contains negative elements
d contains negative elements
d contains negative elements
d contains negative elements
d contains negative elements
d contains negative elements
d contains negative elements
d contains negative elements
d contains negative elements
d contains negative elements
d contains negative elements
d contains negative elements
d contains negative elements
d contains negative elements
d contains negative elements
d contains negative elements
d contains negative elements
d contains negative elements
d contains negative elements
d contains negative elements
d contains negative elements
d contains negative elements
d contains negative elements
d contains negative elements
d contains negative elements
d contains negative elements
d contains negative elements
d contains negative elements
d contains negative elements
d contains negative elements
d contains negative elements
d contains negative elements
d contains negative elements
d contains negative elements
d contains negative elements
d contains negative elements
d contains negative elements
d contains negative elements
d contains negative elements
d contains negative elements
d contains negative elements
d contains negative elements
d contains negative elements
d contains negative elements
d contains negative elements
d contains negative elements
d contains negative elements
d contains negative elements
d contains negative elements
d contains negative elements
d contains negative elements
d contains negative elements
d contains negative elements
d contains negative elements
d contains negative elements
d contains negative elements
d contains negative elements
d contains negative elements
d contains negative elements
d contains negative elements
d contains negative elements
d contains negative elements
d contains negative elements
d contains negative elements
d contains negative elements
d contains negative elements
d contains negative elements
d contains negative elements
d contains negative elements
d contains negative elements
d contains negative elements
d contains negative elements
d contains negative elements
d contains negative elements
d contains negative elements
d contains negative elements
d contains negative elements
d contains negative elements
d contains negative elements
d contains negative elements
d contains negative elements
d contains negative elements
d contains negative elements
d contains negative elements
d contains negative elements
d contains negative elements
d contains negative elements
d contains negative elements
d contains negative elements
d contains negative elements
d contains negative elements
d contains negative elements
d contains negative elements
d contains negative elements
d contains negative elements
d contains negative elements
d contains negative elements
d contains negative elements
d contains negative elements
d contains negative elements
d contains negative elements
d contains negative elements
d contains negative elements
d contains negative elements
d contains negative elements
d contains negative elements
d contains negative elements
d contains negative elements
d contains negative elements
d contains negative elements
d contains negative elements
d contains negative elements
d contains negative elements
d contains negative elements
d contains negative elements
d contains negative elements
d contains negative elements
d contains negative elements
d contains negative elements
d contains negative elements
d contains negative elements
d contains negative elements
d contains negative elements
d contains negative elements
d contains negative elements
d contains negative elements
d contains negative elements
d contains negative elements
d contains negative elements
d contains negative elements
d contains negative elements
d contains negative elements
d contains negative elements
d contains negative elements
d contains negative elements
d contains negative elements
d contains negative elements
d contains negative elements
d contains negative elements
d contains negative elements
d contains negative elements
d contains negative elements
d contains negative elements
d contains negative elements
d contains negative elements
d contains negative elements
d contains negative elements
d contains negative elements
d contains negative elements
d contains negative elements
d contains negative elements
d contains negative elements
d contains negative elements
d contains negative elements
d contains negative elements
d contains negative elements
d contains negative elements
d contains negative elements
d contains negative elements
d contains negative elements
d contains negative elements
d contains negative elements
d contains negative elements
d contains negative elements
d contains negative elements
d contains negative elements
d contains negative elements
d contains negative elements
d contains negative elements
d contains negative elements
d contains negative elements
d contains negative elements
d contains negative elements
d contains negative elements
d contains negative elements
d contains negative elements
d contains negative elements
d contains negative elements
d contains negative elements
d contains negative elements
d contains negative elements
d contains negative elements
d contains negative elements
d contains negative elements
d contains negative elements
d contains negative elements
d contains negative elements
d contains negative elements
d contains negative elements
d contains negative elements
d contains negative elements
d contains negative elements
d contains negative elements
d contains negative elements
d contains negative elements
d contains negative elements
d contains negative elements
d contains negative elements
d contains negative elements
d contains negative elements
d contains negative elements
d contains negative elements
d contains negative elements
d contains negative elements
d contains negative elements
d contains negative elements
d contains negative elements
d contains negative elements
d contains negative elements
d contains negative elements
d contains negative elements
d contains negative elements
d contains negative elements
d contains negative elements
d contains negative elements
d contains negative elements
d contains negative elements
d contains negative elements
d contains negative elements
d contains negative elements
d contains negative elements
d contains negative elements
d contains negative elements
d contains negative elements
d contains negative elements
d contains negative elements
d contains negative elements
d contains negative elements
d contains negative elements
d contains negative elements
d contains negative elements
d contains negative elements
d contains negative elements
d contains negative elements
d contains negative elements
d contains negative elements
d contains negative elements
d contains negative elements
d contains negative elements
d contains negative elements
d contains negative elements
d contains negative elements
d contains negative elements
d contains negative elements
d contains negative elements
d contains negative elements
d contains negative elements
d contains negative elements
d contains negative elements
d contains negative elements
d contains negative elements
d contains negative elements
d contains negative elements
d contains negative elements
d contains negative elements
d contains negative elements
d contains negative elements
d contains negative elements
d contains negative elements
d contains negative elements
d contains negative elements
d contains negative elements
d contains negative elements
d contains negative elements
d contains negative elements
d contains negative elements
d contains negative elements
d contains negative elements
d contains negative elements
d contains negative elements
d contains negative elements
d contains negative elements
d contains negative elements
d contains negative elements
d contains negative elements
d contains negative elements
d contains negative elements
d contains negative elements
d contains negative elements
d contains negative elements
d contains negative elements
d contains negative elements
d contains negative elements
d contains negative elements
d contains negative elements
d contains negative elements
d contains negative elements
d contains negative elements
d contains negative elements
d contains negative elements
d contains negative elements
d contains negative elements
d contains negative elements
d contains negative elements
d contains negative elements
d contains negative elements
d contains negative elements
d contains negative elements
d contains negative elements
d contains negative elements
d contains negative elements
d contains negative elements
d contains negative elements
d contains negative elements
d contains negative elements
d contains negative elements
d contains negative elements
d contains negative elements
d contains negative elements
d contains negative elements
